--------- beginning of /dev/log/system
11-15 19:13:07.196 D/MicomLog( 2373): RADIO : c 0 0 0 0 0 0 31 25 1 11 0 57 ce 15
11-15 19:13:07.456 E/DiagService( 2373): DTC Status : [MCH OPEN] 0, [MCH COMM] 0, [MCH ELEC] 0, [TCU OPEN] 1, [TCU COMM] 1, [TCU ELEC] 0, [LVDS TIMEOUT] 1, [LVDS COMM] 0, [LVDS ELEC] 0, [RVC COMM] 0
11-15 19:13:09.296 D/MicomLog( 2373): RADIO : c 0 0 0 0 0 0 2b 28 2 c 0 57 d6 49
11-15 19:13:09.646 E/DiagService( 2373): DTC Status : [MCH OPEN] 0, [MCH COMM] 0, [MCH ELEC] 0, [TCU OPEN] 1, [TCU COMM] 1, [TCU ELEC] 0, [LVDS TIMEOUT] 1, [LVDS COMM] 0, [LVDS ELEC] 0, [RVC COMM] 0
11-15 19:13:10.956 D/MicomLog( 2373): AUDIO : 4 0 0 1 0 0 66 0 ff fd f 0 57 dc 4a
11-15 19:13:11.396 D/MicomLog( 2373): RADIO : c 0 0 0 0 0 0 31 24 1 12 0 57 de 7d
11-15 19:13:11.836 E/DiagService( 2373): DTC Status : [MCH OPEN] 0, [MCH COMM] 0, [MCH ELEC] 0, [TCU OPEN] 1, [TCU COMM] 1, [TCU ELEC] 0, [LVDS TIMEOUT] 1, [LVDS COMM] 0, [LVDS ELEC] 0, [RVC COMM] 0
11-15 19:13:12.326 I/IviCommandQueue( 2386): setNaviButton, where=0, buttonId=-10000, buttonText=返回, enabled=true
11-15 19:13:12.326 I/IviNavigationBarView( 2386): setNaviLeftButtonImpl, enabled=true, buttonId=-10000, buttonText=返回
11-15 19:13:12.336 I/IviCommandQueue( 2386): setNaviButton, where=2, buttonId=-10000, buttonText=帮助, enabled=true
11-15 19:13:12.336 I/IviNavigationBarView( 2386): setNaviRightButtonImpl, enabled=true, buttonId=-10000, buttonText=帮助
11-15 19:13:12.866 D/RadioService( 2373): [List Mode] service List is Empty now!
11-15 19:13:12.866 D/RadioService( 2373): [changeReceiveFlag] change received arrayList on 0
11-15 19:13:12.866 D/RadioService( 2373): [clearServiceList] delete 0 serviceList
11-15 19:13:12.866 D/RadioService( 2373): [List Mode] receiveFlag: 0 listNum 0 freq 0 programID 0 psnflag 0 psn : null delete 1 single/full 1
11-15 19:13:12.866 D/RadioService( 2373): [List Mode] deleteAnalogListDB & change used service List 
11-15 19:13:12.926 D/RadioService( 2373): [changeServiceListFlag] change used database 0
11-15 19:13:12.926 D/RadioService( 2373): [List Mode] call completeUpdateListOnDB - mServiceLength : 0 iServiceListCnt: 0
11-15 19:13:12.926 I/RadioService( 2373): [List Mode] mRadioListener is not set up
11-15 19:13:13.496 D/MicomLog( 2373): RADIO : c 0 0 0 0 0 0 26 31 9 1d 0 57 e6 b1
11-15 19:13:14.046 E/DiagService( 2373): DTC Status : [MCH OPEN] 0, [MCH COMM] 0, [MCH ELEC] 0, [TCU OPEN] 1, [TCU COMM] 1, [TCU ELEC] 0, [LVDS TIMEOUT] 1, [LVDS COMM] 0, [LVDS ELEC] 0, [RVC COMM] 0
11-15 19:13:15.596 D/MicomLog( 2373): RADIO : c 0 0 0 0 0 0 2b 23 1 12 0 57 ee e5
11-15 19:13:16.246 E/DiagService( 2373): DTC Status : [MCH OPEN] 0, [MCH COMM] 0, [MCH ELEC] 0, [TCU OPEN] 1, [TCU COMM] 1, [TCU ELEC] 0, [LVDS TIMEOUT] 1, [LVDS COMM] 0, [LVDS ELEC] 0, [RVC COMM] 0
11-15 19:13:17.696 D/MicomLog( 2373): RADIO : c 0 0 0 0 0 0 22 2d 9 9 0 57 f7 19
11-15 19:13:18.436 E/DiagService( 2373): DTC Status : [MCH OPEN] 0, [MCH COMM] 0, [MCH ELEC] 0, [TCU OPEN] 1, [TCU COMM] 1, [TCU ELEC] 0, [LVDS TIMEOUT] 1, [LVDS COMM] 0, [LVDS ELEC] 0, [RVC COMM] 0
11-15 19:13:19.796 D/MicomLog( 2373): RADIO : c 0 0 0 0 0 0 2b 27 2 10 0 57 ff 4d
11-15 19:13:20.636 E/DiagService( 2373): DTC Status : [MCH OPEN] 0, [MCH COMM] 0, [MCH ELEC] 0, [TCU OPEN] 1, [TCU COMM] 1, [TCU ELEC] 0, [LVDS TIMEOUT] 1, [LVDS COMM] 0, [LVDS ELEC] 0, [RVC COMM] 0
11-15 19:13:21.896 D/MicomLog( 2373): RADIO : c 0 0 0 0 0 0 23 31 9 16 0 58 7 81
11-15 19:13:22.846 E/DiagService( 2373): DTC Status : [MCH OPEN] 0, [MCH COMM] 0, [MCH ELEC] 0, [TCU OPEN] 1, [TCU COMM] 1, [TCU ELEC] 0, [LVDS TIMEOUT] 1, [LVDS COMM] 0, [LVDS ELEC] 0, [RVC COMM] 0
11-15 19:13:23.046 I/IviCommandQueue( 2386): setNaviButton, where=0, buttonId=-10000, buttonText=返回, enabled=true
11-15 19:13:23.046 I/IviNavigationBarView( 2386): setNaviLeftButtonImpl, enabled=true, buttonId=-10000, buttonText=返回
11-15 19:13:23.046 I/IviCommandQueue( 2386): setNaviButton, where=2, buttonId=-10000, buttonText=帮助, enabled=true
11-15 19:13:23.056 I/IviNavigationBarView( 2386): setNaviRightButtonImpl, enabled=true, buttonId=-10000, buttonText=帮助
11-15 19:13:23.996 D/MicomLog( 2373): RADIO : c 0 0 0 0 0 0 21 33 9 21 0 58 f b5
11-15 19:13:25.036 E/DiagService( 2373): DTC Status : [MCH OPEN] 0, [MCH COMM] 0, [MCH ELEC] 0, [TCU OPEN] 1, [TCU COMM] 1, [TCU ELEC] 0, [LVDS TIMEOUT] 1, [LVDS COMM] 0, [LVDS ELEC] 0, [RVC COMM] 0
11-15 19:13:26.096 D/MicomLog( 2373): RADIO : c 0 0 0 0 0 0 2d 27 1 14 0 58 17 e9
11-15 19:13:27.236 E/DiagService( 2373): DTC Status : [MCH OPEN] 0, [MCH COMM] 0, [MCH ELEC] 0, [TCU OPEN] 1, [TCU COMM] 1, [TCU ELEC] 0, [LVDS TIMEOUT] 1, [LVDS COMM] 0, [LVDS ELEC] 0, [RVC COMM] 0
11-15 19:13:28.196 D/MicomLog( 2373): RADIO : c 0 0 0 0 0 0 24 32 5 17 0 58 20 1d
11-15 19:13:29.436 E/DiagService( 2373): DTC Status : [MCH OPEN] 0, [MCH COMM] 0, [MCH ELEC] 0, [TCU OPEN] 1, [TCU COMM] 1, [TCU ELEC] 0, [LVDS TIMEOUT] 1, [LVDS COMM] 0, [LVDS ELEC] 0, [RVC COMM] 0
11-15 19:13:30.296 D/MicomLog( 2373): RADIO : c 0 0 0 0 0 0 28 2d 8 1e 0 58 28 51
11-15 19:13:31.636 E/DiagService( 2373): DTC Status : [MCH OPEN] 0, [MCH COMM] 0, [MCH ELEC] 0, [TCU OPEN] 1, [TCU COMM] 1, [TCU ELEC] 0, [LVDS TIMEOUT] 1, [LVDS COMM] 0, [LVDS ELEC] 0, [RVC COMM] 0
11-15 19:13:32.396 D/MicomLog( 2373): RADIO : c 0 0 0 0 0 0 24 30 3 20 0 58 30 85
11-15 19:13:33.846 E/DiagService( 2373): DTC Status : [MCH OPEN] 0, [MCH COMM] 0, [MCH ELEC] 0, [TCU OPEN] 1, [TCU COMM] 1, [TCU ELEC] 0, [LVDS TIMEOUT] 1, [LVDS COMM] 0, [LVDS ELEC] 0, [RVC COMM] 0
11-15 19:13:34.496 D/MicomLog( 2373): RADIO : c 0 0 0 0 0 0 27 2b 3 a 0 58 38 b9
11-15 19:13:36.046 E/DiagService( 2373): DTC Status : [MCH OPEN] 0, [MCH COMM] 0, [MCH ELEC] 0, [TCU OPEN] 1, [TCU COMM] 1, [TCU ELEC] 0, [LVDS TIMEOUT] 1, [LVDS COMM] 0, [LVDS ELEC] 0, [RVC COMM] 0
11-15 19:13:36.596 D/MicomLog( 2373): RADIO : c 0 0 0 0 0 0 26 2c 7 11 0 58 40 ed
11-15 19:13:38.136 I/IviCommandQueue( 2386): setNaviButton, where=0, buttonId=-10000, buttonText=返回, enabled=true
11-15 19:13:38.136 I/IviNavigationBarView( 2386): setNaviLeftButtonImpl, enabled=true, buttonId=-10000, buttonText=返回
11-15 19:13:38.146 I/IviCommandQueue( 2386): setNaviButton, where=2, buttonId=-10000, buttonText=帮助, enabled=true
11-15 19:13:38.156 I/IviNavigationBarView( 2386): setNaviRightButtonImpl, enabled=true, buttonId=-10000, buttonText=帮助
11-15 19:13:38.246 E/DiagService( 2373): DTC Status : [MCH OPEN] 0, [MCH COMM] 0, [MCH ELEC] 0, [TCU OPEN] 1, [TCU COMM] 1, [TCU ELEC] 0, [LVDS TIMEOUT] 1, [LVDS COMM] 0, [LVDS ELEC] 0, [RVC COMM] 0
11-15 19:13:38.696 D/MicomLog( 2373): RADIO : c 0 0 0 0 0 0 2d 24 0 12 0 58 49 21
11-15 19:13:40.446 E/DiagService( 2373): DTC Status : [MCH OPEN] 0, [MCH COMM] 0, [MCH ELEC] 0, [TCU OPEN] 1, [TCU COMM] 1, [TCU ELEC] 0, [LVDS TIMEOUT] 1, [LVDS COMM] 0, [LVDS ELEC] 0, [RVC COMM] 0
11-15 19:13:40.796 D/MicomLog( 2373): RADIO : c 0 0 0 0 0 0 35 23 0 d 0 58 51 55
11-15 19:13:40.946 D/MicomLog( 2373): AUDIO : 4 0 0 1 ff 88 b6 0 0 0 e9 0 58 51 77
11-15 19:13:42.646 E/DiagService( 2373): DTC Status : [MCH OPEN] 0, [MCH COMM] 0, [MCH ELEC] 0, [TCU OPEN] 1, [TCU COMM] 1, [TCU ELEC] 0, [LVDS TIMEOUT] 1, [LVDS COMM] 0, [LVDS ELEC] 0, [RVC COMM] 0
11-15 19:13:42.896 D/MicomLog( 2373): RADIO : c 0 0 0 0 0 0 27 26 a 1f 0 58 59 89
11-15 19:13:44.836 E/DiagService( 2373): DTC Status : [MCH OPEN] 0, [MCH COMM] 0, [MCH ELEC] 0, [TCU OPEN] 1, [TCU COMM] 1, [TCU ELEC] 0, [LVDS TIMEOUT] 1, [LVDS COMM] 0, [LVDS ELEC] 0, [RVC COMM] 0
11-15 19:13:44.996 D/MicomLog( 2373): RADIO : c 0 0 0 0 0 0 23 32 2 23 0 58 61 bd
11-15 19:13:47.036 E/DiagService( 2373): DTC Status : [MCH OPEN] 0, [MCH COMM] 0, [MCH ELEC] 0, [TCU OPEN] 1, [TCU COMM] 1, [TCU ELEC] 0, [LVDS TIMEOUT] 1, [LVDS COMM] 0, [LVDS ELEC] 0, [RVC COMM] 0
11-15 19:13:47.096 D/MicomLog( 2373): RADIO : c 0 0 0 0 0 0 23 33 5 19 0 58 69 f1
11-15 19:13:49.066 I/IviCommandQueue( 2386): setNaviButton, where=0, buttonId=-10000, buttonText=返回, enabled=true
11-15 19:13:49.066 I/IviNavigationBarView( 2386): setNaviLeftButtonImpl, enabled=true, buttonId=-10000, buttonText=返回
11-15 19:13:49.066 I/IviCommandQueue( 2386): setNaviButton, where=2, buttonId=-10000, buttonText=帮助, enabled=true
11-15 19:13:49.076 I/IviNavigationBarView( 2386): setNaviRightButtonImpl, enabled=true, buttonId=-10000, buttonText=帮助
11-15 19:13:49.196 D/MicomLog( 2373): RADIO : c 0 0 0 0 0 0 22 2f 7 2e 0 58 72 25
11-15 19:13:49.246 E/DiagService( 2373): DTC Status : [MCH OPEN] 0, [MCH COMM] 0, [MCH ELEC] 0, [TCU OPEN] 1, [TCU COMM] 1, [TCU ELEC] 0, [LVDS TIMEOUT] 1, [LVDS COMM] 0, [LVDS ELEC] 0, [RVC COMM] 0
11-15 19:13:51.296 D/MicomLog( 2373): RADIO : c 0 0 0 0 0 0 23 33 4 1a 0 58 7a 59
11-15 19:13:51.446 E/DiagService( 2373): DTC Status : [MCH OPEN] 0, [MCH COMM] 0, [MCH ELEC] 0, [TCU OPEN] 1, [TCU COMM] 1, [TCU ELEC] 0, [LVDS TIMEOUT] 1, [LVDS COMM] 0, [LVDS ELEC] 0, [RVC COMM] 0
11-15 19:13:53.396 D/MicomLog( 2373): RADIO : c 0 0 0 0 0 0 28 2e 4 26 0 58 82 8d
11-15 19:13:53.646 E/DiagService( 2373): DTC Status : [MCH OPEN] 0, [MCH COMM] 0, [MCH ELEC] 0, [TCU OPEN] 1, [TCU COMM] 1, [TCU ELEC] 0, [LVDS TIMEOUT] 1, [LVDS COMM] 0, [LVDS ELEC] 0, [RVC COMM] 0
11-15 19:13:55.496 D/MicomLog( 2373): RADIO : c 0 0 0 0 0 0 26 2c b 1a 0 58 8a c1
11-15 19:13:55.836 E/DiagService( 2373): DTC Status : [MCH OPEN] 0, [MCH COMM] 0, [MCH ELEC] 0, [TCU OPEN] 1, [TCU COMM] 1, [TCU ELEC] 0, [LVDS TIMEOUT] 1, [LVDS COMM] 0, [LVDS ELEC] 0, [RVC COMM] 0
11-15 19:13:57.596 D/MicomLog( 2373): RADIO : c 0 0 0 0 0 0 29 22 0 e 0 58 92 f5
11-15 19:13:58.056 E/DiagService( 2373): DTC Status : [MCH OPEN] 0, [MCH COMM] 0, [MCH ELEC] 0, [TCU OPEN] 1, [TCU COMM] 1, [TCU ELEC] 0, [LVDS TIMEOUT] 1, [LVDS COMM] 0, [LVDS ELEC] 0, [RVC COMM] 0
11-15 19:13:59.696 D/MicomLog( 2373): RADIO : c 0 0 0 0 0 0 23 31 8 19 0 58 9b 29
11-15 19:14:00.236 E/DiagService( 2373): DTC Status : [MCH OPEN] 0, [MCH COMM] 0, [MCH ELEC] 0, [TCU OPEN] 1, [TCU COMM] 1, [TCU ELEC] 0, [LVDS TIMEOUT] 1, [LVDS COMM] 0, [LVDS ELEC] 0, [RVC COMM] 0
11-15 19:14:01.796 D/MicomLog( 2373): RADIO : c 0 0 0 0 0 0 30 22 0 11 0 58 a3 5d
11-15 19:14:02.436 E/DiagService( 2373): DTC Status : [MCH OPEN] 0, [MCH COMM] 0, [MCH ELEC] 0, [TCU OPEN] 1, [TCU COMM] 1, [TCU ELEC] 0, [LVDS TIMEOUT] 1, [LVDS COMM] 0, [LVDS ELEC] 0, [RVC COMM] 0
11-15 19:14:03.896 D/MicomLog( 2373): RADIO : c 0 0 0 0 0 0 26 31 2 23 0 58 ab 91
11-15 19:14:04.636 E/DiagService( 2373): DTC Status : [MCH OPEN] 0, [MCH COMM] 0, [MCH ELEC] 0, [TCU OPEN] 1, [TCU COMM] 1, [TCU ELEC] 0, [LVDS TIMEOUT] 1, [LVDS COMM] 0, [LVDS ELEC] 0, [RVC COMM] 0
11-15 19:14:05.996 D/MicomLog( 2373): RADIO : c 0 0 0 0 0 0 2e 24 1 c 0 58 b3 c5
11-15 19:14:06.846 E/DiagService( 2373): DTC Status : [MCH OPEN] 0, [MCH COMM] 0, [MCH ELEC] 0, [TCU OPEN] 1, [TCU COMM] 1, [TCU ELEC] 0, [LVDS TIMEOUT] 1, [LVDS COMM] 0, [LVDS ELEC] 0, [RVC COMM] 0
11-15 19:14:08.096 D/MicomLog( 2373): RADIO : c 0 0 0 0 0 0 29 2b 3 1d 0 58 bb f9
11-15 19:14:09.036 E/DiagService( 2373): DTC Status : [MCH OPEN] 0, [MCH COMM] 0, [MCH ELEC] 0, [TCU OPEN] 1, [TCU COMM] 1, [TCU ELEC] 0, [LVDS TIMEOUT] 1, [LVDS COMM] 0, [LVDS ELEC] 0, [RVC COMM] 0
11-15 19:14:10.196 D/MicomLog( 2373): RADIO : c 0 0 0 0 0 0 22 34 5 2c 0 58 c4 2d
11-15 19:14:11.236 E/DiagService( 2373): DTC Status : [MCH OPEN] 0, [MCH COMM] 0, [MCH ELEC] 0, [TCU OPEN] 1, [TCU COMM] 1, [TCU ELEC] 0, [LVDS TIMEOUT] 1, [LVDS COMM] 0, [LVDS ELEC] 0, [RVC COMM] 0
11-15 19:14:12.086 I/IviCommandQueue( 2386): setNaviButton, where=0, buttonId=-10000, buttonText=返回, enabled=true
11-15 19:14:12.086 I/IviNavigationBarView( 2386): setNaviLeftButtonImpl, enabled=true, buttonId=-10000, buttonText=返回
11-15 19:14:12.086 I/IviCommandQueue( 2386): setNaviButton, where=2, buttonId=-10000, buttonText=帮助, enabled=true
11-15 19:14:12.096 I/IviNavigationBarView( 2386): setNaviRightButtonImpl, enabled=true, buttonId=-10000, buttonText=帮助
11-15 19:14:12.296 D/MicomLog( 2373): RADIO : c 0 0 0 0 0 0 21 30 5 26 0 58 cc 61
11-15 19:14:12.876 D/RadioService( 2373): [List Mode] service List is Empty now!
11-15 19:14:12.876 D/RadioService( 2373): [changeReceiveFlag] change received arrayList on 1
11-15 19:14:12.876 D/RadioService( 2373): [clearServiceList] delete 1 serviceList
11-15 19:14:12.876 D/RadioService( 2373): [List Mode] receiveFlag: 1 listNum 0 freq 0 programID 0 psnflag 0 psn : null delete 1 single/full 1
11-15 19:14:12.876 D/RadioService( 2373): [List Mode] deleteAnalogListDB & change used service List 
11-15 19:14:12.946 D/RadioService( 2373): [changeServiceListFlag] change used database 1
11-15 19:14:12.946 D/RadioService( 2373): [List Mode] call completeUpdateListOnDB - mServiceLength : 0 iServiceListCnt: 0
11-15 19:14:12.946 I/RadioService( 2373): [List Mode] mRadioListener is not set up
11-15 19:14:13.436 E/DiagService( 2373): DTC Status : [MCH OPEN] 0, [MCH COMM] 0, [MCH ELEC] 0, [TCU OPEN] 1, [TCU COMM] 1, [TCU ELEC] 0, [LVDS TIMEOUT] 1, [LVDS COMM] 0, [LVDS ELEC] 0, [RVC COMM] 0
11-15 19:14:14.396 D/MicomLog( 2373): RADIO : c 0 0 0 0 0 0 2c 25 1 f 0 58 d4 95
11-15 19:14:15.636 E/DiagService( 2373): DTC Status : [MCH OPEN] 0, [MCH COMM] 0, [MCH ELEC] 0, [TCU OPEN] 1, [TCU COMM] 1, [TCU ELEC] 0, [LVDS TIMEOUT] 1, [LVDS COMM] 0, [LVDS ELEC] 0, [RVC COMM] 0
11-15 19:14:16.496 D/MicomLog( 2373): RADIO : c 0 0 0 0 0 0 2a 24 0 10 0 58 dc c9
11-15 19:14:17.846 E/DiagService( 2373): DTC Status : [MCH OPEN] 0, [MCH COMM] 0, [MCH ELEC] 0, [TCU OPEN] 1, [TCU COMM] 1, [TCU ELEC] 0, [LVDS TIMEOUT] 1, [LVDS COMM] 0, [LVDS ELEC] 0, [RVC COMM] 0
11-15 19:14:17.996 I/IviNavigationBarView( 2386): setNaviLeftButtonImpl, enabled=true, buttonId=-10000, buttonText=返回
11-15 19:14:17.996 I/IviNavigationBarView( 2386): setNaviCenterButtonImpl, enabled=true, buttonId=-1, buttonText=null
11-15 19:14:17.996 I/IviNavigationBarView( 2386): setNaviRightButtonImpl, enabled=true, buttonId=-10000, buttonText=帮助
11-15 19:14:18.006 I/IviNavigationBarView( 2386): setNaviLeftButtonImpl, enabled=true, buttonId=-10000, buttonText=返回
11-15 19:14:18.006 I/IviNavigationBarView( 2386): setNaviCenterButtonImpl, enabled=true, buttonId=-1, buttonText=null
11-15 19:14:18.006 I/IviNavigationBarView( 2386): setNaviRightButtonImpl, enabled=true, buttonId=-10000, buttonText=帮助
11-15 19:14:18.086 D/ActivityManager( 2307): updateStatusBarInfo, ActivityRecord=ActivityRecord{40facae0 com.navngo.igo.javaclient/.MainActivity}, detailedStatusBar=false, title=在地图上查找, pageCount=0, pageIndex=0, packageName=com.navngo.igo.javaclient, titleIconName=null
11-15 19:14:18.086 I/IviCommandQueue( 2386): setStatusBarInfo, detailedStatusBar=false, title=在地图上查找, pageCount=0, pageIndex=0, packageName=com.navngo.igo.javaclient, titleIconNamenull
11-15 19:14:18.086 I/IviStatusBarView( 2386): setDisplayMode, detailedStatusBar=false
11-15 19:14:18.086 I/IviStatusBarView( 2386): updateModeContainer, mModeVisible=true, audiomode=-1, mDetailedStatusBar=false, isNotiLastMode=true
11-15 19:14:18.376 I/RadioService( 2373): mAudioModeReceiver action=com.lge.ivi.audiomode.FM1result=6
11-15 19:14:18.376 I/RadioService( 2373): status =: 0iLastBand =: 0mode =: 1preset =: 1name =: 87.5MHz
11-15 19:14:18.396 I/IviCommandQueue( 2386): setSystemUiVisibility, visibility = 0
11-15 19:14:18.396 I/IviStatusBar( 2386): setSystemUiVisibility, vis=0
11-15 19:14:18.396 I/IviNavigationBarView( 2386): setNaviLeftButtonImpl, enabled=true, buttonId=2, buttonText=null
11-15 19:14:18.396 I/IviNavigationBarView( 2386): setNaviCenterButtonImpl, enabled=true, buttonId=-10000, buttonText=选择
11-15 19:14:18.396 I/IviNavigationBarView( 2386): setNaviRightButtonImpl, enabled=true, buttonId=3, buttonText=null
11-15 19:14:18.406 D/WindowManager( 2307): onWindowFocusChanged, if (!isImeActive()) : new focus = Window{410201d0 com.navngo.igo.javaclient/com.navngo.igo.javaclient.MainActivity paused=false}
11-15 19:14:18.406 D/WindowPriorityManager( 2307): onWindowFocusChanged, hideApp=false, type=1, topWinType=-1
11-15 19:14:18.406 I/IviStatusBarView( 2386): setDisplayMode, detailedStatusBar=false
11-15 19:14:18.406 I/IviStatusBarView( 2386): updateModeContainer, mModeVisible=true, audiomode=-1, mDetailedStatusBar=false, isNotiLastMode=true
11-15 19:14:18.446 D/MicomLog( 2373): AUDIO : 6 0 0 0 0 0 1 0 0 0 0 0 58 e4 3f
11-15 19:14:18.596 D/MicomLog( 2373): RADIO : c 0 0 0 0 0 0 26 28 3 14 0 58 e4 fd
11-15 19:14:19.496 D/MicomLog( 2373): AUDIO : 0 0 0 1 9e 0 81 0 8 0 1 0 58 e8 39
11-15 19:14:20.036 E/DiagService( 2373): DTC Status : [MCH OPEN] 0, [MCH COMM] 0, [MCH ELEC] 0, [TCU OPEN] 1, [TCU COMM] 1, [TCU ELEC] 0, [LVDS TIMEOUT] 1, [LVDS COMM] 0, [LVDS ELEC] 0, [RVC COMM] 0
11-15 19:14:20.696 D/MicomLog( 2373): RADIO : c 0 0 0 0 0 0 26 31 3 2c 0 58 ed 31
11-15 19:14:22.236 E/DiagService( 2373): DTC Status : [MCH OPEN] 0, [MCH COMM] 0, [MCH ELEC] 0, [TCU OPEN] 1, [TCU COMM] 1, [TCU ELEC] 0, [LVDS TIMEOUT] 1, [LVDS COMM] 0, [LVDS ELEC] 0, [RVC COMM] 0
11-15 19:14:22.796 D/MicomLog( 2373): RADIO : c 0 0 0 0 0 0 22 32 0 29 0 58 f5 2
11-15 19:14:24.436 E/DiagService( 2373): DTC Status : [MCH OPEN] 0, [MCH COMM] 0, [MCH ELEC] 0, [TCU OPEN] 1, [TCU COMM] 1, [TCU ELEC] 0, [LVDS TIMEOUT] 1, [LVDS COMM] 0, [LVDS ELEC] 0, [RVC COMM] 0
11-15 19:14:24.896 D/MicomLog( 2373): RADIO : c 0 0 0 0 0 0 29 25 1 d 0 58 fd 35
11-15 19:14:26.636 E/DiagService( 2373): DTC Status : [MCH OPEN] 0, [MCH COMM] 0, [MCH ELEC] 0, [TCU OPEN] 1, [TCU COMM] 1, [TCU ELEC] 0, [LVDS TIMEOUT] 1, [LVDS COMM] 0, [LVDS ELEC] 0, [RVC COMM] 0
11-15 19:14:26.996 D/MicomLog( 2373): RADIO : c 0 0 0 0 0 0 2b 26 1 13 0 59 5 69
11-15 19:14:28.846 E/DiagService( 2373): DTC Status : [MCH OPEN] 0, [MCH COMM] 0, [MCH ELEC] 0, [TCU OPEN] 1, [TCU COMM] 1, [TCU ELEC] 0, [LVDS TIMEOUT] 1, [LVDS COMM] 0, [LVDS ELEC] 0, [RVC COMM] 0
11-15 19:14:28.946 D/MicomLog( 2373): RADIO : c 0 0 0 0 0 0 2a 25 1 12 0 59 d 3a
11-15 19:14:31.046 E/DiagService( 2373): DTC Status : [MCH OPEN] 0, [MCH COMM] 0, [MCH ELEC] 0, [TCU OPEN] 1, [TCU COMM] 1, [TCU ELEC] 0, [LVDS TIMEOUT] 1, [LVDS COMM] 0, [LVDS ELEC] 0, [RVC COMM] 0
11-15 19:14:31.046 D/MicomLog( 2373): RADIO : c 0 0 0 0 0 0 24 31 3 15 0 59 15 6e
11-15 19:14:33.146 D/MicomLog( 2373): RADIO : c 0 0 0 0 0 0 24 2d 5 16 0 59 1d a2
11-15 19:14:33.236 E/DiagService( 2373): DTC Status : [MCH OPEN] 0, [MCH COMM] 0, [MCH ELEC] 0, [TCU OPEN] 1, [TCU COMM] 1, [TCU ELEC] 0, [LVDS TIMEOUT] 1, [LVDS COMM] 0, [LVDS ELEC] 0, [RVC COMM] 0
11-15 19:14:33.896 D/MicomLog( 2373): AUDIO : 4 0 0 1 2 66 8e 0 ff ff 8a 0 59 20 7b
11-15 19:14:35.246 D/MicomLog( 2373): RADIO : c 0 0 0 0 0 0 27 32 3 21 0 59 25 d6
11-15 19:14:35.446 E/DiagService( 2373): DTC Status : [MCH OPEN] 0, [MCH COMM] 0, [MCH ELEC] 0, [TCU OPEN] 1, [TCU COMM] 1, [TCU ELEC] 0, [LVDS TIMEOUT] 1, [LVDS COMM] 0, [LVDS ELEC] 0, [RVC COMM] 0
11-15 19:14:37.346 D/MicomLog( 2373): RADIO : c 0 0 0 0 0 0 22 35 4 20 0 59 2e a
11-15 19:14:37.636 E/DiagService( 2373): DTC Status : [MCH OPEN] 0, [MCH COMM] 0, [MCH ELEC] 0, [TCU OPEN] 1, [TCU COMM] 1, [TCU ELEC] 0, [LVDS TIMEOUT] 1, [LVDS COMM] 0, [LVDS ELEC] 0, [RVC COMM] 0
11-15 19:14:39.446 D/MicomLog( 2373): RADIO : c 0 0 0 0 0 0 28 2a 3 13 0 59 36 3e
11-15 19:14:39.836 E/DiagService( 2373): DTC Status : [MCH OPEN] 0, [MCH COMM] 0, [MCH ELEC] 0, [TCU OPEN] 1, [TCU COMM] 1, [TCU ELEC] 0, [LVDS TIMEOUT] 1, [LVDS COMM] 0, [LVDS ELEC] 0, [RVC COMM] 0
11-15 19:14:40.946 D/MicomLog( 2373): AUDIO : 4 0 0 1 ff 90 df 0 0 0 fd 0 59 3b d4
11-15 19:14:41.546 D/MicomLog( 2373): RADIO : c 0 0 0 0 0 0 23 2f 0 26 0 59 3e 72
11-15 19:14:42.046 E/DiagService( 2373): DTC Status : [MCH OPEN] 0, [MCH COMM] 0, [MCH ELEC] 0, [TCU OPEN] 1, [TCU COMM] 1, [TCU ELEC] 0, [LVDS TIMEOUT] 1, [LVDS COMM] 0, [LVDS ELEC] 0, [RVC COMM] 0
11-15 19:14:43.646 D/MicomLog( 2373): RADIO : c 0 0 0 0 0 0 25 32 2 2a 0 59 46 a6
11-15 19:14:44.236 E/DiagService( 2373): DTC Status : [MCH OPEN] 0, [MCH COMM] 0, [MCH ELEC] 0, [TCU OPEN] 1, [TCU COMM] 1, [TCU ELEC] 0, [LVDS TIMEOUT] 1, [LVDS COMM] 0, [LVDS ELEC] 0, [RVC COMM] 0
11-15 19:14:45.746 D/MicomLog( 2373): RADIO : c 0 0 0 0 0 0 28 2f 4 18 0 59 4e da
11-15 19:14:46.436 E/DiagService( 2373): DTC Status : [MCH OPEN] 0, [MCH COMM] 0, [MCH ELEC] 0, [TCU OPEN] 1, [TCU COMM] 1, [TCU ELEC] 0, [LVDS TIMEOUT] 1, [LVDS COMM] 0, [LVDS ELEC] 0, [RVC COMM] 0
11-15 19:14:47.846 D/MicomLog( 2373): RADIO : c 0 0 0 0 0 0 30 26 1 d 0 59 57 e
11-15 19:14:48.646 E/DiagService( 2373): DTC Status : [MCH OPEN] 0, [MCH COMM] 0, [MCH ELEC] 0, [TCU OPEN] 1, [TCU COMM] 1, [TCU ELEC] 0, [LVDS TIMEOUT] 1, [LVDS COMM] 0, [LVDS ELEC] 0, [RVC COMM] 0
11-15 19:14:49.946 D/MicomLog( 2373): RADIO : c 0 0 0 0 0 0 2e 23 0 12 0 59 5f 42
11-15 19:14:50.836 E/DiagService( 2373): DTC Status : [MCH OPEN] 0, [MCH COMM] 0, [MCH ELEC] 0, [TCU OPEN] 1, [TCU COMM] 1, [TCU ELEC] 0, [LVDS TIMEOUT] 1, [LVDS COMM] 0, [LVDS ELEC] 0, [RVC COMM] 0
11-15 19:14:52.046 D/MicomLog( 2373): RADIO : c 0 0 0 0 0 0 23 32 4 17 0 59 67 76
11-15 19:14:53.046 E/DiagService( 2373): DTC Status : [MCH OPEN] 0, [MCH COMM] 0, [MCH ELEC] 0, [TCU OPEN] 1, [TCU COMM] 1, [TCU ELEC] 0, [LVDS TIMEOUT] 1, [LVDS COMM] 0, [LVDS ELEC] 0, [RVC COMM] 0
11-15 19:14:54.146 D/MicomLog( 2373): RADIO : c 0 0 0 0 0 0 2b 26 2 c 0 59 6f aa
11-15 19:14:55.236 E/DiagService( 2373): DTC Status : [MCH OPEN] 0, [MCH COMM] 0, [MCH ELEC] 0, [TCU OPEN] 1, [TCU COMM] 1, [TCU ELEC] 0, [LVDS TIMEOUT] 1, [LVDS COMM] 0, [LVDS ELEC] 0, [RVC COMM] 0
11-15 19:14:56.246 D/MicomLog( 2373): RADIO : c 0 0 0 0 0 0 20 32 3 1c 0 59 77 de
11-15 19:14:57.446 E/DiagService( 2373): DTC Status : [MCH OPEN] 0, [MCH COMM] 0, [MCH ELEC] 0, [TCU OPEN] 1, [TCU COMM] 1, [TCU ELEC] 0, [LVDS TIMEOUT] 1, [LVDS COMM] 0, [LVDS ELEC] 0, [RVC COMM] 0
11-15 19:14:58.346 D/MicomLog( 2373): RADIO : c 0 0 0 0 0 0 26 24 1 11 0 59 80 12
11-15 19:14:59.646 E/DiagService( 2373): DTC Status : [MCH OPEN] 0, [MCH COMM] 0, [MCH ELEC] 0, [TCU OPEN] 1, [TCU COMM] 1, [TCU ELEC] 0, [LVDS TIMEOUT] 1, [LVDS COMM] 0, [LVDS ELEC] 0, [RVC COMM] 0
11-15 19:15:00.446 D/MicomLog( 2373): RADIO : c 0 0 0 0 0 0 2d 26 0 e 0 59 88 46
11-15 19:15:01.846 E/DiagService( 2373): DTC Status : [MCH OPEN] 0, [MCH COMM] 0, [MCH ELEC] 0, [TCU OPEN] 1, [TCU COMM] 1, [TCU ELEC] 0, [LVDS TIMEOUT] 1, [LVDS COMM] 0, [LVDS ELEC] 0, [RVC COMM] 0
11-15 19:15:02.546 D/MicomLog( 2373): RADIO : c 0 0 0 0 0 0 25 28 3 12 0 59 90 7a
11-15 19:15:04.036 E/DiagService( 2373): DTC Status : [MCH OPEN] 0, [MCH COMM] 0, [MCH ELEC] 0, [TCU OPEN] 1, [TCU COMM] 1, [TCU ELEC] 0, [LVDS TIMEOUT] 1, [LVDS COMM] 0, [LVDS ELEC] 0, [RVC COMM] 0
11-15 19:15:04.496 D/MicomLog( 2373): RADIO : c 0 0 0 0 0 0 22 30 5 23 0 59 98 4b
11-15 19:15:06.246 E/DiagService( 2373): DTC Status : [MCH OPEN] 0, [MCH COMM] 0, [MCH ELEC] 0, [TCU OPEN] 1, [TCU COMM] 1, [TCU ELEC] 0, [LVDS TIMEOUT] 1, [LVDS COMM] 0, [LVDS ELEC] 0, [RVC COMM] 0
11-15 19:15:06.596 D/MicomLog( 2373): RADIO : c 0 0 0 0 0 0 29 26 1 d 0 59 a0 7e
11-15 19:15:08.436 E/DiagService( 2373): DTC Status : [MCH OPEN] 0, [MCH COMM] 0, [MCH ELEC] 0, [TCU OPEN] 1, [TCU COMM] 1, [TCU ELEC] 0, [LVDS TIMEOUT] 1, [LVDS COMM] 0, [LVDS ELEC] 0, [RVC COMM] 0
11-15 19:15:08.696 D/MicomLog( 2373): RADIO : c 0 0 0 0 0 0 2e 24 0 12 0 59 a8 b2
11-15 19:15:10.636 E/DiagService( 2373): DTC Status : [MCH OPEN] 0, [MCH COMM] 0, [MCH ELEC] 0, [TCU OPEN] 1, [TCU COMM] 1, [TCU ELEC] 0, [LVDS TIMEOUT] 1, [LVDS COMM] 0, [LVDS ELEC] 0, [RVC COMM] 0
11-15 19:15:10.796 D/MicomLog( 2373): RADIO : c 0 0 0 0 0 0 24 31 7 1b 0 59 b0 e6
11-15 19:15:12.846 E/DiagService( 2373): DTC Status : [MCH OPEN] 0, [MCH COMM] 0, [MCH ELEC] 0, [TCU OPEN] 1, [TCU COMM] 1, [TCU ELEC] 0, [LVDS TIMEOUT] 1, [LVDS COMM] 0, [LVDS ELEC] 0, [RVC COMM] 0
11-15 19:15:12.886 D/RadioService( 2373): [List Mode] service List is Empty now!
11-15 19:15:12.886 D/RadioService( 2373): [changeReceiveFlag] change received arrayList on 0
11-15 19:15:12.886 D/RadioService( 2373): [clearServiceList] delete 0 serviceList
11-15 19:15:12.886 D/RadioService( 2373): [List Mode] receiveFlag: 0 listNum 0 freq 0 programID 0 psnflag 0 psn : null delete 1 single/full 1
11-15 19:15:12.886 D/RadioService( 2373): [List Mode] deleteAnalogListDB & change used service List 
11-15 19:15:12.896 D/MicomLog( 2373): RADIO : c 0 0 0 0 0 0 28 27 3 8 0 59 b9 1a
11-15 19:15:12.936 D/RadioService( 2373): [changeServiceListFlag] change used database 0
11-15 19:15:12.936 D/RadioService( 2373): [List Mode] call completeUpdateListOnDB - mServiceLength : 0 iServiceListCnt: 0
11-15 19:15:12.936 I/RadioService( 2373): [List Mode] mRadioListener is not set up
11-15 19:15:14.996 D/MicomLog( 2373): RADIO : c 0 0 0 0 0 0 24 34 4 26 0 59 c1 4e
11-15 19:15:15.046 E/DiagService( 2373): DTC Status : [MCH OPEN] 0, [MCH COMM] 0, [MCH ELEC] 0, [TCU OPEN] 1, [TCU COMM] 1, [TCU ELEC] 0, [LVDS TIMEOUT] 1, [LVDS COMM] 0, [LVDS ELEC] 0, [RVC COMM] 0
11-15 19:15:17.096 D/MicomLog( 2373): RADIO : c 0 0 0 0 0 0 2d 25 1 e 0 59 c9 82
11-15 19:15:17.246 E/DiagService( 2373): DTC Status : [MCH OPEN] 0, [MCH COMM] 0, [MCH ELEC] 0, [TCU OPEN] 1, [TCU COMM] 1, [TCU ELEC] 0, [LVDS TIMEOUT] 1, [LVDS COMM] 0, [LVDS ELEC] 0, [RVC COMM] 0
11-15 19:15:19.196 D/MicomLog( 2373): RADIO : c 0 0 0 0 0 0 20 32 7 27 0 59 d1 b6
11-15 19:15:19.446 E/DiagService( 2373): DTC Status : [MCH OPEN] 0, [MCH COMM] 0, [MCH ELEC] 0, [TCU OPEN] 1, [TCU COMM] 1, [TCU ELEC] 0, [LVDS TIMEOUT] 1, [LVDS COMM] 0, [LVDS ELEC] 0, [RVC COMM] 0
11-15 19:15:21.296 D/MicomLog( 2373): RADIO : c 0 0 0 0 0 0 22 31 6 30 0 59 d9 ea
11-15 19:15:21.636 E/DiagService( 2373): DTC Status : [MCH OPEN] 0, [MCH COMM] 0, [MCH ELEC] 0, [TCU OPEN] 1, [TCU COMM] 1, [TCU ELEC] 0, [LVDS TIMEOUT] 1, [LVDS COMM] 0, [LVDS ELEC] 0, [RVC COMM] 0
11-15 19:15:23.396 D/MicomLog( 2373): RADIO : c 0 0 0 0 0 0 24 2f 8 1a 0 59 e2 1e
11-15 19:15:23.846 E/DiagService( 2373): DTC Status : [MCH OPEN] 0, [MCH COMM] 0, [MCH ELEC] 0, [TCU OPEN] 1, [TCU COMM] 1, [TCU ELEC] 0, [LVDS TIMEOUT] 1, [LVDS COMM] 0, [LVDS ELEC] 0, [RVC COMM] 0
11-15 19:15:25.496 D/MicomLog( 2373): RADIO : c 0 0 0 0 0 0 2a 26 0 12 0 59 ea 52
11-15 19:15:26.046 E/DiagService( 2373): DTC Status : [MCH OPEN] 0, [MCH COMM] 0, [MCH ELEC] 0, [TCU OPEN] 1, [TCU COMM] 1, [TCU ELEC] 0, [LVDS TIMEOUT] 1, [LVDS COMM] 0, [LVDS ELEC] 0, [RVC COMM] 0
11-15 19:15:27.596 D/MicomLog( 2373): RADIO : c 0 0 0 0 0 0 24 31 3 19 0 59 f2 86
11-15 19:15:28.246 E/DiagService( 2373): DTC Status : [MCH OPEN] 0, [MCH COMM] 0, [MCH ELEC] 0, [TCU OPEN] 1, [TCU COMM] 1, [TCU ELEC] 0, [LVDS TIMEOUT] 1, [LVDS COMM] 0, [LVDS ELEC] 0, [RVC COMM] 0
11-15 19:15:28.946 D/MicomLog( 2373): AUDIO : 4 0 0 1 ff e8 5d 0 0 0 ea 0 59 f7 4d
11-15 19:15:29.696 D/MicomLog( 2373): RADIO : c 0 0 0 0 0 0 27 2c 3 1c 0 59 fa ba
11-15 19:15:30.446 E/DiagService( 2373): DTC Status : [MCH OPEN] 0, [MCH COMM] 0, [MCH ELEC] 0, [TCU OPEN] 1, [TCU COMM] 1, [TCU ELEC] 0, [LVDS TIMEOUT] 1, [LVDS COMM] 0, [LVDS ELEC] 0, [RVC COMM] 0
11-15 19:15:30.456 W/ProcessStats( 2307): Skipping unknown process pid 8739
11-15 19:15:31.796 D/MicomLog( 2373): RADIO : c 0 0 0 0 0 0 24 2f 3 25 0 5a 2 ee
11-15 19:15:32.646 E/DiagService( 2373): DTC Status : [MCH OPEN] 0, [MCH COMM] 0, [MCH ELEC] 0, [TCU OPEN] 1, [TCU COMM] 1, [TCU ELEC] 0, [LVDS TIMEOUT] 1, [LVDS COMM] 0, [LVDS ELEC] 0, [RVC COMM] 0
11-15 19:15:33.896 D/MicomLog( 2373): RADIO : c 0 0 0 0 0 0 27 23 0 f 0 5a b 22
11-15 19:15:34.836 E/DiagService( 2373): DTC Status : [MCH OPEN] 0, [MCH COMM] 0, [MCH ELEC] 0, [TCU OPEN] 1, [TCU COMM] 1, [TCU ELEC] 0, [LVDS TIMEOUT] 1, [LVDS COMM] 0, [LVDS ELEC] 0, [RVC COMM] 0
11-15 19:15:35.996 D/MicomLog( 2373): RADIO : c 0 0 0 0 0 0 26 2f 6 13 0 5a 13 56
11-15 19:15:37.056 E/DiagService( 2373): DTC Status : [MCH OPEN] 0, [MCH COMM] 0, [MCH ELEC] 0, [TCU OPEN] 1, [TCU COMM] 1, [TCU ELEC] 0, [LVDS TIMEOUT] 1, [LVDS COMM] 0, [LVDS ELEC] 0, [RVC COMM] 0
11-15 19:15:38.096 D/MicomLog( 2373): RADIO : c 0 0 0 0 0 0 23 31 6 29 0 5a 1b 8a
11-15 19:15:39.246 E/DiagService( 2373): DTC Status : [MCH OPEN] 0, [MCH COMM] 0, [MCH ELEC] 0, [TCU OPEN] 1, [TCU COMM] 1, [TCU ELEC] 0, [LVDS TIMEOUT] 1, [LVDS COMM] 0, [LVDS ELEC] 0, [RVC COMM] 0
11-15 19:15:40.196 D/MicomLog( 2373): RADIO : c 0 0 0 0 0 0 25 31 2 23 0 5a 23 be
11-15 19:15:40.946 D/MicomLog( 2373): AUDIO : 4 0 0 1 ff fc ed 0 ff ff 9a 0 5a 26 2b
11-15 19:15:41.446 E/DiagService( 2373): DTC Status : [MCH OPEN] 0, [MCH COMM] 0, [MCH ELEC] 0, [TCU OPEN] 1, [TCU COMM] 1, [TCU ELEC] 0, [LVDS TIMEOUT] 1, [LVDS COMM] 0, [LVDS ELEC] 0, [RVC COMM] 0
11-15 19:15:42.296 D/MicomLog( 2373): RADIO : c 0 0 0 0 0 0 26 30 3 18 0 5a 2b f2
11-15 19:15:43.636 E/DiagService( 2373): DTC Status : [MCH OPEN] 0, [MCH COMM] 0, [MCH ELEC] 0, [TCU OPEN] 1, [TCU COMM] 1, [TCU ELEC] 0, [LVDS TIMEOUT] 1, [LVDS COMM] 0, [LVDS ELEC] 0, [RVC COMM] 0
11-15 19:15:44.396 D/MicomLog( 2373): RADIO : c 0 0 0 0 0 0 30 25 0 f 0 5a 34 26
11-15 19:15:45.846 E/DiagService( 2373): DTC Status : [MCH OPEN] 0, [MCH COMM] 0, [MCH ELEC] 0, [TCU OPEN] 1, [TCU COMM] 1, [TCU ELEC] 0, [LVDS TIMEOUT] 1, [LVDS COMM] 0, [LVDS ELEC] 0, [RVC COMM] 0
11-15 19:15:46.496 D/MicomLog( 2373): RADIO : c 0 0 0 0 0 0 21 31 9 14 0 5a 3c 5a
11-15 19:15:48.046 E/DiagService( 2373): DTC Status : [MCH OPEN] 0, [MCH COMM] 0, [MCH ELEC] 0, [TCU OPEN] 1, [TCU COMM] 1, [TCU ELEC] 0, [LVDS TIMEOUT] 1, [LVDS COMM] 0, [LVDS ELEC] 0, [RVC COMM] 0
11-15 19:15:48.596 D/MicomLog( 2373): RADIO : c 0 0 0 0 0 0 30 26 1 d 0 5a 44 8e
11-15 19:15:49.946 D/MicomLog( 2373): AUDIO : 4 0 0 1 ff 34 f 0 0 0 e4 0 5a 49 53
11-15 19:15:50.246 E/DiagService( 2373): DTC Status : [MCH OPEN] 0, [MCH COMM] 0, [MCH ELEC] 0, [TCU OPEN] 1, [TCU COMM] 1, [TCU ELEC] 0, [LVDS TIMEOUT] 1, [LVDS COMM] 0, [LVDS ELEC] 0, [RVC COMM] 0
11-15 19:15:50.696 D/MicomLog( 2373): RADIO : c 0 0 0 0 0 0 26 32 4 2a 0 5a 4c c2
11-15 19:15:52.446 E/DiagService( 2373): DTC Status : [MCH OPEN] 0, [MCH COMM] 0, [MCH ELEC] 0, [TCU OPEN] 1, [TCU COMM] 1, [TCU ELEC] 0, [LVDS TIMEOUT] 1, [LVDS COMM] 0, [LVDS ELEC] 0, [RVC COMM] 0
11-15 19:15:52.796 D/MicomLog( 2373): RADIO : c 0 0 0 0 0 0 28 32 5 20 0 5a 54 93
11-15 19:15:54.646 E/DiagService( 2373): DTC Status : [MCH OPEN] 0, [MCH COMM] 0, [MCH ELEC] 0, [TCU OPEN] 1, [TCU COMM] 1, [TCU ELEC] 0, [LVDS TIMEOUT] 1, [LVDS COMM] 0, [LVDS ELEC] 0, [RVC COMM] 0
11-15 19:15:54.896 D/MicomLog( 2373): RADIO : c 0 0 0 0 0 0 28 2f 3 24 0 5a 5c c7
11-15 19:15:56.836 E/DiagService( 2373): DTC Status : [MCH OPEN] 0, [MCH COMM] 0, [MCH ELEC] 0, [TCU OPEN] 1, [TCU COMM] 1, [TCU ELEC] 0, [LVDS TIMEOUT] 1, [LVDS COMM] 0, [LVDS ELEC] 0, [RVC COMM] 0
11-15 19:15:56.996 D/MicomLog( 2373): RADIO : c 0 0 0 0 0 0 24 33 3 25 0 5a 64 fa
11-15 19:15:58.946 D/MicomLog( 2373): RADIO : c 0 0 0 0 0 0 20 32 3 1b 0 5a 6c cb
11-15 19:15:59.056 E/DiagService( 2373): DTC Status : [MCH OPEN] 0, [MCH COMM] 0, [MCH ELEC] 0, [TCU OPEN] 1, [TCU COMM] 1, [TCU ELEC] 0, [LVDS TIMEOUT] 1, [LVDS COMM] 0, [LVDS ELEC] 0, [RVC COMM] 0
--------- beginning of /dev/log/main
11-15 19:16:00.016 D/navngo  ( 4986): [ GLMapView.Renderer ]  beginPaint BEGIN
11-15 19:16:00.016 D/navngo  ( 4986): [ GLMapView.Renderer ]  makeCurrentGL
11-15 19:16:00.016 D/navngo  ( 4986): [ GLMapView.Renderer ]  makeCurrentGL: already current
11-15 19:16:00.026 D/navngo  ( 4986): [ NNG ]  OpenGL_SwapBuffers
11-15 19:16:00.026 D/navngo  ( 4986): [ GLMapView ]  unlockSurface: unlocking lock
11-15 19:16:00.076 D/navngo  ( 4986): [ NNG ]  OpenGL_LockSurface
11-15 19:16:00.076 D/navngo  ( 4986): [ GLMapView ]  lockSurface: locking mLock
11-15 19:16:00.076 D/navngo  ( 4986): [ NNG ]  OpenGL_PrepareBuffers
11-15 19:16:00.076 D/navngo  ( 4986): [ GLMapView ]  OpenGL_PrepareBuffers
11-15 19:16:00.076 D/navngo  ( 4986): [ GLMapView.Renderer ]  beginPaint BEGIN
11-15 19:16:00.076 D/navngo  ( 4986): [ GLMapView.Renderer ]  makeCurrentGL
11-15 19:16:00.076 D/navngo  ( 4986): [ GLMapView.Renderer ]  makeCurrentGL: already current
11-15 19:16:00.086 D/navngo  ( 4986): [ NNG ]  OpenGL_SwapBuffers
11-15 19:16:00.086 D/navngo  ( 4986): [ GLMapView ]  unlockSurface: unlocking lock
11-15 19:16:00.136 D/navngo  ( 4986): [ NNG ]  OpenGL_LockSurface
11-15 19:16:00.136 D/navngo  ( 4986): [ GLMapView ]  lockSurface: locking mLock
11-15 19:16:00.136 D/navngo  ( 4986): [ NNG ]  OpenGL_PrepareBuffers
11-15 19:16:00.136 D/navngo  ( 4986): [ GLMapView ]  OpenGL_PrepareBuffers
11-15 19:16:00.136 D/navngo  ( 4986): [ GLMapView.Renderer ]  beginPaint BEGIN
11-15 19:16:00.136 D/navngo  ( 4986): [ GLMapView.Renderer ]  makeCurrentGL
11-15 19:16:00.136 D/navngo  ( 4986): [ GLMapView.Renderer ]  makeCurrentGL: already current
11-15 19:16:00.146 D/navngo  ( 4986): [ NNG ]  OpenGL_SwapBuffers
11-15 19:16:00.146 D/navngo  ( 4986): [ GLMapView ]  unlockSurface: unlocking lock
11-15 19:16:00.196 D/navngo  ( 4986): [ NNG ]  OpenGL_LockSurface
11-15 19:16:00.196 D/navngo  ( 4986): [ GLMapView ]  lockSurface: locking mLock
11-15 19:16:00.196 D/navngo  ( 4986): [ NNG ]  OpenGL_PrepareBuffers
11-15 19:16:00.196 D/navngo  ( 4986): [ GLMapView ]  OpenGL_PrepareBuffers
11-15 19:16:00.196 D/navngo  ( 4986): [ GLMapView.Renderer ]  beginPaint BEGIN
11-15 19:16:00.196 D/navngo  ( 4986): [ GLMapView.Renderer ]  makeCurrentGL
11-15 19:16:00.196 D/navngo  ( 4986): [ GLMapView.Renderer ]  makeCurrentGL: already current
11-15 19:16:00.206 D/navngo  ( 4986): [ NNG ]  OpenGL_SwapBuffers
11-15 19:16:00.206 D/navngo  ( 4986): [ GLMapView ]  unlockSurface: unlocking lock
11-15 19:16:00.256 D/navngo  ( 4986): [ NNG ]  OpenGL_LockSurface
11-15 19:16:00.256 D/navngo  ( 4986): [ GLMapView ]  lockSurface: locking mLock
11-15 19:16:00.256 D/navngo  ( 4986): [ NNG ]  OpenGL_PrepareBuffers
11-15 19:16:00.256 D/navngo  ( 4986): [ GLMapView ]  OpenGL_PrepareBuffers
11-15 19:16:00.256 D/navngo  ( 4986): [ GLMapView.Renderer ]  beginPaint BEGIN
11-15 19:16:00.256 D/navngo  ( 4986): [ GLMapView.Renderer ]  makeCurrentGL
11-15 19:16:00.256 D/navngo  ( 4986): [ GLMapView.Renderer ]  makeCurrentGL: already current
11-15 19:16:00.266 D/navngo  ( 4986): [ NNG ]  OpenGL_SwapBuffers
11-15 19:16:00.266 D/navngo  ( 4986): [ GLMapView ]  unlockSurface: unlocking lock
11-15 19:16:00.316 D/navngo  ( 4986): [ NNG ]  OpenGL_LockSurface
11-15 19:16:00.316 D/navngo  ( 4986): [ GLMapView ]  lockSurface: locking mLock
11-15 19:16:00.316 D/navngo  ( 4986): [ NNG ]  OpenGL_PrepareBuffers
11-15 19:16:00.316 D/navngo  ( 4986): [ GLMapView ]  OpenGL_PrepareBuffers
11-15 19:16:00.316 D/navngo  ( 4986): [ GLMapView.Renderer ]  beginPaint BEGIN
11-15 19:16:00.316 D/navngo  ( 4986): [ GLMapView.Renderer ]  makeCurrentGL
11-15 19:16:00.316 D/navngo  ( 4986): [ GLMapView.Renderer ]  makeCurrentGL: already current
11-15 19:16:00.326 D/navngo  ( 4986): [ NNG ]  OpenGL_SwapBuffers
11-15 19:16:00.326 D/navngo  ( 4986): [ GLMapView ]  unlockSurface: unlocking lock
11-15 19:16:00.376 D/navngo  ( 4986): [ NNG ]  OpenGL_LockSurface
11-15 19:16:00.376 D/navngo  ( 4986): [ GLMapView ]  lockSurface: locking mLock
11-15 19:16:00.376 D/navngo  ( 4986): [ NNG ]  OpenGL_PrepareBuffers
11-15 19:16:00.376 D/navngo  ( 4986): [ GLMapView ]  OpenGL_PrepareBuffers
11-15 19:16:00.376 D/navngo  ( 4986): [ GLMapView.Renderer ]  beginPaint BEGIN
11-15 19:16:00.376 D/navngo  ( 4986): [ GLMapView.Renderer ]  makeCurrentGL
11-15 19:16:00.376 D/navngo  ( 4986): [ GLMapView.Renderer ]  makeCurrentGL: already current
11-15 19:16:00.386 D/navngo  ( 4986): [ NNG ]  OpenGL_SwapBuffers
11-15 19:16:00.386 D/navngo  ( 4986): [ GLMapView ]  unlockSurface: unlocking lock
11-15 19:16:00.416 D/navngo  ( 4986): [ AdasFunctors ]  sending ADASIS message skipped, AdasisService instance is null
11-15 19:16:00.436 D/navngo  ( 4986): [ NNG ]  OpenGL_LockSurface
11-15 19:16:00.436 D/navngo  ( 4986): [ GLMapView ]  lockSurface: locking mLock
11-15 19:16:00.436 D/navngo  ( 4986): [ NNG ]  OpenGL_PrepareBuffers
11-15 19:16:00.436 D/navngo  ( 4986): [ GLMapView ]  OpenGL_PrepareBuffers
11-15 19:16:00.436 D/navngo  ( 4986): [ GLMapView.Renderer ]  beginPaint BEGIN
11-15 19:16:00.436 D/navngo  ( 4986): [ GLMapView.Renderer ]  makeCurrentGL
11-15 19:16:00.436 D/navngo  ( 4986): [ GLMapView.Renderer ]  makeCurrentGL: already current
11-15 19:16:00.446 D/navngo  ( 4986): [ NNG ]  OpenGL_SwapBuffers
11-15 19:16:00.446 D/navngo  ( 4986): [ GLMapView ]  unlockSurface: unlocking lock
11-15 19:16:00.466 D/navngo  ( 4986): [ ServerRunner ]  todo: DO_LOCCHANGED_GPS
11-15 19:16:00.466 D/navngo  ( 4986): [ engine ] jni_nng.cpp JNI_NNG_GpsNmea:496 can't read an nmea sentence (of 25 bytes), the read buffer of the source is full, dropping the sentence
11-15 19:16:00.466 D/navngo  ( 4986): [ ServerRunner ]  todo: DO_LOCCHANGED_GPS
11-15 19:16:00.466 D/navngo  ( 4986): [ engine ] jni_nng.cpp JNI_NNG_GpsNmea:496 can't read an nmea sentence (of 21 bytes), the read buffer of the source is full, dropping the sentence
11-15 19:16:00.476 D/navngo  ( 4986): [ ServerRunner ]  todo: DO_LOCCHANGED_GPS
11-15 19:16:00.476 D/navngo  ( 4986): [ engine ] jni_nng.cpp JNI_NNG_GpsNmea:496 can't read an nmea sentence (of 33 bytes), the read buffer of the source is full, dropping the sentence
11-15 19:16:00.476 D/navngo  ( 4986): [ ServerRunner ]  todo: DO_LOCCHANGED_GPS
11-15 19:16:00.476 D/navngo  ( 4986): [ engine ] jni_nng.cpp JNI_NNG_GpsNmea:496 can't read an nmea sentence (of 45 bytes), the read buffer of the source is full, dropping the sentence
11-15 19:16:00.476 D/navngo  ( 4986): [ ServerRunner ]  todo: DO_LOCCHANGED_GPS
11-15 19:16:00.476 D/navngo  ( 4986): [ engine ] jni_nng.cpp JNI_NNG_GpsNmea:496 can't read an nmea sentence (of 45 bytes), the read buffer of the source is full, dropping the sentence
11-15 19:16:00.476 D/navngo  ( 4986): [ ServerRunner ]  todo: DO_LOCCHANGED_GPS
11-15 19:16:00.476 D/navngo  ( 4986): [ engine ] jni_nng.cpp JNI_NNG_GpsNmea:496 can't read an nmea sentence (of 18 bytes), the read buffer of the source is full, dropping the sentence
11-15 19:16:00.476 D/navngo  ( 4986): [ ServerRunner ]  todo: DO_LOCCHANGED_GPS
11-15 19:16:00.476 D/navngo  ( 4986): [ engine ] jni_nng.cpp JNI_NNG_GpsNmea:496 can't read an nmea sentence (of 18 bytes), the read buffer of the source is full, dropping the sentence
11-15 19:16:00.486 D/navngo  ( 4986): [ ServerRunner ]  todo: DO_LOCCHANGED_GPS
11-15 19:16:00.486 D/navngo  ( 4986): [ engine ] jni_nng.cpp JNI_NNG_GpsNmea:496 can't read an nmea sentence (of 20 bytes), the read buffer of the source is full, dropping the sentence
11-15 19:16:00.486 D/navngo  ( 4986): [ ServerRunner ]  todo: DO_LOCCHANGED_GPS
11-15 19:16:00.486 D/navngo  ( 4986): [ engine ] jni_nng.cpp JNI_NNG_GpsNmea:496 can't read an nmea sentence (of 26 bytes), the read buffer of the source is full, dropping the sentence
11-15 19:16:00.486 D/navngo  ( 4986): [ ServerRunner ]  todo: DO_LOCCHANGED_GPS
11-15 19:16:00.486 D/navngo  ( 4986): [ engine ] jni_nng.cpp JNI_NNG_GpsNmea:496 can't read an nmea sentence (of 26 bytes), the read buffer of the source is full, dropping the sentence
11-15 19:16:00.486 D/navngo  ( 4986): [ ServerRunner ]  todo: DO_LOCCHANGED_GPS
11-15 19:16:00.486 D/navngo  ( 4986): [ engine ] jni_nng.cpp JNI_NNG_GpsNmea:496 can't read an nmea sentence (of 41 bytes), the read buffer of the source is full, dropping the sentence
11-15 19:16:00.486 D/navngo  ( 4986): [ ServerRunner ]  todo: DO_LOCCHANGED_GPS
11-15 19:16:00.486 D/navngo  ( 4986): [ engine ] jni_nng.cpp JNI_NNG_GpsNmea:496 can't read an nmea sentence (of 14 bytes), the read buffer of the source is full, dropping the sentence
11-15 19:16:00.486 V/u-blox  ( 2307): ProcessEsfStatus: Current version is 2
11-15 19:16:00.486 V/u-blox  ( 2307): ProcessEsfStatus: p->initStatus1 >> 2: 0 sensor_ali_cal: 0
11-15 19:16:00.496 D/navngo  ( 4986): [ NNG ]  OpenGL_LockSurface
11-15 19:16:00.496 D/navngo  ( 4986): [ GLMapView ]  lockSurface: locking mLock
11-15 19:16:00.496 D/navngo  ( 4986): [ NNG ]  OpenGL_PrepareBuffers
11-15 19:16:00.496 D/navngo  ( 4986): [ GLMapView ]  OpenGL_PrepareBuffers
11-15 19:16:00.496 D/navngo  ( 4986): [ GLMapView.Renderer ]  beginPaint BEGIN
11-15 19:16:00.496 D/navngo  ( 4986): [ GLMapView.Renderer ]  makeCurrentGL
11-15 19:16:00.496 D/navngo  ( 4986): [ GLMapView.Renderer ]  makeCurrentGL: already current
11-15 19:16:00.506 D/navngo  ( 4986): [ NNG ]  OpenGL_SwapBuffers
11-15 19:16:00.506 D/navngo  ( 4986): [ GLMapView ]  unlockSurface: unlocking lock
11-15 19:16:00.556 D/navngo  ( 4986): [ NNG ]  OpenGL_LockSurface
11-15 19:16:00.556 D/navngo  ( 4986): [ GLMapView ]  lockSurface: locking mLock
11-15 19:16:00.556 D/navngo  ( 4986): [ NNG ]  OpenGL_PrepareBuffers
11-15 19:16:00.556 D/navngo  ( 4986): [ GLMapView ]  OpenGL_PrepareBuffers
11-15 19:16:00.556 D/navngo  ( 4986): [ GLMapView.Renderer ]  beginPaint BEGIN
11-15 19:16:00.556 D/navngo  ( 4986): [ GLMapView.Renderer ]  makeCurrentGL
11-15 19:16:00.556 D/navngo  ( 4986): [ GLMapView.Renderer ]  makeCurrentGL: already current
11-15 19:16:00.566 D/navngo  ( 4986): [ NNG ]  OpenGL_SwapBuffers
11-15 19:16:00.566 D/navngo  ( 4986): [ GLMapView ]  unlockSurface: unlocking lock
11-15 19:16:00.616 D/navngo  ( 4986): [ NNG ]  OpenGL_LockSurface
11-15 19:16:00.616 D/navngo  ( 4986): [ GLMapView ]  lockSurface: locking mLock
11-15 19:16:00.616 D/navngo  ( 4986): [ NNG ]  OpenGL_PrepareBuffers
11-15 19:16:00.616 D/navngo  ( 4986): [ GLMapView ]  OpenGL_PrepareBuffers
11-15 19:16:00.616 D/navngo  ( 4986): [ GLMapView.Renderer ]  beginPaint BEGIN
11-15 19:16:00.616 D/navngo  ( 4986): [ GLMapView.Renderer ]  makeCurrentGL
11-15 19:16:00.616 D/navngo  ( 4986): [ GLMapView.Renderer ]  makeCurrentGL: already current
11-15 19:16:00.626 D/navngo  ( 4986): [ NNG ]  OpenGL_SwapBuffers
11-15 19:16:00.626 D/navngo  ( 4986): [ GLMapView ]  unlockSurface: unlocking lock
11-15 19:16:00.636 D/navngo  ( 4986): [ RadnavFunctors ]  GetTimeFromJava: Wed Nov 15 19:16:00 格林尼治标准时间+0800 2017
11-15 19:16:00.676 D/navngo  ( 4986): [ NNG ]  OpenGL_LockSurface
11-15 19:16:00.676 D/navngo  ( 4986): [ GLMapView ]  lockSurface: locking mLock
11-15 19:16:00.676 D/navngo  ( 4986): [ NNG ]  OpenGL_PrepareBuffers
11-15 19:16:00.676 D/navngo  ( 4986): [ GLMapView ]  OpenGL_PrepareBuffers
11-15 19:16:00.676 D/navngo  ( 4986): [ GLMapView.Renderer ]  beginPaint BEGIN
11-15 19:16:00.676 D/navngo  ( 4986): [ GLMapView.Renderer ]  makeCurrentGL
11-15 19:16:00.676 D/navngo  ( 4986): [ GLMapView.Renderer ]  makeCurrentGL: already current
11-15 19:16:00.686 D/navngo  ( 4986): [ NNG ]  OpenGL_SwapBuffers
11-15 19:16:00.686 D/navngo  ( 4986): [ GLMapView ]  unlockSurface: unlocking lock
11-15 19:16:00.736 D/navngo  ( 4986): [ NNG ]  OpenGL_LockSurface
11-15 19:16:00.736 D/navngo  ( 4986): [ GLMapView ]  lockSurface: locking mLock
11-15 19:16:00.736 D/navngo  ( 4986): [ NNG ]  OpenGL_PrepareBuffers
11-15 19:16:00.736 D/navngo  ( 4986): [ GLMapView ]  OpenGL_PrepareBuffers
11-15 19:16:00.736 D/navngo  ( 4986): [ GLMapView.Renderer ]  beginPaint BEGIN
11-15 19:16:00.736 D/navngo  ( 4986): [ GLMapView.Renderer ]  makeCurrentGL
11-15 19:16:00.736 D/navngo  ( 4986): [ GLMapView.Renderer ]  makeCurrentGL: already current
11-15 19:16:00.746 D/navngo  ( 4986): [ NNG ]  OpenGL_SwapBuffers
11-15 19:16:00.746 D/navngo  ( 4986): [ GLMapView ]  unlockSurface: unlocking lock
11-15 19:16:00.796 D/navngo  ( 4986): [ NNG ]  OpenGL_LockSurface
11-15 19:16:00.796 D/navngo  ( 4986): [ GLMapView ]  lockSurface: locking mLock
11-15 19:16:00.796 D/navngo  ( 4986): [ NNG ]  OpenGL_PrepareBuffers
11-15 19:16:00.796 D/navngo  ( 4986): [ GLMapView ]  OpenGL_PrepareBuffers
11-15 19:16:00.796 D/navngo  ( 4986): [ GLMapView.Renderer ]  beginPaint BEGIN
11-15 19:16:00.796 D/navngo  ( 4986): [ GLMapView.Renderer ]  makeCurrentGL
11-15 19:16:00.796 D/navngo  ( 4986): [ GLMapView.Renderer ]  makeCurrentGL: already current
11-15 19:16:00.806 D/navngo  ( 4986): [ NNG ]  OpenGL_SwapBuffers
11-15 19:16:00.806 D/navngo  ( 4986): [ GLMapView ]  unlockSurface: unlocking lock
11-15 19:16:00.856 D/navngo  ( 4986): [ NNG ]  OpenGL_LockSurface
11-15 19:16:00.856 D/navngo  ( 4986): [ GLMapView ]  lockSurface: locking mLock
11-15 19:16:00.856 D/navngo  ( 4986): [ NNG ]  OpenGL_PrepareBuffers
11-15 19:16:00.856 D/navngo  ( 4986): [ GLMapView ]  OpenGL_PrepareBuffers
11-15 19:16:00.856 D/navngo  ( 4986): [ GLMapView.Renderer ]  beginPaint BEGIN
11-15 19:16:00.856 D/navngo  ( 4986): [ GLMapView.Renderer ]  makeCurrentGL
11-15 19:16:00.856 D/navngo  ( 4986): [ GLMapView.Renderer ]  makeCurrentGL: already current
11-15 19:16:00.866 D/navngo  ( 4986): [ NNG ]  OpenGL_SwapBuffers
11-15 19:16:00.866 D/navngo  ( 4986): [ GLMapView ]  unlockSurface: unlocking lock
11-15 19:16:00.916 D/navngo  ( 4986): [ NNG ]  OpenGL_LockSurface
11-15 19:16:00.916 D/navngo  ( 4986): [ GLMapView ]  lockSurface: locking mLock
11-15 19:16:00.916 D/navngo  ( 4986): [ NNG ]  OpenGL_PrepareBuffers
11-15 19:16:00.916 D/navngo  ( 4986): [ GLMapView ]  OpenGL_PrepareBuffers
11-15 19:16:00.916 D/navngo  ( 4986): [ GLMapView.Renderer ]  beginPaint BEGIN
11-15 19:16:00.916 D/navngo  ( 4986): [ GLMapView.Renderer ]  makeCurrentGL
11-15 19:16:00.916 D/navngo  ( 4986): [ GLMapView.Renderer ]  makeCurrentGL: already current
11-15 19:16:00.926 D/navngo  ( 4986): [ NNG ]  OpenGL_SwapBuffers
11-15 19:16:00.926 D/navngo  ( 4986): [ GLMapView ]  unlockSurface: unlocking lock
11-15 19:16:00.966 D/navngo  ( 4986): [ ServerRunner ]  todo: DO_LOCCHANGED_GPS
11-15 19:16:00.966 D/navngo  ( 4986): [ engine ] jni_nng.cpp JNI_NNG_GpsNmea:496 can't read an nmea sentence (of 25 bytes), the read buffer of the source is full, dropping the sentence
11-15 19:16:00.966 D/navngo  ( 4986): [ ServerRunner ]  todo: DO_LOCCHANGED_GPS
11-15 19:16:00.966 D/navngo  ( 4986): [ engine ] jni_nng.cpp JNI_NNG_GpsNmea:496 can't read an nmea sentence (of 21 bytes), the read buffer of the source is full, dropping the sentence
11-15 19:16:00.976 D/navngo  ( 4986): [ ServerRunner ]  todo: DO_LOCCHANGED_GPS
11-15 19:16:00.976 D/navngo  ( 4986): [ engine ] jni_nng.cpp JNI_NNG_GpsNmea:496 can't read an nmea sentence (of 33 bytes), the read buffer of the source is full, dropping the sentence
11-15 19:16:00.976 D/navngo  ( 4986): [ ServerRunner ]  todo: DO_LOCCHANGED_GPS
11-15 19:16:00.976 D/navngo  ( 4986): [ engine ] jni_nng.cpp JNI_NNG_GpsNmea:496 can't read an nmea sentence (of 45 bytes), the read buffer of the source is full, dropping the sentence
11-15 19:16:00.976 D/navngo  ( 4986): [ ServerRunner ]  todo: DO_LOCCHANGED_GPS
11-15 19:16:00.976 D/navngo  ( 4986): [ engine ] jni_nng.cpp JNI_NNG_GpsNmea:496 can't read an nmea sentence (of 45 bytes), the read buffer of the source is full, dropping the sentence
11-15 19:16:00.976 D/navngo  ( 4986): [ ServerRunner ]  todo: DO_LOCCHANGED_GPS
11-15 19:16:00.976 D/navngo  ( 4986): [ engine ] jni_nng.cpp JNI_NNG_GpsNmea:496 can't read an nmea sentence (of 18 bytes), the read buffer of the source is full, dropping the sentence
11-15 19:16:00.976 D/navngo  ( 4986): [ ServerRunner ]  todo: DO_LOCCHANGED_GPS
11-15 19:16:00.976 D/navngo  ( 4986): [ engine ] jni_nng.cpp JNI_NNG_GpsNmea:496 can't read an nmea sentence (of 18 bytes), the read buffer of the source is full, dropping the sentence
11-15 19:16:00.976 D/navngo  ( 4986): [ NNG ]  OpenGL_LockSurface
11-15 19:16:00.976 D/navngo  ( 4986): [ GLMapView ]  lockSurface: locking mLock
11-15 19:16:00.976 D/navngo  ( 4986): [ NNG ]  OpenGL_PrepareBuffers
11-15 19:16:00.976 D/navngo  ( 4986): [ GLMapView ]  OpenGL_PrepareBuffers
11-15 19:16:00.976 D/navngo  ( 4986): [ GLMapView.Renderer ]  beginPaint BEGIN
11-15 19:16:00.976 D/navngo  ( 4986): [ GLMapView.Renderer ]  makeCurrentGL
11-15 19:16:00.976 D/navngo  ( 4986): [ GLMapView.Renderer ]  makeCurrentGL: already current
11-15 19:16:00.986 D/navngo  ( 4986): [ NNG ]  OpenGL_SwapBuffers
11-15 19:16:00.986 D/navngo  ( 4986): [ ServerRunner ]  todo: DO_LOCCHANGED_GPS
11-15 19:16:00.986 D/navngo  ( 4986): [ engine ] jni_nng.cpp JNI_NNG_GpsNmea:496 can't read an nmea sentence (of 20 bytes), the read buffer of the source is full, dropping the sentence
11-15 19:16:00.986 D/navngo  ( 4986): [ GLMapView ]  unlockSurface: unlocking lock
11-15 19:16:00.986 D/navngo  ( 4986): [ ServerRunner ]  todo: DO_LOCCHANGED_GPS
11-15 19:16:00.986 D/navngo  ( 4986): [ engine ] jni_nng.cpp JNI_NNG_GpsNmea:496 can't read an nmea sentence (of 26 bytes), the read buffer of the source is full, dropping the sentence
11-15 19:16:00.986 D/navngo  ( 4986): [ ServerRunner ]  todo: DO_LOCCHANGED_GPS
11-15 19:16:00.986 D/navngo  ( 4986): [ engine ] jni_nng.cpp JNI_NNG_GpsNmea:496 can't read an nmea sentence (of 26 bytes), the read buffer of the source is full, dropping the sentence
11-15 19:16:00.996 D/navngo  ( 4986): [ ServerRunner ]  todo: DO_LOCCHANGED_GPS
11-15 19:16:00.996 D/navngo  ( 4986): [ engine ] jni_nng.cpp JNI_NNG_GpsNmea:496 can't read an nmea sentence (of 41 bytes), the read buffer of the source is full, dropping the sentence
11-15 19:16:00.996 V/u-blox  ( 2307): ProcessEsfStatus: Current version is 2
11-15 19:16:00.996 D/navngo  ( 4986): [ ServerRunner ]  todo: DO_LOCCHANGED_GPS
11-15 19:16:00.996 V/u-blox  ( 2307): ProcessEsfStatus: p->initStatus1 >> 2: 0 sensor_ali_cal: 0
11-15 19:16:00.996 D/navngo  ( 4986): [ engine ] jni_nng.cpp JNI_NNG_GpsNmea:496 can't read an nmea sentence (of 14 bytes), the read buffer of the source is full, dropping the sentence
11-15 19:16:01.036 D/navngo  ( 4986): [ NNG ]  OpenGL_LockSurface
11-15 19:16:01.036 D/navngo  ( 4986): [ GLMapView ]  lockSurface: locking mLock
11-15 19:16:01.036 D/navngo  ( 4986): [ NNG ]  OpenGL_PrepareBuffers
11-15 19:16:01.036 D/navngo  ( 4986): [ GLMapView ]  OpenGL_PrepareBuffers
11-15 19:16:01.036 D/navngo  ( 4986): [ GLMapView.Renderer ]  beginPaint BEGIN
11-15 19:16:01.036 D/navngo  ( 4986): [ GLMapView.Renderer ]  makeCurrentGL
11-15 19:16:01.036 D/navngo  ( 4986): [ GLMapView.Renderer ]  makeCurrentGL: already current
11-15 19:16:01.046 D/navngo  ( 4986): [ NNG ]  OpenGL_SwapBuffers
11-15 19:16:01.046 D/navngo  ( 4986): [ GLMapView ]  unlockSurface: unlocking lock
11-15 19:16:01.046 D/MicomLog( 2373): RADIO : c 0 0 0 0 0 0 2f 26 0 10 0 5a 74 ff
11-15 19:16:01.096 D/navngo  ( 4986): [ NNG ]  OpenGL_LockSurface
11-15 19:16:01.096 D/navngo  ( 4986): [ GLMapView ]  lockSurface: locking mLock
