11-15 19:16:15.066 D/navngo  ( 4986): [ GLMapView.Renderer ]  makeCurrentGL
11-15 19:16:15.066 D/navngo  ( 4986): [ GLMapView.Renderer ]  makeCurrentGL: already current
11-15 19:16:15.076 D/navngo  ( 4986): [ NNG ]  OpenGL_SwapBuffers
11-15 19:16:15.076 D/navngo  ( 4986): [ GLMapView ]  unlockSurface: unlocking lock
11-15 19:16:15.116 D/navngo  ( 4986): [ NNG ]  OpenGL_LockSurface
11-15 19:16:15.116 D/navngo  ( 4986): [ GLMapView ]  lockSurface: locking mLock
11-15 19:16:15.116 D/navngo  ( 4986): [ NNG ]  OpenGL_PrepareBuffers
11-15 19:16:15.116 D/navngo  ( 4986): [ GLMapView ]  OpenGL_PrepareBuffers
11-15 19:16:15.116 D/navngo  ( 4986): [ GLMapView.Renderer ]  beginPaint BEGIN
11-15 19:16:15.116 D/navngo  ( 4986): [ GLMapView.Renderer ]  makeCurrentGL
11-15 19:16:15.116 D/navngo  ( 4986): [ GLMapView.Renderer ]  makeCurrentGL: already current
11-15 19:16:15.116 D/navngo  ( 4986): [ NNG ]  OpenGL_SwapBuffers
11-15 19:16:15.116 D/navngo  ( 4986): [ GLMapView ]  unlockSurface: unlocking lock
11-15 19:16:15.176 D/navngo  ( 4986): [ NNG ]  OpenGL_LockSurface
11-15 19:16:15.176 D/navngo  ( 4986): [ GLMapView ]  lockSurface: locking mLock
11-15 19:16:15.176 D/navngo  ( 4986): [ NNG ]  OpenGL_PrepareBuffers
11-15 19:16:15.176 D/navngo  ( 4986): [ GLMapView ]  OpenGL_PrepareBuffers
11-15 19:16:15.176 D/navngo  ( 4986): [ GLMapView.Renderer ]  beginPaint BEGIN
11-15 19:16:15.176 D/navngo  ( 4986): [ GLMapView.Renderer ]  makeCurrentGL
11-15 19:16:15.176 D/navngo  ( 4986): [ GLMapView.Renderer ]  makeCurrentGL: already current
11-15 19:16:15.176 D/navngo  ( 4986): [ NNG ]  OpenGL_SwapBuffers
11-15 19:16:15.176 D/navngo  ( 4986): [ GLMapView ]  unlockSurface: unlocking lock
11-15 19:16:15.236 D/navngo  ( 4986): [ NNG ]  OpenGL_LockSurface
11-15 19:16:15.236 D/navngo  ( 4986): [ GLMapView ]  lockSurface: locking mLock
11-15 19:16:15.236 D/navngo  ( 4986): [ NNG ]  OpenGL_PrepareBuffers
11-15 19:16:15.236 D/navngo  ( 4986): [ GLMapView ]  OpenGL_PrepareBuffers
11-15 19:16:15.236 D/navngo  ( 4986): [ GLMapView.Renderer ]  beginPaint BEGIN
11-15 19:16:15.236 D/navngo  ( 4986): [ GLMapView.Renderer ]  makeCurrentGL
11-15 19:16:15.236 D/navngo  ( 4986): [ GLMapView.Renderer ]  makeCurrentGL: already current
11-15 19:16:15.236 D/navngo  ( 4986): [ NNG ]  OpenGL_SwapBuffers
11-15 19:16:15.236 D/navngo  ( 4986): [ GLMapView ]  unlockSurface: unlocking lock
11-15 19:16:15.296 D/navngo  ( 4986): [ NNG ]  OpenGL_LockSurface
11-15 19:16:15.296 D/navngo  ( 4986): [ GLMapView ]  lockSurface: locking mLock
11-15 19:16:15.296 D/navngo  ( 4986): [ NNG ]  OpenGL_PrepareBuffers
11-15 19:16:15.296 D/navngo  ( 4986): [ GLMapView ]  OpenGL_PrepareBuffers
11-15 19:16:15.296 D/navngo  ( 4986): [ GLMapView.Renderer ]  beginPaint BEGIN
11-15 19:16:15.296 D/navngo  ( 4986): [ GLMapView.Renderer ]  makeCurrentGL
11-15 19:16:15.296 D/navngo  ( 4986): [ GLMapView.Renderer ]  makeCurrentGL: already current
11-15 19:16:15.296 D/navngo  ( 4986): [ NNG ]  OpenGL_SwapBuffers
11-15 19:16:15.296 D/navngo  ( 4986): [ GLMapView ]  unlockSurface: unlocking lock
11-15 19:16:15.356 D/navngo  ( 4986): [ NNG ]  OpenGL_LockSurface
11-15 19:16:15.356 D/navngo  ( 4986): [ GLMapView ]  lockSurface: locking mLock
11-15 19:16:15.356 D/navngo  ( 4986): [ NNG ]  OpenGL_PrepareBuffers
11-15 19:16:15.356 D/navngo  ( 4986): [ GLMapView ]  OpenGL_PrepareBuffers
11-15 19:16:15.356 D/navngo  ( 4986): [ GLMapView.Renderer ]  beginPaint BEGIN
11-15 19:16:15.356 D/navngo  ( 4986): [ GLMapView.Renderer ]  makeCurrentGL
11-15 19:16:15.356 D/navngo  ( 4986): [ GLMapView.Renderer ]  makeCurrentGL: already current
11-15 19:16:15.356 D/navngo  ( 4986): [ NNG ]  OpenGL_SwapBuffers
11-15 19:16:15.356 D/navngo  ( 4986): [ GLMapView ]  unlockSurface: unlocking lock
11-15 19:16:15.416 D/navngo  ( 4986): [ NNG ]  OpenGL_LockSurface
11-15 19:16:15.416 D/navngo  ( 4986): [ GLMapView ]  lockSurface: locking mLock
11-15 19:16:15.416 D/navngo  ( 4986): [ NNG ]  OpenGL_PrepareBuffers
11-15 19:16:15.416 D/navngo  ( 4986): [ GLMapView ]  OpenGL_PrepareBuffers
11-15 19:16:15.416 D/navngo  ( 4986): [ GLMapView.Renderer ]  beginPaint BEGIN
11-15 19:16:15.416 D/navngo  ( 4986): [ GLMapView.Renderer ]  makeCurrentGL
11-15 19:16:15.416 D/navngo  ( 4986): [ GLMapView.Renderer ]  makeCurrentGL: already current
11-15 19:16:15.416 D/navngo  ( 4986): [ NNG ]  OpenGL_SwapBuffers
11-15 19:16:15.416 D/navngo  ( 4986): [ GLMapView ]  unlockSurface: unlocking lock
11-15 19:16:15.466 D/navngo  ( 4986): [ ServerRunner ]  todo: DO_LOCCHANGED_GPS
11-15 19:16:15.466 D/navngo  ( 4986): [ engine ] jni_nng.cpp JNI_NNG_GpsNmea:496 can't read an nmea sentence (of 25 bytes), the read buffer of the source is full, dropping the sentence
11-15 19:16:15.466 D/navngo  ( 4986): [ ServerRunner ]  todo: DO_LOCCHANGED_GPS
11-15 19:16:15.466 D/navngo  ( 4986): [ engine ] jni_nng.cpp JNI_NNG_GpsNmea:496 can't read an nmea sentence (of 21 bytes), the read buffer of the source is full, dropping the sentence
11-15 19:16:15.476 D/navngo  ( 4986): [ ServerRunner ]  todo: DO_LOCCHANGED_GPS
11-15 19:16:15.476 D/navngo  ( 4986): [ engine ] jni_nng.cpp JNI_NNG_GpsNmea:496 can't read an nmea sentence (of 33 bytes), the read buffer of the source is full, dropping the sentence
11-15 19:16:15.476 D/navngo  ( 4986): [ ServerRunner ]  todo: DO_LOCCHANGED_GPS
11-15 19:16:15.476 D/navngo  ( 4986): [ engine ] jni_nng.cpp JNI_NNG_GpsNmea:496 can't read an nmea sentence (of 45 bytes), the read buffer of the source is full, dropping the sentence
11-15 19:16:15.476 D/navngo  ( 4986): [ NNG ]  OpenGL_LockSurface
11-15 19:16:15.476 D/navngo  ( 4986): [ GLMapView ]  lockSurface: locking mLock
11-15 19:16:15.476 D/navngo  ( 4986): [ NNG ]  OpenGL_PrepareBuffers
11-15 19:16:15.476 D/navngo  ( 4986): [ GLMapView ]  OpenGL_PrepareBuffers
11-15 19:16:15.476 D/navngo  ( 4986): [ GLMapView.Renderer ]  beginPaint BEGIN
11-15 19:16:15.476 D/navngo  ( 4986): [ GLMapView.Renderer ]  makeCurrentGL
11-15 19:16:15.476 D/navngo  ( 4986): [ GLMapView.Renderer ]  makeCurrentGL: already current
11-15 19:16:15.476 D/navngo  ( 4986): [ ServerRunner ]  todo: DO_LOCCHANGED_GPS
11-15 19:16:15.476 D/navngo  ( 4986): [ engine ] jni_nng.cpp JNI_NNG_GpsNmea:496 can't read an nmea sentence (of 45 bytes), the read buffer of the source is full, dropping the sentence
11-15 19:16:15.476 D/navngo  ( 4986): [ ServerRunner ]  todo: DO_LOCCHANGED_GPS
11-15 19:16:15.476 D/navngo  ( 4986): [ engine ] jni_nng.cpp JNI_NNG_GpsNmea:496 can't read an nmea sentence (of 18 bytes), the read buffer of the source is full, dropping the sentence
11-15 19:16:15.486 D/navngo  ( 4986): [ ServerRunner ]  todo: DO_LOCCHANGED_GPS
11-15 19:16:15.486 D/navngo  ( 4986): [ engine ] jni_nng.cpp JNI_NNG_GpsNmea:496 can't read an nmea sentence (of 18 bytes), the read buffer of the source is full, dropping the sentence
11-15 19:16:15.486 D/navngo  ( 4986): [ NNG ]  OpenGL_SwapBuffers
11-15 19:16:15.486 D/navngo  ( 4986): [ GLMapView ]  unlockSurface: unlocking lock
11-15 19:16:15.486 D/navngo  ( 4986): [ ServerRunner ]  todo: DO_LOCCHANGED_GPS
11-15 19:16:15.486 D/navngo  ( 4986): [ engine ] jni_nng.cpp JNI_NNG_GpsNmea:496 can't read an nmea sentence (of 20 bytes), the read buffer of the source is full, dropping the sentence
11-15 19:16:15.486 D/navngo  ( 4986): [ ServerRunner ]  todo: DO_LOCCHANGED_GPS
11-15 19:16:15.486 D/navngo  ( 4986): [ engine ] jni_nng.cpp JNI_NNG_GpsNmea:496 can't read an nmea sentence (of 26 bytes), the read buffer of the source is full, dropping the sentence
11-15 19:16:15.486 D/navngo  ( 4986): [ ServerRunner ]  todo: DO_LOCCHANGED_GPS
11-15 19:16:15.486 D/navngo  ( 4986): [ engine ] jni_nng.cpp JNI_NNG_GpsNmea:496 can't read an nmea sentence (of 26 bytes), the read buffer of the source is full, dropping the sentence
11-15 19:16:15.486 D/navngo  ( 4986): [ ServerRunner ]  todo: DO_LOCCHANGED_GPS
11-15 19:16:15.486 D/navngo  ( 4986): [ engine ] jni_nng.cpp JNI_NNG_GpsNmea:496 can't read an nmea sentence (of 41 bytes), the read buffer of the source is full, dropping the sentence
11-15 19:16:15.496 V/u-blox  ( 2307): ProcessEsfStatus: Current version is 2
11-15 19:16:15.496 V/u-blox  ( 2307): ProcessEsfStatus: p->initStatus1 >> 2: 0 sensor_ali_cal: 0
11-15 19:16:15.496 D/navngo  ( 4986): [ ServerRunner ]  todo: DO_LOCCHANGED_GPS
11-15 19:16:15.496 D/navngo  ( 4986): [ engine ] jni_nng.cpp JNI_NNG_GpsNmea:496 can't read an nmea sentence (of 14 bytes), the read buffer of the source is full, dropping the sentence
11-15 19:16:15.526 D/navngo  ( 4986): [ AdasFunctors ]  sending ADASIS message skipped, AdasisService instance is null
11-15 19:16:15.536 D/navngo  ( 4986): [ NNG ]  OpenGL_LockSurface
11-15 19:16:15.536 D/navngo  ( 4986): [ GLMapView ]  lockSurface: locking mLock
11-15 19:16:15.536 D/navngo  ( 4986): [ NNG ]  OpenGL_PrepareBuffers
11-15 19:16:15.536 D/navngo  ( 4986): [ GLMapView ]  OpenGL_PrepareBuffers
11-15 19:16:15.536 D/navngo  ( 4986): [ GLMapView.Renderer ]  beginPaint BEGIN
11-15 19:16:15.536 D/navngo  ( 4986): [ GLMapView.Renderer ]  makeCurrentGL
11-15 19:16:15.536 D/navngo  ( 4986): [ GLMapView.Renderer ]  makeCurrentGL: already current
11-15 19:16:15.536 D/navngo  ( 4986): [ NNG ]  OpenGL_SwapBuffers
11-15 19:16:15.536 D/navngo  ( 4986): [ GLMapView ]  unlockSurface: unlocking lock
11-15 19:16:15.596 D/navngo  ( 4986): [ NNG ]  OpenGL_LockSurface
11-15 19:16:15.596 D/navngo  ( 4986): [ GLMapView ]  lockSurface: locking mLock
11-15 19:16:15.596 D/navngo  ( 4986): [ NNG ]  OpenGL_PrepareBuffers
11-15 19:16:15.596 D/navngo  ( 4986): [ GLMapView ]  OpenGL_PrepareBuffers
11-15 19:16:15.596 D/navngo  ( 4986): [ GLMapView.Renderer ]  beginPaint BEGIN
11-15 19:16:15.596 D/navngo  ( 4986): [ GLMapView.Renderer ]  makeCurrentGL
11-15 19:16:15.596 D/navngo  ( 4986): [ GLMapView.Renderer ]  makeCurrentGL: already current
11-15 19:16:15.596 D/navngo  ( 4986): [ NNG ]  OpenGL_SwapBuffers
11-15 19:16:15.596 D/navngo  ( 4986): [ GLMapView ]  unlockSurface: unlocking lock
11-15 19:16:15.656 D/navngo  ( 4986): [ NNG ]  OpenGL_LockSurface
11-15 19:16:15.656 D/navngo  ( 4986): [ GLMapView ]  lockSurface: locking mLock
11-15 19:16:15.656 D/navngo  ( 4986): [ NNG ]  OpenGL_PrepareBuffers
11-15 19:16:15.656 D/navngo  ( 4986): [ GLMapView ]  OpenGL_PrepareBuffers
11-15 19:16:15.656 D/navngo  ( 4986): [ GLMapView.Renderer ]  beginPaint BEGIN
11-15 19:16:15.656 D/navngo  ( 4986): [ GLMapView.Renderer ]  makeCurrentGL
11-15 19:16:15.656 D/navngo  ( 4986): [ GLMapView.Renderer ]  makeCurrentGL: already current
11-15 19:16:15.656 D/navngo  ( 4986): [ NNG ]  OpenGL_SwapBuffers
11-15 19:16:15.656 D/navngo  ( 4986): [ GLMapView ]  unlockSurface: unlocking lock
11-15 19:16:15.716 D/navngo  ( 4986): [ NNG ]  OpenGL_LockSurface
11-15 19:16:15.716 D/navngo  ( 4986): [ GLMapView ]  lockSurface: locking mLock
11-15 19:16:15.716 D/navngo  ( 4986): [ NNG ]  OpenGL_PrepareBuffers
11-15 19:16:15.716 D/navngo  ( 4986): [ GLMapView ]  OpenGL_PrepareBuffers
11-15 19:16:15.716 D/navngo  ( 4986): [ GLMapView.Renderer ]  beginPaint BEGIN
11-15 19:16:15.716 D/navngo  ( 4986): [ GLMapView.Renderer ]  makeCurrentGL
11-15 19:16:15.716 D/navngo  ( 4986): [ GLMapView.Renderer ]  makeCurrentGL: already current
11-15 19:16:15.716 D/navngo  ( 4986): [ NNG ]  OpenGL_SwapBuffers
11-15 19:16:15.716 D/navngo  ( 4986): [ GLMapView ]  unlockSurface: unlocking lock
11-15 19:16:15.736 D/navngo  ( 4986): [ RadnavFunctors ]  GetTimeFromJava: Wed Nov 15 19:16:15 格林尼治标准时间+0800 2017
11-15 19:16:15.746 D/MicomLog( 2373): RADIO : c 0 0 0 0 0 0 25 2d 3 17 0 5a ae 6b
11-15 19:16:15.776 D/navngo  ( 4986): [ NNG ]  OpenGL_LockSurface
11-15 19:16:15.776 D/navngo  ( 4986): [ GLMapView ]  lockSurface: locking mLock
11-15 19:16:15.776 D/navngo  ( 4986): [ NNG ]  OpenGL_PrepareBuffers
11-15 19:16:15.776 D/navngo  ( 4986): [ GLMapView ]  OpenGL_PrepareBuffers
11-15 19:16:15.776 D/navngo  ( 4986): [ GLMapView.Renderer ]  beginPaint BEGIN
11-15 19:16:15.776 D/navngo  ( 4986): [ GLMapView.Renderer ]  makeCurrentGL
11-15 19:16:15.776 D/navngo  ( 4986): [ GLMapView.Renderer ]  makeCurrentGL: already current
11-15 19:16:15.776 D/navngo  ( 4986): [ NNG ]  OpenGL_SwapBuffers
11-15 19:16:15.776 D/navngo  ( 4986): [ GLMapView ]  unlockSurface: unlocking lock
11-15 19:16:15.836 D/navngo  ( 4986): [ NNG ]  OpenGL_LockSurface
11-15 19:16:15.836 D/navngo  ( 4986): [ GLMapView ]  lockSurface: locking mLock
11-15 19:16:15.836 D/navngo  ( 4986): [ NNG ]  OpenGL_PrepareBuffers
11-15 19:16:15.836 D/navngo  ( 4986): [ GLMapView ]  OpenGL_PrepareBuffers
11-15 19:16:15.836 D/navngo  ( 4986): [ GLMapView.Renderer ]  beginPaint BEGIN
11-15 19:16:15.836 D/navngo  ( 4986): [ GLMapView.Renderer ]  makeCurrentGL
11-15 19:16:15.836 D/navngo  ( 4986): [ GLMapView.Renderer ]  makeCurrentGL: already current
11-15 19:16:15.836 D/navngo  ( 4986): [ NNG ]  OpenGL_SwapBuffers
11-15 19:16:15.836 D/navngo  ( 4986): [ GLMapView ]  unlockSurface: unlocking lock
11-15 19:16:15.896 D/navngo  ( 4986): [ NNG ]  OpenGL_LockSurface
11-15 19:16:15.896 D/navngo  ( 4986): [ GLMapView ]  lockSurface: locking mLock
11-15 19:16:15.896 D/navngo  ( 4986): [ NNG ]  OpenGL_PrepareBuffers
11-15 19:16:15.896 D/navngo  ( 4986): [ GLMapView ]  OpenGL_PrepareBuffers
11-15 19:16:15.896 D/navngo  ( 4986): [ GLMapView.Renderer ]  beginPaint BEGIN
11-15 19:16:15.896 D/navngo  ( 4986): [ GLMapView.Renderer ]  makeCurrentGL
11-15 19:16:15.896 D/navngo  ( 4986): [ GLMapView.Renderer ]  makeCurrentGL: already current
11-15 19:16:15.896 D/navngo  ( 4986): [ NNG ]  OpenGL_SwapBuffers
11-15 19:16:15.896 D/navngo  ( 4986): [ GLMapView ]  unlockSurface: unlocking lock
11-15 19:16:15.956 D/navngo  ( 4986): [ NNG ]  OpenGL_LockSurface
11-15 19:16:15.956 D/navngo  ( 4986): [ GLMapView ]  lockSurface: locking mLock
11-15 19:16:15.956 D/navngo  ( 4986): [ NNG ]  OpenGL_PrepareBuffers
11-15 19:16:15.956 D/navngo  ( 4986): [ GLMapView ]  OpenGL_PrepareBuffers
11-15 19:16:15.956 D/navngo  ( 4986): [ GLMapView.Renderer ]  beginPaint BEGIN
11-15 19:16:15.956 D/navngo  ( 4986): [ GLMapView.Renderer ]  makeCurrentGL
11-15 19:16:15.956 D/navngo  ( 4986): [ GLMapView.Renderer ]  makeCurrentGL: already current
11-15 19:16:15.956 D/navngo  ( 4986): [ NNG ]  OpenGL_SwapBuffers
11-15 19:16:15.956 D/navngo  ( 4986): [ GLMapView ]  unlockSurface: unlocking lock
11-15 19:16:15.976 D/navngo  ( 4986): [ ServerRunner ]  todo: DO_LOCCHANGED_GPS
11-15 19:16:15.976 D/navngo  ( 4986): [ engine ] jni_nng.cpp JNI_NNG_GpsNmea:496 can't read an nmea sentence (of 25 bytes), the read buffer of the source is full, dropping the sentence
11-15 19:16:15.976 D/navngo  ( 4986): [ ServerRunner ]  todo: DO_LOCCHANGED_GPS
11-15 19:16:15.976 D/navngo  ( 4986): [ engine ] jni_nng.cpp JNI_NNG_GpsNmea:496 can't read an nmea sentence (of 21 bytes), the read buffer of the source is full, dropping the sentence
11-15 19:16:15.976 D/navngo  ( 4986): [ ServerRunner ]  todo: DO_LOCCHANGED_GPS
11-15 19:16:15.976 D/navngo  ( 4986): [ engine ] jni_nng.cpp JNI_NNG_GpsNmea:496 can't read an nmea sentence (of 33 bytes), the read buffer of the source is full, dropping the sentence
11-15 19:16:15.976 D/navngo  ( 4986): [ ServerRunner ]  todo: DO_LOCCHANGED_GPS
11-15 19:16:15.976 D/navngo  ( 4986): [ engine ] jni_nng.cpp JNI_NNG_GpsNmea:496 can't read an nmea sentence (of 45 bytes), the read buffer of the source is full, dropping the sentence
11-15 19:16:15.976 D/navngo  ( 4986): [ ServerRunner ]  todo: DO_LOCCHANGED_GPS
11-15 19:16:15.976 D/navngo  ( 4986): [ engine ] jni_nng.cpp JNI_NNG_GpsNmea:496 can't read an nmea sentence (of 45 bytes), the read buffer of the source is full, dropping the sentence
11-15 19:16:15.986 D/navngo  ( 4986): [ ServerRunner ]  todo: DO_LOCCHANGED_GPS
11-15 19:16:15.986 D/navngo  ( 4986): [ engine ] jni_nng.cpp JNI_NNG_GpsNmea:496 can't read an nmea sentence (of 18 bytes), the read buffer of the source is full, dropping the sentence
11-15 19:16:15.986 D/navngo  ( 4986): [ ServerRunner ]  todo: DO_LOCCHANGED_GPS
11-15 19:16:15.986 D/navngo  ( 4986): [ engine ] jni_nng.cpp JNI_NNG_GpsNmea:496 can't read an nmea sentence (of 18 bytes), the read buffer of the source is full, dropping the sentence
11-15 19:16:15.986 D/navngo  ( 4986): [ ServerRunner ]  todo: DO_LOCCHANGED_GPS
11-15 19:16:15.986 D/navngo  ( 4986): [ engine ] jni_nng.cpp JNI_NNG_GpsNmea:496 can't read an nmea sentence (of 20 bytes), the read buffer of the source is full, dropping the sentence
11-15 19:16:15.986 D/navngo  ( 4986): [ ServerRunner ]  todo: DO_LOCCHANGED_GPS
11-15 19:16:15.986 D/navngo  ( 4986): [ engine ] jni_nng.cpp JNI_NNG_GpsNmea:496 can't read an nmea sentence (of 26 bytes), the read buffer of the source is full, dropping the sentence
11-15 19:16:15.986 D/navngo  ( 4986): [ ServerRunner ]  todo: DO_LOCCHANGED_GPS
11-15 19:16:15.986 D/navngo  ( 4986): [ engine ] jni_nng.cpp JNI_NNG_GpsNmea:496 can't read an nmea sentence (of 26 bytes), the read buffer of the source is full, dropping the sentence
11-15 19:16:15.986 D/navngo  ( 4986): [ ServerRunner ]  todo: DO_LOCCHANGED_GPS
11-15 19:16:15.986 D/navngo  ( 4986): [ engine ] jni_nng.cpp JNI_NNG_GpsNmea:496 can't read an nmea sentence (of 41 bytes), the read buffer of the source is full, dropping the sentence
11-15 19:16:15.996 V/u-blox  ( 2307): ProcessEsfStatus: Current version is 2
11-15 19:16:15.996 V/u-blox  ( 2307): ProcessEsfStatus: p->initStatus1 >> 2: 0 sensor_ali_cal: 0
11-15 19:16:15.996 D/navngo  ( 4986): [ ServerRunner ]  todo: DO_LOCCHANGED_GPS
11-15 19:16:15.996 D/navngo  ( 4986): [ engine ] jni_nng.cpp JNI_NNG_GpsNmea:496 can't read an nmea sentence (of 14 bytes), the read buffer of the source is full, dropping the sentence
11-15 19:16:16.016 D/navngo  ( 4986): [ NNG ]  OpenGL_LockSurface
11-15 19:16:16.016 D/navngo  ( 4986): [ GLMapView ]  lockSurface: locking mLock
11-15 19:16:16.016 D/navngo  ( 4986): [ NNG ]  OpenGL_PrepareBuffers
11-15 19:16:16.016 D/navngo  ( 4986): [ GLMapView ]  OpenGL_PrepareBuffers
11-15 19:16:16.016 D/navngo  ( 4986): [ GLMapView.Renderer ]  beginPaint BEGIN
11-15 19:16:16.016 D/navngo  ( 4986): [ GLMapView.Renderer ]  makeCurrentGL
11-15 19:16:16.016 D/navngo  ( 4986): [ GLMapView.Renderer ]  makeCurrentGL: already current
11-15 19:16:16.016 D/navngo  ( 4986): [ NNG ]  OpenGL_SwapBuffers
11-15 19:16:16.016 D/navngo  ( 4986): [ GLMapView ]  unlockSurface: unlocking lock
11-15 19:16:16.076 D/navngo  ( 4986): [ strapon ] strapon_imp.cpp FinalizeLogLine:5543 UpdateFromGPS(958969587,256256337,t 1020,h 353.8,s 80.0064,e 0,ts 5941492,a 0) seg 69075017 at 3401cm dir 1, 114.318089,30.548137:352.09 dist 58cm (r) prec 15 rel 1
11-15 19:16:16.076 D/navngo  ( 4986): [ timezone ] tzinfo.cpp GetZoneID:191 No tzinfo information for khb
11-15 19:16:16.076 D/navngo  ( 4986): [ timezone ] tzinfo.cpp GetZoneID:191 No tzinfo information for khb
11-15 19:16:16.086 D/navngo  ( 4986): [ adasis ] adasis_horizon_provider.cpp SendRemainingSegments:952 SendStub crossing id 6 parent 9 offset 287 angle 2 frc 3 fow 2 route 1 last 0
11-15 19:16:16.086 D/navngo  ( 4986): [ AdasFunctors ]  sending ADASIS message skipped, AdasisService instance is null
11-15 19:16:16.086 D/navngo  ( 4986): [ adasis ] adasis_horizon_provider.cpp SendRemainingSegments:952 SendStub crossing id 5 parent 9 offset 287 angle 63 frc 5 fow 11 route 0 last 1
11-15 19:16:16.086 D/navngo  ( 4986): [ adasis ] adasis_horizon_provider.cpp SendPosition:785 SendPosition offset 100 speed 175 heading 255 confidence 4
11-15 19:16:16.086 D/navngo  ( 4986): [ timezone ] tzinfo.cpp GetZoneID:191 No tzinfo information for kgd
11-15 19:16:16.086 D/navngo  ( 4986): [ timezone ] tzinfo.cpp GetZoneID:191 No tzinfo information for kgd
11-15 19:16:16.086 D/navngo  ( 4986): [ EngineHelper ]  feedback
11-15 19:16:16.086 D/navngo  ( 4986): [ MMResultInfoService ]  feedback
11-15 19:16:16.086 D/navngo  ( 4986): [ ui_common ] androidgo_ui.cpp CallMethod:93 FFUI, received remote call: 'android.adas.set_speedcam_display' !
11-15 19:16:16.086 I/u-blox  ( 2307): CUdsServer::recvPath: socket connected fd=208
11-15 19:16:16.086 V/u-blox  ( 2307): CUdsServer::recvPath: Receiving data (36)
11-15 19:16:16.086 V/u-blox  ( 2307): handleUdsInput: Received something over UDS! 36 B5 62 0B 05
11-15 19:16:16.086 V/u-blox  ( 2307): handleUdsInput: Looks like MM feedback data!
11-15 19:16:16.086 V/u-blox  ( 2307): nng_mapMatchingFeedback: Reecieved NNG MM data. Size: 36
11-15 19:16:16.086 V/u-blox  ( 2307): nng_mapMatchingFeedback: MM data macthcing expected size
11-15 19:16:16.086 V/u-blox  ( 2307): nng_mapMatchingFeedback: Poll PVT data: iTow=5943500, fixType=0, hAcc=152294400, flags2=6
11-15 19:16:16.086 D/navngo  ( 4986): [ AdasFunctors ]  setSpeedcamDisplayRequest()
11-15 19:16:16.086 D/navngo  ( 4986): [ RadnavVehicleSpeedDriver ]  RadnavChina speed value=-1
11-15 19:16:16.086 D/navngo  ( 4986): [ RadnavVehicleSpeedDriver ]  RadnavChina speed value=-1
11-15 19:16:16.086 D/navngo  ( 4986): [ NNG ]  OpenGL_LockSurface
11-15 19:16:16.086 D/navngo  ( 4986): [ GLMapView ]  lockSurface: locking mLock
11-15 19:16:16.086 D/navngo  ( 4986): [ NNG ]  OpenGL_PrepareBuffers
11-15 19:16:16.086 D/navngo  ( 4986): [ GLMapView ]  OpenGL_PrepareBuffers
11-15 19:16:16.086 D/navngo  ( 4986): [ GLMapView.Renderer ]  beginPaint BEGIN
11-15 19:16:16.086 D/navngo  ( 4986): [ GLMapView.Renderer ]  makeCurrentGL
11-15 19:16:16.086 D/navngo  ( 4986): [ GLMapView.Renderer ]  makeCurrentGL: already current
11-15 19:16:16.096 D/navngo  ( 4986): [ NNG ]  OpenGL_SwapBuffers
11-15 19:16:16.096 D/navngo  ( 4986): [ GLMapView ]  unlockSurface: unlocking lock
11-15 19:16:16.106 D/navngo  ( 4986): [ AdasFunctors ]  sending ADASIS message skipped, AdasisService instance is null
11-15 19:16:16.126 D/navngo  ( 4986): [ AdasFunctors ]  sending ADASIS message skipped, AdasisService instance is null
11-15 19:16:16.136 D/navngo  ( 4986): [ NNG ]  OpenGL_LockSurface
11-15 19:16:16.136 D/navngo  ( 4986): [ GLMapView ]  lockSurface: locking mLock
11-15 19:16:16.136 D/navngo  ( 4986): [ NNG ]  OpenGL_PrepareBuffers
11-15 19:16:16.136 D/navngo  ( 4986): [ GLMapView ]  OpenGL_PrepareBuffers
11-15 19:16:16.136 D/navngo  ( 4986): [ GLMapView.Renderer ]  beginPaint BEGIN
11-15 19:16:16.136 D/navngo  ( 4986): [ GLMapView.Renderer ]  makeCurrentGL
11-15 19:16:16.136 D/navngo  ( 4986): [ GLMapView.Renderer ]  makeCurrentGL: already current
11-15 19:16:16.136 D/navngo  ( 4986): [ NNG ]  OpenGL_SwapBuffers
11-15 19:16:16.136 D/navngo  ( 4986): [ GLMapView ]  unlockSurface: unlocking lock
11-15 19:16:16.196 D/navngo  ( 4986): [ NNG ]  OpenGL_LockSurface
11-15 19:16:16.196 D/navngo  ( 4986): [ GLMapView ]  lockSurface: locking mLock
11-15 19:16:16.196 D/navngo  ( 4986): [ NNG ]  OpenGL_PrepareBuffers
11-15 19:16:16.196 D/navngo  ( 4986): [ GLMapView ]  OpenGL_PrepareBuffers
11-15 19:16:16.196 D/navngo  ( 4986): [ GLMapView.Renderer ]  beginPaint BEGIN
11-15 19:16:16.196 D/navngo  ( 4986): [ GLMapView.Renderer ]  makeCurrentGL
11-15 19:16:16.196 D/navngo  ( 4986): [ GLMapView.Renderer ]  makeCurrentGL: already current
11-15 19:16:16.196 D/navngo  ( 4986): [ NNG ]  OpenGL_SwapBuffers
11-15 19:16:16.196 D/navngo  ( 4986): [ GLMapView ]  unlockSurface: unlocking lock
11-15 19:16:16.256 D/navngo  ( 4986): [ NNG ]  OpenGL_LockSurface
11-15 19:16:16.256 D/navngo  ( 4986): [ GLMapView ]  lockSurface: locking mLock
11-15 19:16:16.256 D/navngo  ( 4986): [ NNG ]  OpenGL_PrepareBuffers
11-15 19:16:16.256 D/navngo  ( 4986): [ GLMapView ]  OpenGL_PrepareBuffers
11-15 19:16:16.256 D/navngo  ( 4986): [ GLMapView.Renderer ]  beginPaint BEGIN
11-15 19:16:16.256 D/navngo  ( 4986): [ GLMapView.Renderer ]  makeCurrentGL
11-15 19:16:16.256 D/navngo  ( 4986): [ GLMapView.Renderer ]  makeCurrentGL: already current
11-15 19:16:16.256 D/navngo  ( 4986): [ NNG ]  OpenGL_SwapBuffers
11-15 19:16:16.256 D/navngo  ( 4986): [ GLMapView ]  unlockSurface: unlocking lock
11-15 19:16:16.316 D/navngo  ( 4986): [ NNG ]  OpenGL_LockSurface
11-15 19:16:16.316 D/navngo  ( 4986): [ GLMapView ]  lockSurface: locking mLock
11-15 19:16:16.316 D/navngo  ( 4986): [ NNG ]  OpenGL_PrepareBuffers
11-15 19:16:16.316 D/navngo  ( 4986): [ GLMapView ]  OpenGL_PrepareBuffers
11-15 19:16:16.316 D/navngo  ( 4986): [ GLMapView.Renderer ]  beginPaint BEGIN
11-15 19:16:16.316 D/navngo  ( 4986): [ GLMapView.Renderer ]  makeCurrentGL
11-15 19:16:16.316 D/navngo  ( 4986): [ GLMapView.Renderer ]  makeCurrentGL: already current
11-15 19:16:16.316 D/navngo  ( 4986): [ NNG ]  OpenGL_SwapBuffers
11-15 19:16:16.316 D/navngo  ( 4986): [ GLMapView ]  unlockSurface: unlocking lock
11-15 19:16:16.376 D/navngo  ( 4986): [ NNG ]  OpenGL_LockSurface
11-15 19:16:16.376 D/navngo  ( 4986): [ GLMapView ]  lockSurface: locking mLock
11-15 19:16:16.376 D/navngo  ( 4986): [ NNG ]  OpenGL_PrepareBuffers
11-15 19:16:16.376 D/navngo  ( 4986): [ GLMapView ]  OpenGL_PrepareBuffers
11-15 19:16:16.376 D/navngo  ( 4986): [ GLMapView.Renderer ]  beginPaint BEGIN
11-15 19:16:16.376 D/navngo  ( 4986): [ GLMapView.Renderer ]  makeCurrentGL
11-15 19:16:16.376 D/navngo  ( 4986): [ GLMapView.Renderer ]  makeCurrentGL: already current
11-15 19:16:16.376 D/navngo  ( 4986): [ NNG ]  OpenGL_SwapBuffers
11-15 19:16:16.376 D/navngo  ( 4986): [ GLMapView ]  unlockSurface: unlocking lock
11-15 19:16:16.436 D/navngo  ( 4986): [ NNG ]  OpenGL_LockSurface
11-15 19:16:16.436 D/navngo  ( 4986): [ GLMapView ]  lockSurface: locking mLock
11-15 19:16:16.436 D/navngo  ( 4986): [ NNG ]  OpenGL_PrepareBuffers
11-15 19:16:16.436 D/navngo  ( 4986): [ GLMapView ]  OpenGL_PrepareBuffers
11-15 19:16:16.436 D/navngo  ( 4986): [ GLMapView.Renderer ]  beginPaint BEGIN
11-15 19:16:16.436 D/navngo  ( 4986): [ GLMapView.Renderer ]  makeCurrentGL
11-15 19:16:16.436 D/navngo  ( 4986): [ GLMapView.Renderer ]  makeCurrentGL: already current
11-15 19:16:16.436 D/navngo  ( 4986): [ NNG ]  OpenGL_SwapBuffers
11-15 19:16:16.436 D/navngo  ( 4986): [ GLMapView ]  unlockSurface: unlocking lock
11-15 19:16:16.466 I/NMEA    ( 2373): $GNRMC,,V,,,,,,,,,,N*4D
11-15 19:16:16.466 D/navngo  ( 4986): [ ServerRunner ]  todo: DO_LOCCHANGED_GPS
11-15 19:16:16.466 D/navngo  ( 4986): [ engine ] jni_nng.cpp JNI_NNG_GpsNmea:496 can't read an nmea sentence (of 25 bytes), the read buffer of the source is full, dropping the sentence
11-15 19:16:16.466 I/NMEA    ( 2373): $GNVTG,,,,,,,,,N*2E
11-15 19:16:16.466 D/navngo  ( 4986): [ ServerRunner ]  todo: DO_LOCCHANGED_GPS
11-15 19:16:16.466 D/navngo  ( 4986): [ engine ] jni_nng.cpp JNI_NNG_GpsNmea:496 can't read an nmea sentence (of 21 bytes), the read buffer of the source is full, dropping the sentence
11-15 19:16:16.476 I/NMEA    ( 2373): $GNGGA,,,,,,0,00,99.99,,,,,,*56
11-15 19:16:16.476 D/navngo  ( 4986): [ ServerRunner ]  todo: DO_LOCCHANGED_GPS
11-15 19:16:16.476 D/navngo  ( 4986): [ engine ] jni_nng.cpp JNI_NNG_GpsNmea:496 can't read an nmea sentence (of 33 bytes), the read buffer of the source is full, dropping the sentence
11-15 19:16:16.476 I/NMEA    ( 2373): $GNGSA,A,1,,,,,,,,,,,,,99.99,99.99,99.99*2E
11-15 19:16:16.476 D/navngo  ( 4986): [ ServerRunner ]  todo: DO_LOCCHANGED_GPS
11-15 19:16:16.476 D/navngo  ( 4986): [ engine ] jni_nng.cpp JNI_NNG_GpsNmea:496 can't read an nmea sentence (of 45 bytes), the read buffer of the source is full, dropping the sentence
11-15 19:16:16.476 I/NMEA    ( 2373): $GNGSA,A,1,,,,,,,,,,,,,99.99,99.99,99.99*2E
11-15 19:16:16.476 D/navngo  ( 4986): [ ServerRunner ]  todo: DO_LOCCHANGED_GPS
11-15 19:16:16.476 D/navngo  ( 4986): [ engine ] jni_nng.cpp JNI_NNG_GpsNmea:496 can't read an nmea sentence (of 45 bytes), the read buffer of the source is full, dropping the sentence
11-15 19:16:16.476 I/NMEA    ( 2373): $GPGSV,1,1,00*79
11-15 19:16:16.476 D/navngo  ( 4986): [ ServerRunner ]  todo: DO_LOCCHANGED_GPS
11-15 19:16:16.476 D/navngo  ( 4986): [ engine ] jni_nng.cpp JNI_NNG_GpsNmea:496 can't read an nmea sentence (of 18 bytes), the read buffer of the source is full, dropping the sentence
11-15 19:16:16.476 I/NMEA    ( 2373): $GLGSV,1,1,00*65
11-15 19:16:16.476 D/navngo  ( 4986): [ ServerRunner ]  todo: DO_LOCCHANGED_GPS
11-15 19:16:16.476 D/navngo  ( 4986): [ engine ] jni_nng.cpp JNI_NNG_GpsNmea:496 can't read an nmea sentence (of 18 bytes), the read buffer of the source is full, dropping the sentence
11-15 19:16:16.486 I/NMEA    ( 2373): $GNGLL,,,,,,V,N*7A
11-15 19:16:16.486 D/navngo  ( 4986): [ ServerRunner ]  todo: DO_LOCCHANGED_GPS
11-15 19:16:16.486 D/navngo  ( 4986): [ engine ] jni_nng.cpp JNI_NNG_GpsNmea:496 can't read an nmea sentence (of 20 bytes), the read buffer of the source is full, dropping the sentence
11-15 19:16:16.486 I/NMEA    ( 2373): $GNGRS,,1,,,,,,,,,,,,*7E
11-15 19:16:16.486 D/navngo  ( 4986): [ ServerRunner ]  todo: DO_LOCCHANGED_GPS
11-15 19:16:16.486 D/navngo  ( 4986): [ engine ] jni_nng.cpp JNI_NNG_GpsNmea:496 can't read an nmea sentence (of 26 bytes), the read buffer of the source is full, dropping the sentence
11-15 19:16:16.486 I/NMEA    ( 2373): $GNGRS,,1,,,,,,,,,,,,*7E
11-15 19:16:16.486 D/navngo  ( 4986): [ ServerRunner ]  todo: DO_LOCCHANGED_GPS
11-15 19:16:16.486 D/navngo  ( 4986): [ engine ] jni_nng.cpp JNI_NNG_GpsNmea:496 can't read an nmea sentence (of 26 bytes), the read buffer of the source is full, dropping the sentence
11-15 19:16:16.486 I/NMEA    ( 2373): $GNGST,,0.0000,,,,118462,95730,80177*5E
11-15 19:16:16.486 D/navngo  ( 4986): [ ServerRunner ]  todo: DO_LOCCHANGED_GPS
11-15 19:16:16.486 D/navngo  ( 4986): [ engine ] jni_nng.cpp JNI_NNG_GpsNmea:496 can't read an nmea sentence (of 41 bytes), the read buffer of the source is full, dropping the sentence
11-15 19:16:16.486 I/NMEA    ( 2373): $GNTHS,,V*10
11-15 19:16:16.486 V/u-blox  ( 2307): ProcessEsfStatus: Current version is 2
11-15 19:16:16.486 V/u-blox  ( 2307): ProcessEsfStatus: p->initStatus1 >> 2: 0 sensor_ali_cal: 0
11-15 19:16:16.486 D/navngo  ( 4986): [ ServerRunner ]  todo: DO_LOCCHANGED_GPS
11-15 19:16:16.486 D/navngo  ( 4986): [ engine ] jni_nng.cpp JNI_NNG_GpsNmea:496 can't read an nmea sentence (of 14 bytes), the read buffer of the source is full, dropping the sentence
11-15 19:16:16.496 D/navngo  ( 4986): [ NNG ]  OpenGL_LockSurface
11-15 19:16:16.496 D/navngo  ( 4986): [ GLMapView ]  lockSurface: locking mLock
11-15 19:16:16.496 D/navngo  ( 4986): [ NNG ]  OpenGL_PrepareBuffers
11-15 19:16:16.496 D/navngo  ( 4986): [ GLMapView ]  OpenGL_PrepareBuffers
11-15 19:16:16.496 D/navngo  ( 4986): [ GLMapView.Renderer ]  beginPaint BEGIN
11-15 19:16:16.496 D/navngo  ( 4986): [ GLMapView.Renderer ]  makeCurrentGL
11-15 19:16:16.496 D/navngo  ( 4986): [ GLMapView.Renderer ]  makeCurrentGL: already current
11-15 19:16:16.496 D/navngo  ( 4986): [ NNG ]  OpenGL_SwapBuffers
11-15 19:16:16.496 D/navngo  ( 4986): [ GLMapView ]  unlockSurface: unlocking lock
11-15 19:16:16.526 D/navngo  ( 4986): [ AdasFunctors ]  sending ADASIS message skipped, AdasisService instance is null
11-15 19:16:16.556 D/navngo  ( 4986): [ NNG ]  OpenGL_LockSurface
11-15 19:16:16.556 D/navngo  ( 4986): [ GLMapView ]  lockSurface: locking mLock
11-15 19:16:16.556 D/navngo  ( 4986): [ NNG ]  OpenGL_PrepareBuffers
11-15 19:16:16.556 D/navngo  ( 4986): [ GLMapView ]  OpenGL_PrepareBuffers
11-15 19:16:16.556 D/navngo  ( 4986): [ GLMapView.Renderer ]  beginPaint BEGIN
11-15 19:16:16.556 D/navngo  ( 4986): [ GLMapView.Renderer ]  makeCurrentGL
11-15 19:16:16.556 D/navngo  ( 4986): [ GLMapView.Renderer ]  makeCurrentGL: already current
11-15 19:16:16.556 D/navngo  ( 4986): [ NNG ]  OpenGL_SwapBuffers
11-15 19:16:16.556 D/navngo  ( 4986): [ GLMapView ]  unlockSurface: unlocking lock
11-15 19:16:16.616 D/navngo  ( 4986): [ NNG ]  OpenGL_LockSurface
11-15 19:16:16.616 D/navngo  ( 4986): [ GLMapView ]  lockSurface: locking mLock
11-15 19:16:16.616 D/navngo  ( 4986): [ NNG ]  OpenGL_PrepareBuffers
11-15 19:16:16.616 D/navngo  ( 4986): [ GLMapView ]  OpenGL_PrepareBuffers
11-15 19:16:16.616 D/navngo  ( 4986): [ GLMapView.Renderer ]  beginPaint BEGIN
11-15 19:16:16.616 D/navngo  ( 4986): [ GLMapView.Renderer ]  makeCurrentGL
11-15 19:16:16.616 D/navngo  ( 4986): [ GLMapView.Renderer ]  makeCurrentGL: already current
11-15 19:16:16.616 D/navngo  ( 4986): [ NNG ]  OpenGL_SwapBuffers
11-15 19:16:16.616 D/navngo  ( 4986): [ GLMapView ]  unlockSurface: unlocking lock
11-15 19:16:16.636 E/usb_diagnosis( 8764): TCU device Not exist
11-15 19:16:16.636 V/usb_diagnosis( 8764): TCU device isn't attached to host controller
11-15 19:16:16.636 V/usb_diagnosis( 8764): Head Unit is device mode...
11-15 19:16:16.646 E/DiagService( 2373): DTC Status : [MCH OPEN] 0, [MCH COMM] 0, [MCH ELEC] 0, [TCU OPEN] 1, [TCU COMM] 1, [TCU ELEC] 0, [LVDS TIMEOUT] 1, [LVDS COMM] 0, [LVDS ELEC] 0, [RVC COMM] 0
11-15 19:16:16.676 D/navngo  ( 4986): [ NNG ]  OpenGL_LockSurface
11-15 19:16:16.676 D/navngo  ( 4986): [ GLMapView ]  lockSurface: locking mLock
11-15 19:16:16.676 D/navngo  ( 4986): [ NNG ]  OpenGL_PrepareBuffers
11-15 19:16:16.676 D/navngo  ( 4986): [ GLMapView ]  OpenGL_PrepareBuffers
11-15 19:16:16.676 D/navngo  ( 4986): [ GLMapView.Renderer ]  beginPaint BEGIN
11-15 19:16:16.676 D/navngo  ( 4986): [ GLMapView.Renderer ]  makeCurrentGL
11-15 19:16:16.676 D/navngo  ( 4986): [ GLMapView.Renderer ]  makeCurrentGL: already current
11-15 19:16:16.676 D/navngo  ( 4986): [ NNG ]  OpenGL_SwapBuffers
11-15 19:16:16.676 D/navngo  ( 4986): [ GLMapView ]  unlockSurface: unlocking lock
11-15 19:16:16.736 D/navngo  ( 4986): [ RadnavFunctors ]  GetTimeFromJava: Wed Nov 15 19:16:16 格林尼治标准时间+0800 2017
11-15 19:16:16.736 D/navngo  ( 4986): [ NNG ]  OpenGL_LockSurface
11-15 19:16:16.736 D/navngo  ( 4986): [ GLMapView ]  lockSurface: locking mLock
11-15 19:16:16.736 D/navngo  ( 4986): [ NNG ]  OpenGL_PrepareBuffers
11-15 19:16:16.736 D/navngo  ( 4986): [ GLMapView ]  OpenGL_PrepareBuffers
11-15 19:16:16.736 D/navngo  ( 4986): [ GLMapView.Renderer ]  beginPaint BEGIN
11-15 19:16:16.736 D/navngo  ( 4986): [ GLMapView.Renderer ]  makeCurrentGL
11-15 19:16:16.736 D/navngo  ( 4986): [ GLMapView.Renderer ]  makeCurrentGL: already current
11-15 19:16:16.736 D/navngo  ( 4986): [ NNG ]  OpenGL_SwapBuffers
11-15 19:16:16.736 D/navngo  ( 4986): [ GLMapView ]  unlockSurface: unlocking lock
11-15 19:16:16.796 D/navngo  ( 4986): [ NNG ]  OpenGL_LockSurface
11-15 19:16:16.796 D/navngo  ( 4986): [ GLMapView ]  lockSurface: locking mLock
11-15 19:16:16.796 D/navngo  ( 4986): [ NNG ]  OpenGL_PrepareBuffers
11-15 19:16:16.796 D/navngo  ( 4986): [ GLMapView ]  OpenGL_PrepareBuffers
11-15 19:16:16.796 D/navngo  ( 4986): [ GLMapView.Renderer ]  beginPaint BEGIN
11-15 19:16:16.796 D/navngo  ( 4986): [ GLMapView.Renderer ]  makeCurrentGL
11-15 19:16:16.796 D/navngo  ( 4986): [ GLMapView.Renderer ]  makeCurrentGL: already current
11-15 19:16:16.796 D/navngo  ( 4986): [ NNG ]  OpenGL_SwapBuffers
11-15 19:16:16.796 D/navngo  ( 4986): [ GLMapView ]  unlockSurface: unlocking lock
11-15 19:16:16.826 D/navngo  ( 4986): [ traffic ] flow.cpp on_t_exp_check_timer:1387 t_exp_check timer t=1510744576
11-15 19:16:16.856 D/navngo  ( 4986): [ NNG ]  OpenGL_LockSurface
11-15 19:16:16.856 D/navngo  ( 4986): [ GLMapView ]  lockSurface: locking mLock
11-15 19:16:16.856 D/navngo  ( 4986): [ NNG ]  OpenGL_PrepareBuffers
11-15 19:16:16.856 D/navngo  ( 4986): [ GLMapView ]  OpenGL_PrepareBuffers
11-15 19:16:16.856 D/navngo  ( 4986): [ GLMapView.Renderer ]  beginPaint BEGIN
11-15 19:16:16.856 D/navngo  ( 4986): [ GLMapView.Renderer ]  makeCurrentGL
11-15 19:16:16.856 D/navngo  ( 4986): [ GLMapView.Renderer ]  makeCurrentGL: already current
11-15 19:16:16.856 D/navngo  ( 4986): [ NNG ]  OpenGL_SwapBuffers
11-15 19:16:16.856 D/navngo  ( 4986): [ GLMapView ]  unlockSurface: unlocking lock
11-15 19:16:16.916 D/navngo  ( 4986): [ NNG ]  OpenGL_LockSurface
11-15 19:16:16.916 D/navngo  ( 4986): [ GLMapView ]  lockSurface: locking mLock
11-15 19:16:16.916 D/navngo  ( 4986): [ NNG ]  OpenGL_PrepareBuffers
11-15 19:16:16.916 D/navngo  ( 4986): [ GLMapView ]  OpenGL_PrepareBuffers
11-15 19:16:16.916 D/navngo  ( 4986): [ GLMapView.Renderer ]  beginPaint BEGIN
11-15 19:16:16.916 D/navngo  ( 4986): [ GLMapView.Renderer ]  makeCurrentGL
11-15 19:16:16.916 D/navngo  ( 4986): [ GLMapView.Renderer ]  makeCurrentGL: already current
11-15 19:16:16.916 D/navngo  ( 4986): [ NNG ]  OpenGL_SwapBuffers
11-15 19:16:16.916 D/navngo  ( 4986): [ GLMapView ]  unlockSurface: unlocking lock
11-15 19:16:16.966 D/navngo  ( 4986): [ ServerRunner ]  todo: DO_LOCCHANGED_GPS
11-15 19:16:16.966 D/navngo  ( 4986): [ engine ] jni_nng.cpp JNI_NNG_GpsNmea:496 can't read an nmea sentence (of 25 bytes), the read buffer of the source is full, dropping the sentence
11-15 19:16:16.966 D/navngo  ( 4986): [ ServerRunner ]  todo: DO_LOCCHANGED_GPS
11-15 19:16:16.966 D/navngo  ( 4986): [ engine ] jni_nng.cpp JNI_NNG_GpsNmea:496 can't read an nmea sentence (of 21 bytes), the read buffer of the source is full, dropping the sentence
11-15 19:16:16.976 D/navngo  ( 4986): [ ServerRunner ]  todo: DO_LOCCHANGED_GPS
11-15 19:16:16.976 D/navngo  ( 4986): [ engine ] jni_nng.cpp JNI_NNG_GpsNmea:496 can't read an nmea sentence (of 33 bytes), the read buffer of the source is full, dropping the sentence
11-15 19:16:16.976 D/navngo  ( 4986): [ NNG ]  OpenGL_LockSurface
11-15 19:16:16.976 D/navngo  ( 4986): [ GLMapView ]  lockSurface: locking mLock
11-15 19:16:16.976 D/navngo  ( 4986): [ NNG ]  OpenGL_PrepareBuffers
11-15 19:16:16.976 D/navngo  ( 4986): [ GLMapView ]  OpenGL_PrepareBuffers
11-15 19:16:16.976 D/navngo  ( 4986): [ GLMapView.Renderer ]  beginPaint BEGIN
11-15 19:16:16.976 D/navngo  ( 4986): [ GLMapView.Renderer ]  makeCurrentGL
11-15 19:16:16.976 D/navngo  ( 4986): [ GLMapView.Renderer ]  makeCurrentGL: already current
11-15 19:16:16.976 D/navngo  ( 4986): [ ServerRunner ]  todo: DO_LOCCHANGED_GPS
11-15 19:16:16.976 D/navngo  ( 4986): [ engine ] jni_nng.cpp JNI_NNG_GpsNmea:496 can't read an nmea sentence (of 45 bytes), the read buffer of the source is full, dropping the sentence
11-15 19:16:16.976 D/navngo  ( 4986): [ NNG ]  OpenGL_SwapBuffers
11-15 19:16:16.986 D/navngo  ( 4986): [ ServerRunner ]  todo: DO_LOCCHANGED_GPS
11-15 19:16:16.986 D/navngo  ( 4986): [ engine ] jni_nng.cpp JNI_NNG_GpsNmea:496 can't read an nmea sentence (of 45 bytes), the read buffer of the source is full, dropping the sentence
11-15 19:16:16.986 D/navngo  ( 4986): [ GLMapView ]  unlockSurface: unlocking lock
11-15 19:16:16.986 D/navngo  ( 4986): [ ServerRunner ]  todo: DO_LOCCHANGED_GPS
11-15 19:16:16.986 D/navngo  ( 4986): [ engine ] jni_nng.cpp JNI_NNG_GpsNmea:496 can't read an nmea sentence (of 18 bytes), the read buffer of the source is full, dropping the sentence
11-15 19:16:16.986 D/navngo  ( 4986): [ ServerRunner ]  todo: DO_LOCCHANGED_GPS
11-15 19:16:16.986 D/navngo  ( 4986): [ engine ] jni_nng.cpp JNI_NNG_GpsNmea:496 can't read an nmea sentence (of 18 bytes), the read buffer of the source is full, dropping the sentence
11-15 19:16:16.986 D/navngo  ( 4986): [ ServerRunner ]  todo: DO_LOCCHANGED_GPS
11-15 19:16:16.986 D/navngo  ( 4986): [ engine ] jni_nng.cpp JNI_NNG_GpsNmea:496 can't read an nmea sentence (of 20 bytes), the read buffer of the source is full, dropping the sentence
11-15 19:16:16.986 D/navngo  ( 4986): [ ServerRunner ]  todo: DO_LOCCHANGED_GPS
11-15 19:16:16.986 D/navngo  ( 4986): [ engine ] jni_nng.cpp JNI_NNG_GpsNmea:496 can't read an nmea sentence (of 26 bytes), the read buffer of the source is full, dropping the sentence
11-15 19:16:16.986 D/navngo  ( 4986): [ ServerRunner ]  todo: DO_LOCCHANGED_GPS
11-15 19:16:16.986 D/navngo  ( 4986): [ engine ] jni_nng.cpp JNI_NNG_GpsNmea:496 can't read an nmea sentence (of 26 bytes), the read buffer of the source is full, dropping the sentence
11-15 19:16:16.986 D/navngo  ( 4986): [ ServerRunner ]  todo: DO_LOCCHANGED_GPS
11-15 19:16:16.986 D/navngo  ( 4986): [ engine ] jni_nng.cpp JNI_NNG_GpsNmea:496 can't read an nmea sentence (of 41 bytes), the read buffer of the source is full, dropping the sentence
11-15 19:16:16.996 V/u-blox  ( 2307): ProcessEsfStatus: Current version is 2
11-15 19:16:16.996 D/navngo  ( 4986): [ ServerRunner ]  todo: DO_LOCCHANGED_GPS
11-15 19:16:16.996 D/navngo  ( 4986): [ engine ] jni_nng.cpp JNI_NNG_GpsNmea:496 can't read an nmea sentence (of 14 bytes), the read buffer of the source is full, dropping the sentence
11-15 19:16:16.996 V/u-blox  ( 2307): ProcessEsfStatus: p->initStatus1 >> 2: 0 sensor_ali_cal: 0
11-15 19:16:17.036 D/navngo  ( 4986): [ NNG ]  OpenGL_LockSurface
11-15 19:16:17.036 D/navngo  ( 4986): [ GLMapView ]  lockSurface: locking mLock
11-15 19:16:17.036 D/navngo  ( 4986): [ NNG ]  OpenGL_PrepareBuffers
11-15 19:16:17.036 D/navngo  ( 4986): [ GLMapView ]  OpenGL_PrepareBuffers
11-15 19:16:17.036 D/navngo  ( 4986): [ GLMapView.Renderer ]  beginPaint BEGIN
11-15 19:16:17.036 D/navngo  ( 4986): [ GLMapView.Renderer ]  makeCurrentGL
11-15 19:16:17.036 D/navngo  ( 4986): [ GLMapView.Renderer ]  makeCurrentGL: already current
11-15 19:16:17.036 D/navngo  ( 4986): [ NNG ]  OpenGL_SwapBuffers
11-15 19:16:17.036 D/navngo  ( 4986): [ GLMapView ]  unlockSurface: unlocking lock
11-15 19:16:17.096 D/navngo  ( 4986): [ strapon ] strapon_imp.cpp FinalizeLogLine:5543 UpdateFromGPS(958969305,256257984,t 1021,h 353.8,s 80.0064,e 0,ts 5942513,a 0) seg 69075016 at 1891cm dir 1, 114.318060,30.548337:350.596 dist 114cm (r) prec 15 rel 1
11-15 19:16:17.106 D/navngo  ( 4986): [ timezone ] tzinfo.cpp GetZoneID:191 No tzinfo information for khb
11-15 19:16:17.106 D/navngo  ( 4986): [ timezone ] tzinfo.cpp GetZoneID:191 No tzinfo information for khb
11-15 19:16:17.106 D/navngo  ( 4986): [ adasis ] adasis_horizon_provider.cpp SendPosition:785 SendPosition offset 121 speed 175 heading 255 confidence 5
11-15 19:16:17.106 D/navngo  ( 4986): [ AdasFunctors ]  sending ADASIS message skipped, AdasisService instance is null
11-15 19:16:17.116 D/navngo  ( 4986): [ timezone ] tzinfo.cpp GetZoneID:191 No tzinfo information for kgd
11-15 19:16:17.116 D/navngo  ( 4986): [ timezone ] tzinfo.cpp GetZoneID:191 No tzinfo information for kgd
11-15 19:16:17.116 D/navngo  ( 4986): [ EngineHelper ]  feedback
11-15 19:16:17.116 D/navngo  ( 4986): [ MMResultInfoService ]  feedback
11-15 19:16:17.116 I/u-blox  ( 2307): CUdsServer::recvPath: socket connected fd=208
11-15 19:16:17.116 V/u-blox  ( 2307): CUdsServer::recvPath: Receiving data (36)
11-15 19:16:17.116 V/u-blox  ( 2307): handleUdsInput: Received something over UDS! 36 B5 62 0B 05
11-15 19:16:17.116 V/u-blox  ( 2307): handleUdsInput: Looks like MM feedback data!
11-15 19:16:17.116 V/u-blox  ( 2307): nng_mapMatchingFeedback: Reecieved NNG MM data. Size: 36
11-15 19:16:17.116 V/u-blox  ( 2307): nng_mapMatchingFeedback: MM data macthcing expected size
11-15 19:16:17.116 V/u-blox  ( 2307): nng_mapMatchingFeedback: Poll PVT data: iTow=5944500, fixType=0, hAcc=152320160, flags2=6
11-15 19:16:17.116 D/navngo  ( 4986): [ iws ] speedcam_alert_item.cpp EvaluateWarn:227 passed speedcam: -20m AlertItem.SeraialNo=1481
11-15 19:16:17.116 D/navngo  ( 4986): [ iws ] speedcam_alert_item.cpp EvaluateWarn:227 passed speedcam: -20m AlertItem.SeraialNo=1480
11-15 19:16:17.116 D/navngo  ( 4986): [ ui_common ] androidgo_ui.cpp CallMethod:93 FFUI, received remote call: 'android.adas.set_speedcam_display' !
11-15 19:16:17.116 D/navngo  ( 4986): [ AdasFunctors ]  setSpeedcamDisplayRequest()
11-15 19:16:17.116 D/navngo  ( 4986): [ iws ] iws_manager.cpp SendToChannel:585 IWS_MANAGER::SendToChannel
11-15 19:16:17.116 D/navngo  ( 4986): [ iws ] sound_alert_channel.cpp AddItem:86 Added a AlertItem to SOUND_ALERT_CHANNEL. aItem. SerialNo=1482
11-15 19:16:17.116 D/navngo  ( 4986): [ RadnavVehicleSpeedDriver ]  RadnavChina speed value=-1
11-15 19:16:17.116 D/navngo  ( 4986): [ RadnavVehicleSpeedDriver ]  RadnavChina speed value=-1
11-15 19:16:17.116 D/navngo  ( 4986): [ NNG ]  OpenGL_LockSurface
11-15 19:16:17.116 D/navngo  ( 4986): [ GLMapView ]  lockSurface: locking mLock
11-15 19:16:17.116 D/navngo  ( 4986): [ NNG ]  OpenGL_PrepareBuffers
11-15 19:16:17.116 D/navngo  ( 4986): [ GLMapView ]  OpenGL_PrepareBuffers
11-15 19:16:17.116 D/navngo  ( 4986): [ GLMapView.Renderer ]  beginPaint BEGIN
11-15 19:16:17.116 D/navngo  ( 4986): [ GLMapView.Renderer ]  makeCurrentGL
11-15 19:16:17.116 D/navngo  ( 4986): [ GLMapView.Renderer ]  makeCurrentGL: already current
11-15 19:16:17.126 D/navngo  ( 4986): [ NNG ]  OpenGL_SwapBuffers
11-15 19:16:17.126 D/navngo  ( 4986): [ GLMapView ]  unlockSurface: unlocking lock
11-15 19:16:17.156 D/navngo  ( 4986): [ NNG ]  OpenGL_LockSurface
11-15 19:16:17.156 D/navngo  ( 4986): [ GLMapView ]  lockSurface: locking mLock
11-15 19:16:17.156 D/navngo  ( 4986): [ NNG ]  OpenGL_PrepareBuffers
11-15 19:16:17.156 D/navngo  ( 4986): [ GLMapView ]  OpenGL_PrepareBuffers
11-15 19:16:17.156 D/navngo  ( 4986): [ GLMapView.Renderer ]  beginPaint BEGIN
11-15 19:16:17.156 D/navngo  ( 4986): [ GLMapView.Renderer ]  makeCurrentGL
11-15 19:16:17.156 D/navngo  ( 4986): [ GLMapView.Renderer ]  makeCurrentGL: already current
11-15 19:16:17.156 D/navngo  ( 4986): [ NNG ]  OpenGL_SwapBuffers
11-15 19:16:17.156 D/navngo  ( 4986): [ GLMapView ]  unlockSurface: unlocking lock
11-15 19:16:17.216 D/navngo  ( 4986): [ NNG ]  OpenGL_LockSurface
11-15 19:16:17.216 D/navngo  ( 4986): [ GLMapView ]  lockSurface: locking mLock
11-15 19:16:17.216 D/navngo  ( 4986): [ NNG ]  OpenGL_PrepareBuffers
11-15 19:16:17.216 D/navngo  ( 4986): [ GLMapView ]  OpenGL_PrepareBuffers
11-15 19:16:17.216 D/navngo  ( 4986): [ GLMapView.Renderer ]  beginPaint BEGIN
11-15 19:16:17.216 D/navngo  ( 4986): [ GLMapView.Renderer ]  makeCurrentGL
11-15 19:16:17.216 D/navngo  ( 4986): [ GLMapView.Renderer ]  makeCurrentGL: already current
11-15 19:16:17.216 D/navngo  ( 4986): [ NNG ]  OpenGL_SwapBuffers
11-15 19:16:17.216 D/navngo  ( 4986): [ GLMapView ]  unlockSurface: unlocking lock
11-15 19:16:17.276 D/navngo  ( 4986): [ NNG ]  OpenGL_LockSurface
11-15 19:16:17.276 D/navngo  ( 4986): [ GLMapView ]  lockSurface: locking mLock
11-15 19:16:17.276 D/navngo  ( 4986): [ NNG ]  OpenGL_PrepareBuffers
11-15 19:16:17.276 D/navngo  ( 4986): [ GLMapView ]  OpenGL_PrepareBuffers
11-15 19:16:17.276 D/navngo  ( 4986): [ GLMapView.Renderer ]  beginPaint BEGIN
11-15 19:16:17.276 D/navngo  ( 4986): [ GLMapView.Renderer ]  makeCurrentGL
11-15 19:16:17.276 D/navngo  ( 4986): [ GLMapView.Renderer ]  makeCurrentGL: already current
11-15 19:16:17.276 D/navngo  ( 4986): [ NNG ]  OpenGL_SwapBuffers
11-15 19:16:17.276 D/navngo  ( 4986): [ GLMapView ]  unlockSurface: unlocking lock
11-15 19:16:17.336 D/navngo  ( 4986): [ NNG ]  OpenGL_LockSurface
11-15 19:16:17.336 D/navngo  ( 4986): [ GLMapView ]  lockSurface: locking mLock
11-15 19:16:17.336 D/navngo  ( 4986): [ NNG ]  OpenGL_PrepareBuffers
11-15 19:16:17.336 D/navngo  ( 4986): [ GLMapView ]  OpenGL_PrepareBuffers
11-15 19:16:17.336 D/navngo  ( 4986): [ GLMapView.Renderer ]  beginPaint BEGIN
11-15 19:16:17.336 D/navngo  ( 4986): [ GLMapView.Renderer ]  makeCurrentGL
11-15 19:16:17.336 D/navngo  ( 4986): [ GLMapView.Renderer ]  makeCurrentGL: already current
11-15 19:16:17.336 D/navngo  ( 4986): [ NNG ]  OpenGL_SwapBuffers
11-15 19:16:17.336 D/navngo  ( 4986): [ GLMapView ]  unlockSurface: unlocking lock
11-15 19:16:17.396 D/navngo  ( 4986): [ NNG ]  OpenGL_LockSurface
11-15 19:16:17.396 D/navngo  ( 4986): [ GLMapView ]  lockSurface: locking mLock
11-15 19:16:17.396 D/navngo  ( 4986): [ NNG ]  OpenGL_PrepareBuffers
11-15 19:16:17.396 D/navngo  ( 4986): [ GLMapView ]  OpenGL_PrepareBuffers
11-15 19:16:17.396 D/navngo  ( 4986): [ GLMapView.Renderer ]  beginPaint BEGIN
11-15 19:16:17.396 D/navngo  ( 4986): [ GLMapView.Renderer ]  makeCurrentGL
11-15 19:16:17.396 D/navngo  ( 4986): [ GLMapView.Renderer ]  makeCurrentGL: already current
11-15 19:16:17.396 D/navngo  ( 4986): [ NNG ]  OpenGL_SwapBuffers
11-15 19:16:17.396 D/navngo  ( 4986): [ GLMapView ]  unlockSurface: unlocking lock
11-15 19:16:17.446 D/navngo  ( 4986): [ radnav_message_handler ] message_handler.cpp ComposeTurnInfo:711 ComposeTurnInfo: TurnInfo composed: DirIcon: 24, FailureMode: 8, Unit: 0, DistanceString: "400 米"
11-15 19:16:17.446 D/NaviManagerService( 2373): [ManoeuvreData] downgradedManoeuvreID = 8
11-15 19:16:17.446 D/NaviManagerService( 2373): [ManoeuvreData] distanceUnit = 0
11-15 19:16:17.446 D/NaviManagerService( 2373): [ManoeuvreData] manoeuvreInfoAvailableFlag = 1
11-15 19:16:17.446 D/NaviManagerService( 2373): [ManoeuvreData] distanceToManoeuvre[0] = 0
11-15 19:16:17.446 D/NaviManagerService( 2373): [ManoeuvreData] distanceToManoeuvre[1] = 0
11-15 19:16:17.446 D/NaviManagerService( 2373): [ManoeuvreData] distanceToManoeuvre[2] = 52
11-15 19:16:17.446 D/NaviManagerService( 2373): [ManoeuvreData] distanceToManoeuvre[3] = 48
11-15 19:16:17.446 D/NaviManagerService( 2373): [ManoeuvreData] distanceToManoeuvre[4] = 48
11-15 19:16:17.446 D/NaviManagerService( 2373): [ManoeuvreData] regularManoeuvreID = 24
11-15 19:16:17.446 D/NaviManagerService( 2373): [ManoeuvreData] after setting m_RoadNavigation
11-15 19:16:17.446 D/NaviManagerService( 2373): [ManoeuvreData] distanceData[0] = 13360
11-15 19:16:17.446 D/NaviManagerService( 2373): [ManoeuvreData] distanceData[1] = 48
11-15 19:16:17.446 D/NaviManagerService( 2373): [ManoeuvreData] sbCluster = [TBT] IconNo. : 24 FailureModeNo. : 8 Dis_NextAction = 00524848 Unit : 0 NextTurn :1
11-15 19:16:17.446 D/SPCXViewer2.0( 5358): [SPCXReceiver] onReceive: com.lge.ivi.NaviManagerService
11-15 19:16:17.446 D/SPCXViewer2.0( 5358): [SPCXReceiver] ACTION_TBT_NAVIMANAGERSERVICE
11-15 19:16:17.446 D/SPCXViewer2.0( 5358): [SPCXReceiver] IconNo: 24
11-15 19:16:17.446 D/SPCXViewer2.0( 5358): [SPCXReceiver] FailureModeNo: 0
11-15 19:16:17.446 D/SPCXViewer2.0( 5358): [SPCXReceiver] Dis_NextAction[0]: 0
11-15 19:16:17.446 D/SPCXViewer2.0( 5358): [SPCXReceiver] Dis_NextAction[1]: 0
11-15 19:16:17.446 D/SPCXViewer2.0( 5358): [SPCXReceiver] Dis_NextAction[2]: 52
11-15 19:16:17.446 D/SPCXViewer2.0( 5358): [SPCXReceiver] Dis_NextAction[3]: 48
