11-15 19:16:12.976 D/navngo  ( 4986): [ engine ] jni_nng.cpp JNI_NNG_GpsNmea:496 can't read an nmea sentence (of 45 bytes), the read buffer of the source is full, dropping the sentence
11-15 19:16:12.976 D/navngo  ( 4986): [ ServerRunner ]  todo: DO_LOCCHANGED_GPS
11-15 19:16:12.976 D/navngo  ( 4986): [ engine ] jni_nng.cpp JNI_NNG_GpsNmea:496 can't read an nmea sentence (of 18 bytes), the read buffer of the source is full, dropping the sentence
11-15 19:16:12.976 D/navngo  ( 4986): [ ServerRunner ]  todo: DO_LOCCHANGED_GPS
11-15 19:16:12.976 D/navngo  ( 4986): [ engine ] jni_nng.cpp JNI_NNG_GpsNmea:496 can't read an nmea sentence (of 18 bytes), the read buffer of the source is full, dropping the sentence
11-15 19:16:12.976 D/navngo  ( 4986): [ ServerRunner ]  todo: DO_LOCCHANGED_GPS
11-15 19:16:12.976 D/navngo  ( 4986): [ engine ] jni_nng.cpp JNI_NNG_GpsNmea:496 can't read an nmea sentence (of 20 bytes), the read buffer of the source is full, dropping the sentence
11-15 19:16:12.986 D/navngo  ( 4986): [ ServerRunner ]  todo: DO_LOCCHANGED_GPS
11-15 19:16:12.986 D/navngo  ( 4986): [ engine ] jni_nng.cpp JNI_NNG_GpsNmea:496 can't read an nmea sentence (of 26 bytes), the read buffer of the source is full, dropping the sentence
11-15 19:16:12.986 D/navngo  ( 4986): [ ServerRunner ]  todo: DO_LOCCHANGED_GPS
11-15 19:16:12.986 D/navngo  ( 4986): [ engine ] jni_nng.cpp JNI_NNG_GpsNmea:496 can't read an nmea sentence (of 26 bytes), the read buffer of the source is full, dropping the sentence
11-15 19:16:12.986 D/navngo  ( 4986): [ ServerRunner ]  todo: DO_LOCCHANGED_GPS
11-15 19:16:12.986 D/navngo  ( 4986): [ engine ] jni_nng.cpp JNI_NNG_GpsNmea:496 can't read an nmea sentence (of 41 bytes), the read buffer of the source is full, dropping the sentence
11-15 19:16:12.986 D/navngo  ( 4986): [ ServerRunner ]  todo: DO_LOCCHANGED_GPS
11-15 19:16:12.986 D/navngo  ( 4986): [ engine ] jni_nng.cpp JNI_NNG_GpsNmea:496 can't read an nmea sentence (of 14 bytes), the read buffer of the source is full, dropping the sentence
11-15 19:16:12.986 V/u-blox  ( 2307): ProcessEsfStatus: Current version is 2
11-15 19:16:12.986 V/u-blox  ( 2307): ProcessEsfStatus: p->initStatus1 >> 2: 0 sensor_ali_cal: 0
11-15 19:16:13.016 D/navngo  ( 4986): [ NNG ]  OpenGL_LockSurface
11-15 19:16:13.016 D/navngo  ( 4986): [ GLMapView ]  lockSurface: locking mLock
11-15 19:16:13.016 D/navngo  ( 4986): [ NNG ]  OpenGL_PrepareBuffers
11-15 19:16:13.016 D/navngo  ( 4986): [ GLMapView ]  OpenGL_PrepareBuffers
11-15 19:16:13.016 D/navngo  ( 4986): [ GLMapView.Renderer ]  beginPaint BEGIN
11-15 19:16:13.016 D/navngo  ( 4986): [ GLMapView.Renderer ]  makeCurrentGL
11-15 19:16:13.016 D/navngo  ( 4986): [ GLMapView.Renderer ]  makeCurrentGL: already current
11-15 19:16:13.016 D/navngo  ( 4986): [ NNG ]  OpenGL_SwapBuffers
11-15 19:16:13.016 D/navngo  ( 4986): [ GLMapView ]  unlockSurface: unlocking lock
11-15 19:16:13.076 D/navngo  ( 4986): [ strapon ] strapon_imp.cpp FinalizeLogLine:5543 UpdateFromGPS(958970454,256251358,t 892,h 350.2,s 80.0064,e 0,ts 5938493,a 0) seg 69075019 at 3309cm dir 1, 114.318195,30.547540:352.969 dist 86cm (r) prec 15 rel 1
11-15 19:16:13.076 D/navngo  ( 4986): [ timezone ] tzinfo.cpp GetZoneID:191 No tzinfo information for khb
11-15 19:16:13.086 D/navngo  ( 4986): [ timezone ] tzinfo.cpp GetZoneID:191 No tzinfo information for khb
11-15 19:16:13.086 D/navngo  ( 4986): [ timezone ] tzinfo.cpp GetZoneID:191 No tzinfo information for khb
11-15 19:16:13.086 D/navngo  ( 4986): [ adasis ] adasis_horizon_provider.cpp SendPosition:785 SendPosition offset 33 speed 175 heading 255 confidence 2
11-15 19:16:13.086 D/navngo  ( 4986): [ AdasFunctors ]  sending ADASIS message skipped, AdasisService instance is null
11-15 19:16:13.086 D/navngo  ( 4986): [ timezone ] tzinfo.cpp GetZoneID:191 No tzinfo information for kgd
11-15 19:16:13.086 D/navngo  ( 4986): [ timezone ] tzinfo.cpp GetZoneID:191 No tzinfo information for kgd
11-15 19:16:13.086 D/navngo  ( 4986): [ EngineHelper ]  feedback
11-15 19:16:13.086 D/navngo  ( 4986): [ MMResultInfoService ]  feedback
11-15 19:16:13.086 I/u-blox  ( 2307): CUdsServer::recvPath: socket connected fd=208
11-15 19:16:13.086 V/u-blox  ( 2307): CUdsServer::recvPath: Receiving data (36)
11-15 19:16:13.086 V/u-blox  ( 2307): handleUdsInput: Received something over UDS! 36 B5 62 0B 05
11-15 19:16:13.086 V/u-blox  ( 2307): handleUdsInput: Looks like MM feedback data!
11-15 19:16:13.086 V/u-blox  ( 2307): nng_mapMatchingFeedback: Reecieved NNG MM data. Size: 36
11-15 19:16:13.086 V/u-blox  ( 2307): nng_mapMatchingFeedback: MM data macthcing expected size
11-15 19:16:13.086 V/u-blox  ( 2307): nng_mapMatchingFeedback: Poll PVT data: iTow=5940500, fixType=0, hAcc=152217152, flags2=6
11-15 19:16:13.086 D/navngo  ( 4986): [ ui_common ] androidgo_ui.cpp CallMethod:93 FFUI, received remote call: 'android.adas.set_speedcam_display' !
11-15 19:16:13.086 D/navngo  ( 4986): [ AdasFunctors ]  setSpeedcamDisplayRequest()
11-15 19:16:13.086 D/navngo  ( 4986): [ RadnavVehicleSpeedDriver ]  RadnavChina speed value=-1
11-15 19:16:13.086 D/navngo  ( 4986): [ RadnavVehicleSpeedDriver ]  RadnavChina speed value=-1
11-15 19:16:13.086 D/navngo  ( 4986): [ NNG ]  OpenGL_LockSurface
11-15 19:16:13.086 D/navngo  ( 4986): [ GLMapView ]  lockSurface: locking mLock
11-15 19:16:13.086 D/navngo  ( 4986): [ NNG ]  OpenGL_PrepareBuffers
11-15 19:16:13.086 D/navngo  ( 4986): [ GLMapView ]  OpenGL_PrepareBuffers
11-15 19:16:13.096 D/navngo  ( 4986): [ GLMapView.Renderer ]  beginPaint BEGIN
11-15 19:16:13.096 D/navngo  ( 4986): [ GLMapView.Renderer ]  makeCurrentGL
11-15 19:16:13.096 D/navngo  ( 4986): [ GLMapView.Renderer ]  makeCurrentGL: already current
11-15 19:16:13.096 D/navngo  ( 4986): [ NNG ]  OpenGL_SwapBuffers
11-15 19:16:13.096 D/navngo  ( 4986): [ GLMapView ]  unlockSurface: unlocking lock
11-15 19:16:13.136 D/navngo  ( 4986): [ NNG ]  OpenGL_LockSurface
11-15 19:16:13.136 D/navngo  ( 4986): [ GLMapView ]  lockSurface: locking mLock
11-15 19:16:13.136 D/navngo  ( 4986): [ NNG ]  OpenGL_PrepareBuffers
11-15 19:16:13.136 D/navngo  ( 4986): [ GLMapView ]  OpenGL_PrepareBuffers
11-15 19:16:13.136 D/navngo  ( 4986): [ GLMapView.Renderer ]  beginPaint BEGIN
11-15 19:16:13.136 D/navngo  ( 4986): [ GLMapView.Renderer ]  makeCurrentGL
11-15 19:16:13.136 D/navngo  ( 4986): [ GLMapView.Renderer ]  makeCurrentGL: already current
11-15 19:16:13.136 D/navngo  ( 4986): [ NNG ]  OpenGL_SwapBuffers
11-15 19:16:13.136 D/navngo  ( 4986): [ GLMapView ]  unlockSurface: unlocking lock
11-15 19:16:13.196 D/navngo  ( 4986): [ NNG ]  OpenGL_LockSurface
11-15 19:16:13.196 D/navngo  ( 4986): [ GLMapView ]  lockSurface: locking mLock
11-15 19:16:13.196 D/navngo  ( 4986): [ NNG ]  OpenGL_PrepareBuffers
11-15 19:16:13.196 D/navngo  ( 4986): [ GLMapView ]  OpenGL_PrepareBuffers
11-15 19:16:13.196 D/navngo  ( 4986): [ GLMapView.Renderer ]  beginPaint BEGIN
11-15 19:16:13.196 D/navngo  ( 4986): [ GLMapView.Renderer ]  makeCurrentGL
11-15 19:16:13.196 D/navngo  ( 4986): [ GLMapView.Renderer ]  makeCurrentGL: already current
11-15 19:16:13.196 D/navngo  ( 4986): [ NNG ]  OpenGL_SwapBuffers
11-15 19:16:13.196 D/navngo  ( 4986): [ GLMapView ]  unlockSurface: unlocking lock
11-15 19:16:13.256 D/navngo  ( 4986): [ NNG ]  OpenGL_LockSurface
11-15 19:16:13.256 D/navngo  ( 4986): [ GLMapView ]  lockSurface: locking mLock
11-15 19:16:13.256 D/navngo  ( 4986): [ NNG ]  OpenGL_PrepareBuffers
11-15 19:16:13.256 D/navngo  ( 4986): [ GLMapView ]  OpenGL_PrepareBuffers
11-15 19:16:13.256 D/navngo  ( 4986): [ GLMapView.Renderer ]  beginPaint BEGIN
11-15 19:16:13.256 D/navngo  ( 4986): [ GLMapView.Renderer ]  makeCurrentGL
11-15 19:16:13.256 D/navngo  ( 4986): [ GLMapView.Renderer ]  makeCurrentGL: already current
11-15 19:16:13.256 D/navngo  ( 4986): [ NNG ]  OpenGL_SwapBuffers
11-15 19:16:13.256 D/navngo  ( 4986): [ GLMapView ]  unlockSurface: unlocking lock
11-15 19:16:13.316 D/navngo  ( 4986): [ NNG ]  OpenGL_LockSurface
11-15 19:16:13.316 D/navngo  ( 4986): [ GLMapView ]  lockSurface: locking mLock
11-15 19:16:13.316 D/navngo  ( 4986): [ NNG ]  OpenGL_PrepareBuffers
11-15 19:16:13.316 D/navngo  ( 4986): [ GLMapView ]  OpenGL_PrepareBuffers
11-15 19:16:13.316 D/navngo  ( 4986): [ GLMapView.Renderer ]  beginPaint BEGIN
11-15 19:16:13.316 D/navngo  ( 4986): [ GLMapView.Renderer ]  makeCurrentGL
11-15 19:16:13.316 D/navngo  ( 4986): [ GLMapView.Renderer ]  makeCurrentGL: already current
11-15 19:16:13.316 D/navngo  ( 4986): [ NNG ]  OpenGL_SwapBuffers
11-15 19:16:13.316 D/navngo  ( 4986): [ GLMapView ]  unlockSurface: unlocking lock
11-15 19:16:13.376 D/navngo  ( 4986): [ NNG ]  OpenGL_LockSurface
11-15 19:16:13.376 D/navngo  ( 4986): [ GLMapView ]  lockSurface: locking mLock
11-15 19:16:13.376 D/navngo  ( 4986): [ NNG ]  OpenGL_PrepareBuffers
11-15 19:16:13.376 D/navngo  ( 4986): [ GLMapView ]  OpenGL_PrepareBuffers
11-15 19:16:13.376 D/navngo  ( 4986): [ GLMapView.Renderer ]  beginPaint BEGIN
11-15 19:16:13.376 D/navngo  ( 4986): [ GLMapView.Renderer ]  makeCurrentGL
11-15 19:16:13.376 D/navngo  ( 4986): [ GLMapView.Renderer ]  makeCurrentGL: already current
11-15 19:16:13.376 D/navngo  ( 4986): [ NNG ]  OpenGL_SwapBuffers
11-15 19:16:13.386 D/navngo  ( 4986): [ GLMapView ]  unlockSurface: unlocking lock
11-15 19:16:13.436 D/navngo  ( 4986): [ NNG ]  OpenGL_LockSurface
11-15 19:16:13.436 D/navngo  ( 4986): [ GLMapView ]  lockSurface: locking mLock
11-15 19:16:13.436 D/navngo  ( 4986): [ NNG ]  OpenGL_PrepareBuffers
11-15 19:16:13.436 D/navngo  ( 4986): [ GLMapView ]  OpenGL_PrepareBuffers
11-15 19:16:13.436 D/navngo  ( 4986): [ GLMapView.Renderer ]  beginPaint BEGIN
11-15 19:16:13.436 D/navngo  ( 4986): [ GLMapView.Renderer ]  makeCurrentGL
11-15 19:16:13.436 D/navngo  ( 4986): [ GLMapView.Renderer ]  makeCurrentGL: already current
11-15 19:16:13.436 D/navngo  ( 4986): [ NNG ]  OpenGL_SwapBuffers
11-15 19:16:13.436 D/navngo  ( 4986): [ GLMapView ]  unlockSurface: unlocking lock
11-15 19:16:13.466 D/navngo  ( 4986): [ ServerRunner ]  todo: DO_LOCCHANGED_GPS
11-15 19:16:13.466 D/navngo  ( 4986): [ engine ] jni_nng.cpp JNI_NNG_GpsNmea:496 can't read an nmea sentence (of 25 bytes), the read buffer of the source is full, dropping the sentence
11-15 19:16:13.466 D/navngo  ( 4986): [ ServerRunner ]  todo: DO_LOCCHANGED_GPS
11-15 19:16:13.466 D/navngo  ( 4986): [ engine ] jni_nng.cpp JNI_NNG_GpsNmea:496 can't read an nmea sentence (of 21 bytes), the read buffer of the source is full, dropping the sentence
11-15 19:16:13.466 D/navngo  ( 4986): [ ServerRunner ]  todo: DO_LOCCHANGED_GPS
11-15 19:16:13.466 D/navngo  ( 4986): [ engine ] jni_nng.cpp JNI_NNG_GpsNmea:496 can't read an nmea sentence (of 33 bytes), the read buffer of the source is full, dropping the sentence
11-15 19:16:13.476 D/navngo  ( 4986): [ ServerRunner ]  todo: DO_LOCCHANGED_GPS
11-15 19:16:13.476 D/navngo  ( 4986): [ engine ] jni_nng.cpp JNI_NNG_GpsNmea:496 can't read an nmea sentence (of 45 bytes), the read buffer of the source is full, dropping the sentence
11-15 19:16:13.476 D/navngo  ( 4986): [ ServerRunner ]  todo: DO_LOCCHANGED_GPS
11-15 19:16:13.476 D/navngo  ( 4986): [ engine ] jni_nng.cpp JNI_NNG_GpsNmea:496 can't read an nmea sentence (of 45 bytes), the read buffer of the source is full, dropping the sentence
11-15 19:16:13.476 D/navngo  ( 4986): [ ServerRunner ]  todo: DO_LOCCHANGED_GPS
11-15 19:16:13.476 D/navngo  ( 4986): [ engine ] jni_nng.cpp JNI_NNG_GpsNmea:496 can't read an nmea sentence (of 18 bytes), the read buffer of the source is full, dropping the sentence
11-15 19:16:13.476 D/navngo  ( 4986): [ ServerRunner ]  todo: DO_LOCCHANGED_GPS
11-15 19:16:13.476 D/navngo  ( 4986): [ engine ] jni_nng.cpp JNI_NNG_GpsNmea:496 can't read an nmea sentence (of 18 bytes), the read buffer of the source is full, dropping the sentence
11-15 19:16:13.476 D/navngo  ( 4986): [ ServerRunner ]  todo: DO_LOCCHANGED_GPS
11-15 19:16:13.476 D/navngo  ( 4986): [ engine ] jni_nng.cpp JNI_NNG_GpsNmea:496 can't read an nmea sentence (of 20 bytes), the read buffer of the source is full, dropping the sentence
11-15 19:16:13.476 D/navngo  ( 4986): [ ServerRunner ]  todo: DO_LOCCHANGED_GPS
11-15 19:16:13.476 D/navngo  ( 4986): [ engine ] jni_nng.cpp JNI_NNG_GpsNmea:496 can't read an nmea sentence (of 26 bytes), the read buffer of the source is full, dropping the sentence
11-15 19:16:13.486 D/navngo  ( 4986): [ ServerRunner ]  todo: DO_LOCCHANGED_GPS
11-15 19:16:13.486 D/navngo  ( 4986): [ engine ] jni_nng.cpp JNI_NNG_GpsNmea:496 can't read an nmea sentence (of 26 bytes), the read buffer of the source is full, dropping the sentence
11-15 19:16:13.486 D/navngo  ( 4986): [ ServerRunner ]  todo: DO_LOCCHANGED_GPS
11-15 19:16:13.486 D/navngo  ( 4986): [ engine ] jni_nng.cpp JNI_NNG_GpsNmea:496 can't read an nmea sentence (of 41 bytes), the read buffer of the source is full, dropping the sentence
11-15 19:16:13.486 V/u-blox  ( 2307): ProcessEsfStatus: Current version is 2
11-15 19:16:13.486 V/u-blox  ( 2307): ProcessEsfStatus: p->initStatus1 >> 2: 0 sensor_ali_cal: 0
11-15 19:16:13.486 D/navngo  ( 4986): [ ServerRunner ]  todo: DO_LOCCHANGED_GPS
11-15 19:16:13.486 D/navngo  ( 4986): [ engine ] jni_nng.cpp JNI_NNG_GpsNmea:496 can't read an nmea sentence (of 14 bytes), the read buffer of the source is full, dropping the sentence
11-15 19:16:13.496 D/navngo  ( 4986): [ NNG ]  OpenGL_LockSurface
11-15 19:16:13.496 D/navngo  ( 4986): [ GLMapView ]  lockSurface: locking mLock
11-15 19:16:13.496 D/navngo  ( 4986): [ NNG ]  OpenGL_PrepareBuffers
11-15 19:16:13.496 D/navngo  ( 4986): [ GLMapView ]  OpenGL_PrepareBuffers
11-15 19:16:13.496 D/navngo  ( 4986): [ GLMapView.Renderer ]  beginPaint BEGIN
11-15 19:16:13.496 D/navngo  ( 4986): [ GLMapView.Renderer ]  makeCurrentGL
11-15 19:16:13.496 D/navngo  ( 4986): [ GLMapView.Renderer ]  makeCurrentGL: already current
11-15 19:16:13.496 D/navngo  ( 4986): [ NNG ]  OpenGL_SwapBuffers
11-15 19:16:13.496 D/navngo  ( 4986): [ GLMapView ]  unlockSurface: unlocking lock
11-15 19:16:13.516 D/navngo  ( 4986): [ AdasFunctors ]  sending ADASIS message skipped, AdasisService instance is null
11-15 19:16:13.556 D/navngo  ( 4986): [ NNG ]  OpenGL_LockSurface
11-15 19:16:13.556 D/navngo  ( 4986): [ GLMapView ]  lockSurface: locking mLock
11-15 19:16:13.556 D/navngo  ( 4986): [ NNG ]  OpenGL_PrepareBuffers
11-15 19:16:13.556 D/navngo  ( 4986): [ GLMapView ]  OpenGL_PrepareBuffers
11-15 19:16:13.556 D/navngo  ( 4986): [ GLMapView.Renderer ]  beginPaint BEGIN
11-15 19:16:13.556 D/navngo  ( 4986): [ GLMapView.Renderer ]  makeCurrentGL
11-15 19:16:13.556 D/navngo  ( 4986): [ GLMapView.Renderer ]  makeCurrentGL: already current
11-15 19:16:13.556 D/navngo  ( 4986): [ NNG ]  OpenGL_SwapBuffers
11-15 19:16:13.556 D/navngo  ( 4986): [ GLMapView ]  unlockSurface: unlocking lock
11-15 19:16:13.616 D/navngo  ( 4986): [ NNG ]  OpenGL_LockSurface
11-15 19:16:13.616 D/navngo  ( 4986): [ GLMapView ]  lockSurface: locking mLock
11-15 19:16:13.616 D/navngo  ( 4986): [ NNG ]  OpenGL_PrepareBuffers
11-15 19:16:13.616 D/navngo  ( 4986): [ GLMapView ]  OpenGL_PrepareBuffers
11-15 19:16:13.616 D/navngo  ( 4986): [ GLMapView.Renderer ]  beginPaint BEGIN
11-15 19:16:13.616 D/navngo  ( 4986): [ GLMapView.Renderer ]  makeCurrentGL
11-15 19:16:13.616 D/navngo  ( 4986): [ GLMapView.Renderer ]  makeCurrentGL: already current
11-15 19:16:13.616 D/navngo  ( 4986): [ NNG ]  OpenGL_SwapBuffers
11-15 19:16:13.616 D/navngo  ( 4986): [ GLMapView ]  unlockSurface: unlocking lock
11-15 19:16:13.646 D/MicomLog( 2373): RADIO : c 0 0 0 0 0 0 2c 30 3 2a 0 5a a6 37
11-15 19:16:13.676 D/navngo  ( 4986): [ NNG ]  OpenGL_LockSurface
11-15 19:16:13.676 D/navngo  ( 4986): [ GLMapView ]  lockSurface: locking mLock
11-15 19:16:13.676 D/navngo  ( 4986): [ NNG ]  OpenGL_PrepareBuffers
11-15 19:16:13.676 D/navngo  ( 4986): [ GLMapView ]  OpenGL_PrepareBuffers
11-15 19:16:13.676 D/navngo  ( 4986): [ GLMapView.Renderer ]  beginPaint BEGIN
11-15 19:16:13.676 D/navngo  ( 4986): [ GLMapView.Renderer ]  makeCurrentGL
11-15 19:16:13.676 D/navngo  ( 4986): [ GLMapView.Renderer ]  makeCurrentGL: already current
11-15 19:16:13.676 D/navngo  ( 4986): [ NNG ]  OpenGL_SwapBuffers
11-15 19:16:13.676 D/navngo  ( 4986): [ GLMapView ]  unlockSurface: unlocking lock
11-15 19:16:13.736 D/navngo  ( 4986): [ RadnavFunctors ]  GetTimeFromJava: Wed Nov 15 19:16:13 格林尼治标准时间+0800 2017
11-15 19:16:13.736 D/navngo  ( 4986): [ NNG ]  OpenGL_LockSurface
11-15 19:16:13.736 D/navngo  ( 4986): [ GLMapView ]  lockSurface: locking mLock
11-15 19:16:13.736 D/navngo  ( 4986): [ NNG ]  OpenGL_PrepareBuffers
11-15 19:16:13.736 D/navngo  ( 4986): [ GLMapView ]  OpenGL_PrepareBuffers
11-15 19:16:13.736 D/navngo  ( 4986): [ GLMapView.Renderer ]  beginPaint BEGIN
11-15 19:16:13.736 D/navngo  ( 4986): [ GLMapView.Renderer ]  makeCurrentGL
11-15 19:16:13.736 D/navngo  ( 4986): [ GLMapView.Renderer ]  makeCurrentGL: already current
11-15 19:16:13.736 D/navngo  ( 4986): [ NNG ]  OpenGL_SwapBuffers
11-15 19:16:13.736 D/navngo  ( 4986): [ GLMapView ]  unlockSurface: unlocking lock
11-15 19:16:13.796 D/navngo  ( 4986): [ NNG ]  OpenGL_LockSurface
11-15 19:16:13.796 D/navngo  ( 4986): [ GLMapView ]  lockSurface: locking mLock
11-15 19:16:13.796 D/navngo  ( 4986): [ NNG ]  OpenGL_PrepareBuffers
11-15 19:16:13.796 D/navngo  ( 4986): [ GLMapView ]  OpenGL_PrepareBuffers
11-15 19:16:13.796 D/navngo  ( 4986): [ GLMapView.Renderer ]  beginPaint BEGIN
11-15 19:16:13.796 D/navngo  ( 4986): [ GLMapView.Renderer ]  makeCurrentGL
11-15 19:16:13.796 D/navngo  ( 4986): [ GLMapView.Renderer ]  makeCurrentGL: already current
11-15 19:16:13.796 D/navngo  ( 4986): [ NNG ]  OpenGL_SwapBuffers
11-15 19:16:13.796 D/navngo  ( 4986): [ GLMapView ]  unlockSurface: unlocking lock
11-15 19:16:13.856 D/navngo  ( 4986): [ NNG ]  OpenGL_LockSurface
11-15 19:16:13.856 D/navngo  ( 4986): [ GLMapView ]  lockSurface: locking mLock
11-15 19:16:13.856 D/navngo  ( 4986): [ NNG ]  OpenGL_PrepareBuffers
11-15 19:16:13.856 D/navngo  ( 4986): [ GLMapView ]  OpenGL_PrepareBuffers
11-15 19:16:13.856 D/navngo  ( 4986): [ GLMapView.Renderer ]  beginPaint BEGIN
11-15 19:16:13.856 D/navngo  ( 4986): [ GLMapView.Renderer ]  makeCurrentGL
11-15 19:16:13.856 D/navngo  ( 4986): [ GLMapView.Renderer ]  makeCurrentGL: already current
11-15 19:16:13.856 D/navngo  ( 4986): [ NNG ]  OpenGL_SwapBuffers
11-15 19:16:13.856 D/navngo  ( 4986): [ GLMapView ]  unlockSurface: unlocking lock
11-15 19:16:13.916 D/navngo  ( 4986): [ NNG ]  OpenGL_LockSurface
11-15 19:16:13.916 D/navngo  ( 4986): [ GLMapView ]  lockSurface: locking mLock
11-15 19:16:13.916 D/navngo  ( 4986): [ NNG ]  OpenGL_PrepareBuffers
11-15 19:16:13.916 D/navngo  ( 4986): [ GLMapView ]  OpenGL_PrepareBuffers
11-15 19:16:13.916 D/navngo  ( 4986): [ GLMapView.Renderer ]  beginPaint BEGIN
11-15 19:16:13.916 D/navngo  ( 4986): [ GLMapView.Renderer ]  makeCurrentGL
11-15 19:16:13.916 D/navngo  ( 4986): [ GLMapView.Renderer ]  makeCurrentGL: already current
11-15 19:16:13.916 D/navngo  ( 4986): [ NNG ]  OpenGL_SwapBuffers
11-15 19:16:13.916 D/navngo  ( 4986): [ GLMapView ]  unlockSurface: unlocking lock
11-15 19:16:13.966 I/NMEA    ( 2373): $GNRMC,,V,,,,,,,,,,N*4D
11-15 19:16:13.966 D/navngo  ( 4986): [ ServerRunner ]  todo: DO_LOCCHANGED_GPS
11-15 19:16:13.966 D/navngo  ( 4986): [ engine ] jni_nng.cpp JNI_NNG_GpsNmea:496 can't read an nmea sentence (of 25 bytes), the read buffer of the source is full, dropping the sentence
11-15 19:16:13.966 I/NMEA    ( 2373): $GNVTG,,,,,,,,,N*2E
11-15 19:16:13.966 D/navngo  ( 4986): [ ServerRunner ]  todo: DO_LOCCHANGED_GPS
11-15 19:16:13.966 D/navngo  ( 4986): [ engine ] jni_nng.cpp JNI_NNG_GpsNmea:496 can't read an nmea sentence (of 21 bytes), the read buffer of the source is full, dropping the sentence
11-15 19:16:13.976 I/NMEA    ( 2373): $GNGGA,,,,,,0,00,99.99,,,,,,*56
11-15 19:16:13.976 D/navngo  ( 4986): [ ServerRunner ]  todo: DO_LOCCHANGED_GPS
11-15 19:16:13.976 D/navngo  ( 4986): [ engine ] jni_nng.cpp JNI_NNG_GpsNmea:496 can't read an nmea sentence (of 33 bytes), the read buffer of the source is full, dropping the sentence
11-15 19:16:13.976 I/NMEA    ( 2373): $GNGSA,A,1,,,,,,,,,,,,,99.99,99.99,99.99*2E
11-15 19:16:13.976 D/navngo  ( 4986): [ NNG ]  OpenGL_LockSurface
11-15 19:16:13.976 D/navngo  ( 4986): [ GLMapView ]  lockSurface: locking mLock
11-15 19:16:13.976 D/navngo  ( 4986): [ NNG ]  OpenGL_PrepareBuffers
11-15 19:16:13.976 D/navngo  ( 4986): [ GLMapView ]  OpenGL_PrepareBuffers
11-15 19:16:13.976 D/navngo  ( 4986): [ GLMapView.Renderer ]  beginPaint BEGIN
11-15 19:16:13.976 D/navngo  ( 4986): [ GLMapView.Renderer ]  makeCurrentGL
11-15 19:16:13.976 D/navngo  ( 4986): [ GLMapView.Renderer ]  makeCurrentGL: already current
11-15 19:16:13.976 I/NMEA    ( 2373): $GNGSA,A,1,,,,,,,,,,,,,99.99,99.99,99.99*2E
11-15 19:16:13.976 D/navngo  ( 4986): [ ServerRunner ]  todo: DO_LOCCHANGED_GPS
11-15 19:16:13.976 D/navngo  ( 4986): [ engine ] jni_nng.cpp JNI_NNG_GpsNmea:496 can't read an nmea sentence (of 45 bytes), the read buffer of the source is full, dropping the sentence
11-15 19:16:13.976 I/NMEA    ( 2373): $GPGSV,1,1,00*79
11-15 19:16:13.976 D/navngo  ( 4986): [ ServerRunner ]  todo: DO_LOCCHANGED_GPS
11-15 19:16:13.976 D/navngo  ( 4986): [ engine ] jni_nng.cpp JNI_NNG_GpsNmea:496 can't read an nmea sentence (of 18 bytes), the read buffer of the source is full, dropping the sentence
11-15 19:16:13.986 I/NMEA    ( 2373): $GLGSV,1,1,00*65
11-15 19:16:13.986 D/navngo  ( 4986): [ ServerRunner ]  todo: DO_LOCCHANGED_GPS
11-15 19:16:13.986 D/navngo  ( 4986): [ engine ] jni_nng.cpp JNI_NNG_GpsNmea:496 can't read an nmea sentence (of 18 bytes), the read buffer of the source is full, dropping the sentence
11-15 19:16:13.986 I/NMEA    ( 2373): $GNGLL,,,,,,V,N*7A
11-15 19:16:13.986 D/navngo  ( 4986): [ ServerRunner ]  todo: DO_LOCCHANGED_GPS
11-15 19:16:13.986 D/navngo  ( 4986): [ engine ] jni_nng.cpp JNI_NNG_GpsNmea:496 can't read an nmea sentence (of 20 bytes), the read buffer of the source is full, dropping the sentence
11-15 19:16:13.986 I/NMEA    ( 2373): $GNGRS,,1,,,,,,,,,,,,*7E
11-15 19:16:13.986 D/navngo  ( 4986): [ ServerRunner ]  todo: DO_LOCCHANGED_GPS
11-15 19:16:13.986 D/navngo  ( 4986): [ engine ] jni_nng.cpp JNI_NNG_GpsNmea:496 can't read an nmea sentence (of 26 bytes), the read buffer of the source is full, dropping the sentence
11-15 19:16:13.986 I/NMEA    ( 2373): $GNGRS,,1,,,,,,,,,,,,*7E
11-15 19:16:13.986 D/navngo  ( 4986): [ ServerRunner ]  todo: DO_LOCCHANGED_GPS
11-15 19:16:13.986 D/navngo  ( 4986): [ engine ] jni_nng.cpp JNI_NNG_GpsNmea:496 can't read an nmea sentence (of 26 bytes), the read buffer of the source is full, dropping the sentence
11-15 19:16:13.986 D/navngo  ( 4986): [ NNG ]  OpenGL_SwapBuffers
11-15 19:16:13.986 I/NMEA    ( 2373): $GNGST,,0.0000,,,,118412,95690,80143*55
11-15 19:16:13.986 D/navngo  ( 4986): [ GLMapView ]  unlockSurface: unlocking lock
11-15 19:16:13.986 D/navngo  ( 4986): [ ServerRunner ]  todo: DO_LOCCHANGED_GPS
11-15 19:16:13.986 D/navngo  ( 4986): [ engine ] jni_nng.cpp JNI_NNG_GpsNmea:496 can't read an nmea sentence (of 41 bytes), the read buffer of the source is full, dropping the sentence
11-15 19:16:13.986 I/NMEA    ( 2373): $GNTHS,,V*10
11-15 19:16:13.996 V/u-blox  ( 2307): ProcessEsfStatus: Current version is 2
11-15 19:16:13.996 V/u-blox  ( 2307): ProcessEsfStatus: p->initStatus1 >> 2: 0 sensor_ali_cal: 0
11-15 19:16:13.996 D/navngo  ( 4986): [ ServerRunner ]  todo: DO_LOCCHANGED_GPS
11-15 19:16:13.996 D/navngo  ( 4986): [ engine ] jni_nng.cpp JNI_NNG_GpsNmea:496 can't read an nmea sentence (of 14 bytes), the read buffer of the source is full, dropping the sentence
11-15 19:16:14.036 D/navngo  ( 4986): [ NNG ]  OpenGL_LockSurface
11-15 19:16:14.036 D/navngo  ( 4986): [ GLMapView ]  lockSurface: locking mLock
11-15 19:16:14.036 D/navngo  ( 4986): [ NNG ]  OpenGL_PrepareBuffers
11-15 19:16:14.036 D/navngo  ( 4986): [ GLMapView ]  OpenGL_PrepareBuffers
11-15 19:16:14.036 D/navngo  ( 4986): [ GLMapView.Renderer ]  beginPaint BEGIN
11-15 19:16:14.036 D/navngo  ( 4986): [ GLMapView.Renderer ]  makeCurrentGL
11-15 19:16:14.036 D/navngo  ( 4986): [ GLMapView.Renderer ]  makeCurrentGL: already current
11-15 19:16:14.036 D/navngo  ( 4986): [ NNG ]  OpenGL_SwapBuffers
11-15 19:16:14.036 D/navngo  ( 4986): [ GLMapView ]  unlockSurface: unlocking lock
11-15 19:16:14.096 D/navngo  ( 4986): [ strapon ] strapon_imp.cpp FinalizeLogLine:5543 UpdateFromGPS(958970229,256253021,t 1020,h 351.6,s 80.0064,e 0,ts 5939513,a 0) seg 69075019 at 5579cm dir 1, 114.318166,30.547740:352.969 dist 62cm (r) prec 15 rel 1
11-15 19:16:14.096 D/navngo  ( 4986): [ timezone ] tzinfo.cpp GetZoneID:191 No tzinfo information for khb
11-15 19:16:14.096 D/navngo  ( 4986): [ timezone ] tzinfo.cpp GetZoneID:191 No tzinfo information for khb
11-15 19:16:14.096 D/navngo  ( 4986): [ adasis ] adasis_horizon_provider.cpp SendPosition:785 SendPosition offset 55 speed 175 heading 255 confidence 4
11-15 19:16:14.096 D/navngo  ( 4986): [ AdasFunctors ]  sending ADASIS message skipped, AdasisService instance is null
11-15 19:16:14.096 D/navngo  ( 4986): [ timezone ] tzinfo.cpp GetZoneID:191 No tzinfo information for kgd
11-15 19:16:14.106 D/navngo  ( 4986): [ timezone ] tzinfo.cpp GetZoneID:191 No tzinfo information for kgd
11-15 19:16:14.106 D/navngo  ( 4986): [ EngineHelper ]  feedback
11-15 19:16:14.106 D/navngo  ( 4986): [ MMResultInfoService ]  feedback
11-15 19:16:14.106 D/navngo  ( 4986): [ ui_common ] androidgo_ui.cpp CallMethod:93 FFUI, received remote call: 'android.adas.set_speedcam_display' !
11-15 19:16:14.106 I/u-blox  ( 2307): CUdsServer::recvPath: socket connected fd=208
11-15 19:16:14.106 V/u-blox  ( 2307): CUdsServer::recvPath: Receiving data (36)
11-15 19:16:14.106 V/u-blox  ( 2307): handleUdsInput: Received something over UDS! 36 B5 62 0B 05
11-15 19:16:14.106 V/u-blox  ( 2307): handleUdsInput: Looks like MM feedback data!
11-15 19:16:14.106 V/u-blox  ( 2307): nng_mapMatchingFeedback: Reecieved NNG MM data. Size: 36
11-15 19:16:14.106 V/u-blox  ( 2307): nng_mapMatchingFeedback: MM data macthcing expected size
11-15 19:16:14.106 V/u-blox  ( 2307): nng_mapMatchingFeedback: Poll PVT data: iTow=5941500, fixType=0, hAcc=152242912, flags2=6
11-15 19:16:14.106 D/navngo  ( 4986): [ AdasFunctors ]  setSpeedcamDisplayRequest()
11-15 19:16:14.106 D/navngo  ( 4986): [ RadnavVehicleSpeedDriver ]  RadnavChina speed value=-1
11-15 19:16:14.106 D/navngo  ( 4986): [ RadnavVehicleSpeedDriver ]  RadnavChina speed value=-1
11-15 19:16:14.106 D/navngo  ( 4986): [ NNG ]  OpenGL_LockSurface
11-15 19:16:14.106 D/navngo  ( 4986): [ GLMapView ]  lockSurface: locking mLock
11-15 19:16:14.106 D/navngo  ( 4986): [ NNG ]  OpenGL_PrepareBuffers
11-15 19:16:14.106 D/navngo  ( 4986): [ GLMapView ]  OpenGL_PrepareBuffers
11-15 19:16:14.106 D/navngo  ( 4986): [ GLMapView.Renderer ]  beginPaint BEGIN
11-15 19:16:14.106 D/navngo  ( 4986): [ GLMapView.Renderer ]  makeCurrentGL
11-15 19:16:14.106 D/navngo  ( 4986): [ GLMapView.Renderer ]  makeCurrentGL: already current
11-15 19:16:14.106 D/navngo  ( 4986): [ NNG ]  OpenGL_SwapBuffers
11-15 19:16:14.116 D/navngo  ( 4986): [ GLMapView ]  unlockSurface: unlocking lock
11-15 19:16:14.156 D/navngo  ( 4986): [ NNG ]  OpenGL_LockSurface
11-15 19:16:14.156 D/navngo  ( 4986): [ GLMapView ]  lockSurface: locking mLock
11-15 19:16:14.156 D/navngo  ( 4986): [ NNG ]  OpenGL_PrepareBuffers
11-15 19:16:14.156 D/navngo  ( 4986): [ GLMapView ]  OpenGL_PrepareBuffers
11-15 19:16:14.156 D/navngo  ( 4986): [ GLMapView.Renderer ]  beginPaint BEGIN
11-15 19:16:14.156 D/navngo  ( 4986): [ GLMapView.Renderer ]  makeCurrentGL
11-15 19:16:14.156 D/navngo  ( 4986): [ GLMapView.Renderer ]  makeCurrentGL: already current
11-15 19:16:14.156 D/navngo  ( 4986): [ NNG ]  OpenGL_SwapBuffers
11-15 19:16:14.156 D/navngo  ( 4986): [ GLMapView ]  unlockSurface: unlocking lock
11-15 19:16:14.216 D/navngo  ( 4986): [ NNG ]  OpenGL_LockSurface
11-15 19:16:14.216 D/navngo  ( 4986): [ GLMapView ]  lockSurface: locking mLock
11-15 19:16:14.216 D/navngo  ( 4986): [ NNG ]  OpenGL_PrepareBuffers
11-15 19:16:14.216 D/navngo  ( 4986): [ GLMapView ]  OpenGL_PrepareBuffers
11-15 19:16:14.216 D/navngo  ( 4986): [ GLMapView.Renderer ]  beginPaint BEGIN
11-15 19:16:14.216 D/navngo  ( 4986): [ GLMapView.Renderer ]  makeCurrentGL
11-15 19:16:14.216 D/navngo  ( 4986): [ GLMapView.Renderer ]  makeCurrentGL: already current
11-15 19:16:14.216 D/navngo  ( 4986): [ NNG ]  OpenGL_SwapBuffers
11-15 19:16:14.216 D/navngo  ( 4986): [ GLMapView ]  unlockSurface: unlocking lock
11-15 19:16:14.276 D/navngo  ( 4986): [ NNG ]  OpenGL_LockSurface
11-15 19:16:14.276 D/navngo  ( 4986): [ GLMapView ]  lockSurface: locking mLock
11-15 19:16:14.276 D/navngo  ( 4986): [ NNG ]  OpenGL_PrepareBuffers
11-15 19:16:14.276 D/navngo  ( 4986): [ GLMapView ]  OpenGL_PrepareBuffers
11-15 19:16:14.276 D/navngo  ( 4986): [ GLMapView.Renderer ]  beginPaint BEGIN
11-15 19:16:14.276 D/navngo  ( 4986): [ GLMapView.Renderer ]  makeCurrentGL
11-15 19:16:14.276 D/navngo  ( 4986): [ GLMapView.Renderer ]  makeCurrentGL: already current
11-15 19:16:14.276 D/navngo  ( 4986): [ NNG ]  OpenGL_SwapBuffers
11-15 19:16:14.276 D/navngo  ( 4986): [ GLMapView ]  unlockSurface: unlocking lock
11-15 19:16:14.336 D/navngo  ( 4986): [ NNG ]  OpenGL_LockSurface
11-15 19:16:14.336 D/navngo  ( 4986): [ GLMapView ]  lockSurface: locking mLock
11-15 19:16:14.336 D/navngo  ( 4986): [ NNG ]  OpenGL_PrepareBuffers
11-15 19:16:14.336 D/navngo  ( 4986): [ GLMapView ]  OpenGL_PrepareBuffers
11-15 19:16:14.336 D/navngo  ( 4986): [ GLMapView.Renderer ]  beginPaint BEGIN
11-15 19:16:14.336 D/navngo  ( 4986): [ GLMapView.Renderer ]  makeCurrentGL
11-15 19:16:14.336 D/navngo  ( 4986): [ GLMapView.Renderer ]  makeCurrentGL: already current
11-15 19:16:14.336 D/navngo  ( 4986): [ NNG ]  OpenGL_SwapBuffers
11-15 19:16:14.336 D/navngo  ( 4986): [ GLMapView ]  unlockSurface: unlocking lock
11-15 19:16:14.396 D/navngo  ( 4986): [ NNG ]  OpenGL_LockSurface
11-15 19:16:14.396 D/navngo  ( 4986): [ GLMapView ]  lockSurface: locking mLock
11-15 19:16:14.396 D/navngo  ( 4986): [ NNG ]  OpenGL_PrepareBuffers
11-15 19:16:14.396 D/navngo  ( 4986): [ GLMapView ]  OpenGL_PrepareBuffers
11-15 19:16:14.396 D/navngo  ( 4986): [ GLMapView.Renderer ]  beginPaint BEGIN
11-15 19:16:14.396 D/navngo  ( 4986): [ GLMapView.Renderer ]  makeCurrentGL
11-15 19:16:14.396 D/navngo  ( 4986): [ GLMapView.Renderer ]  makeCurrentGL: already current
11-15 19:16:14.406 D/navngo  ( 4986): [ NNG ]  OpenGL_SwapBuffers
11-15 19:16:14.406 D/navngo  ( 4986): [ GLMapView ]  unlockSurface: unlocking lock
11-15 19:16:14.426 E/usb_diagnosis( 8763): TCU device Not exist
11-15 19:16:14.426 V/usb_diagnosis( 8763): TCU device isn't attached to host controller
11-15 19:16:14.426 V/usb_diagnosis( 8763): Head Unit is device mode...
11-15 19:16:14.446 D/navngo  ( 4986): [ radnav_message_handler ] message_handler.cpp ComposeTurnInfo:711 ComposeTurnInfo: TurnInfo composed: DirIcon: 24, FailureMode: 8, Unit: 0, DistanceString: "450 米"
11-15 19:16:14.446 D/NaviManagerService( 2373): [ManoeuvreData] downgradedManoeuvreID = 8
11-15 19:16:14.446 D/NaviManagerService( 2373): [ManoeuvreData] distanceUnit = 0
11-15 19:16:14.446 D/NaviManagerService( 2373): [ManoeuvreData] manoeuvreInfoAvailableFlag = 1
11-15 19:16:14.446 D/NaviManagerService( 2373): [ManoeuvreData] distanceToManoeuvre[0] = 0
11-15 19:16:14.446 D/NaviManagerService( 2373): [ManoeuvreData] distanceToManoeuvre[1] = 0
11-15 19:16:14.446 D/NaviManagerService( 2373): [ManoeuvreData] distanceToManoeuvre[2] = 52
11-15 19:16:14.446 D/NaviManagerService( 2373): [ManoeuvreData] distanceToManoeuvre[3] = 53
11-15 19:16:14.446 D/NaviManagerService( 2373): [ManoeuvreData] distanceToManoeuvre[4] = 48
11-15 19:16:14.446 D/NaviManagerService( 2373): [ManoeuvreData] regularManoeuvreID = 24
11-15 19:16:14.446 D/NaviManagerService( 2373): [ManoeuvreData] after setting m_RoadNavigation
11-15 19:16:14.446 D/NaviManagerService( 2373): [ManoeuvreData] distanceData[0] = 13365
11-15 19:16:14.446 D/NaviManagerService( 2373): [ManoeuvreData] distanceData[1] = 48
11-15 19:16:14.446 D/NaviManagerService( 2373): [ManoeuvreData] sbCluster = [TBT] IconNo. : 24 FailureModeNo. : 8 Dis_NextAction = 00525348 Unit : 0 NextTurn :1
11-15 19:16:14.446 D/SPCXViewer2.0( 5358): [SPCXReceiver] onReceive: com.lge.ivi.NaviManagerService
11-15 19:16:14.446 D/SPCXViewer2.0( 5358): [SPCXReceiver] ACTION_TBT_NAVIMANAGERSERVICE
11-15 19:16:14.446 D/SPCXViewer2.0( 5358): [SPCXReceiver] IconNo: 24
11-15 19:16:14.446 D/SPCXViewer2.0( 5358): [SPCXReceiver] FailureModeNo: 0
11-15 19:16:14.446 D/SPCXViewer2.0( 5358): [SPCXReceiver] Dis_NextAction[0]: 0
11-15 19:16:14.446 D/SPCXViewer2.0( 5358): [SPCXReceiver] Dis_NextAction[1]: 0
11-15 19:16:14.446 D/SPCXViewer2.0( 5358): [SPCXReceiver] Dis_NextAction[2]: 52
11-15 19:16:14.446 D/SPCXViewer2.0( 5358): [SPCXReceiver] Dis_NextAction[3]: 53
11-15 19:16:14.446 D/SPCXViewer2.0( 5358): [SPCXReceiver] Dis_NextAction[4]: 48
11-15 19:16:14.446 D/SPCXViewer2.0( 5358): [SPCXReceiver] Unit: 0
11-15 19:16:14.446 D/SPCXViewer2.0( 5358): [SPCXReceiver] NextTurn: 1
11-15 19:16:14.446 D/SPCXViewer2.0( 5358): [SPCXReceiver] ActiveContext == null
11-15 19:16:14.446 E/DiagService( 2373): DTC Status : [MCH OPEN] 0, [MCH COMM] 0, [MCH ELEC] 0, [TCU OPEN] 1, [TCU COMM] 1, [TCU ELEC] 0, [LVDS TIMEOUT] 1, [LVDS COMM] 0, [LVDS ELEC] 0, [RVC COMM] 0
11-15 19:16:14.456 D/navngo  ( 4986): [ NNG ]  OpenGL_LockSurface
11-15 19:16:14.456 D/navngo  ( 4986): [ GLMapView ]  lockSurface: locking mLock
11-15 19:16:14.456 D/navngo  ( 4986): [ NNG ]  OpenGL_PrepareBuffers
11-15 19:16:14.456 D/navngo  ( 4986): [ GLMapView ]  OpenGL_PrepareBuffers
11-15 19:16:14.456 D/navngo  ( 4986): [ GLMapView.Renderer ]  beginPaint BEGIN
11-15 19:16:14.456 D/navngo  ( 4986): [ GLMapView.Renderer ]  makeCurrentGL
11-15 19:16:14.456 D/navngo  ( 4986): [ GLMapView.Renderer ]  makeCurrentGL: already current
11-15 19:16:14.456 D/navngo  ( 4986): [ NNG ]  OpenGL_SwapBuffers
11-15 19:16:14.456 D/navngo  ( 4986): [ GLMapView ]  unlockSurface: unlocking lock
11-15 19:16:14.466 D/navngo  ( 4986): [ ServerRunner ]  todo: DO_LOCCHANGED_GPS
11-15 19:16:14.466 D/navngo  ( 4986): [ engine ] jni_nng.cpp JNI_NNG_GpsNmea:496 can't read an nmea sentence (of 25 bytes), the read buffer of the source is full, dropping the sentence
11-15 19:16:14.476 D/navngo  ( 4986): [ ServerRunner ]  todo: DO_LOCCHANGED_GPS
11-15 19:16:14.476 D/navngo  ( 4986): [ engine ] jni_nng.cpp JNI_NNG_GpsNmea:496 can't read an nmea sentence (of 21 bytes), the read buffer of the source is full, dropping the sentence
11-15 19:16:14.476 D/navngo  ( 4986): [ ServerRunner ]  todo: DO_LOCCHANGED_GPS
11-15 19:16:14.476 D/navngo  ( 4986): [ engine ] jni_nng.cpp JNI_NNG_GpsNmea:496 can't read an nmea sentence (of 33 bytes), the read buffer of the source is full, dropping the sentence
11-15 19:16:14.476 D/navngo  ( 4986): [ ServerRunner ]  todo: DO_LOCCHANGED_GPS
11-15 19:16:14.476 D/navngo  ( 4986): [ engine ] jni_nng.cpp JNI_NNG_GpsNmea:496 can't read an nmea sentence (of 45 bytes), the read buffer of the source is full, dropping the sentence
11-15 19:16:14.476 D/navngo  ( 4986): [ ServerRunner ]  todo: DO_LOCCHANGED_GPS
11-15 19:16:14.476 D/navngo  ( 4986): [ engine ] jni_nng.cpp JNI_NNG_GpsNmea:496 can't read an nmea sentence (of 45 bytes), the read buffer of the source is full, dropping the sentence
11-15 19:16:14.476 D/navngo  ( 4986): [ ServerRunner ]  todo: DO_LOCCHANGED_GPS
11-15 19:16:14.476 D/navngo  ( 4986): [ engine ] jni_nng.cpp JNI_NNG_GpsNmea:496 can't read an nmea sentence (of 18 bytes), the read buffer of the source is full, dropping the sentence
11-15 19:16:14.476 D/navngo  ( 4986): [ ServerRunner ]  todo: DO_LOCCHANGED_GPS
11-15 19:16:14.476 D/navngo  ( 4986): [ engine ] jni_nng.cpp JNI_NNG_GpsNmea:496 can't read an nmea sentence (of 18 bytes), the read buffer of the source is full, dropping the sentence
11-15 19:16:14.486 D/navngo  ( 4986): [ ServerRunner ]  todo: DO_LOCCHANGED_GPS
11-15 19:16:14.486 D/navngo  ( 4986): [ engine ] jni_nng.cpp JNI_NNG_GpsNmea:496 can't read an nmea sentence (of 20 bytes), the read buffer of the source is full, dropping the sentence
11-15 19:16:14.486 D/navngo  ( 4986): [ ServerRunner ]  todo: DO_LOCCHANGED_GPS
11-15 19:16:14.486 D/navngo  ( 4986): [ engine ] jni_nng.cpp JNI_NNG_GpsNmea:496 can't read an nmea sentence (of 26 bytes), the read buffer of the source is full, dropping the sentence
11-15 19:16:14.486 D/navngo  ( 4986): [ ServerRunner ]  todo: DO_LOCCHANGED_GPS
11-15 19:16:14.486 D/navngo  ( 4986): [ engine ] jni_nng.cpp JNI_NNG_GpsNmea:496 can't read an nmea sentence (of 26 bytes), the read buffer of the source is full, dropping the sentence
11-15 19:16:14.486 D/navngo  ( 4986): [ ServerRunner ]  todo: DO_LOCCHANGED_GPS
11-15 19:16:14.486 D/navngo  ( 4986): [ engine ] jni_nng.cpp JNI_NNG_GpsNmea:496 can't read an nmea sentence (of 41 bytes), the read buffer of the source is full, dropping the sentence
11-15 19:16:14.486 V/u-blox  ( 2307): ProcessEsfStatus: Current version is 2
11-15 19:16:14.486 V/u-blox  ( 2307): ProcessEsfStatus: p->initStatus1 >> 2: 0 sensor_ali_cal: 0
11-15 19:16:14.486 D/navngo  ( 4986): [ ServerRunner ]  todo: DO_LOCCHANGED_GPS
11-15 19:16:14.486 D/navngo  ( 4986): [ engine ] jni_nng.cpp JNI_NNG_GpsNmea:496 can't read an nmea sentence (of 14 bytes), the read buffer of the source is full, dropping the sentence
11-15 19:16:14.516 D/navngo  ( 4986): [ NNG ]  OpenGL_LockSurface
11-15 19:16:14.516 D/navngo  ( 4986): [ GLMapView ]  lockSurface: locking mLock
11-15 19:16:14.516 D/navngo  ( 4986): [ NNG ]  OpenGL_PrepareBuffers
11-15 19:16:14.516 D/navngo  ( 4986): [ GLMapView ]  OpenGL_PrepareBuffers
11-15 19:16:14.516 D/navngo  ( 4986): [ GLMapView.Renderer ]  beginPaint BEGIN
11-15 19:16:14.516 D/navngo  ( 4986): [ GLMapView.Renderer ]  makeCurrentGL
11-15 19:16:14.516 D/navngo  ( 4986): [ GLMapView.Renderer ]  makeCurrentGL: already current
11-15 19:16:14.516 D/navngo  ( 4986): [ NNG ]  OpenGL_SwapBuffers
11-15 19:16:14.516 D/navngo  ( 4986): [ GLMapView ]  unlockSurface: unlocking lock
11-15 19:16:14.526 D/navngo  ( 4986): [ AdasFunctors ]  sending ADASIS message skipped, AdasisService instance is null
11-15 19:16:14.576 D/navngo  ( 4986): [ NNG ]  OpenGL_LockSurface
11-15 19:16:14.576 D/navngo  ( 4986): [ GLMapView ]  lockSurface: locking mLock
11-15 19:16:14.576 D/navngo  ( 4986): [ NNG ]  OpenGL_PrepareBuffers
11-15 19:16:14.576 D/navngo  ( 4986): [ GLMapView ]  OpenGL_PrepareBuffers
11-15 19:16:14.576 D/navngo  ( 4986): [ GLMapView.Renderer ]  beginPaint BEGIN
11-15 19:16:14.576 D/navngo  ( 4986): [ GLMapView.Renderer ]  makeCurrentGL
11-15 19:16:14.576 D/navngo  ( 4986): [ GLMapView.Renderer ]  makeCurrentGL: already current
11-15 19:16:14.576 D/navngo  ( 4986): [ NNG ]  OpenGL_SwapBuffers
11-15 19:16:14.576 D/navngo  ( 4986): [ GLMapView ]  unlockSurface: unlocking lock
11-15 19:16:14.636 D/navngo  ( 4986): [ NNG ]  OpenGL_LockSurface
11-15 19:16:14.636 D/navngo  ( 4986): [ GLMapView ]  lockSurface: locking mLock
11-15 19:16:14.636 D/navngo  ( 4986): [ NNG ]  OpenGL_PrepareBuffers
11-15 19:16:14.636 D/navngo  ( 4986): [ GLMapView ]  OpenGL_PrepareBuffers
11-15 19:16:14.636 D/navngo  ( 4986): [ GLMapView.Renderer ]  beginPaint BEGIN
11-15 19:16:14.636 D/navngo  ( 4986): [ GLMapView.Renderer ]  makeCurrentGL
11-15 19:16:14.636 D/navngo  ( 4986): [ GLMapView.Renderer ]  makeCurrentGL: already current
11-15 19:16:14.636 D/navngo  ( 4986): [ NNG ]  OpenGL_SwapBuffers
11-15 19:16:14.636 D/navngo  ( 4986): [ GLMapView ]  unlockSurface: unlocking lock
11-15 19:16:14.696 D/navngo  ( 4986): [ NNG ]  OpenGL_LockSurface
11-15 19:16:14.696 D/navngo  ( 4986): [ GLMapView ]  lockSurface: locking mLock
11-15 19:16:14.696 D/navngo  ( 4986): [ NNG ]  OpenGL_PrepareBuffers
11-15 19:16:14.696 D/navngo  ( 4986): [ GLMapView ]  OpenGL_PrepareBuffers
11-15 19:16:14.696 D/navngo  ( 4986): [ GLMapView.Renderer ]  beginPaint BEGIN
11-15 19:16:14.696 D/navngo  ( 4986): [ GLMapView.Renderer ]  makeCurrentGL
11-15 19:16:14.696 D/navngo  ( 4986): [ GLMapView.Renderer ]  makeCurrentGL: already current
11-15 19:16:14.696 D/navngo  ( 4986): [ NNG ]  OpenGL_SwapBuffers
11-15 19:16:14.696 D/navngo  ( 4986): [ GLMapView ]  unlockSurface: unlocking lock
11-15 19:16:14.736 D/navngo  ( 4986): [ RadnavFunctors ]  GetTimeFromJava: Wed Nov 15 19:16:14 格林尼治标准时间+0800 2017
11-15 19:16:14.756 D/navngo  ( 4986): [ NNG ]  OpenGL_LockSurface
11-15 19:16:14.756 D/navngo  ( 4986): [ GLMapView ]  lockSurface: locking mLock
11-15 19:16:14.756 D/navngo  ( 4986): [ NNG ]  OpenGL_PrepareBuffers
11-15 19:16:14.756 D/navngo  ( 4986): [ GLMapView ]  OpenGL_PrepareBuffers
11-15 19:16:14.756 D/navngo  ( 4986): [ GLMapView.Renderer ]  beginPaint BEGIN
11-15 19:16:14.756 D/navngo  ( 4986): [ GLMapView.Renderer ]  makeCurrentGL
11-15 19:16:14.756 D/navngo  ( 4986): [ GLMapView.Renderer ]  makeCurrentGL: already current
11-15 19:16:14.756 D/navngo  ( 4986): [ NNG ]  OpenGL_SwapBuffers
11-15 19:16:14.756 D/navngo  ( 4986): [ GLMapView ]  unlockSurface: unlocking lock
11-15 19:16:14.816 D/navngo  ( 4986): [ NNG ]  OpenGL_LockSurface
11-15 19:16:14.816 D/navngo  ( 4986): [ GLMapView ]  lockSurface: locking mLock
11-15 19:16:14.816 D/navngo  ( 4986): [ NNG ]  OpenGL_PrepareBuffers
11-15 19:16:14.816 D/navngo  ( 4986): [ GLMapView ]  OpenGL_PrepareBuffers
11-15 19:16:14.816 D/navngo  ( 4986): [ GLMapView.Renderer ]  beginPaint BEGIN
11-15 19:16:14.816 D/navngo  ( 4986): [ GLMapView.Renderer ]  makeCurrentGL
11-15 19:16:14.816 D/navngo  ( 4986): [ GLMapView.Renderer ]  makeCurrentGL: already current
11-15 19:16:14.816 D/navngo  ( 4986): [ NNG ]  OpenGL_SwapBuffers
11-15 19:16:14.816 D/navngo  ( 4986): [ GLMapView ]  unlockSurface: unlocking lock
11-15 19:16:14.876 D/navngo  ( 4986): [ NNG ]  OpenGL_LockSurface
11-15 19:16:14.876 D/navngo  ( 4986): [ GLMapView ]  lockSurface: locking mLock
11-15 19:16:14.876 D/navngo  ( 4986): [ NNG ]  OpenGL_PrepareBuffers
11-15 19:16:14.876 D/navngo  ( 4986): [ GLMapView ]  OpenGL_PrepareBuffers
11-15 19:16:14.876 D/navngo  ( 4986): [ GLMapView.Renderer ]  beginPaint BEGIN
11-15 19:16:14.876 D/navngo  ( 4986): [ GLMapView.Renderer ]  makeCurrentGL
11-15 19:16:14.876 D/navngo  ( 4986): [ GLMapView.Renderer ]  makeCurrentGL: already current
11-15 19:16:14.876 D/navngo  ( 4986): [ NNG ]  OpenGL_SwapBuffers
11-15 19:16:14.876 D/navngo  ( 4986): [ GLMapView ]  unlockSurface: unlocking lock
11-15 19:16:14.936 D/navngo  ( 4986): [ NNG ]  OpenGL_LockSurface
11-15 19:16:14.936 D/navngo  ( 4986): [ GLMapView ]  lockSurface: locking mLock
11-15 19:16:14.936 D/navngo  ( 4986): [ NNG ]  OpenGL_PrepareBuffers
11-15 19:16:14.936 D/navngo  ( 4986): [ GLMapView ]  OpenGL_PrepareBuffers
11-15 19:16:14.936 D/navngo  ( 4986): [ GLMapView.Renderer ]  beginPaint BEGIN
11-15 19:16:14.936 D/navngo  ( 4986): [ GLMapView.Renderer ]  makeCurrentGL
11-15 19:16:14.936 D/navngo  ( 4986): [ GLMapView.Renderer ]  makeCurrentGL: already current
11-15 19:16:14.936 D/navngo  ( 4986): [ NNG ]  OpenGL_SwapBuffers
11-15 19:16:14.936 D/navngo  ( 4986): [ GLMapView ]  unlockSurface: unlocking lock
11-15 19:16:14.966 D/navngo  ( 4986): [ ServerRunner ]  todo: DO_LOCCHANGED_GPS
11-15 19:16:14.966 D/navngo  ( 4986): [ engine ] jni_nng.cpp JNI_NNG_GpsNmea:496 can't read an nmea sentence (of 25 bytes), the read buffer of the source is full, dropping the sentence
11-15 19:16:14.966 D/navngo  ( 4986): [ ServerRunner ]  todo: DO_LOCCHANGED_GPS
11-15 19:16:14.966 D/navngo  ( 4986): [ engine ] jni_nng.cpp JNI_NNG_GpsNmea:496 can't read an nmea sentence (of 21 bytes), the read buffer of the source is full, dropping the sentence
11-15 19:16:14.976 D/navngo  ( 4986): [ ServerRunner ]  todo: DO_LOCCHANGED_GPS
11-15 19:16:14.976 D/navngo  ( 4986): [ engine ] jni_nng.cpp JNI_NNG_GpsNmea:496 can't read an nmea sentence (of 33 bytes), the read buffer of the source is full, dropping the sentence
11-15 19:16:14.976 D/navngo  ( 4986): [ ServerRunner ]  todo: DO_LOCCHANGED_GPS
11-15 19:16:14.976 D/navngo  ( 4986): [ engine ] jni_nng.cpp JNI_NNG_GpsNmea:496 can't read an nmea sentence (of 45 bytes), the read buffer of the source is full, dropping the sentence
11-15 19:16:14.976 D/navngo  ( 4986): [ ServerRunner ]  todo: DO_LOCCHANGED_GPS
11-15 19:16:14.976 D/navngo  ( 4986): [ engine ] jni_nng.cpp JNI_NNG_GpsNmea:496 can't read an nmea sentence (of 45 bytes), the read buffer of the source is full, dropping the sentence
11-15 19:16:14.976 D/navngo  ( 4986): [ ServerRunner ]  todo: DO_LOCCHANGED_GPS
11-15 19:16:14.976 D/navngo  ( 4986): [ engine ] jni_nng.cpp JNI_NNG_GpsNmea:496 can't read an nmea sentence (of 18 bytes), the read buffer of the source is full, dropping the sentence
11-15 19:16:14.976 D/navngo  ( 4986): [ ServerRunner ]  todo: DO_LOCCHANGED_GPS
11-15 19:16:14.976 D/navngo  ( 4986): [ engine ] jni_nng.cpp JNI_NNG_GpsNmea:496 can't read an nmea sentence (of 18 bytes), the read buffer of the source is full, dropping the sentence
11-15 19:16:14.976 D/navngo  ( 4986): [ ServerRunner ]  todo: DO_LOCCHANGED_GPS
11-15 19:16:14.976 D/navngo  ( 4986): [ engine ] jni_nng.cpp JNI_NNG_GpsNmea:496 can't read an nmea sentence (of 20 bytes), the read buffer of the source is full, dropping the sentence
11-15 19:16:14.976 D/navngo  ( 4986): [ ServerRunner ]  todo: DO_LOCCHANGED_GPS
11-15 19:16:14.976 D/navngo  ( 4986): [ engine ] jni_nng.cpp JNI_NNG_GpsNmea:496 can't read an nmea sentence (of 26 bytes), the read buffer of the source is full, dropping the sentence
11-15 19:16:14.976 D/navngo  ( 4986): [ ServerRunner ]  todo: DO_LOCCHANGED_GPS
11-15 19:16:14.976 D/navngo  ( 4986): [ engine ] jni_nng.cpp JNI_NNG_GpsNmea:496 can't read an nmea sentence (of 26 bytes), the read buffer of the source is full, dropping the sentence
11-15 19:16:14.986 D/navngo  ( 4986): [ ServerRunner ]  todo: DO_LOCCHANGED_GPS
11-15 19:16:14.986 D/navngo  ( 4986): [ engine ] jni_nng.cpp JNI_NNG_GpsNmea:496 can't read an nmea sentence (of 41 bytes), the read buffer of the source is full, dropping the sentence
11-15 19:16:14.986 D/navngo  ( 4986): [ ServerRunner ]  todo: DO_LOCCHANGED_GPS
11-15 19:16:14.986 D/navngo  ( 4986): [ engine ] jni_nng.cpp JNI_NNG_GpsNmea:496 can't read an nmea sentence (of 14 bytes), the read buffer of the source is full, dropping the sentence
11-15 19:16:14.986 V/u-blox  ( 2307): ProcessEsfStatus: Current version is 2
11-15 19:16:14.986 V/u-blox  ( 2307): ProcessEsfStatus: p->initStatus1 >> 2: 0 sensor_ali_cal: 0
11-15 19:16:14.996 D/navngo  ( 4986): [ NNG ]  OpenGL_LockSurface
11-15 19:16:14.996 D/navngo  ( 4986): [ GLMapView ]  lockSurface: locking mLock
11-15 19:16:14.996 D/navngo  ( 4986): [ NNG ]  OpenGL_PrepareBuffers
11-15 19:16:14.996 D/navngo  ( 4986): [ GLMapView ]  OpenGL_PrepareBuffers
11-15 19:16:14.996 D/navngo  ( 4986): [ GLMapView.Renderer ]  beginPaint BEGIN
11-15 19:16:14.996 D/navngo  ( 4986): [ GLMapView.Renderer ]  makeCurrentGL
11-15 19:16:14.996 D/navngo  ( 4986): [ GLMapView.Renderer ]  makeCurrentGL: already current
11-15 19:16:14.996 D/navngo  ( 4986): [ NNG ]  OpenGL_SwapBuffers
11-15 19:16:14.996 D/navngo  ( 4986): [ GLMapView ]  unlockSurface: unlocking lock
11-15 19:16:15.016 D/dalvikvm( 2373): GC_CONCURRENT freed 399K, 24% free 3161K/4128K, paused 3ms+4ms
11-15 19:16:15.056 D/navngo  ( 4986): [ strapon ] strapon_imp.cpp FinalizeLogLine:5543 UpdateFromGPS(958969895,256254673,t 959,h 351.6,s 80.0064,e 0,ts 5940472,a 0) seg 69075017 at 1178cm dir 1, 114.318122,30.547935:352.09 dist 36cm (r) prec 15 rel 1
11-15 19:16:15.056 D/navngo  ( 4986): [ timezone ] tzinfo.cpp GetZoneID:191 No tzinfo information for khb
11-15 19:16:15.056 D/navngo  ( 4986): [ timezone ] tzinfo.cpp GetZoneID:191 No tzinfo information for khb
11-15 19:16:15.056 D/navngo  ( 4986): [ adasis ] adasis_horizon_provider.cpp SendPosition:785 SendPosition offset 77 speed 175 heading 255 confidence 3
11-15 19:16:15.056 D/navngo  ( 4986): [ AdasFunctors ]  sending ADASIS message skipped, AdasisService instance is null
11-15 19:16:15.066 D/navngo  ( 4986): [ timezone ] tzinfo.cpp GetZoneID:191 No tzinfo information for kgd
11-15 19:16:15.066 D/navngo  ( 4986): [ timezone ] tzinfo.cpp GetZoneID:191 No tzinfo information for kgd
11-15 19:16:15.066 D/navngo  ( 4986): [ EngineHelper ]  feedback
11-15 19:16:15.066 D/navngo  ( 4986): [ MMResultInfoService ]  feedback
11-15 19:16:15.066 D/navngo  ( 4986): [ ui_common ] androidgo_ui.cpp CallMethod:93 FFUI, received remote call: 'android.adas.set_speedcam_display' !
11-15 19:16:15.066 I/u-blox  ( 2307): CUdsServer::recvPath: socket connected fd=208
11-15 19:16:15.066 V/u-blox  ( 2307): CUdsServer::recvPath: Receiving data (36)
11-15 19:16:15.066 V/u-blox  ( 2307): handleUdsInput: Received something over UDS! 36 B5 62 0B 05
11-15 19:16:15.066 V/u-blox  ( 2307): handleUdsInput: Looks like MM feedback data!
11-15 19:16:15.066 V/u-blox  ( 2307): nng_mapMatchingFeedback: Reecieved NNG MM data. Size: 36
11-15 19:16:15.066 V/u-blox  ( 2307): nng_mapMatchingFeedback: MM data macthcing expected size
11-15 19:16:15.066 V/u-blox  ( 2307): nng_mapMatchingFeedback: Poll PVT data: iTow=5942500, fixType=0, hAcc=152268656, flags2=6
11-15 19:16:15.066 D/navngo  ( 4986): [ AdasFunctors ]  setSpeedcamDisplayRequest()
11-15 19:16:15.066 D/navngo  ( 4986): [ RadnavVehicleSpeedDriver ]  RadnavChina speed value=-1
11-15 19:16:15.066 D/navngo  ( 4986): [ RadnavVehicleSpeedDriver ]  RadnavChina speed value=-1
11-15 19:16:15.066 D/navngo  ( 4986): [ NNG ]  OpenGL_LockSurface
11-15 19:16:15.066 D/navngo  ( 4986): [ GLMapView ]  lockSurface: locking mLock
11-15 19:16:15.066 D/navngo  ( 4986): [ NNG ]  OpenGL_PrepareBuffers
11-15 19:16:15.066 D/navngo  ( 4986): [ GLMapView ]  OpenGL_PrepareBuffers
11-15 19:16:15.066 D/navngo  ( 4986): [ GLMapView.Renderer ]  beginPaint BEGIN
