11-15 19:16:06.476 D/navngo  ( 4986): [ ServerRunner ]  todo: DO_LOCCHANGED_GPS
11-15 19:16:06.476 D/navngo  ( 4986): [ engine ] jni_nng.cpp JNI_NNG_GpsNmea:496 can't read an nmea sentence (of 33 bytes), the read buffer of the source is full, dropping the sentence
11-15 19:16:06.476 I/NMEA    ( 2373): $GNGSA,A,1,,,,,,,,,,,,,99.99,99.99,99.99*2E
11-15 19:16:06.476 D/navngo  ( 4986): [ ServerRunner ]  todo: DO_LOCCHANGED_GPS
11-15 19:16:06.476 D/navngo  ( 4986): [ engine ] jni_nng.cpp JNI_NNG_GpsNmea:496 can't read an nmea sentence (of 45 bytes), the read buffer of the source is full, dropping the sentence
11-15 19:16:06.476 I/NMEA    ( 2373): $GNGSA,A,1,,,,,,,,,,,,,99.99,99.99,99.99*2E
11-15 19:16:06.476 D/navngo  ( 4986): [ ServerRunner ]  todo: DO_LOCCHANGED_GPS
11-15 19:16:06.476 D/navngo  ( 4986): [ engine ] jni_nng.cpp JNI_NNG_GpsNmea:496 can't read an nmea sentence (of 45 bytes), the read buffer of the source is full, dropping the sentence
11-15 19:16:06.476 I/NMEA    ( 2373): $GPGSV,1,1,00*79
11-15 19:16:06.476 D/navngo  ( 4986): [ ServerRunner ]  todo: DO_LOCCHANGED_GPS
11-15 19:16:06.476 D/navngo  ( 4986): [ engine ] jni_nng.cpp JNI_NNG_GpsNmea:496 can't read an nmea sentence (of 18 bytes), the read buffer of the source is full, dropping the sentence
11-15 19:16:06.476 I/NMEA    ( 2373): $GLGSV,1,1,00*65
11-15 19:16:06.486 D/navngo  ( 4986): [ ServerRunner ]  todo: DO_LOCCHANGED_GPS
11-15 19:16:06.486 D/navngo  ( 4986): [ engine ] jni_nng.cpp JNI_NNG_GpsNmea:496 can't read an nmea sentence (of 18 bytes), the read buffer of the source is full, dropping the sentence
11-15 19:16:06.486 I/NMEA    ( 2373): $GNGLL,,,,,,V,N*7A
11-15 19:16:06.486 D/navngo  ( 4986): [ ServerRunner ]  todo: DO_LOCCHANGED_GPS
11-15 19:16:06.486 D/navngo  ( 4986): [ engine ] jni_nng.cpp JNI_NNG_GpsNmea:496 can't read an nmea sentence (of 20 bytes), the read buffer of the source is full, dropping the sentence
11-15 19:16:06.486 I/NMEA    ( 2373): $GNGRS,,1,,,,,,,,,,,,*7E
11-15 19:16:06.486 D/navngo  ( 4986): [ ServerRunner ]  todo: DO_LOCCHANGED_GPS
11-15 19:16:06.486 D/navngo  ( 4986): [ engine ] jni_nng.cpp JNI_NNG_GpsNmea:496 can't read an nmea sentence (of 26 bytes), the read buffer of the source is full, dropping the sentence
11-15 19:16:06.486 I/NMEA    ( 2373): $GNGRS,,1,,,,,,,,,,,,*7E
11-15 19:16:06.486 D/navngo  ( 4986): [ ServerRunner ]  todo: DO_LOCCHANGED_GPS
11-15 19:16:06.486 D/navngo  ( 4986): [ engine ] jni_nng.cpp JNI_NNG_GpsNmea:496 can't read an nmea sentence (of 26 bytes), the read buffer of the source is full, dropping the sentence
11-15 19:16:06.486 I/NMEA    ( 2373): $GNGST,,0.0000,,,,118262,95568,80042*50
11-15 19:16:06.486 D/navngo  ( 4986): [ ServerRunner ]  todo: DO_LOCCHANGED_GPS
11-15 19:16:06.486 D/navngo  ( 4986): [ engine ] jni_nng.cpp JNI_NNG_GpsNmea:496 can't read an nmea sentence (of 41 bytes), the read buffer of the source is full, dropping the sentence
11-15 19:16:06.486 I/NMEA    ( 2373): $GNTHS,,V*10
11-15 19:16:06.486 V/u-blox  ( 2307): ProcessEsfStatus: Current version is 2
11-15 19:16:06.486 V/u-blox  ( 2307): ProcessEsfStatus: p->initStatus1 >> 2: 0 sensor_ali_cal: 0
11-15 19:16:06.486 D/navngo  ( 4986): [ ServerRunner ]  todo: DO_LOCCHANGED_GPS
11-15 19:16:06.486 D/navngo  ( 4986): [ engine ] jni_nng.cpp JNI_NNG_GpsNmea:496 can't read an nmea sentence (of 14 bytes), the read buffer of the source is full, dropping the sentence
11-15 19:16:06.496 D/navngo  ( 4986): [ NNG ]  OpenGL_LockSurface
11-15 19:16:06.496 D/navngo  ( 4986): [ GLMapView ]  lockSurface: locking mLock
11-15 19:16:06.496 D/navngo  ( 4986): [ NNG ]  OpenGL_PrepareBuffers
11-15 19:16:06.496 D/navngo  ( 4986): [ GLMapView ]  OpenGL_PrepareBuffers
11-15 19:16:06.496 D/navngo  ( 4986): [ GLMapView.Renderer ]  beginPaint BEGIN
11-15 19:16:06.496 D/navngo  ( 4986): [ GLMapView.Renderer ]  makeCurrentGL
11-15 19:16:06.496 D/navngo  ( 4986): [ GLMapView.Renderer ]  makeCurrentGL: already current
11-15 19:16:06.506 D/navngo  ( 4986): [ NNG ]  OpenGL_SwapBuffers
11-15 19:16:06.506 D/navngo  ( 4986): [ GLMapView ]  unlockSurface: unlocking lock
11-15 19:16:06.556 D/navngo  ( 4986): [ NNG ]  OpenGL_LockSurface
11-15 19:16:06.556 D/navngo  ( 4986): [ GLMapView ]  lockSurface: locking mLock
11-15 19:16:06.556 D/navngo  ( 4986): [ NNG ]  OpenGL_PrepareBuffers
11-15 19:16:06.556 D/navngo  ( 4986): [ GLMapView ]  OpenGL_PrepareBuffers
11-15 19:16:06.556 D/navngo  ( 4986): [ GLMapView.Renderer ]  beginPaint BEGIN
11-15 19:16:06.556 D/navngo  ( 4986): [ GLMapView.Renderer ]  makeCurrentGL
11-15 19:16:06.556 D/navngo  ( 4986): [ GLMapView.Renderer ]  makeCurrentGL: already current
11-15 19:16:06.566 D/navngo  ( 4986): [ NNG ]  OpenGL_SwapBuffers
11-15 19:16:06.566 D/navngo  ( 4986): [ GLMapView ]  unlockSurface: unlocking lock
11-15 19:16:06.616 D/navngo  ( 4986): [ NNG ]  OpenGL_LockSurface
11-15 19:16:06.616 D/navngo  ( 4986): [ GLMapView ]  lockSurface: locking mLock
11-15 19:16:06.616 D/navngo  ( 4986): [ NNG ]  OpenGL_PrepareBuffers
11-15 19:16:06.616 D/navngo  ( 4986): [ GLMapView ]  OpenGL_PrepareBuffers
11-15 19:16:06.616 D/navngo  ( 4986): [ GLMapView.Renderer ]  beginPaint BEGIN
11-15 19:16:06.616 D/navngo  ( 4986): [ GLMapView.Renderer ]  makeCurrentGL
11-15 19:16:06.616 D/navngo  ( 4986): [ GLMapView.Renderer ]  makeCurrentGL: already current
11-15 19:16:06.626 D/navngo  ( 4986): [ NNG ]  OpenGL_SwapBuffers
11-15 19:16:06.626 D/navngo  ( 4986): [ GLMapView ]  unlockSurface: unlocking lock
11-15 19:16:06.636 D/navngo  ( 4986): [ RadnavFunctors ]  GetTimeFromJava: Wed Nov 15 19:16:06 格林尼治标准时间+0800 2017
11-15 19:16:06.676 D/navngo  ( 4986): [ NNG ]  OpenGL_LockSurface
11-15 19:16:06.676 D/navngo  ( 4986): [ GLMapView ]  lockSurface: locking mLock
11-15 19:16:06.676 D/navngo  ( 4986): [ NNG ]  OpenGL_PrepareBuffers
11-15 19:16:06.676 D/navngo  ( 4986): [ GLMapView ]  OpenGL_PrepareBuffers
11-15 19:16:06.676 D/navngo  ( 4986): [ GLMapView.Renderer ]  beginPaint BEGIN
11-15 19:16:06.676 D/navngo  ( 4986): [ GLMapView.Renderer ]  makeCurrentGL
11-15 19:16:06.676 D/navngo  ( 4986): [ GLMapView.Renderer ]  makeCurrentGL: already current
11-15 19:16:06.686 D/navngo  ( 4986): [ NNG ]  OpenGL_SwapBuffers
11-15 19:16:06.686 D/navngo  ( 4986): [ GLMapView ]  unlockSurface: unlocking lock
11-15 19:16:06.736 D/navngo  ( 4986): [ NNG ]  OpenGL_LockSurface
11-15 19:16:06.736 D/navngo  ( 4986): [ GLMapView ]  lockSurface: locking mLock
11-15 19:16:06.746 D/navngo  ( 4986): [ NNG ]  OpenGL_PrepareBuffers
11-15 19:16:06.746 D/navngo  ( 4986): [ GLMapView ]  OpenGL_PrepareBuffers
11-15 19:16:06.746 D/navngo  ( 4986): [ GLMapView.Renderer ]  beginPaint BEGIN
11-15 19:16:06.746 D/navngo  ( 4986): [ GLMapView.Renderer ]  makeCurrentGL
11-15 19:16:06.746 D/navngo  ( 4986): [ GLMapView.Renderer ]  makeCurrentGL: already current
11-15 19:16:06.746 D/navngo  ( 4986): [ NNG ]  OpenGL_SwapBuffers
11-15 19:16:06.746 D/navngo  ( 4986): [ GLMapView ]  unlockSurface: unlocking lock
11-15 19:16:06.796 D/navngo  ( 4986): [ NNG ]  OpenGL_LockSurface
11-15 19:16:06.796 D/navngo  ( 4986): [ GLMapView ]  lockSurface: locking mLock
11-15 19:16:06.796 D/navngo  ( 4986): [ NNG ]  OpenGL_PrepareBuffers
11-15 19:16:06.796 D/navngo  ( 4986): [ GLMapView ]  OpenGL_PrepareBuffers
11-15 19:16:06.796 D/navngo  ( 4986): [ GLMapView.Renderer ]  beginPaint BEGIN
11-15 19:16:06.796 D/navngo  ( 4986): [ GLMapView.Renderer ]  makeCurrentGL
11-15 19:16:06.796 D/navngo  ( 4986): [ GLMapView.Renderer ]  makeCurrentGL: already current
11-15 19:16:06.806 D/navngo  ( 4986): [ NNG ]  OpenGL_SwapBuffers
11-15 19:16:06.806 D/navngo  ( 4986): [ GLMapView ]  unlockSurface: unlocking lock
11-15 19:16:06.856 D/navngo  ( 4986): [ NNG ]  OpenGL_LockSurface
11-15 19:16:06.856 D/navngo  ( 4986): [ GLMapView ]  lockSurface: locking mLock
11-15 19:16:06.856 D/navngo  ( 4986): [ NNG ]  OpenGL_PrepareBuffers
11-15 19:16:06.856 D/navngo  ( 4986): [ GLMapView ]  OpenGL_PrepareBuffers
11-15 19:16:06.856 D/navngo  ( 4986): [ GLMapView.Renderer ]  beginPaint BEGIN
11-15 19:16:06.856 D/navngo  ( 4986): [ GLMapView.Renderer ]  makeCurrentGL
11-15 19:16:06.856 D/navngo  ( 4986): [ GLMapView.Renderer ]  makeCurrentGL: already current
11-15 19:16:06.866 D/navngo  ( 4986): [ NNG ]  OpenGL_SwapBuffers
11-15 19:16:06.866 D/navngo  ( 4986): [ GLMapView ]  unlockSurface: unlocking lock
11-15 19:16:06.916 D/navngo  ( 4986): [ NNG ]  OpenGL_LockSurface
11-15 19:16:06.916 D/navngo  ( 4986): [ GLMapView ]  lockSurface: locking mLock
11-15 19:16:06.916 D/navngo  ( 4986): [ NNG ]  OpenGL_PrepareBuffers
11-15 19:16:06.916 D/navngo  ( 4986): [ GLMapView ]  OpenGL_PrepareBuffers
11-15 19:16:06.916 D/navngo  ( 4986): [ GLMapView.Renderer ]  beginPaint BEGIN
11-15 19:16:06.916 D/navngo  ( 4986): [ GLMapView.Renderer ]  makeCurrentGL
11-15 19:16:06.916 D/navngo  ( 4986): [ GLMapView.Renderer ]  makeCurrentGL: already current
11-15 19:16:06.926 D/navngo  ( 4986): [ NNG ]  OpenGL_SwapBuffers
11-15 19:16:06.926 D/navngo  ( 4986): [ GLMapView ]  unlockSurface: unlocking lock
11-15 19:16:06.966 D/navngo  ( 4986): [ ServerRunner ]  todo: DO_LOCCHANGED_GPS
11-15 19:16:06.966 D/navngo  ( 4986): [ engine ] jni_nng.cpp JNI_NNG_GpsNmea:496 can't read an nmea sentence (of 25 bytes), the read buffer of the source is full, dropping the sentence
11-15 19:16:06.966 D/navngo  ( 4986): [ ServerRunner ]  todo: DO_LOCCHANGED_GPS
11-15 19:16:06.966 D/navngo  ( 4986): [ engine ] jni_nng.cpp JNI_NNG_GpsNmea:496 can't read an nmea sentence (of 21 bytes), the read buffer of the source is full, dropping the sentence
11-15 19:16:06.976 D/navngo  ( 4986): [ ServerRunner ]  todo: DO_LOCCHANGED_GPS
11-15 19:16:06.976 D/navngo  ( 4986): [ engine ] jni_nng.cpp JNI_NNG_GpsNmea:496 can't read an nmea sentence (of 33 bytes), the read buffer of the source is full, dropping the sentence
11-15 19:16:06.976 D/navngo  ( 4986): [ ServerRunner ]  todo: DO_LOCCHANGED_GPS
11-15 19:16:06.976 D/navngo  ( 4986): [ engine ] jni_nng.cpp JNI_NNG_GpsNmea:496 can't read an nmea sentence (of 45 bytes), the read buffer of the source is full, dropping the sentence
11-15 19:16:06.976 D/navngo  ( 4986): [ ServerRunner ]  todo: DO_LOCCHANGED_GPS
11-15 19:16:06.976 D/navngo  ( 4986): [ engine ] jni_nng.cpp JNI_NNG_GpsNmea:496 can't read an nmea sentence (of 45 bytes), the read buffer of the source is full, dropping the sentence
11-15 19:16:06.976 D/navngo  ( 4986): [ radnav_message_handler ] message_handler.cpp ComposeTurnInfo:711 ComposeTurnInfo: TurnInfo composed: DirIcon: 2, FailureMode: 0, Unit: 0, DistanceString: ""
11-15 19:16:06.976 D/NaviManagerService( 2373): [ManoeuvreData] downgradedManoeuvreID = 0
11-15 19:16:06.976 D/NaviManagerService( 2373): [ManoeuvreData] distanceUnit = 0
11-15 19:16:06.976 D/NaviManagerService( 2373): [ManoeuvreData] manoeuvreInfoAvailableFlag = 1
11-15 19:16:06.976 D/NaviManagerService( 2373): [ManoeuvreData] distanceToManoeuvre[0] = 0
11-15 19:16:06.976 D/NaviManagerService( 2373): [ManoeuvreData] distanceToManoeuvre[1] = 0
11-15 19:16:06.976 D/NaviManagerService( 2373): [ManoeuvreData] distanceToManoeuvre[2] = 0
11-15 19:16:06.976 D/NaviManagerService( 2373): [ManoeuvreData] distanceToManoeuvre[3] = 0
11-15 19:16:06.976 D/NaviManagerService( 2373): [ManoeuvreData] distanceToManoeuvre[4] = 0
11-15 19:16:06.976 D/NaviManagerService( 2373): [ManoeuvreData] regularManoeuvreID = 2
11-15 19:16:06.976 D/NaviManagerService( 2373): [ManoeuvreData] after setting m_RoadNavigation
11-15 19:16:06.976 D/NaviManagerService( 2373): [ManoeuvreData] distanceData[0] = 0
11-15 19:16:06.976 D/NaviManagerService( 2373): [ManoeuvreData] distanceData[1] = 0
11-15 19:16:06.976 D/NaviManagerService( 2373): [ManoeuvreData] sbCluster = [TBT] IconNo. : 2 FailureModeNo. : 0 Dis_NextAction = 00000 Unit : 0 NextTurn :1
11-15 19:16:06.986 D/navngo  ( 4986): [ NNG ]  OpenGL_LockSurface
11-15 19:16:06.986 D/navngo  ( 4986): [ GLMapView ]  lockSurface: locking mLock
11-15 19:16:06.986 D/navngo  ( 4986): [ NNG ]  OpenGL_PrepareBuffers
11-15 19:16:06.986 D/navngo  ( 4986): [ GLMapView ]  OpenGL_PrepareBuffers
11-15 19:16:06.986 D/navngo  ( 4986): [ GLMapView.Renderer ]  beginPaint BEGIN
11-15 19:16:06.986 D/navngo  ( 4986): [ GLMapView.Renderer ]  makeCurrentGL
11-15 19:16:06.986 D/SPCXViewer2.0( 5358): [SPCXReceiver] onReceive: com.lge.ivi.NaviManagerService
11-15 19:16:06.986 D/SPCXViewer2.0( 5358): [SPCXReceiver] ACTION_TBT_NAVIMANAGERSERVICE
11-15 19:16:06.986 D/SPCXViewer2.0( 5358): [SPCXReceiver] IconNo: 2
11-15 19:16:06.986 D/navngo  ( 4986): [ GLMapView.Renderer ]  makeCurrentGL: already current
11-15 19:16:06.986 D/SPCXViewer2.0( 5358): [SPCXReceiver] FailureModeNo: 0
11-15 19:16:06.986 D/SPCXViewer2.0( 5358): [SPCXReceiver] Dis_NextAction[0]: 0
11-15 19:16:06.986 D/SPCXViewer2.0( 5358): [SPCXReceiver] Dis_NextAction[1]: 0
11-15 19:16:06.986 D/SPCXViewer2.0( 5358): [SPCXReceiver] Dis_NextAction[2]: 0
11-15 19:16:06.986 D/SPCXViewer2.0( 5358): [SPCXReceiver] Dis_NextAction[3]: 0
11-15 19:16:06.986 D/SPCXViewer2.0( 5358): [SPCXReceiver] Dis_NextAction[4]: 0
11-15 19:16:06.986 D/SPCXViewer2.0( 5358): [SPCXReceiver] Unit: 0
11-15 19:16:06.986 D/SPCXViewer2.0( 5358): [SPCXReceiver] NextTurn: 1
11-15 19:16:06.986 D/SPCXViewer2.0( 5358): [SPCXReceiver] ActiveContext == null
11-15 19:16:06.986 D/navngo  ( 4986): [ ServerRunner ]  Free memory = 66196 KB
11-15 19:16:06.996 D/navngo  ( 4986): [ NNG ]  OpenGL_SwapBuffers
11-15 19:16:06.996 D/navngo  ( 4986): [ GLMapView ]  unlockSurface: unlocking lock
11-15 19:16:06.996 D/navngo  ( 4986): [ Application ]  Trying to open /proc/meminfo fd
11-15 19:16:06.996 D/navngo  ( 4986): [ ServerRunner ]  After freeing = 66196 KB  (Gain: 0.0 KB)
11-15 19:16:06.996 D/navngo  ( 4986): [ ServerRunner ]  todo: DO_LOCCHANGED_GPS
11-15 19:16:06.996 D/navngo  ( 4986): [ engine ] jni_nng.cpp JNI_NNG_GpsNmea:496 can't read an nmea sentence (of 20 bytes), the read buffer of the source is full, dropping the sentence
11-15 19:16:06.996 D/navngo  ( 4986): [ ServerRunner ]  todo: DO_LOCCHANGED_GPS
11-15 19:16:06.996 D/navngo  ( 4986): [ engine ] jni_nng.cpp JNI_NNG_GpsNmea:496 can't read an nmea sentence (of 26 bytes), the read buffer of the source is full, dropping the sentence
11-15 19:16:06.996 D/navngo  ( 4986): [ ServerRunner ]  todo: DO_LOCCHANGED_GPS
11-15 19:16:06.996 D/navngo  ( 4986): [ engine ] jni_nng.cpp JNI_NNG_GpsNmea:496 can't read an nmea sentence (of 26 bytes), the read buffer of the source is full, dropping the sentence
11-15 19:16:06.996 D/navngo  ( 4986): [ ServerRunner ]  todo: DO_LOCCHANGED_GPS
11-15 19:16:06.996 D/navngo  ( 4986): [ engine ] jni_nng.cpp JNI_NNG_GpsNmea:496 can't read an nmea sentence (of 41 bytes), the read buffer of the source is full, dropping the sentence
11-15 19:16:06.996 V/u-blox  ( 2307): ProcessEsfStatus: Current version is 2
11-15 19:16:06.996 V/u-blox  ( 2307): ProcessEsfStatus: p->initStatus1 >> 2: 0 sensor_ali_cal: 0
11-15 19:16:06.996 D/navngo  ( 4986): [ ServerRunner ]  todo: DO_LOCCHANGED_GPS
11-15 19:16:06.996 D/navngo  ( 4986): [ engine ] jni_nng.cpp JNI_NNG_GpsNmea:496 can't read an nmea sentence (of 14 bytes), the read buffer of the source is full, dropping the sentence
11-15 19:16:07.036 D/navngo  ( 4986): [ gps ] gps_driver.cpp ProcessBuffer:785 first valid packet arrived
11-15 19:16:07.036 D/navngo  ( 4986): [ strapon ] strapon_imp.cpp UpdateFromGPS:5291 DiscardState -- jump: 802m > 500m (max 500m)
11-15 19:16:07.036 D/navngo  ( 4986): [ strapon ] strapon_imp.cpp UpdateFromGPS:5311 BRANCH_SLOPE_CHECKER: state discarded, reset...
11-15 19:16:07.046 D/navngo  ( 4986): [ strapon ] strapon_imp.cpp FinalizeLogLine:5543 UpdateFromGPS(958972805,256241516,t 15181,h 342.2,s 80.0064,e 0,ts 5932459,a 0) seg 69075043 at 2241cm dir 1, 114.318367,30.546358:352.705 dist 958cm prec 15 rel 0
11-15 19:16:07.046 D/navngo  ( 4986): [ radnav_message_handler ] message_handler.cpp ComposeTurnInfo:711 ComposeTurnInfo: TurnInfo composed: DirIcon: 25, FailureMode: 3, Unit: 0, DistanceString: "450 米"
11-15 19:16:07.046 D/navngo  ( 4986): [ tripcomputer ] tripdata.cpp Update:425 TRIPDATA::Update - mTimeStamp > nTimeStamp
11-15 19:16:07.046 D/NaviManagerService( 2373): [ManoeuvreData] downgradedManoeuvreID = 3
11-15 19:16:07.046 D/NaviManagerService( 2373): [ManoeuvreData] distanceUnit = 0
11-15 19:16:07.046 D/NaviManagerService( 2373): [ManoeuvreData] manoeuvreInfoAvailableFlag = 1
11-15 19:16:07.046 D/NaviManagerService( 2373): [ManoeuvreData] distanceToManoeuvre[0] = 0
11-15 19:16:07.046 D/NaviManagerService( 2373): [ManoeuvreData] distanceToManoeuvre[1] = 0
11-15 19:16:07.046 D/NaviManagerService( 2373): [ManoeuvreData] distanceToManoeuvre[2] = 52
11-15 19:16:07.046 D/NaviManagerService( 2373): [ManoeuvreData] distanceToManoeuvre[3] = 53
11-15 19:16:07.046 D/NaviManagerService( 2373): [ManoeuvreData] distanceToManoeuvre[4] = 48
11-15 19:16:07.046 D/NaviManagerService( 2373): [ManoeuvreData] regularManoeuvreID = 25
11-15 19:16:07.046 D/NaviManagerService( 2373): [ManoeuvreData] after setting m_RoadNavigation
11-15 19:16:07.046 D/NaviManagerService( 2373): [ManoeuvreData] distanceData[0] = 13365
11-15 19:16:07.046 D/NaviManagerService( 2373): [ManoeuvreData] distanceData[1] = 48
11-15 19:16:07.046 D/NaviManagerService( 2373): [ManoeuvreData] sbCluster = [TBT] IconNo. : 25 FailureModeNo. : 3 Dis_NextAction = 00525348 Unit : 0 NextTurn :1
11-15 19:16:07.046 D/navngo  ( 4986): [ timezone ] tzinfo.cpp GetZoneID:191 No tzinfo information for khb
11-15 19:16:07.046 D/navngo  ( 4986): [ tripcomputer ] tripdata.cpp Update:425 TRIPDATA::Update - mTimeStamp > nTimeStamp
11-15 19:16:07.046 D/navngo  ( 4986): [ timezone ] tzinfo.cpp GetZoneID:191 No tzinfo information for khb
11-15 19:16:07.056 D/SPCXViewer2.0( 5358): [SPCXReceiver] onReceive: com.lge.ivi.NaviManagerService
11-15 19:16:07.056 D/SPCXViewer2.0( 5358): [SPCXReceiver] ACTION_TBT_NAVIMANAGERSERVICE
11-15 19:16:07.056 D/SPCXViewer2.0( 5358): [SPCXReceiver] IconNo: 25
11-15 19:16:07.056 D/SPCXViewer2.0( 5358): [SPCXReceiver] FailureModeNo: 0
11-15 19:16:07.056 D/SPCXViewer2.0( 5358): [SPCXReceiver] Dis_NextAction[0]: 0
11-15 19:16:07.056 D/SPCXViewer2.0( 5358): [SPCXReceiver] Dis_NextAction[1]: 0
11-15 19:16:07.056 D/SPCXViewer2.0( 5358): [SPCXReceiver] Dis_NextAction[2]: 52
11-15 19:16:07.056 D/SPCXViewer2.0( 5358): [SPCXReceiver] Dis_NextAction[3]: 53
11-15 19:16:07.056 D/SPCXViewer2.0( 5358): [SPCXReceiver] Dis_NextAction[4]: 48
11-15 19:16:07.056 D/SPCXViewer2.0( 5358): [SPCXReceiver] Unit: 0
11-15 19:16:07.056 D/SPCXViewer2.0( 5358): [SPCXReceiver] NextTurn: 1
11-15 19:16:07.056 D/SPCXViewer2.0( 5358): [SPCXReceiver] ActiveContext == null
11-15 19:16:07.056 D/navngo  ( 4986): [ timezone ] tzinfo.cpp GetZoneID:191 No tzinfo information for khb
11-15 19:16:07.066 D/navngo  ( 4986): [ adasis ] adasis_horizon_provider.cpp ProcessSegment:387 ClearHorizon - starting segment not found in current horizon
11-15 19:16:07.066 D/navngo  ( 4986): [ adasis ] adasis_horizon_provider.cpp CheckPlannedRoute:658 route changed, clearing horizon, old ID 234, new ID -1
11-15 19:16:07.066 D/navngo  ( 4986): [ adasis ] adasis_horizon_provider.cpp SendNewMPP:762 SendStub new id 8 parent 0 offset 0 angle 255 frc 7 fow 15
11-15 19:16:07.066 D/navngo  ( 4986): [ radnav_adasis_driver ] radnav_adasis_driver.cpp SendStub:464 performing queue clear due to horizon reset
11-15 19:16:07.066 D/navngo  ( 4986): [ AdasFunctors ]  sending ADASIS message skipped, AdasisService instance is null
11-15 19:16:07.066 D/navngo  ( 4986): [ adasis ] adasis_horizon_provider.cpp SendRemainingSegments:968 SendSegment offset 0 frc 3 fow 2
11-15 19:16:07.066 D/navngo  ( 4986): [ adasis ] adasis_horizon_provider.cpp SendRemainingSegments:978 SendProfileShort offset 0 type 2 value 1
11-15 19:16:07.066 D/navngo  ( 4986): [ adasis ] adasis_horizon_provider.cpp SendRemainingSegments:952 SendStub crossing id 6 parent 8 offset 188 angle 0 frc 3 fow 2 route 0 last 0
11-15 19:16:07.066 D/navngo  ( 4986): [ adasis ] adasis_horizon_provider.cpp SendRemainingSegments:952 SendStub crossing id 5 parent 8 offset 188 angle 72 frc 5 fow 3 route 0 last 1
11-15 19:16:07.066 D/navngo  ( 4986): [ adasis ] adasis_horizon_provider.cpp SendPosition:785 SendPosition offset 22 speed 175 heading 255 confidence 4
11-15 19:16:07.066 D/navngo  ( 4986): [ radnav_message_handler ] message_handler.cpp SendTurnInfo:433 SendTurnInfo: RGD diricon is invalid (-1) no info should be sent
11-15 19:16:07.066 D/navngo  ( 4986): [ EngineHelper ]  feedback
11-15 19:16:07.066 D/navngo  ( 4986): [ MMResultInfoService ]  feedback
11-15 19:16:07.066 I/u-blox  ( 2307): CUdsServer::recvPath: socket connected fd=208
11-15 19:16:07.066 V/u-blox  ( 2307): CUdsServer::recvPath: Receiving data (36)
11-15 19:16:07.066 V/u-blox  ( 2307): handleUdsInput: Received something over UDS! 36 B5 62 0B 05
11-15 19:16:07.066 V/u-blox  ( 2307): handleUdsInput: Looks like MM feedback data!
11-15 19:16:07.066 V/u-blox  ( 2307): nng_mapMatchingFeedback: Reecieved NNG MM data. Size: 36
11-15 19:16:07.066 V/u-blox  ( 2307): nng_mapMatchingFeedback: MM data macthcing expected size
11-15 19:16:07.066 V/u-blox  ( 2307): nng_mapMatchingFeedback: Poll PVT data: iTow=5934500, fixType=0, hAcc=152062640, flags2=6
11-15 19:16:07.066 D/navngo  ( 4986): [ directions ] directionshandler.cpp RefreshScreenDisplays:4841 DIRECTIONS_DISPLAY::RefreshScreenDisplays(mode=1, nDist=-1, nDistReal=-1), route invalid.
11-15 19:16:07.066 D/navngo  ( 4986): [ ui_common ] androidgo_ui.cpp CallMethod:93 FFUI, received remote call: 'android.adas.set_speedcam_display' !
11-15 19:16:07.066 D/navngo  ( 4986): [ AdasFunctors ]  setSpeedcamDisplayRequest()
11-15 19:16:07.066 D/navngo  ( 4986): [ RadnavVehicleSpeedDriver ]  RadnavChina speed value=-1
11-15 19:16:07.076 D/navngo  ( 4986): [ RadnavVehicleSpeedDriver ]  RadnavChina speed value=-1
11-15 19:16:07.076 D/navngo  ( 4986): [ osp ] lua_imp.cpp GLOBALS_debuglog:375 sc_SpeedLimitChanged MODEL.warning.driveralert.speed_limit=50, unit=1, speed_limit_converted=50sc_SpeedLimitChanged MODEL.warning.driveralert.over_speed_limit=, MODEL.warning.driveralert.near_speed_limit=
11-15 19:16:07.076 D/navngo  ( 4986): [ ui_common ] androidgo_ui.cpp CallMethod:93 FFUI, received remote call: 'android.adas.set_speedlimit' !
11-15 19:16:07.076 D/navngo  ( 4986): [ AdasFunctors ]  setSpeedLimit called: speedLimit = 50, freeSpeed = 0, isValid = 1
11-15 19:16:07.076 D/navngo  ( 4986): [ AdasFunctors ]  Not sending SpeedLimitIntent as there are no active small widgets
11-15 19:16:07.076 D/navngo  ( 4986): [ ui_common ] androidgo_ui.cpp CallMethod:93 FFUI, received remote call: 'android.adas.set_overspeed_warning_display' !
11-15 19:16:07.076 D/navngo  ( 4986): [ AdasFunctors ]  setOverSpeedWarningDisplay called: isOverspeeding = 0, isValid = 1
11-15 19:16:07.076 D/navngo  ( 4986): [ AdasFunctors ]  Not sending OverSpeedWarningIntent as there are no active small widgets
11-15 19:16:07.076 D/navngo  ( 4986): [ radnav_message_handler ] message_handler.cpp SendTurnInfo:433 SendTurnInfo: RGD diricon is invalid (-1) no info should be sent
11-15 19:16:07.076 D/navngo  ( 4986): [ NNG ]  OpenGL_LockSurface
11-15 19:16:07.076 D/navngo  ( 4986): [ GLMapView ]  lockSurface: locking mLock
11-15 19:16:07.076 D/navngo  ( 4986): [ NNG ]  OpenGL_PrepareBuffers
11-15 19:16:07.076 D/navngo  ( 4986): [ GLMapView ]  OpenGL_PrepareBuffers
11-15 19:16:07.076 D/navngo  ( 4986): [ GLMapView.Renderer ]  beginPaint BEGIN
11-15 19:16:07.076 D/navngo  ( 4986): [ GLMapView.Renderer ]  makeCurrentGL
11-15 19:16:07.076 D/navngo  ( 4986): [ GLMapView.Renderer ]  makeCurrentGL: already current
11-15 19:16:07.086 D/navngo  ( 4986): [ NNG ]  OpenGL_SwapBuffers
11-15 19:16:07.086 D/navngo  ( 4986): [ GLMapView ]  unlockSurface: unlocking lock
11-15 19:16:07.086 D/navngo  ( 4986): [ AdasFunctors ]  sending ADASIS message skipped, AdasisService instance is null
11-15 19:16:07.096 D/navngo  ( 4986): [ NNG ]  OpenGL_LockSurface
11-15 19:16:07.096 D/navngo  ( 4986): [ GLMapView ]  lockSurface: locking mLock
11-15 19:16:07.096 D/navngo  ( 4986): [ NNG ]  OpenGL_PrepareBuffers
11-15 19:16:07.096 D/navngo  ( 4986): [ GLMapView ]  OpenGL_PrepareBuffers
11-15 19:16:07.096 D/navngo  ( 4986): [ GLMapView.Renderer ]  beginPaint BEGIN
11-15 19:16:07.096 D/navngo  ( 4986): [ GLMapView.Renderer ]  makeCurrentGL
11-15 19:16:07.096 D/navngo  ( 4986): [ GLMapView.Renderer ]  makeCurrentGL: already current
11-15 19:16:07.106 D/navngo  ( 4986): [ AdasFunctors ]  sending ADASIS message skipped, AdasisService instance is null
11-15 19:16:07.106 D/navngo  ( 4986): [ NNG ]  OpenGL_SwapBuffers
11-15 19:16:07.106 D/navngo  ( 4986): [ GLMapView ]  unlockSurface: unlocking lock
11-15 19:16:07.126 D/navngo  ( 4986): [ AdasFunctors ]  sending ADASIS message skipped, AdasisService instance is null
11-15 19:16:07.146 D/navngo  ( 4986): [ AdasFunctors ]  sending ADASIS message skipped, AdasisService instance is null
11-15 19:16:07.156 D/navngo  ( 4986): [ NNG ]  OpenGL_LockSurface
11-15 19:16:07.156 D/navngo  ( 4986): [ GLMapView ]  lockSurface: locking mLock
11-15 19:16:07.156 D/navngo  ( 4986): [ NNG ]  OpenGL_PrepareBuffers
11-15 19:16:07.156 D/navngo  ( 4986): [ GLMapView ]  OpenGL_PrepareBuffers
11-15 19:16:07.156 D/navngo  ( 4986): [ GLMapView.Renderer ]  beginPaint BEGIN
11-15 19:16:07.156 D/navngo  ( 4986): [ GLMapView.Renderer ]  makeCurrentGL
11-15 19:16:07.156 D/navngo  ( 4986): [ GLMapView.Renderer ]  makeCurrentGL: already current
11-15 19:16:07.166 D/navngo  ( 4986): [ AdasFunctors ]  sending ADASIS message skipped, AdasisService instance is null
11-15 19:16:07.166 D/navngo  ( 4986): [ NNG ]  OpenGL_SwapBuffers
11-15 19:16:07.166 D/navngo  ( 4986): [ GLMapView ]  unlockSurface: unlocking lock
11-15 19:16:07.216 D/navngo  ( 4986): [ NNG ]  OpenGL_LockSurface
11-15 19:16:07.216 D/navngo  ( 4986): [ GLMapView ]  lockSurface: locking mLock
11-15 19:16:07.216 D/navngo  ( 4986): [ NNG ]  OpenGL_PrepareBuffers
11-15 19:16:07.216 D/navngo  ( 4986): [ GLMapView ]  OpenGL_PrepareBuffers
11-15 19:16:07.226 D/navngo  ( 4986): [ GLMapView.Renderer ]  beginPaint BEGIN
11-15 19:16:07.226 D/navngo  ( 4986): [ GLMapView.Renderer ]  makeCurrentGL
11-15 19:16:07.226 D/navngo  ( 4986): [ GLMapView.Renderer ]  makeCurrentGL: already current
11-15 19:16:07.226 D/navngo  ( 4986): [ NNG ]  OpenGL_SwapBuffers
11-15 19:16:07.226 D/navngo  ( 4986): [ GLMapView ]  unlockSurface: unlocking lock
11-15 19:16:07.276 D/navngo  ( 4986): [ NNG ]  OpenGL_LockSurface
11-15 19:16:07.276 D/navngo  ( 4986): [ GLMapView ]  lockSurface: locking mLock
11-15 19:16:07.276 D/navngo  ( 4986): [ NNG ]  OpenGL_PrepareBuffers
11-15 19:16:07.276 D/navngo  ( 4986): [ GLMapView ]  OpenGL_PrepareBuffers
11-15 19:16:07.276 D/navngo  ( 4986): [ GLMapView.Renderer ]  beginPaint BEGIN
11-15 19:16:07.276 D/navngo  ( 4986): [ GLMapView.Renderer ]  makeCurrentGL
11-15 19:16:07.276 D/navngo  ( 4986): [ GLMapView.Renderer ]  makeCurrentGL: already current
11-15 19:16:07.286 D/navngo  ( 4986): [ NNG ]  OpenGL_SwapBuffers
11-15 19:16:07.286 D/navngo  ( 4986): [ GLMapView ]  unlockSurface: unlocking lock
11-15 19:16:07.336 D/navngo  ( 4986): [ NNG ]  OpenGL_LockSurface
11-15 19:16:07.336 D/navngo  ( 4986): [ GLMapView ]  lockSurface: locking mLock
11-15 19:16:07.336 D/navngo  ( 4986): [ NNG ]  OpenGL_PrepareBuffers
11-15 19:16:07.336 D/navngo  ( 4986): [ GLMapView ]  OpenGL_PrepareBuffers
11-15 19:16:07.336 D/navngo  ( 4986): [ GLMapView.Renderer ]  beginPaint BEGIN
11-15 19:16:07.336 D/navngo  ( 4986): [ GLMapView.Renderer ]  makeCurrentGL
11-15 19:16:07.336 D/navngo  ( 4986): [ GLMapView.Renderer ]  makeCurrentGL: already current
11-15 19:16:07.346 D/navngo  ( 4986): [ NNG ]  OpenGL_SwapBuffers
11-15 19:16:07.346 D/navngo  ( 4986): [ GLMapView ]  unlockSurface: unlocking lock
11-15 19:16:07.346 D/MicomLog( 2373): RADIO : c 0 0 0 0 0 0 22 32 8 26 0 5a 8d 9b
11-15 19:16:07.396 D/navngo  ( 4986): [ NNG ]  OpenGL_LockSurface
11-15 19:16:07.396 D/navngo  ( 4986): [ GLMapView ]  lockSurface: locking mLock
11-15 19:16:07.396 D/navngo  ( 4986): [ NNG ]  OpenGL_PrepareBuffers
11-15 19:16:07.396 D/navngo  ( 4986): [ GLMapView ]  OpenGL_PrepareBuffers
11-15 19:16:07.396 D/navngo  ( 4986): [ GLMapView.Renderer ]  beginPaint BEGIN
11-15 19:16:07.396 D/navngo  ( 4986): [ GLMapView.Renderer ]  makeCurrentGL
11-15 19:16:07.396 D/navngo  ( 4986): [ GLMapView.Renderer ]  makeCurrentGL: already current
11-15 19:16:07.406 D/navngo  ( 4986): [ NNG ]  OpenGL_SwapBuffers
11-15 19:16:07.406 D/navngo  ( 4986): [ GLMapView ]  unlockSurface: unlocking lock
11-15 19:16:07.416 D/navngo  ( 4986): [ AdasFunctors ]  sending ADASIS message skipped, AdasisService instance is null
11-15 19:16:07.456 D/navngo  ( 4986): [ NNG ]  OpenGL_LockSurface
11-15 19:16:07.456 D/navngo  ( 4986): [ GLMapView ]  lockSurface: locking mLock
11-15 19:16:07.456 D/navngo  ( 4986): [ NNG ]  OpenGL_PrepareBuffers
11-15 19:16:07.456 D/navngo  ( 4986): [ GLMapView ]  OpenGL_PrepareBuffers
11-15 19:16:07.456 D/navngo  ( 4986): [ GLMapView.Renderer ]  beginPaint BEGIN
11-15 19:16:07.456 D/navngo  ( 4986): [ GLMapView.Renderer ]  makeCurrentGL
11-15 19:16:07.456 D/navngo  ( 4986): [ GLMapView.Renderer ]  makeCurrentGL: already current
11-15 19:16:07.466 D/navngo  ( 4986): [ NNG ]  OpenGL_SwapBuffers
11-15 19:16:07.466 D/navngo  ( 4986): [ GLMapView ]  unlockSurface: unlocking lock
11-15 19:16:07.466 D/navngo  ( 4986): [ ServerRunner ]  todo: DO_LOCCHANGED_GPS
11-15 19:16:07.466 D/navngo  ( 4986): [ engine ] jni_nng.cpp JNI_NNG_GpsNmea:496 can't read an nmea sentence (of 25 bytes), the read buffer of the source is full, dropping the sentence
11-15 19:16:07.476 D/navngo  ( 4986): [ ServerRunner ]  todo: DO_LOCCHANGED_GPS
11-15 19:16:07.476 D/navngo  ( 4986): [ engine ] jni_nng.cpp JNI_NNG_GpsNmea:496 can't read an nmea sentence (of 21 bytes), the read buffer of the source is full, dropping the sentence
11-15 19:16:07.476 D/navngo  ( 4986): [ ServerRunner ]  todo: DO_LOCCHANGED_GPS
11-15 19:16:07.476 D/navngo  ( 4986): [ engine ] jni_nng.cpp JNI_NNG_GpsNmea:496 can't read an nmea sentence (of 33 bytes), the read buffer of the source is full, dropping the sentence
11-15 19:16:07.476 D/navngo  ( 4986): [ ServerRunner ]  todo: DO_LOCCHANGED_GPS
11-15 19:16:07.476 D/navngo  ( 4986): [ engine ] jni_nng.cpp JNI_NNG_GpsNmea:496 can't read an nmea sentence (of 45 bytes), the read buffer of the source is full, dropping the sentence
11-15 19:16:07.476 D/navngo  ( 4986): [ ServerRunner ]  todo: DO_LOCCHANGED_GPS
11-15 19:16:07.476 D/navngo  ( 4986): [ engine ] jni_nng.cpp JNI_NNG_GpsNmea:496 can't read an nmea sentence (of 45 bytes), the read buffer of the source is full, dropping the sentence
11-15 19:16:07.476 D/navngo  ( 4986): [ ServerRunner ]  todo: DO_LOCCHANGED_GPS
11-15 19:16:07.476 D/navngo  ( 4986): [ engine ] jni_nng.cpp JNI_NNG_GpsNmea:496 can't read an nmea sentence (of 18 bytes), the read buffer of the source is full, dropping the sentence
11-15 19:16:07.486 D/navngo  ( 4986): [ ServerRunner ]  todo: DO_LOCCHANGED_GPS
11-15 19:16:07.486 D/navngo  ( 4986): [ engine ] jni_nng.cpp JNI_NNG_GpsNmea:496 can't read an nmea sentence (of 18 bytes), the read buffer of the source is full, dropping the sentence
11-15 19:16:07.486 D/navngo  ( 4986): [ ServerRunner ]  todo: DO_LOCCHANGED_GPS
11-15 19:16:07.486 D/navngo  ( 4986): [ engine ] jni_nng.cpp JNI_NNG_GpsNmea:496 can't read an nmea sentence (of 20 bytes), the read buffer of the source is full, dropping the sentence
11-15 19:16:07.486 D/navngo  ( 4986): [ ServerRunner ]  todo: DO_LOCCHANGED_GPS
11-15 19:16:07.486 D/navngo  ( 4986): [ engine ] jni_nng.cpp JNI_NNG_GpsNmea:496 can't read an nmea sentence (of 26 bytes), the read buffer of the source is full, dropping the sentence
11-15 19:16:07.486 D/navngo  ( 4986): [ ServerRunner ]  todo: DO_LOCCHANGED_GPS
11-15 19:16:07.486 D/navngo  ( 4986): [ engine ] jni_nng.cpp JNI_NNG_GpsNmea:496 can't read an nmea sentence (of 26 bytes), the read buffer of the source is full, dropping the sentence
11-15 19:16:07.486 D/navngo  ( 4986): [ ServerRunner ]  todo: DO_LOCCHANGED_GPS
11-15 19:16:07.486 D/navngo  ( 4986): [ engine ] jni_nng.cpp JNI_NNG_GpsNmea:496 can't read an nmea sentence (of 41 bytes), the read buffer of the source is full, dropping the sentence
11-15 19:16:07.486 V/u-blox  ( 2307): ProcessEsfStatus: Current version is 2
11-15 19:16:07.486 V/u-blox  ( 2307): ProcessEsfStatus: p->initStatus1 >> 2: 0 sensor_ali_cal: 0
11-15 19:16:07.486 D/navngo  ( 4986): [ ServerRunner ]  todo: DO_LOCCHANGED_GPS
11-15 19:16:07.486 D/navngo  ( 4986): [ engine ] jni_nng.cpp JNI_NNG_GpsNmea:496 can't read an nmea sentence (of 14 bytes), the read buffer of the source is full, dropping the sentence
11-15 19:16:07.516 D/navngo  ( 4986): [ NNG ]  OpenGL_LockSurface
11-15 19:16:07.516 D/navngo  ( 4986): [ GLMapView ]  lockSurface: locking mLock
11-15 19:16:07.516 D/navngo  ( 4986): [ NNG ]  OpenGL_PrepareBuffers
11-15 19:16:07.516 D/navngo  ( 4986): [ GLMapView ]  OpenGL_PrepareBuffers
11-15 19:16:07.516 D/navngo  ( 4986): [ GLMapView.Renderer ]  beginPaint BEGIN
11-15 19:16:07.516 D/navngo  ( 4986): [ GLMapView.Renderer ]  makeCurrentGL
11-15 19:16:07.516 D/navngo  ( 4986): [ GLMapView.Renderer ]  makeCurrentGL: already current
11-15 19:16:07.526 D/navngo  ( 4986): [ NNG ]  OpenGL_SwapBuffers
11-15 19:16:07.526 D/navngo  ( 4986): [ GLMapView ]  unlockSurface: unlocking lock
11-15 19:16:07.576 D/navngo  ( 4986): [ NNG ]  OpenGL_LockSurface
11-15 19:16:07.576 D/navngo  ( 4986): [ GLMapView ]  lockSurface: locking mLock
11-15 19:16:07.576 D/navngo  ( 4986): [ NNG ]  OpenGL_PrepareBuffers
11-15 19:16:07.576 D/navngo  ( 4986): [ GLMapView ]  OpenGL_PrepareBuffers
11-15 19:16:07.576 D/navngo  ( 4986): [ GLMapView.Renderer ]  beginPaint BEGIN
11-15 19:16:07.576 D/navngo  ( 4986): [ GLMapView.Renderer ]  makeCurrentGL
11-15 19:16:07.576 D/navngo  ( 4986): [ GLMapView.Renderer ]  makeCurrentGL: already current
11-15 19:16:07.586 D/navngo  ( 4986): [ NNG ]  OpenGL_SwapBuffers
11-15 19:16:07.586 D/navngo  ( 4986): [ GLMapView ]  unlockSurface: unlocking lock
11-15 19:16:07.636 D/navngo  ( 4986): [ RadnavFunctors ]  GetTimeFromJava: Wed Nov 15 19:16:07 格林尼治标准时间+0800 2017
11-15 19:16:07.636 D/navngo  ( 4986): [ NNG ]  OpenGL_LockSurface
11-15 19:16:07.636 D/navngo  ( 4986): [ GLMapView ]  lockSurface: locking mLock
11-15 19:16:07.636 D/navngo  ( 4986): [ NNG ]  OpenGL_PrepareBuffers
11-15 19:16:07.636 D/navngo  ( 4986): [ GLMapView ]  OpenGL_PrepareBuffers
11-15 19:16:07.636 D/navngo  ( 4986): [ GLMapView.Renderer ]  beginPaint BEGIN
11-15 19:16:07.636 D/navngo  ( 4986): [ GLMapView.Renderer ]  makeCurrentGL
11-15 19:16:07.636 D/navngo  ( 4986): [ GLMapView.Renderer ]  makeCurrentGL: already current
11-15 19:16:07.646 D/navngo  ( 4986): [ NNG ]  OpenGL_SwapBuffers
11-15 19:16:07.646 D/navngo  ( 4986): [ GLMapView ]  unlockSurface: unlocking lock
11-15 19:16:07.696 D/navngo  ( 4986): [ NNG ]  OpenGL_LockSurface
11-15 19:16:07.696 D/navngo  ( 4986): [ GLMapView ]  lockSurface: locking mLock
11-15 19:16:07.696 D/navngo  ( 4986): [ NNG ]  OpenGL_PrepareBuffers
11-15 19:16:07.696 D/navngo  ( 4986): [ GLMapView ]  OpenGL_PrepareBuffers
11-15 19:16:07.696 D/navngo  ( 4986): [ GLMapView.Renderer ]  beginPaint BEGIN
11-15 19:16:07.696 D/navngo  ( 4986): [ GLMapView.Renderer ]  makeCurrentGL
11-15 19:16:07.696 D/navngo  ( 4986): [ GLMapView.Renderer ]  makeCurrentGL: already current
11-15 19:16:07.706 D/navngo  ( 4986): [ NNG ]  OpenGL_SwapBuffers
11-15 19:16:07.706 D/navngo  ( 4986): [ GLMapView ]  unlockSurface: unlocking lock
11-15 19:16:07.756 D/navngo  ( 4986): [ NNG ]  OpenGL_LockSurface
11-15 19:16:07.756 D/navngo  ( 4986): [ GLMapView ]  lockSurface: locking mLock
11-15 19:16:07.756 D/navngo  ( 4986): [ NNG ]  OpenGL_PrepareBuffers
11-15 19:16:07.756 D/navngo  ( 4986): [ GLMapView ]  OpenGL_PrepareBuffers
11-15 19:16:07.756 D/navngo  ( 4986): [ GLMapView.Renderer ]  beginPaint BEGIN
11-15 19:16:07.756 D/navngo  ( 4986): [ GLMapView.Renderer ]  makeCurrentGL
11-15 19:16:07.756 D/navngo  ( 4986): [ GLMapView.Renderer ]  makeCurrentGL: already current
11-15 19:16:07.766 D/navngo  ( 4986): [ NNG ]  OpenGL_SwapBuffers
11-15 19:16:07.766 D/navngo  ( 4986): [ GLMapView ]  unlockSurface: unlocking lock
11-15 19:16:07.816 D/navngo  ( 4986): [ NNG ]  OpenGL_LockSurface
11-15 19:16:07.816 D/navngo  ( 4986): [ GLMapView ]  lockSurface: locking mLock
11-15 19:16:07.816 D/navngo  ( 4986): [ NNG ]  OpenGL_PrepareBuffers
11-15 19:16:07.816 D/navngo  ( 4986): [ GLMapView ]  OpenGL_PrepareBuffers
11-15 19:16:07.816 D/navngo  ( 4986): [ GLMapView.Renderer ]  beginPaint BEGIN
11-15 19:16:07.816 D/navngo  ( 4986): [ GLMapView.Renderer ]  makeCurrentGL
11-15 19:16:07.816 D/navngo  ( 4986): [ GLMapView.Renderer ]  makeCurrentGL: already current
11-15 19:16:07.826 D/navngo  ( 4986): [ NNG ]  OpenGL_SwapBuffers
11-15 19:16:07.826 D/navngo  ( 4986): [ GLMapView ]  unlockSurface: unlocking lock
11-15 19:16:07.826 E/usb_diagnosis( 8759): TCU device Not exist
11-15 19:16:07.826 V/usb_diagnosis( 8759): TCU device isn't attached to host controller
11-15 19:16:07.826 V/usb_diagnosis( 8759): Head Unit is device mode...
11-15 19:16:07.846 E/DiagService( 2373): DTC Status : [MCH OPEN] 0, [MCH COMM] 0, [MCH ELEC] 0, [TCU OPEN] 1, [TCU COMM] 1, [TCU ELEC] 0, [LVDS TIMEOUT] 1, [LVDS COMM] 0, [LVDS ELEC] 0, [RVC COMM] 0
11-15 19:16:07.876 D/navngo  ( 4986): [ NNG ]  OpenGL_LockSurface
11-15 19:16:07.876 D/navngo  ( 4986): [ GLMapView ]  lockSurface: locking mLock
11-15 19:16:07.876 D/navngo  ( 4986): [ NNG ]  OpenGL_PrepareBuffers
11-15 19:16:07.876 D/navngo  ( 4986): [ GLMapView ]  OpenGL_PrepareBuffers
11-15 19:16:07.876 D/navngo  ( 4986): [ GLMapView.Renderer ]  beginPaint BEGIN
11-15 19:16:07.876 D/navngo  ( 4986): [ GLMapView.Renderer ]  makeCurrentGL
11-15 19:16:07.876 D/navngo  ( 4986): [ GLMapView.Renderer ]  makeCurrentGL: already current
11-15 19:16:07.886 D/navngo  ( 4986): [ NNG ]  OpenGL_SwapBuffers
11-15 19:16:07.886 D/navngo  ( 4986): [ GLMapView ]  unlockSurface: unlocking lock
11-15 19:16:07.936 D/navngo  ( 4986): [ NNG ]  OpenGL_LockSurface
11-15 19:16:07.936 D/navngo  ( 4986): [ GLMapView ]  lockSurface: locking mLock
11-15 19:16:07.936 D/navngo  ( 4986): [ NNG ]  OpenGL_PrepareBuffers
11-15 19:16:07.936 D/navngo  ( 4986): [ GLMapView ]  OpenGL_PrepareBuffers
11-15 19:16:07.936 D/navngo  ( 4986): [ GLMapView.Renderer ]  beginPaint BEGIN
11-15 19:16:07.936 D/navngo  ( 4986): [ GLMapView.Renderer ]  makeCurrentGL
11-15 19:16:07.936 D/navngo  ( 4986): [ GLMapView.Renderer ]  makeCurrentGL: already current
11-15 19:16:07.946 D/navngo  ( 4986): [ NNG ]  OpenGL_SwapBuffers
11-15 19:16:07.946 D/navngo  ( 4986): [ GLMapView ]  unlockSurface: unlocking lock
11-15 19:16:07.966 D/navngo  ( 4986): [ ServerRunner ]  todo: DO_LOCCHANGED_GPS
11-15 19:16:07.966 D/navngo  ( 4986): [ engine ] jni_nng.cpp JNI_NNG_GpsNmea:496 can't read an nmea sentence (of 25 bytes), the read buffer of the source is full, dropping the sentence
11-15 19:16:07.966 D/navngo  ( 4986): [ ServerRunner ]  todo: DO_LOCCHANGED_GPS
11-15 19:16:07.966 D/navngo  ( 4986): [ engine ] jni_nng.cpp JNI_NNG_GpsNmea:496 can't read an nmea sentence (of 21 bytes), the read buffer of the source is full, dropping the sentence
11-15 19:16:07.976 D/navngo  ( 4986): [ ServerRunner ]  todo: DO_LOCCHANGED_GPS
11-15 19:16:07.976 D/navngo  ( 4986): [ engine ] jni_nng.cpp JNI_NNG_GpsNmea:496 can't read an nmea sentence (of 33 bytes), the read buffer of the source is full, dropping the sentence
11-15 19:16:07.976 D/navngo  ( 4986): [ ServerRunner ]  todo: DO_LOCCHANGED_GPS
11-15 19:16:07.976 D/navngo  ( 4986): [ engine ] jni_nng.cpp JNI_NNG_GpsNmea:496 can't read an nmea sentence (of 45 bytes), the read buffer of the source is full, dropping the sentence
11-15 19:16:07.976 D/navngo  ( 4986): [ ServerRunner ]  todo: DO_LOCCHANGED_GPS
11-15 19:16:07.976 D/navngo  ( 4986): [ engine ] jni_nng.cpp JNI_NNG_GpsNmea:496 can't read an nmea sentence (of 45 bytes), the read buffer of the source is full, dropping the sentence
11-15 19:16:07.976 D/navngo  ( 4986): [ ServerRunner ]  todo: DO_LOCCHANGED_GPS
11-15 19:16:07.976 D/navngo  ( 4986): [ engine ] jni_nng.cpp JNI_NNG_GpsNmea:496 can't read an nmea sentence (of 18 bytes), the read buffer of the source is full, dropping the sentence
11-15 19:16:07.986 D/navngo  ( 4986): [ ServerRunner ]  todo: DO_LOCCHANGED_GPS
11-15 19:16:07.986 D/navngo  ( 4986): [ engine ] jni_nng.cpp JNI_NNG_GpsNmea:496 can't read an nmea sentence (of 18 bytes), the read buffer of the source is full, dropping the sentence
11-15 19:16:07.986 D/navngo  ( 4986): [ ServerRunner ]  todo: DO_LOCCHANGED_GPS
11-15 19:16:07.986 D/navngo  ( 4986): [ engine ] jni_nng.cpp JNI_NNG_GpsNmea:496 can't read an nmea sentence (of 20 bytes), the read buffer of the source is full, dropping the sentence
11-15 19:16:07.986 D/navngo  ( 4986): [ ServerRunner ]  todo: DO_LOCCHANGED_GPS
11-15 19:16:07.986 D/navngo  ( 4986): [ engine ] jni_nng.cpp JNI_NNG_GpsNmea:496 can't read an nmea sentence (of 26 bytes), the read buffer of the source is full, dropping the sentence
11-15 19:16:07.986 D/navngo  ( 4986): [ ServerRunner ]  todo: DO_LOCCHANGED_GPS
11-15 19:16:07.986 D/navngo  ( 4986): [ engine ] jni_nng.cpp JNI_NNG_GpsNmea:496 can't read an nmea sentence (of 26 bytes), the read buffer of the source is full, dropping the sentence
11-15 19:16:07.986 D/navngo  ( 4986): [ ServerRunner ]  todo: DO_LOCCHANGED_GPS
11-15 19:16:07.986 D/navngo  ( 4986): [ engine ] jni_nng.cpp JNI_NNG_GpsNmea:496 can't read an nmea sentence (of 41 bytes), the read buffer of the source is full, dropping the sentence
11-15 19:16:07.986 D/navngo  ( 4986): [ ServerRunner ]  todo: DO_LOCCHANGED_GPS
11-15 19:16:07.986 D/navngo  ( 4986): [ engine ] jni_nng.cpp JNI_NNG_GpsNmea:496 can't read an nmea sentence (of 14 bytes), the read buffer of the source is full, dropping the sentence
11-15 19:16:07.986 V/u-blox  ( 2307): ProcessEsfStatus: Current version is 2
11-15 19:16:07.986 V/u-blox  ( 2307): ProcessEsfStatus: p->initStatus1 >> 2: 0 sensor_ali_cal: 0
11-15 19:16:07.996 D/navngo  ( 4986): [ NNG ]  OpenGL_LockSurface
11-15 19:16:07.996 D/navngo  ( 4986): [ GLMapView ]  lockSurface: locking mLock
11-15 19:16:07.996 D/navngo  ( 4986): [ NNG ]  OpenGL_PrepareBuffers
11-15 19:16:07.996 D/navngo  ( 4986): [ GLMapView ]  OpenGL_PrepareBuffers
11-15 19:16:07.996 D/navngo  ( 4986): [ GLMapView.Renderer ]  beginPaint BEGIN
11-15 19:16:07.996 D/navngo  ( 4986): [ GLMapView.Renderer ]  makeCurrentGL
11-15 19:16:07.996 D/navngo  ( 4986): [ GLMapView.Renderer ]  makeCurrentGL: already current
11-15 19:16:08.006 D/navngo  ( 4986): [ NNG ]  OpenGL_SwapBuffers
11-15 19:16:08.006 D/navngo  ( 4986): [ GLMapView ]  unlockSurface: unlocking lock
11-15 19:16:08.066 D/navngo  ( 4986): [ strapon ] strapon_imp.cpp FinalizeLogLine:5543 UpdateFromGPS(958972259,256243125,t 1019,h 347.6,s 80.0064,e 0,ts 5933478,a 0) seg 69075043 at 4431cm dir 1, 114.318338,30.546554:352.705 dist 612cm prec 18.4 rel 0.25
11-15 19:16:08.066 D/navngo  ( 4986): [ tripcomputer ] tripdata.cpp Update:345 TRIPDATA::Update - Skipping... nSecAccel: 17, nSecAccel2: 17
11-15 19:16:08.066 D/navngo  ( 4986): [ tripcomputer ] tripdata.cpp Update:345 TRIPDATA::Update - Skipping... nSecAccel: 17, nSecAccel2: 17
11-15 19:16:08.066 D/navngo  ( 4986): [ adasis ] adasis_horizon_provider.cpp SendRemainingSegments:952 SendStub crossing id 6 parent 8 offset 225 angle 1 frc 3 fow 2 route 0 last 0
11-15 19:16:08.066 D/navngo  ( 4986): [ AdasFunctors ]  sending ADASIS message skipped, AdasisService instance is null
11-15 19:16:08.066 D/navngo  ( 4986): [ adasis ] adasis_horizon_provider.cpp SendRemainingSegments:952 SendStub crossing id 5 parent 8 offset 225 angle 64 frc 5 fow 3 route 0 last 1
11-15 19:16:08.066 D/navngo  ( 4986): [ adasis ] adasis_horizon_provider.cpp SendPosition:785 SendPosition offset 44 speed 175 heading 255 confidence 4
11-15 19:16:08.066 D/navngo  ( 4986): [ EngineHelper ]  feedback
11-15 19:16:08.066 D/navngo  ( 4986): [ MMResultInfoService ]  feedback
11-15 19:16:08.066 I/u-blox  ( 2307): CUdsServer::recvPath: socket connected fd=208
11-15 19:16:08.066 V/u-blox  ( 2307): CUdsServer::recvPath: Receiving data (36)
11-15 19:16:08.066 V/u-blox  ( 2307): handleUdsInput: Received something over UDS! 36 B5 62 0B 05
11-15 19:16:08.066 V/u-blox  ( 2307): handleUdsInput: Looks like MM feedback data!
11-15 19:16:08.066 V/u-blox  ( 2307): nng_mapMatchingFeedback: Reecieved NNG MM data. Size: 36
11-15 19:16:08.066 V/u-blox  ( 2307): nng_mapMatchingFeedback: MM data macthcing expected size
11-15 19:16:08.066 V/u-blox  ( 2307): nng_mapMatchingFeedback: Poll PVT data: iTow=5935500, fixType=0, hAcc=152088400, flags2=6
11-15 19:16:08.076 D/navngo  ( 4986): [ ui_common ] androidgo_ui.cpp CallMethod:93 FFUI, received remote call: 'android.adas.set_speedcam_display' !
11-15 19:16:08.076 D/navngo  ( 4986): [ AdasFunctors ]  setSpeedcamDisplayRequest()
11-15 19:16:08.076 D/navngo  ( 4986): [ RadnavVehicleSpeedDriver ]  RadnavChina speed value=-1
11-15 19:16:08.076 D/navngo  ( 4986): [ RadnavVehicleSpeedDriver ]  RadnavChina speed value=-1
11-15 19:16:08.076 D/navngo  ( 4986): [ NNG ]  OpenGL_LockSurface
11-15 19:16:08.076 D/navngo  ( 4986): [ GLMapView ]  lockSurface: locking mLock
11-15 19:16:08.076 D/navngo  ( 4986): [ NNG ]  OpenGL_PrepareBuffers
11-15 19:16:08.076 D/navngo  ( 4986): [ GLMapView ]  OpenGL_PrepareBuffers
11-15 19:16:08.076 D/navngo  ( 4986): [ GLMapView.Renderer ]  beginPaint BEGIN
11-15 19:16:08.076 D/navngo  ( 4986): [ GLMapView.Renderer ]  makeCurrentGL
11-15 19:16:08.076 D/navngo  ( 4986): [ GLMapView.Renderer ]  makeCurrentGL: already current
11-15 19:16:08.086 D/navngo  ( 4986): [ NNG ]  OpenGL_SwapBuffers
11-15 19:16:08.086 D/navngo  ( 4986): [ GLMapView ]  unlockSurface: unlocking lock
11-15 19:16:08.086 D/navngo  ( 4986): [ AdasFunctors ]  sending ADASIS message skipped, AdasisService instance is null
11-15 19:16:08.096 D/dalvikvm( 2373): GC_CONCURRENT freed 388K, 24% free 3162K/4128K, paused 2ms+3ms
11-15 19:16:08.106 D/navngo  ( 4986): [ AdasFunctors ]  sending ADASIS message skipped, AdasisService instance is null
11-15 19:16:08.116 D/navngo  ( 4986): [ NNG ]  OpenGL_LockSurface
11-15 19:16:08.116 D/navngo  ( 4986): [ GLMapView ]  lockSurface: locking mLock
11-15 19:16:08.116 D/navngo  ( 4986): [ NNG ]  OpenGL_PrepareBuffers
11-15 19:16:08.116 D/navngo  ( 4986): [ GLMapView ]  OpenGL_PrepareBuffers
11-15 19:16:08.116 D/navngo  ( 4986): [ GLMapView.Renderer ]  beginPaint BEGIN
11-15 19:16:08.116 D/navngo  ( 4986): [ GLMapView.Renderer ]  makeCurrentGL
11-15 19:16:08.116 D/navngo  ( 4986): [ GLMapView.Renderer ]  makeCurrentGL: already current
11-15 19:16:08.126 D/navngo  ( 4986): [ NNG ]  OpenGL_SwapBuffers
11-15 19:16:08.126 D/navngo  ( 4986): [ GLMapView ]  unlockSurface: unlocking lock
11-15 19:16:08.176 D/navngo  ( 4986): [ NNG ]  OpenGL_LockSurface
11-15 19:16:08.176 D/navngo  ( 4986): [ GLMapView ]  lockSurface: locking mLock
11-15 19:16:08.176 D/navngo  ( 4986): [ NNG ]  OpenGL_PrepareBuffers
11-15 19:16:08.176 D/navngo  ( 4986): [ GLMapView ]  OpenGL_PrepareBuffers
11-15 19:16:08.176 D/navngo  ( 4986): [ GLMapView.Renderer ]  beginPaint BEGIN
11-15 19:16:08.176 D/navngo  ( 4986): [ GLMapView.Renderer ]  makeCurrentGL
11-15 19:16:08.176 D/navngo  ( 4986): [ GLMapView.Renderer ]  makeCurrentGL: already current
11-15 19:16:08.186 D/navngo  ( 4986): [ NNG ]  OpenGL_SwapBuffers
11-15 19:16:08.186 D/navngo  ( 4986): [ GLMapView ]  unlockSurface: unlocking lock
11-15 19:16:08.236 D/navngo  ( 4986): [ NNG ]  OpenGL_LockSurface
11-15 19:16:08.236 D/navngo  ( 4986): [ GLMapView ]  lockSurface: locking mLock
11-15 19:16:08.236 D/navngo  ( 4986): [ NNG ]  OpenGL_PrepareBuffers
11-15 19:16:08.236 D/navngo  ( 4986): [ GLMapView ]  OpenGL_PrepareBuffers
11-15 19:16:08.236 D/navngo  ( 4986): [ GLMapView.Renderer ]  beginPaint BEGIN
11-15 19:16:08.236 D/navngo  ( 4986): [ GLMapView.Renderer ]  makeCurrentGL
11-15 19:16:08.236 D/navngo  ( 4986): [ GLMapView.Renderer ]  makeCurrentGL: already current
11-15 19:16:08.246 D/navngo  ( 4986): [ NNG ]  OpenGL_SwapBuffers
11-15 19:16:08.246 D/navngo  ( 4986): [ GLMapView ]  unlockSurface: unlocking lock
11-15 19:16:08.296 D/navngo  ( 4986): [ NNG ]  OpenGL_LockSurface
11-15 19:16:08.296 D/navngo  ( 4986): [ GLMapView ]  lockSurface: locking mLock
11-15 19:16:08.296 D/navngo  ( 4986): [ NNG ]  OpenGL_PrepareBuffers
11-15 19:16:08.296 D/navngo  ( 4986): [ GLMapView ]  OpenGL_PrepareBuffers
11-15 19:16:08.296 D/navngo  ( 4986): [ GLMapView.Renderer ]  beginPaint BEGIN
11-15 19:16:08.296 D/navngo  ( 4986): [ GLMapView.Renderer ]  makeCurrentGL
11-15 19:16:08.296 D/navngo  ( 4986): [ GLMapView.Renderer ]  makeCurrentGL: already current
11-15 19:16:08.306 D/navngo  ( 4986): [ NNG ]  OpenGL_SwapBuffers
11-15 19:16:08.306 D/navngo  ( 4986): [ GLMapView ]  unlockSurface: unlocking lock
11-15 19:16:08.356 D/navngo  ( 4986): [ NNG ]  OpenGL_LockSurface
11-15 19:16:08.356 D/navngo  ( 4986): [ GLMapView ]  lockSurface: locking mLock
11-15 19:16:08.356 D/navngo  ( 4986): [ NNG ]  OpenGL_PrepareBuffers
11-15 19:16:08.356 D/navngo  ( 4986): [ GLMapView ]  OpenGL_PrepareBuffers
11-15 19:16:08.356 D/navngo  ( 4986): [ GLMapView.Renderer ]  beginPaint BEGIN
11-15 19:16:08.356 D/navngo  ( 4986): [ GLMapView.Renderer ]  makeCurrentGL
11-15 19:16:08.356 D/navngo  ( 4986): [ GLMapView.Renderer ]  makeCurrentGL: already current
11-15 19:16:08.366 D/navngo  ( 4986): [ NNG ]  OpenGL_SwapBuffers
11-15 19:16:08.366 D/navngo  ( 4986): [ GLMapView ]  unlockSurface: unlocking lock
11-15 19:16:08.416 D/navngo  ( 4986): [ AdasFunctors ]  sending ADASIS message skipped, AdasisService instance is null
11-15 19:16:08.416 D/navngo  ( 4986): [ NNG ]  OpenGL_LockSurface
11-15 19:16:08.416 D/navngo  ( 4986): [ GLMapView ]  lockSurface: locking mLock
11-15 19:16:08.416 D/navngo  ( 4986): [ NNG ]  OpenGL_PrepareBuffers
