01-18 06:29:31.300 V/Log     ( 1978): updateLogLevels: IPodNowPlayingListScanner=4
01-18 06:29:31.300 V/Log     ( 1978): updateLogLevels: BlankActivity=4
01-18 06:29:31.300 V/Log     ( 1978): updateLogLevels: MediaResetReceiver=4
01-18 06:29:31.300 V/Log     ( 1978): updateLogLevels: CoverFlowLayout=4
01-18 06:29:31.300 V/Log     ( 1978): updateLogLevels: SystemServerEx=4
01-18 06:29:31.300 V/Log     ( 1978): updateLogLevels: LastValueCollector=4
01-18 06:29:31.300 V/Log     ( 1978): updateLogLevels: DIAGRW=4
01-18 06:29:31.300 V/Log     ( 1978): updateLogLevels: PagerAdapter=4
01-18 06:29:31.300 V/Log     ( 1978): updateLogLevels: TpmsService=4
01-18 06:29:31.300 V/Log     ( 1978): updateLogLevels: TextToSpeech=4
01-18 06:29:31.300 V/Log     ( 1978): updateLogLevels: modeManager=4
01-18 06:29:31.300 V/Log     ( 1978): updateLogLevels: UpgradeState=4
01-18 06:29:31.300 V/Log     ( 1978): updateLogLevels: IviProgressDialog=4
01-18 06:29:31.300 V/Log     ( 1978): updateLogLevels: IviOnOffSlider=4
01-18 06:29:31.300 V/Log     ( 1978): updateLogLevels: NaviManagerService=4
01-18 06:29:31.300 V/Log     ( 1978): updateLogLevels: PersonalizationManager=4
01-18 06:29:31.300 V/Log     ( 1978): updateLogLevels: BootMedia=4
01-18 06:29:31.300 V/Log     ( 1978): updateLogLevels: Phone=4
01-18 06:29:31.300 V/Log     ( 1978): updateLogLevels: MEDIASOUNDSETTING=4
01-18 06:29:31.300 V/Log     ( 1978): updateLogLevels: TTS_LANGDB=4
01-18 06:29:31.300 V/Log     ( 1978): updateLogLevels: IviStatusBar=4
01-18 06:29:31.300 V/Log     ( 1978): updateLogLevels: VUIService=4
01-18 06:29:31.300 V/Log     ( 1978): updateLogLevels: NowPlayingCursor=4
01-18 06:29:31.300 V/Log     ( 1978): updateLogLevels: LdsShareActivity=4
01-18 06:29:31.300 V/Log     ( 1978): updateLogLevels: VUIBootCompletedReceiver=4
01-18 06:29:31.300 V/Log     ( 1978): updateLogLevels: ipod_daemon_2=4
01-18 06:29:31.300 V/Log     ( 1978): updateLogLevels: DebuggingOption=4
01-18 06:29:31.300 V/Log     ( 1978): updateLogLevels: ADASSETTING=4
01-18 06:29:31.300 V/Log     ( 1978): updateLogLevels: BTManager=4
01-18 06:29:31.300 V/Log     ( 1978): updateLogLevels: CoverFlowListAdapter=4
01-18 06:29:31.300 V/Log     ( 1978): updateLogLevels: IviDatePicker=4
01-18 06:29:31.300 V/Log     ( 1978): updateLogLevels: MediaSourceListActivity=4
01-18 06:29:31.300 V/Log     ( 1978): updateLogLevels: UpgradeChecker=4
01-18 06:29:31.300 V/Log     ( 1978): updateLogLevels: ONBOARDCOMPUTER=4
01-18 06:29:31.300 V/Log     ( 1978): updateLogLevels: RVCCONTROL=4
01-18 06:29:31.300 V/Log     ( 1978): updateLogLevels: BasePlayer=4
01-18 06:29:31.300 V/Log     ( 1978): updateLogLevels: BluetoothManager=4
01-18 06:29:31.300 V/Log     ( 1978): updateLogLevels: INSIDELIGHTAMBIANCE=4
01-18 06:29:31.300 V/Log     ( 1978): updateLogLevels: FakeFocusableLinearLayout=4
01-18 06:29:31.300 V/Log     ( 1978): updateLogLevels: IviHvacExpnadView=4
01-18 06:29:31.300 V/Log     ( 1978): updateLogLevels: VECIAppHelpMgr=4
01-18 06:29:31.300 V/Log     ( 1978): updateLogLevels: IviHvacBarView=4
01-18 06:29:31.300 V/Log     ( 1978): updateLogLevels: VolumeLevelView=4
01-18 06:29:31.300 V/Log     ( 1978): updateLogLevels: VOLUME=4
01-18 06:29:31.300 V/Log     ( 1978): updateLogLevels: AVRCPConnectionReceiver=4
01-18 06:29:31.300 V/Log     ( 1978): updateLogLevels: WindowSystemUiController=4
01-18 06:29:31.300 V/Log     ( 1978): updateLogLevels: PARKASSIST=4
01-18 06:29:31.300 V/Log     ( 1978): updateLogLevels: MenuCSW=4
01-18 06:29:31.300 V/Log     ( 1978): updateLogLevels: VECIAppMusicMgr=4
01-18 06:29:31.300 V/Log     ( 1978): updateLogLevels: PodcastListActivity=4
01-18 06:29:31.300 V/Log     ( 1978): updateLogLevels: CategoryActivity=4
01-18 06:29:31.300 V/Log     ( 1978): updateLogLevels: ArtistListActivity=4
01-18 06:29:31.300 V/Log     ( 1978): updateLogLevels: ProfilePreferences=4
01-18 06:29:31.300 V/Log     ( 1978): updateLogLevels: SEATSETTING=4
01-18 06:29:31.300 V/Log     ( 1978): updateLogLevels: IviListView=4
01-18 06:29:31.300 V/Log     ( 1978): updateLogLevels: modeManager_listener=4
01-18 06:29:31.300 V/Log     ( 1978): updateLogLevels: IviKeyManager=4
01-18 06:29:31.300 V/Log     ( 1978): updateLogLevels: UPM=4
01-18 06:29:31.300 V/Log     ( 1978): updateLogLevels: ClusterTab=4
01-18 06:29:31.300 V/Log     ( 1978): updateLogLevels: AudiobookListActivity=4
01-18 06:29:31.300 V/Log     ( 1978): updateLogLevels: SearchActivity=4
01-18 06:29:31.300 V/Log     ( 1978): updateLogLevels: PlaylistSongListActivity=4
01-18 06:29:31.300 V/Log     ( 1978): updateLogLevels: CLOCKSETTING=4
01-18 06:29:31.300 V/Log     ( 1978): updateLogLevels: VECIAppWidgetMgr=4
01-18 06:29:31.300 V/Log     ( 1978): updateLogLevels: MpdtMessageFactory=4
01-18 06:29:31.300 V/Log     ( 1978): updateLogLevels: LAUNCHER=4
01-18 06:29:31.300 V/Log     ( 1978): updateLogLevels: MEX=4
01-18 06:29:31.300 V/Log     ( 1978): updateLogLevels: AudiobookChapterListActivity=4
01-18 06:29:31.300 V/Log     ( 1978): updateLogLevels: StatusBarIconView=4
01-18 06:29:31.300 V/Log     ( 1978): updateLogLevels: CdSongsActivity=4
01-18 06:29:31.300 V/Log     ( 1978): updateLogLevels: ComposerListActivity=4
01-18 06:29:31.300 V/Log     ( 1978): updateLogLevels: DIGITALRADIO=4
01-18 06:29:31.300 V/Log     ( 1978): updateLogLevels: ProfileProvider=4
01-18 06:29:31.300 V/Log     ( 1978): updateLogLevels: Bluego_native=4
01-18 06:29:31.300 V/Log     ( 1978): updateLogLevels: IviAlertDialog=4
01-18 06:29:31.300 V/Log     ( 1978): updateLogLevels: MusicUtils=4
01-18 06:29:31.300 V/Log     ( 1978): updateLogLevels: UnballastController=4
01-18 06:29:31.300 V/Log     ( 1978): updateLogLevels: DRIVINGECO2=4
01-18 06:29:31.300 V/Log     ( 1978): updateLogLevels: MicomWrapper=4
01-18 06:29:31.300 V/Log     ( 1978): updateLogLevels: RadioService=4
01-18 06:29:31.300 V/Log     ( 1978): updateLogLevels: AIRQUALITY=4
01-18 06:29:31.300 V/Log     ( 1978): updateLogLevels: MediaDBController=4
01-18 06:29:31.300 V/Log     ( 1978): updateLogLevels: MediaPlaybackFragment=4
01-18 06:29:31.300 V/Log     ( 1978): updateLogLevels: ConnectionStatus=4
01-18 06:29:31.300 V/Log     ( 1978): updateLogLevels: DISPLAYSETTINGS=4
01-18 06:29:31.300 V/Log     ( 1978): updateLogLevels: LdsInitActivity=4
01-18 06:29:31.300 V/Log     ( 1978): updateLogLevels: PodcastEpisodeListActivity=4
01-18 06:29:31.300 V/Log     ( 1978): updateLogLevels: GpsOff=4
01-18 06:29:31.300 V/Log     ( 1978): updateLogLevels: VRCommandIntentReceiver=4
01-18 06:29:31.300 V/Log     ( 1978): updateLogLevels: FileBrowserActivity=4
01-18 06:29:31.300 V/Log     ( 1978): updateLogLevels: PlayerPosCalibrator=4
01-18 06:29:31.300 V/Log     ( 1978): updateLogLevels: DigitalRadioService=4
01-18 06:29:31.300 V/Log     ( 1978): updateLogLevels: Ipod_X=4
01-18 06:29:31.300 V/Log     ( 1978): updateLogLevels: DeviceUtils=4
01-18 06:29:31.300 V/Log     ( 1978): updateLogLevels: LocalMediaQueryHandler=4
01-18 06:29:31.300 V/Log     ( 1978): updateLogLevels: IviTabWidget=4
01-18 06:29:31.300 V/Log     ( 1978): updateLogLevels: CdBrowserActivity=4
01-18 06:29:31.300 V/Log     ( 1978): updateLogLevels: IPodPlayer=4
01-18 06:29:31.300 V/Log     ( 1978): updateLogLevels: VirginLockScreen=4
01-18 06:29:31.300 V/Log     ( 1978): updateLogLevels: Suspend=4
01-18 06:29:31.300 V/Log     ( 1978): updateLogLevels: MEDIAAUDIOWIDGET=4
01-18 06:29:31.300 V/Log     ( 1978): updateLogLevels: MexService=4
01-18 06:29:31.300 V/Log     ( 1978): updateLogLevels: BaseLdsActivity=4
01-18 06:29:31.300 V/Log     ( 1978): updateLogLevels: AdasService=4
01-18 06:29:31.300 V/Log     ( 1978): updateLogLevels: StatusBar_CommandQueue=4
01-18 06:29:31.300 V/Log     ( 1978): updateLogLevels: LdsHelpActivity=4
01-18 06:29:31.300 V/Log     ( 1978): updateLogLevels: IPodNowPlayingCursor=4
01-18 06:29:31.300 V/Log     ( 1978): updateLogLevels: UNIT=4
01-18 06:29:31.300 V/Log     ( 1978): updateLogLevels: MusicBrowserActivity=4
01-18 06:29:31.300 V/Log     ( 1978): updateLogLevels: BluetoothOn=4
01-18 06:29:31.300 V/Log     ( 1978): updateLogLevels: UnmountController=4
01-18 06:29:31.300 V/Log     ( 1978): updateLogLevels: ComposerSongListActivity=4
01-18 06:29:31.300 V/Log     ( 1978): updateLogLevels: TcuDataTracker=4
01-18 06:29:31.300 V/Log     ( 1978): updateLogLevels: WRSIPod_X=4
01-18 06:29:31.300 V/Log     ( 1978): updateLogLevels: CoverFlowAdapter=4
01-18 06:29:31.300 V/Log     ( 1978): updateLogLevels: InputManagerService=4
01-18 06:29:31.300 V/Log     ( 1978): updateLogLevels: AlbumListActivity=4
01-18 06:29:31.300 V/Log     ( 1978): updateLogLevels: USERPROFILE=4
01-18 06:29:31.300 V/Log     ( 1978): updateLogLevels: SuspendUevent=4
01-18 06:29:31.300 V/Log     ( 1978): updateLogLevels: RearModeDialog=4
01-18 06:29:31.300 V/Log     ( 1978): updateLogLevels: CDPlayer=4
01-18 06:29:31.300 V/Log     ( 1978): updateLogLevels: LdsConsentNoActivity=4
01-18 06:29:31.300 V/Log     ( 1978): updateLogLevels: StatusBar_NetworkController=4
01-18 06:29:31.300 V/Log     ( 1978): updateLogLevels: IviSeekBarEx=4
01-18 06:29:31.300 V/Log     ( 1978): updateLogLevels: MenuGridApapter=4
01-18 06:29:31.300 V/Log     ( 1978): updateLogLevels: CompassInfo=4
01-18 06:29:31.300 V/Log     ( 1978): updateLogLevels: PIMService=4
01-18 06:29:31.300 V/Log     ( 1978): updateLogLevels: TextToSpeechService=4
01-18 06:29:31.300 V/Log     ( 1978): updateLogLevels: MAGICFOLDING=4
01-18 06:29:31.300 V/Log     ( 1978): updateLogLevels: LdsInfoActivity=4
01-18 06:29:31.300 V/Log     ( 1978): updateLogLevels: OnOffService=4
01-18 06:29:31.300 V/Log     ( 1978): updateLogLevels: VUISCRView=4
01-18 06:29:31.300 V/Log     ( 1978): updateLogLevels: AudioModePolicy=4
01-18 06:29:31.300 V/Log     ( 1978): updateLogLevels: VehicleManager=4
01-18 06:29:31.300 V/Log     ( 1978): updateLogLevels: IPodManager=4
01-18 06:29:31.300 V/Log     ( 1978): updateLogLevels: Bluegoservice=4
01-18 06:29:31.300 V/Log     ( 1978): updateLogLevels: TTS_Daemon=4
01-18 06:29:31.300 V/Log     ( 1978): updateLogLevels: FAdasisV2=4
01-18 06:29:31.300 V/Log     ( 1978): updateLogLevels: OnOffManager=4
01-18 06:29:31.300 V/Log     ( 1978): updateLogLevels: TTS_AudioPlaybackHandler=4
01-18 06:29:31.300 V/Log     ( 1978): updateLogLevels: IviTimePicker=4
01-18 06:29:31.300 V/Log     ( 1978): updateLogLevels: ENGINEERMODE=4
01-18 06:29:31.300 V/Log     ( 1978): updateLogLevels: modeManager_wrapper=4
01-18 06:29:31.300 V/Log     ( 1978): updateLogLevels: NUANCEVautoEngine=4
01-18 06:29:31.300 V/Log     ( 1978): updateLogLevels: VOICECOMMAND=4
01-18 06:29:31.300 V/Log     ( 1978): updateLogLevels: MediaPlaybackActivity=4
01-18 06:29:31.300 V/Log     ( 1978): updateLogLevels: CoverFlowView=4
01-18 06:29:31.300 V/Log     ( 1978): updateLogLevels: BaseMusicActivity=4
01-18 06:29:31.300 V/Log     ( 1978): updateLogLevels: RVCGUIDELINETUNING=4
01-18 06:29:31.300 V/Log     ( 1978): updateLogLevels: DiagService=4
01-18 06:29:31.300 V/Log     ( 1978): updateLogLevels: APPMANAGEMENT=4
01-18 06:29:31.300 V/Log     ( 1978): updateLogLevels: SystemDialogBase=4
01-18 06:29:31.300 V/Log     ( 1978): updateLogLevels: AlbumSongListActivity=4
01-18 06:29:31.300 V/Log     ( 1978): updateLogLevels: modeManager_modeStatus=4
01-18 06:29:31.300 V/Log     ( 1978): updateLogLevels: micomManager_wrapper=4
01-18 06:29:31.300 V/Log     ( 1978): updateLogLevels: CurrentListFragment=4
01-18 06:29:31.300 V/Log     ( 1978): updateLogLevels: ListUpdateScheduler=4
01-18 06:29:31.300 V/Log     ( 1978): updateLogLevels: micomManager=4
01-18 06:29:31.300 V/Log     ( 1978): updateLogLevels: VECIAppRadioMgr=4
01-18 06:29:31.300 V/Log     ( 1978): updateLogLevels: GpsOn=4
01-18 06:29:31.300 V/Log     ( 1978): updateLogLevels: UEventHandler=4
01-18 06:29:31.300 V/Log     ( 1978): updateLogLevels: VECIAppBase=4
01-18 06:29:31.300 V/Log     ( 1978): updateLogLevels: DummyPlayer=4
01-18 06:29:31.300 V/Log     ( 1978): updateLogLevels: IviTaggedListAdapter=4
01-18 06:29:31.300 V/Log     ( 1978): updateLogLevels: PlayInfoPopup=4
01-18 06:29:31.300 V/Log     ( 1978): updateLogLevels: IviKeyService=4
01-18 06:29:31.300 V/Log     ( 1978): updateLogLevels: PlaylistListActivity=4
01-18 06:29:31.300 V/Log     ( 1978): updateLogLevels: IviStatusBarView=4
01-18 06:29:31.300 V/Log     ( 1978): updateLogLevels: IviNavigationBarView=4
01-18 06:29:31.300 V/Log     ( 1978): updateLogLevels: OptionMenuHelper=4
01-18 06:29:31.300 V/Log     ( 1978): updateLogLevels: CDQueryHandler=4
01-18 06:29:31.300 V/Log     ( 1978): updateLogLevels: TPMS=4
01-18 06:29:31.300 V/Log     ( 1978): updateLogLevels: IviRadioButton=4
01-18 06:29:31.300 V/Log     ( 1978): updateLogLevels: LdsSettingActivity=4
01-18 06:29:31.300 V/Log     ( 1978): updateLogLevels: ConfigurationManager=4
01-18 06:29:31.300 V/Log     ( 1978): updateLogLevels: MENU=4
01-18 06:29:31.300 V/Log     ( 1978): updateLogLevels: MexInitialDataSync=4
01-18 06:29:31.300 V/Log     ( 1978): updateLogLevels: VECIAppDestinationMgr=4
01-18 06:29:31.300 V/Log     ( 1978): updateLogLevels: ProfileService=4
01-18 06:29:31.300 V/Log     ( 1978): updateLogLevels: IviSwitchEx=4
01-18 06:29:31.300 V/Log     ( 1978): updateLogLevels: PersonalizationService=4
01-18 06:29:31.300 V/Log     ( 1978): updateLogLevels: BluetoothOff=4
01-18 06:29:31.300 V/Log     ( 1978): updateLogLevels: FAST_RVC_TIME=4
01-18 06:29:31.300 V/Log     ( 1978): updateLogLevels: IviServer=4
01-18 06:29:31.300 V/Log     ( 1978): updateLogLevels: MediaButtonIntentReceiver=4
01-18 06:29:31.300 V/Log     ( 1978): updateLogLevels: MexStartValueCollector=4
01-18 06:29:31.300 W/ConfigurationManagerBase( 1978): /virgin/configuration/Map_code: may not exist yet
01-18 06:29:31.300 E/ConfigurationManagerBase( 1978): Map_code data load for TESTMODE
01-18 06:29:31.320 D/dalvikvm( 1978): GC_EXPLICIT freed 119K, 13% free 2195K/2500K, paused 2ms+2ms
01-18 06:29:31.320 W/ConfigurationManagerBase( 1978): /virgin/configuration/Touchscreen_parameters: may not exist yet
01-18 06:29:31.330 E/ConfigurationManagerBase( 1978): Touchscreen_parameters data load for TESTMODE
01-18 06:29:31.330 W/ConfigurationManagerBase( 1978): /virgin/configuration/MMI_Language: may not exist yet
01-18 06:29:31.330 E/ConfigurationManagerBase( 1978): MMI_Language data load for TESTMODE
01-18 06:29:31.330 W/ConfigurationManagerBase( 1978): /virgin/configuration/Car: may not exist yet
01-18 06:29:31.330 E/ConfigurationManagerBase( 1978): Car data load for TESTMODE
01-18 06:29:31.330 I/ConfigurationManagerBase( 1978): configuration data from /virgin/configuration/ADAS loaded for ADAS
01-18 06:29:31.330 W/ConfigurationManagerBase( 1978): /virgin/configuration/Antitheft_activation: may not exist yet
01-18 06:29:31.330 E/ConfigurationManagerBase( 1978): Antitheft_activation data load for TESTMODE
01-18 06:29:31.330 W/ConfigurationManagerBase( 1978): /virgin/configuration/Temperature_Display: may not exist yet
01-18 06:29:31.330 E/ConfigurationManagerBase( 1978): Temperature_Display data load for TESTMODE
01-18 06:29:31.330 W/ConfigurationManagerBase( 1978): /virgin/configuration/Unballast: may not exist yet
01-18 06:29:31.330 E/ConfigurationManagerBase( 1978): Unballast data load for TESTMODE
01-18 06:29:31.330 W/ConfigurationManagerBase( 1978): /virgin/configuration/Time_Format: may not exist yet
01-18 06:29:31.330 E/ConfigurationManagerBase( 1978): Time_Format data load for TESTMODE
01-18 06:29:31.330 I/ConfigurationManagerBase( 1978): configuration data from /virgin/configuration/Connectivity loaded for Connectivity
01-18 06:29:31.330 I/ConfigurationManagerBase( 1978): configuration data from /virgin/configuration/ECU loaded for ECU
01-18 06:29:31.330 W/ConfigurationManagerBase( 1978): /virgin/configuration/Nav_Function_Enable: may not exist yet
01-18 06:29:31.330 E/ConfigurationManagerBase( 1978): Nav_Function_Enable data load for TESTMODE
01-18 06:29:31.330 W/ConfigurationManagerBase( 1978): /virgin/configuration/AMFM_Radio_Country: may not exist yet
01-18 06:29:31.330 E/ConfigurationManagerBase( 1978): AMFM_Radio_Country data load for TESTMODE
01-18 06:29:31.330 I/ConfigurationManagerBase( 1978): configuration data from /virgin/configuration/HMI loaded for HMI
01-18 06:29:31.330 I/ConfigurationManagerBase( 1978): configuration data from /virgin/configuration/Display_Distance loaded for Display_Distance
01-18 06:29:31.340 I/ConfigurationManagerBase( 1978): configuration data from /virgin/configuration/Tyre_Pressure_Display loaded for Tyre_Pressure_Display
01-18 06:29:31.340 I/ConfigurationManagerBase( 1978): configuration data from /virgin/configuration/Display_parameters loaded for Display_parameters
01-18 06:29:31.360 D/dalvikvm( 1978): GC_EXPLICIT freed 41K, 12% free 2211K/2500K, paused 1ms+2ms
01-18 06:29:31.360 I/ConfigurationManagerBase( 1978): configuration data from /virgin/configuration/MEX loaded for MEX
01-18 06:29:31.360 I/ConfigurationManagerBase( 1978): configuration data from /virgin/configuration/ESE_ANC_Activation loaded for ESE_ANC_Activation
01-18 06:29:31.360 I/ConfigurationManagerBase( 1978): configuration data from /virgin/configuration/GEN1_1 loaded for GEN1_1
01-18 06:29:31.360 W/ConfigurationManagerBase( 1978): /virgin/configuration/GEN2_0: may not exist yet
01-18 06:29:31.360 E/ConfigurationManagerBase( 1978): GEN2_0 data load for TESTMODE
01-18 06:29:31.360 W/ConfigurationManagerBase( 1978): /virgin/configuration/Guideline_parameters: may not exist yet
01-18 06:29:31.360 E/ConfigurationManagerBase( 1978): Guideline_parameters data load for TESTMODE
01-18 06:29:31.360 W/ConfigurationManagerBase( 1978): /virgin/configuration/China: may not exist yet
01-18 06:29:31.360 E/ConfigurationManagerBase( 1978): China data load for TESTMODE
01-18 06:29:31.360 I/ConfigurationManagerBase( 1978): configuration data from /virgin/configuration/AHA loaded for AHA
01-18 06:29:31.360 I/Zygote  ( 1978): ...preloaded 2329 classes in 5588ms.
01-18 06:29:31.390 D/dalvikvm( 1978): GC_EXPLICIT freed 33K, 12% free 2211K/2504K, paused 2ms+2ms
01-18 06:29:31.390 I/Zygote  ( 1978): Preloading resources...
01-18 06:29:31.390 I/Zygote  ( 1978): ...preloaded 0 resources in 1ms.
01-18 06:29:31.390 I/Zygote  ( 1978): ...preloaded 0 resources in 0ms.
01-18 06:29:31.410 D/dalvikvm( 1978): GC_EXPLICIT freed 2K, 12% free 2210K/2504K, paused 1ms+2ms
01-18 06:29:31.430 D/dalvikvm( 1978): GC_EXPLICIT freed <1K, 12% free 2210K/2504K, paused 2ms+1ms
01-18 06:29:31.450 D/dalvikvm( 1978): GC_EXPLICIT freed <1K, 12% free 2210K/2504K, paused 1ms+2ms
01-18 06:29:31.470 I/dalvikvm( 1978): System server process 2163 has been created
01-18 06:29:31.490 I/Zygote  ( 1978): Accepting command socket connections
01-18 06:29:31.560 E/BatteryService( 2163): acOnlinePath not found
01-18 06:29:31.560 E/BatteryService( 2163): usbOnlinePath not found
01-18 06:29:31.560 E/BatteryService( 2163): batteryStatusPath not found
01-18 06:29:31.560 E/BatteryService( 2163): batteryHealthPath not found
01-18 06:29:31.560 E/BatteryService( 2163): batteryPresentPath not found
01-18 06:29:31.560 E/BatteryService( 2163): batteryCapacityPath not found
01-18 06:29:31.560 E/BatteryService( 2163): batteryVoltagePath not found
01-18 06:29:31.560 E/BatteryService( 2163): batteryTemperaturePath not found
01-18 06:29:31.560 E/BatteryService( 2163): batteryTechnologyPath not found
01-18 06:29:31.570 I/sysproc ( 2163): Entered system_init()
01-18 06:29:31.570 I/sysproc ( 2163): ServiceManager: 0x1127c78
01-18 06:29:31.570 D/SensorService( 2163): nuSensorService starting...
01-18 06:29:31.570 E/SensorService( 2163): couldn't load sensors module (No such file or directory)
01-18 06:29:31.570 I/sysproc ( 2163): System server: starting Android runtime.
01-18 06:29:31.570 I/sysproc ( 2163): System server: starting Android services.
01-18 06:29:31.570 I/sysproc ( 2163): System server: entering thread pool.
01-18 06:29:31.570 I/SystemServer( 2163): Entered the Android system server!
01-18 06:29:31.580 I/SystemServer( 2163): Entropy Service
01-18 06:29:32.860 I/SystemServer( 2163): Power Manager
01-18 06:29:32.860 I/SystemServer( 2163): Activity Manager
01-18 06:29:33.050 I/ActivityManager( 2163): Memory class: 48
01-18 06:29:33.760 D/dalvikvm( 2163): GC_CONCURRENT freed 156K, 16% free 2516K/2984K, paused 1ms+2ms
01-18 06:29:33.870 I/SystemServer( 2163): Telephony Registry
01-18 06:29:33.870 I/SystemServer( 2163): Package Manager
01-18 06:29:33.960 E/PackageManager( 2163): Add section[common]
01-18 06:29:33.970 E/PackageManager( 2163): Add section[global]
01-18 06:29:33.970 E/PackageManager( 2163): No Add section[global_entry]
01-18 06:29:33.970 E/PackageManager( 2163): No Add section[korea]
01-18 06:29:33.970 E/PackageManager( 2163): No Add section[korea_entry]
01-18 06:29:33.970 E/PackageManager( 2163): No Add section[china]
01-18 06:29:33.970 E/PackageManager( 2163): No Add section[china_entry]
01-18 06:29:34.010 D/dalvikvm( 2163): GC_CONCURRENT freed 377K, 22% free 2602K/3320K, paused 1ms+2ms
01-18 06:29:34.040 D/dalvikvm( 2163): GC_FOR_ALLOC freed 234K, 24% free 2603K/3404K, paused 17ms
01-18 06:29:34.080 D/dalvikvm( 2163): GC_FOR_ALLOC freed 202K, 23% free 2640K/3404K, paused 17ms
01-18 06:29:34.340 D/dalvikvm( 2163): GC_CONCURRENT freed 265K, 18% free 2799K/3408K, paused 1ms+1ms
01-18 06:29:34.440 D/PackageManager( 2163): Install APK: ADASSetting.apk
01-18 06:29:34.460 D/PackageManager( 2163): Install APK: ADAS_11.apk
01-18 06:29:34.480 D/PackageManager( 2163): Install APK: AHA.apk
01-18 06:29:34.500 D/PackageManager( 2163): Install APK: AirControl.apk
01-18 06:29:34.510 D/PackageManager( 2163): Install APK: AirQuality_11.apk
01-18 06:29:34.520 D/PackageManager( 2163): Install APK: AncTestMode.apk
01-18 06:29:34.520 D/PackageManager( 2163): Install APK: AppManagement_11.apk
01-18 06:29:34.540 D/PackageManager( 2163): Install APK: AppMarket.apk
01-18 06:29:34.580 D/PackageManager( 2163): Install APK: ApplicationsProvider.apk
01-18 06:29:34.580 D/PackageManager( 2163): Install APK: BackupRestoreConfirmation.apk
01-18 06:29:34.590 D/PackageManager( 2163): Install APK: BlueGoService.apk
01-18 06:29:34.600 D/PackageManager( 2163): Install APK: Browser.apk
01-18 06:29:34.650 D/PackageManager( 2163): Install APK: CertInstaller.apk
01-18 06:29:34.660 D/PackageManager( 2163): Install APK: ClockSetting_11.apk
01-18 06:29:34.670 D/PackageManager( 2163): Install APK: ConnectionStatus_gen11.apk
01-18 06:29:34.680 D/PackageManager( 2163): Install APK: CubeLiveWallpapers.apk
01-18 06:29:34.690 D/PackageManager( 2163): Install APK: DPM.apk
01-18 06:29:34.710 D/PackageManager( 2163): Install APK: DefaultContainerService.apk
01-18 06:29:34.730 D/dalvikvm( 2163): GC_CONCURRENT freed 120K, 14% free 3092K/3580K, paused 1ms+3ms
01-18 06:29:34.730 D/PackageManager( 2163): Install APK: DeveloperSide.apk
01-18 06:29:34.740 D/PackageManager( 2163): Install APK: DiagRw_22.apk
01-18 06:29:34.750 D/PackageManager( 2163): Install APK: DigitalRadioTestMode.apk
01-18 06:29:34.760 D/PackageManager( 2163): Install APK: DigitalRadio_11.apk
01-18 06:29:34.780 W/ResourceType( 2163): Failure getting entry for 0x7f0200ba (t=1 e=186) in package 0 (error -75)
01-18 06:29:34.790 D/PackageManager( 2163): Install APK: DisplayGraphicControl.apk
01-18 06:29:34.790 D/PackageManager( 2163): Install APK: DisplaySettings_11.apk
01-18 06:29:34.800 W/ResourceType( 2163): Failure getting entry for 0x7f020034 (t=1 e=52) in package 0 (error -75)
01-18 06:29:34.810 D/PackageManager( 2163): Install APK: DownloadProvider.apk
01-18 06:29:34.820 D/PackageManager( 2163): Install APK: DownloadProviderUi.apk
01-18 06:29:34.830 D/PackageManager( 2163): Install APK: DrivingEco2.apk
01-18 06:29:34.850 W/ResourceType( 2163): Failure getting entry for 0x7f02003c (t=1 e=60) in package 0 (error -75)
01-18 06:29:34.850 W/ResourceType( 2163): Failure getting entry for 0x7f02003d (t=1 e=61) in package 0 (error -75)
01-18 06:29:34.850 D/PackageManager( 2163): Install APK: DrmProvider.apk
01-18 06:29:34.860 D/PackageManager( 2163): Install APK: ESE.apk
01-18 06:29:34.870 D/PackageManager( 2163): Install APK: EngineerMode.apk
01-18 06:29:34.880 D/PackageManager( 2163): Install APK: Favorites_20.apk
01-18 06:29:34.900 D/PackageManager( 2163): Install APK: FileChecker.apk
01-18 06:29:34.910 D/PackageManager( 2163): Install APK: GALService.apk
01-18 06:29:34.920 D/PackageManager( 2163): Install APK: GpsServiceMode.apk
01-18 06:29:34.930 D/PackageManager( 2163): Install APK: HTMLViewer.apk
01-18 06:29:34.930 D/PackageManager( 2163): Install APK: HUIDTest.apk
01-18 06:29:34.940 D/PackageManager( 2163): Install APK: IPodService.apk
01-18 06:29:34.950 D/PackageManager( 2163): Install APK: InsideLightAmbiance.apk
01-18 06:29:34.960 D/PackageManager( 2163): Install APK: Ionizer.apk
01-18 06:29:34.970 D/PackageManager( 2163): Install APK: IviServer.apk
01-18 06:29:34.990 D/PackageManager( 2163): Install APK: IviServer2.apk
01-18 06:29:35.000 D/PackageManager( 2163): Install APK: IviSystemUI.apk
01-18 06:29:35.040 D/PackageManager( 2163): Install APK: KeyChain.apk
01-18 06:29:35.050 D/PackageManager( 2163): Install APK: Keyboard_11.apk
01-18 06:29:35.070 D/PackageManager( 2163): Install APK: LCDTestMode.apk
01-18 06:29:35.080 D/PackageManager( 2163): Install APK: Language_gen20.apk
01-18 06:29:35.100 D/PackageManager( 2163): Install APK: Launcher_11.apk
01-18 06:29:35.120 D/PackageManager( 2163): Install APK: LogLevelSetting.apk
01-18 06:29:35.120 D/PackageManager( 2163): Install APK: Luminosity.apk
01-18 06:29:35.140 D/dalvikvm( 2163): GC_CONCURRENT freed 238K, 17% free 3271K/3896K, paused 1ms+3ms
01-18 06:29:35.140 D/PackageManager( 2163): Install APK: MDA.apk
01-18 06:29:35.160 D/PackageManager( 2163): Install APK: MEX_22.apk
01-18 06:29:35.190 D/PackageManager( 2163): Install APK: MM2014_AAP_APP.apk
01-18 06:29:35.210 D/PackageManager( 2163): Install APK: MagicFolding.apk
01-18 06:29:35.220 D/PackageManager( 2163): Install APK: Manual.apk
01-18 06:29:35.230 D/PackageManager( 2163): Install APK: MassagingSeats.apk
01-18 06:29:35.240 D/PackageManager( 2163): Install APK: MediaAudioWidget.apk
01-18 06:29:35.260 D/PackageManager( 2163): Install APK: MediaPhotoView_11.apk
01-18 06:29:35.280 D/PackageManager( 2163): Install APK: MediaProvider.apk
01-18 06:29:35.290 D/PackageManager( 2163): Install APK: MediaSoundSetting_11.apk
01-18 06:29:35.310 D/PackageManager( 2163): Install APK: MediaVideoPlayer_11.apk
01-18 06:29:35.320 W/ResourceType( 2163): Failure getting entry for 0x7f020048 (t=1 e=72) in package 0 (error -75)
01-18 06:29:35.320 D/PackageManager( 2163): Install APK: Menu_11.apk
01-18 06:29:35.360 D/PackageManager( 2163): Install APK: MtpService.apk
01-18 06:29:35.370 D/PackageManager( 2163): Install APK: MyApps_11.apk
01-18 06:29:35.380 D/PackageManager( 2163): Install APK: NAVI_20.apk
01-18 06:29:35.390 I/PackageManager( 2163): Package com.navngo.igo.javaclient at /system/app/NAVI_20.apk ignored: updated version 707918 better than this 702384
01-18 06:29:35.390 D/PackageManager( 2163): Install APK: NaviSaving.apk
01-18 06:29:35.400 D/PackageManager( 2163): Install APK: NaviTestApp.apk
01-18 06:29:35.410 D/PackageManager( 2163): Install APK: OnBoardComputer.apk
01-18 06:29:35.420 D/PackageManager( 2163): Install APK: PCL.apk
01-18 06:29:35.430 D/PackageManager( 2163): Install APK: PIMDownloadService.apk
01-18 06:29:35.440 D/PackageManager( 2163): Install APK: ParkAssist.apk
01-18 06:29:35.460 D/PackageManager( 2163): Install APK: PicoTts.apk
01-18 06:29:35.470 D/PackageManager( 2163): Install APK: Privacy_11.apk
01-18 06:29:35.480 D/PackageManager( 2163): Install APK: Provision.apk
01-18 06:29:35.480 D/PackageManager( 2163): Install APK: RSDisplay.apk
01-18 06:29:35.490 D/PackageManager( 2163): Install APK: RVCControl.apk
01-18 06:29:35.510 D/PackageManager( 2163): Install APK: RadNavMusic.apk
01-18 06:29:35.540 D/dalvikvm( 2163): GC_CONCURRENT freed 266K, 17% free 3409K/4076K, paused 2ms+3ms
01-18 06:29:35.550 D/PackageManager( 2163): Install APK: RadioTestMode.apk
01-18 06:29:35.560 D/PackageManager( 2163): Install APK: Radio_11.apk
01-18 06:29:35.580 D/PackageManager( 2163): Install APK: RemoteEngineStart.apk
01-18 06:29:35.590 D/PackageManager( 2163): Install APK: RvcGuidelineTuning.apk
01-18 06:29:35.600 D/PackageManager( 2163): Install APK: SCL.apk
01-18 06:29:35.620 D/PackageManager( 2163): Install APK: SED.apk
01-18 06:29:35.630 D/PackageManager( 2163): Install APK: SeatMenu.apk
01-18 06:29:35.640 D/PackageManager( 2163): Install APK: SeatSetting.apk
01-18 06:29:35.650 D/PackageManager( 2163): Install APK: Settings.apk
01-18 06:29:35.840 D/PackageManager( 2163): Install APK: SettingsProvider.apk
01-18 06:29:35.850 D/PackageManager( 2163): Install APK: SharedStorageBackup.apk
01-18 06:29:35.860 D/PackageManager( 2163): Install APK: SmartphoneMirroring.apk
01-18 06:29:35.880 D/PackageManager( 2163): Install APK: SuggestionBarSettings.apk
01-18 06:29:35.890 D/PackageManager( 2163): Install APK: SwrcArc.apk
01-18 06:29:35.890 D/PackageManager( 2163): Install APK: SyncTool_20.apk
01-18 06:29:35.920 D/PackageManager( 2163): Install APK: SystemInformation_11.apk
01-18 06:29:35.940 D/PackageManager( 2163): Install APK: TPMS.apk
01-18 06:29:35.960 D/dalvikvm( 2163): GC_CONCURRENT freed 234K, 16% free 3565K/4212K, paused 2ms+3ms
01-18 06:29:35.970 D/PackageManager( 2163): Install APK: TelephonyProvider.apk
01-18 06:29:35.980 D/PackageManager( 2163): Install APK: TimeAndDate_11.apk
01-18 06:29:35.990 D/PackageManager( 2163): Install APK: TtsApiTestAppForGen20.apk
01-18 06:29:36.010 D/PackageManager( 2163): Install APK: TtsTestApp1.apk
01-18 06:29:36.010 D/PackageManager( 2163): Install APK: TtsTestApp2.apk
01-18 06:29:36.020 D/PackageManager( 2163): Install APK: TtsWrapper.apk
01-18 06:29:36.030 D/PackageManager( 2163): Install APK: TuningGuideLines.apk
01-18 06:29:36.040 D/PackageManager( 2163): Install APK: UPM.apk
01-18 06:29:36.050 D/PackageManager( 2163): Install APK: Units_gen11.apk
01-18 06:29:36.060 D/PackageManager( 2163): Install APK: UpgradeChecker.apk
01-18 06:29:36.070 D/PackageManager( 2163): Install APK: UserProfile.apk
01-18 06:29:36.080 D/PackageManager( 2163): Install APK: VUISampleApps.apk
01-18 06:29:36.090 D/PackageManager( 2163): Install APK: VUISampleHome.apk
01-18 06:29:36.110 D/PackageManager( 2163): Install APK: VUIService_21.apk
01-18 06:29:36.150 D/PackageManager( 2163): Install APK: VocalizerTts.apk
01-18 06:29:36.160 D/PackageManager( 2163): Install APK: VoiceCommand_gen11.apk
01-18 06:29:36.170 D/PackageManager( 2163): Install APK: Volume_gen11.apk
01-18 06:29:36.180 D/PackageManager( 2163): Install APK: VpnDialogs.apk
01-18 06:29:36.180 D/PackageManager( 2163): Install APK: bluegotestapp2.apk
01-18 06:29:36.190 D/PackageManager( 2163): Install APK: carplay.apk
01-18 06:29:36.210 D/PackageManager( 2163): Install APK: phone_gen11.apk
01-18 06:29:36.260 D/PackageManager( 2163): Install APK: uCenter.apk
01-18 06:29:36.280 D/PackageManager( 2163): No files in app dir /vendor/app
01-18 06:29:36.280 I/installd( 1982): new connection
01-18 06:29:36.280 W/PackageManager( 2163): Package com.ublox.ucenter desires unavailable shared library com.google.android.maps; ignoring!
01-18 06:29:36.280 I/Installer( 2163): connecting...
01-18 06:29:37.210 I/PackageManager( 2163): Time to scan packages: 2.969 seconds
01-18 06:29:37.250 D/dalvikvm( 2163): GC_FOR_ALLOC freed 270K, 16% free 3671K/4368K, paused 29ms
01-18 06:29:37.250 W/PackageManager( 2163): Unknown permission com.lge.ivi.app.type.VEHICLE in package net.atos.sig.android.push
01-18 06:29:37.250 W/PackageManager( 2163): Not granting permission android.permission.SEND_DOWNLOAD_COMPLETED_INTENTS to package com.android.browser (protectionLevel=2 flags=0x9be45)
01-18 06:29:37.250 W/PackageManager( 2163): Unknown permission com.android.launcher.permission.INSTALL_SHORTCUT in package com.android.browser
01-18 06:29:37.250 W/PackageManager( 2163): Unknown permission tomtom.permission.INTERNET_ALL_DEFAULT_RESTRICTED in package net.atos.renault.appmarket
01-18 06:29:37.250 W/PackageManager( 2163): Unknown permission tomtom.permission.ACCESS_VEHICLE_DATA in package net.atos.renault.appmarket
01-18 06:29:37.250 W/PackageManager( 2163): Unknown permission tomtom.permission.ACCESS_VEHICLE_ID in package net.atos.renault.appmarket
01-18 06:29:37.250 W/PackageManager( 2163): Unknown permission tomtom.permission.ADDON_APP in package net.atos.renault.appmarket
01-18 06:29:37.250 W/PackageManager( 2163): Unknown permission tomtom.secure.permission.TRUSTED_THIRD_PARTY_APP in package net.atos.renault.appmarket
01-18 06:29:37.250 W/PackageManager( 2163): Unknown permission tomtom.permission.PERMANENT in package net.atos.renault.appmarket
01-18 06:29:37.250 W/PackageManager( 2163): Unknown permission tomtom.permission.INSTALL_PACKAGES in package net.atos.renault.appmarket
01-18 06:29:37.250 W/PackageManager( 2163): Unknown permission tomtom.permission.SHARE_USER_DATA in package net.atos.renault.appmarket
01-18 06:29:37.250 W/PackageManager( 2163): Unknown permission android.permission.ACTION_CONFIGURATION_CHANGED in package com.lge.android.app.rvccontrol
01-18 06:29:37.250 W/PackageManager( 2163): Unknown permission android.permission.WRITE_INTERNAL_STORAGE in package com.lge.engineermode
01-18 06:29:37.250 W/PackageManager( 2163): Unknown permission android.permission.READ_INTERNAL_STORAGE in package com.lge.engineermode
01-18 06:29:37.250 W/PackageManager( 2163): Unknown permission android.permission.READ_EXTERNAL_STORAGE in package com.lge.engineermode
01-18 06:29:37.250 W/PackageManager( 2163): Unknown permission com.google.android.googleapps.permission.GOOGLE_AUTH in package com.android.settings
01-18 06:29:37.250 W/PackageManager( 2163): Unknown permission com.android.launcher.permission.READ_SETTINGS in package com.android.settings
01-18 06:29:37.250 W/PackageManager( 2163): Unknown permission com.android.launcher.permission.WRITE_SETTINGS in package com.android.settings
01-18 06:29:37.250 W/PackageManager( 2163): Unknown permission com.cybercom.bluego.permission.BLUETOOTH in package com.cybercom.bluegoserver.testapp2
01-18 06:29:37.250 W/PackageManager( 2163): Unknown permission com.cybercom.bluego.permission.TEST in package com.cybercom.bluegoserver.testapp2
01-18 06:29:37.260 W/PackageManager( 2163): Unknown permission com.lge.permission.READ_PROFILE in package com.lge.android.app.photoview
01-18 06:29:37.260 W/PackageManager( 2163): Unknown permission android.permission.ACTION_CONFIGURATION_CHANGED in package com.lge.android.app.hvac
01-18 06:29:38.050 D/dalvikvm( 2163): GC_FOR_ALLOC freed 386K, 19% free 3651K/4472K, paused 29ms
01-18 06:29:38.100 D/dalvikvm( 2163): GC_EXPLICIT freed 82K, 20% free 3601K/4472K, paused 2ms+3ms
01-18 06:29:38.100 D/PackageManager( 2163): generateServicesMap(android.accounts.AccountAuthenticator): 0 services unchanged
01-18 06:29:38.100 I/SystemServer( 2163): Account Manager
01-18 06:29:38.130 I/SystemServer( 2163): Content Manager
01-18 06:29:38.200 D/PackageManager( 2163): generateServicesMap(android.content.SyncAdapter): 0 services unchanged
01-18 06:29:38.200 I/ActivityThread( 2163): Pub settings: com.android.providers.settings.SettingsProvider
01-18 06:29:38.200 I/SystemServer( 2163): System Content Providers
01-18 06:29:38.430 D/SettingsProvider( 2163): cache for settings table 'secure' rows=37; fullycached=true
01-18 06:29:38.440 D/SettingsProvider( 2163): cache for settings table 'system' rows=91; fullycached=true
01-18 06:29:38.560 D/dalvikvm( 2163): GC_CONCURRENT freed 223K, 15% free 3812K/4472K, paused 2ms+2ms
01-18 06:29:38.560 I/ServiceManager( 1977): Check passed after 13 seconds for android.permission.ACCESS_SURFACE_FLINGER from uid=1000 pid=2025
01-18 06:29:38.560 D/PermissionCache( 1977): checking android.permission.ACCESS_SURFACE_FLINGER for uid=1000 => granted (13003639 us)
01-18 06:29:38.560 D/BootAnimation( 2025): SurfaceComposerClient created
01-18 06:29:38.560 D/BootAnimation( 2025): readyToRun enter
01-18 06:29:38.560 I/v_hwc   ( 1977): Framebuffer(0x218be40) detected: format=212 1024x768
01-18 06:29:38.560 I/v_hwc   ( 1977): Framebuffer buffer(0x218bef0) detected: physical=0x10000000
01-18 06:29:38.570 D/libEGL  ( 2025): loaded /system/lib/egl/libGLES_android.so
01-18 06:29:38.570 I/v_hwc   ( 1977): Framebuffer buffer(0x218bbf0) detected: physical=0x10300000
01-18 06:29:38.570 D/libEGL  ( 2025): loaded /system/lib/egl/libEGL_VIVANTE.so
01-18 06:29:38.580 I/lights  ( 2163): max backlight file is /sys/class/backlight/pwm-backlight.0/max_brightness
01-18 06:29:38.580 I/lights  ( 2163): backlight brightness file is /sys/class/backlight/pwm-backlight.0/brightness
01-18 06:29:38.580 I/SystemServer( 2163): Lights Service
01-18 06:29:38.580 I/SystemServer( 2163): Battery Service
01-18 06:29:38.590 I/SystemServer( 2163): Vibrator Service
01-18 06:29:38.600 D/libEGL  ( 2025): loaded /system/lib/egl/libGLESv1_CM_VIVANTE.so
01-18 06:29:38.600 E/lights  ( 2163): can not open file /sys/class/backlight/pwm-backlight.0/max_brightness
01-18 06:29:38.600 I/power   ( 2163): *** set_screen_state 1
01-18 06:29:38.600 D/libEGL  ( 2025): loaded /system/lib/egl/libGLESv2_VIVANTE.so
01-18 06:29:38.620 D/AlarmManagerService( 2163): Kernel timezone updated to 0 minutes west of GMT
01-18 06:29:38.620 E/lights  ( 2163): can not open file /sys/class/backlight/pwm-backlight.0/max_brightness
01-18 06:29:38.620 E/SurfaceTexture( 1977): [<pid_2025>] dequeueBuffer: can't dequeue multiple buffers without setting the buffer count
01-18 06:29:38.620 I/SystemServer( 2163): Alarm Manager
01-18 06:29:38.630 I/SystemServer( 2163): Init Watchdog
01-18 06:29:38.630 I/SystemServer( 2163): Window Manager
01-18 06:29:38.640 D/BootAnimation( 2025): threadLoop enter
01-18 06:29:38.730 D/BootAnimation( 2025): zip file parsing completed
01-18 06:29:38.750 I/v_hwc   ( 1977): Framebuffer buffer(0x236f308) detected: physical=0x10600000
01-18 06:29:38.750 D/BootAnimation( 2025): first eglSwapBuffers done
01-18 06:29:38.750 D/BootAnimation( 2025): BootAnimation, /mnt/shm/welcome/welcome_anim_start.dat created.
01-18 06:29:38.750 I/OMXPlayer( 1980): start player.
01-18 06:29:38.760 W/AudioTrack( 1980): obtainBuffer() track 0x2456b0 disabled, restarting
01-18 06:29:38.850 I/InputManager( 2163): Initializing input manager
01-18 06:29:38.850 W/StatusBarManager( 2163): warning: no STATUS_BAR_SERVICE
01-18 06:29:38.870 D/SectionManager( 2163): CONFIG_GEN21=true, Generation=4
01-18 06:29:38.870 I/InputManager( 2163): Starting input manager
01-18 06:29:38.880 V/EventHub( 2163): Opening device: /dev/input/event2
01-18 06:29:38.890 E/OMXMaster( 1980): A component of name 'OMX.Freescale.std.parser.fsl.sw-based' already exists, ignoring this one.
01-18 06:29:38.890 E/OMXMaster( 1980): A component of name 'OMX.Freescale.std.parser.fsl.sw-based' already exists, ignoring this one.
01-18 06:29:38.890 E/OMXMaster( 1980): A component of name 'OMX.Freescale.std.parser.fsl.sw-based' already exists, ignoring this one.
01-18 06:29:38.890 E/OMXMaster( 1980): A component of name 'OMX.Freescale.std.parser.fsl.sw-based' already exists, ignoring this one.
01-18 06:29:38.890 E/OMXMaster( 1980): A component of name 'OMX.Freescale.std.parser.fsl.sw-based' already exists, ignoring this one.
01-18 06:29:38.890 E/OMXMaster( 1980): A component of name 'OMX.Freescale.std.parser.fsl.sw-based' already exists, ignoring this one.
01-18 06:29:38.890 E/OMXMaster( 1980): A component of name 'OMX.Freescale.std.parser.fsl.sw-based' already exists, ignoring this one.
01-18 06:29:38.890 E/OMXMaster( 1980): A component of name 'OMX.Freescale.std.parser.fsl.sw-based' already exists, ignoring this one.
01-18 06:29:38.890 E/OMXMaster( 1980): A component of name 'OMX.Freescale.std.parser.fsl.sw-based' already exists, ignoring this one.
01-18 06:29:38.890 E/OMXMaster( 1980): A component of name 'OMX.Freescale.std.parser.streaming.sw-based' already exists, ignoring this one.
01-18 06:29:38.890 I/SystemServer( 2163): No Bluetooth Service (product not support)
01-18 06:29:38.890 I/SystemServer( 2163): Input Method Service
01-18 06:29:38.890 W/InputManagerService( 2163): Couldn't create dir.: /data/system/inputmethod
01-18 06:29:38.900 D/EventHub( 2163): No input device configuration file found for device 'Logitech USB Optical Mouse'.
01-18 06:29:38.900 I/EventHub( 2163): New device: id=1, fd=102, path='/dev/input/event2', name='Logitech USB Optical Mouse', classes=0x80000008, configuration='', keyLayout='', keyCharacterMap='', builtinKeyboard=false
01-18 06:29:38.900 V/EventHub( 2163): Opening device: /dev/input/mouse0
01-18 06:29:38.900 E/EventHub( 2163): could not get driver version for /dev/input/mouse0, Not a typewriter
01-18 06:29:38.930 V/EventHub( 2163): wake() called
01-18 06:29:38.930 I/SystemServer( 2163): Accessibility Manager
01-18 06:29:38.970 D/dalvikvm( 2163): GC_FOR_ALLOC freed 323K, 17% free 3851K/4620K, paused 37ms
01-18 06:29:38.980 V/EventHub( 2163): Opening device: /dev/input/mice
01-18 06:29:38.980 E/EventHub( 2163): could not get driver version for /dev/input/mice, Not a typewriter
01-18 06:29:38.980 I/ActivityManager( 2163): Config changed: {1.0 0mcc0mnc en_GB layoutdir=0 sw768dp w768dp h818dp xlrg port RadNav 2.2 ?night -touch -keyb/v/h -nav/h s.2 skin=4}
01-18 06:29:38.980 I/SystemServer( 2163): Device Policy
01-18 06:29:38.980 I/SystemServer( 2163): Status Bar
01-18 06:29:38.990 I/SystemServer( 2163): Clipboard Service
01-18 06:29:38.990 I/SystemServer( 2163): NetworkManagement Service
01-18 06:29:38.990 I/SystemServer( 2163): Text Service Manager Service
01-18 06:29:38.990 W/TextServicesManagerService( 2163): no available spell checker services found
01-18 06:29:38.990 I/SystemServer( 2163): NetworkStats Service
01-18 06:29:38.990 I/SystemServer( 2163): NetworkPolicy Service
01-18 06:29:39.000 I/SystemServer( 2163): Wi-Fi P2pService
01-18 06:29:39.000 I/SystemServer( 2163): Wi-Fi Service
01-18 06:29:39.020 W/VehicleManager( 2163): isFeatureEnabled(), feature not found from cache, feature=19
01-18 06:29:39.020 W/VehicleManager( 2163): isFeatureEnabled(), try cache init
01-18 06:29:39.020 I/VehicleManager( 2163): DigitalRadio App is not installed by Configuration.
01-18 06:29:39.020 I/VehicleManager( 2163): Set Carplayer Property value : 1
01-18 06:29:39.020 I/VehicleManager( 2163): FEATURE_ABQ is available only in GEN_20_CHINA
01-18 06:29:39.020 I/VehicleManager( 2163): FEATURE_SNS is available only in GEN_20_CHINA
01-18 06:29:39.020 I/VehicleManager( 2163): FEATURE_INFOTRAFFIC is available only in GEN_20_CHINA
01-18 06:29:39.030 V/EventHub( 2163): Opening device: /dev/input/event0
01-18 06:29:39.030 D/EventHub( 2163): No input device configuration file found for device 'swrc-gpio'.
01-18 06:29:39.030 D/EventHub( 2163): loadKeyMapLocked device name = swrc-gpio
01-18 06:29:39.030 D/EventHub( 2163): loadKeyMapLocked device name = swrc-gpio
01-18 06:29:39.030 D/EventHub( 2163): loadKeyMapLocked device name = swrc-gpio
01-18 06:29:39.030 D/EventHub( 2163): loadKeyMapLocked device name = swrc-gpio
01-18 06:29:39.030 D/EventHub( 2163): loadKeyMapLocked device name = swrc-gpio
01-18 06:29:39.030 D/EventHub( 2163): loadKeyMapLocked device name = swrc-gpio
01-18 06:29:39.030 D/EventHub( 2163): loadKeyMapLocked device name = swrc-gpio
01-18 06:29:39.040 I/EventHub( 2163): New device: id=2, fd=121, path='/dev/input/event0', name='swrc-gpio', classes=0x41, configuration='', keyLayout='/system/usr/keylayout/swrc-gpio.kl', keyCharacterMap='/system/usr/keychars/Generic.kcm', builtinKeyboard=false
01-18 06:29:39.040 V/EventHub( 2163): Opening device: /dev/input/event1
01-18 06:29:39.060 I/EventHub( 2163): New device: id=3, fd=123, path='/dev/input/event1', name='cyttsp4-i2c', classes=0x14, configuration='/system/usr/idc/cyttsp4-i2c.idc', keyLayout='', keyCharacterMap='', builtinKeyboard=false
01-18 06:29:39.060 V/EventHub( 2163): Reporting device opened: id=3, name=/dev/input/event1
01-18 06:29:39.060 V/EventHub( 2163): Reporting device opened: id=2, name=/dev/input/event0
01-18 06:29:39.060 V/EventHub( 2163): Reporting device opened: id=1, name=/dev/input/event2
01-18 06:29:39.060 I/InputReader( 2163):   Touch device 'cyttsp4-i2c' could not query the properties of its associated display 0.  The device will be inoperable until the display size becomes available.
01-18 06:29:39.060 I/InputReader( 2163): Device added: id=3, name='cyttsp4-i2c', sources=0x00001002
01-18 06:29:39.060 I/InputReader( 2163): Device added: id=2, name='swrc-gpio', sources=0x00000501
01-18 06:29:39.080 I/InputReader( 2163): Device added: id=1, name='Logitech USB Optical Mouse', sources=0x00002002
01-18 06:29:39.090 I/InputReader( 2163): Reconfiguring input devices.  changes=0x00000004
01-18 06:29:39.090 I/InputReader( 2163): Device reconfigured: id=3, name='cyttsp4-i2c', surface size is now 1024x768, mode is 1
01-18 06:29:39.090 V/EventHub( 2163): awoken after wake()
01-18 06:29:39.090 I/ActivityManager( 2163): Config changed: {1.0 0mcc0mnc en_GB layoutdir=0 sw768dp w768dp h818dp xlrg port RadNav 2.2 ?night finger -keyb/v/h -nav/h s.3 skin=4}
01-18 06:29:39.100 E/CommandListener( 1974): Failed to open /proc/sys/net/ipv6/conf/wlan0/disable_ipv6: No such file or directory
01-18 06:29:39.100 E/WifiStateMachine( 2163): Failed to disable IPv6: java.lang.IllegalStateException: Unable to communicate to native daemon for disabling ipv6
01-18 06:29:39.100 I/SystemServer( 2163): Connectivity Service
01-18 06:29:39.140 W/CommandListener( 1974): Failed to retrieve HW addr for tcu0 (No such device)
01-18 06:29:39.140 D/ConnectivityService( 2163): ConnectivityService starting up
01-18 06:29:39.140 D/ConnectivityService( 2163): wifi is in configuration, but platform does not enable Wifi. Ignores.
01-18 06:29:39.140 D/ConnectivityService( 2163): wifi_p2p is in configuration, but platform does not enable Wifi. Ignores.
01-18 06:29:39.140 I/TcuDataTracker( 2163): TcuDataTracker(netType=14, networkName=tcu_mobile)
01-18 06:29:39.140 I/TcuDataTracker( 2163): startMonitoring()
01-18 06:29:39.140 D/NetworkManagementService( 2163): Registering observer
01-18 06:29:39.140 I/TcuDataTracker( 2163): initTcuIface(name=tcu0)
01-18 06:29:39.140 D/NetworkManagementService( 2163): rsp <213 00:00:00:00:00:00 0.0.0.0 0 [down]>
01-18 06:29:39.140 D/NetworkManagementService( 2163): flags <[down]>
01-18 06:29:39.140 I/TcuDataTracker( 2163): Can't find TCU iface tcu0
01-18 06:29:39.140 I/TcuDataTracker( 2163): updateState(Tcu data state: NOT_DETERMINED, TCU iface name=tcu0, mTcuManager=null, mDiagManager=null, mIsDataSharingEnabled=false, mIsTcuReady=false, mIsIfaceReady=false, mIsIfaceLinkUp=false))
01-18 06:29:39.140 I/TcuDataTracker( 2163): TCU state has changed from -1(NOT_DETERMINED) to 0(NOT_AVAILABLE)
01-18 06:29:39.140 I/TcuDataTracker( 2163): setNotAvailableLocked()
01-18 06:29:39.140 I/TcuDataTracker( 2163): TCU network interface is not yet ready. Retries to initialize
01-18 06:29:39.140 I/TcuDataTracker( 2163): initTcuIface(name=tcu0)
01-18 06:29:39.150 W/CommandListener( 1974): Failed to retrieve HW addr for tcu0 (No such device)
01-18 06:29:39.150 W/CommandListener( 1974): Failed to retrieve HW addr for tcu0 (No such device)
01-18 06:29:39.150 D/ConnectivityService( 2163): ConnectivityChange for tcu_mobile: DISCONNECTED/DISCONNECTED
01-18 06:29:39.150 D/NetworkManagementService( 2163): rsp <213 00:00:00:00:00:00 0.0.0.0 0 [down]>
01-18 06:29:39.150 D/NetworkManagementService( 2163): flags <[down]>
01-18 06:29:39.150 I/TcuDataTracker( 2163): Can't find TCU iface tcu0
01-18 06:29:39.150 W/TcuDataTracker( 2163): Failes to initialize TCU network interface.
01-18 06:29:39.150 I/TcuDataTracker( 2163): reconnect()
01-18 06:29:39.150 I/TcuDataTracker( 2163): updateState(Tcu data state: NOT_AVAILABLE, TCU iface name=tcu0, mTcuManager=null, mDiagManager=null, mIsDataSharingEnabled=false, mIsTcuReady=false, mIsIfaceReady=false, mIsIfaceLinkUp=false))
01-18 06:29:39.150 I/TcuDataTracker( 2163): TCU network interface is not yet ready. Retries to initialize
01-18 06:29:39.150 I/TcuDataTracker( 2163): initTcuIface(name=tcu0)
01-18 06:29:39.150 D/NetworkManagementService( 2163): rsp <213 00:00:00:00:00:00 0.0.0.0 0 [down]>
01-18 06:29:39.150 D/NetworkManagementService( 2163): flags <[down]>
01-18 06:29:39.150 I/TcuDataTracker( 2163): Can't find TCU iface tcu0
01-18 06:29:39.150 W/TcuDataTracker( 2163): Failes to initialize TCU network interface.
01-18 06:29:39.150 D/NetworkManagementService( 2163): Registering observer
01-18 06:29:39.150 D/NetworkManagementService( 2163): Registering observer
01-18 06:29:39.150 I/WifiService( 2163): WifiService starting up with Wi-Fi disabled
01-18 06:29:39.150 D/WifiService( 2163): Wifi is not available product. setWifiEnabled(false) returns false.
01-18 06:29:39.160 I/SystemServer( 2163): Throttle Service
01-18 06:29:39.160 I/SystemServer( 2163): Mount Service
01-18 06:29:39.180 D/MountService( 2163): got storage path: /mnt/sdcard description: Internal Storage primary: true removable: false emulated: false mtpReserve: 100 allowMassStorage: false maxFileSize: 0
01-18 06:29:39.180 I/SystemServer( 2163): Notification Manager
01-18 06:29:39.180 D/VoldCmdListener( 1967): volume list
01-18 06:29:39.190 I/Vold    ( 1967): sector_size = 512, sector_per_cluster = 32
01-18 06:29:39.190 I/Vold    ( 1967): first_fat_start = 16384 fat_size = 118216
01-18 06:29:39.190 D/Vold    ( 1967): root_cluster = 2, num_cluster=29554
01-18 06:29:39.200 I/PackageManager( 2163): Updating external media status from unmounted to unmounted
01-18 06:29:39.200 I/Vold    ( 1967): rootEntryLabel[(null)]
01-18 06:29:39.200 I/Vold    ( 1967): fat_type=0
01-18 06:29:39.200 I/SystemServer( 2163): Device Storage Monitor
01-18 06:29:39.200 I/SystemServer( 2163): Location Manager
01-18 06:29:39.200 I/Vold    ( 1967): label=[NO_NAME]
01-18 06:29:39.200 I/SystemServer( 2163): Country Detector
01-18 06:29:39.200 I/MountService( 2163): Updating valid state unmounted
