01-18 06:29:46.690 I/DateTimeService( 2231): initialize() isFastbooting=false
01-18 06:29:46.690 I/DateTimeService( 2231): loadTimeOffset() offset:0, timezone:0, timeformat:false, dateformat:false
01-18 06:29:46.690 I/DateTimeService( 2231): setTimeOffset(): 0 -> 0
01-18 06:29:46.700 D/touchmode( 2244): performTraversals(mFirst). ensureTouchModeLocally
01-18 06:29:46.700 D/WindowPriorityManager( 2163): addWindowLocked, win=Window{40e819e0 StatusBarExpanded paused=false}
01-18 06:29:46.700 W/DateTimeService( 2231): time format : true,true
01-18 06:29:46.710 D/touchmode( 2244): ensureTouchModeLocally(true), current touch mode is false
01-18 06:29:46.710 D/touchmode( 2244): enterTouchMode()
01-18 06:29:46.710 D/touchmode( 2244): performTraversals(!mStopped). ensureTouchModeLocally
01-18 06:29:46.710 D/touchmode( 2244): ensureTouchModeLocally(true), current touch mode is true
01-18 06:29:46.710 I/DateTimeService( 2231): date format : 2,2
01-18 06:29:46.710 I/DateTimeService( 2231): GPS Provider is enabled:true
01-18 06:29:46.710 I/IviHvacTrackingView( 2244): onAttachedToWindow
01-18 06:29:46.710 I/IviStatusBar( 2244): updateHvacExpandedSize()
01-18 06:29:46.720 I/IviSystemUIManager( 2244): enableNaviButtons, dialog=com.lge.systemui.statusbar.ivi.IviStatusBar$HvacExpandedDialog@415dc110
01-18 06:29:46.720 I/IviSystemUIManager( 2244): setNaviButton, where=1, buttonId=8
01-18 06:29:46.720 I/IviSystemUIManager( 2244): setNaviButton, where=2, buttonId=3
01-18 06:29:46.720 I/IviSystemUIManager( 2244): clearDimForNavi, dialog=com.lge.systemui.statusbar.ivi.IviStatusBar$HvacExpandedDialog@415dc110
01-18 06:29:46.720 E/Dialog  ( 2244): isFullScreen, Exception
01-18 06:29:46.720 D/Dialog  ( 2244): show, this=com.lge.systemui.statusbar.ivi.IviStatusBar$HvacExpandedDialog@415dc110, context=android.view.ContextThemeWrapper@415dc1f8
01-18 06:29:46.720 I/micomManager( 2231): systemReady, micom service systemReady called
01-18 06:29:46.720 I/IviStatusBar( 2244): updateHvacExpandedSize: height=818 INVISIBLE
01-18 06:29:46.720 I/ActivityManager( 2163): Start proc com.lge.android.app.spcx.carplay for broadcast com.lge.android.app.spcx.carplay/.receiver.InitiateReceiver: pid=2528 uid=1000 gids={3003, 1015, 3002, 1007, 3001, 3005, 9000}
01-18 06:29:46.720 I/DateTimeService( 2231): setTimeSyncEnabled(): -1 -> 1
01-18 06:29:46.720 W/DateTimeService( 2231): last time : 1421562586735 -> 1420071093334,1491493401
01-18 06:29:46.730 D/touchmode( 2244): performTraversals(mFirst). ensureTouchModeLocally
01-18 06:29:46.730 D/touchmode( 2244): ensureTouchModeLocally(true), current touch mode is false
01-18 06:29:46.730 D/touchmode( 2244): enterTouchMode()
01-18 06:29:46.730 I/SurfaceFlinger( 1977): mHw->getFormat() 5
01-18 06:29:46.730 D/WindowPriorityManager( 2163): addWindowLocked, win=Window{40ed5858 HvacExpanded paused=false}
01-18 06:29:46.740 W/StateListDrawable( 2244): updateSkinDrawables, skin=4
01-18 06:29:46.740 W/StateListDrawable( 2244): updateSkinDrawables is ignored.
01-18 06:29:46.740 D/touchmode( 2244): performTraversals(!mStopped). ensureTouchModeLocally
01-18 06:29:46.740 D/touchmode( 2244): ensureTouchModeLocally(true), current touch mode is true
01-18 06:29:46.740 I/OnOffService( 2231): systemReady
01-18 06:29:46.740 D/LoggingControl( 2231): coldboot
01-18 06:29:46.740 D/LoggingControl-LoggingConfigUsb( 2231): onColdboot()
01-18 06:29:46.740 I/OnOffService( 2231): start, mMemo=1, mStartWidthCan=false
01-18 06:29:46.740 I/FAST_RVC_TIME( 2231): Current time: 1421562586754, START : start function in OnOffService
01-18 06:29:46.740 D/LoggingControl( 2231): prepare
01-18 06:29:46.740 D/LoggingControl-LoggingConfigUsb( 2231): onPrepared()
01-18 06:29:46.740 D/LoggingControl( 2231): start
01-18 06:29:46.740 D/LoggingControl-LoggingConfigUsb( 2231): onStart()
01-18 06:29:46.740 I/OnOffService( 2231): loadWelcomeScreenStatus, mWelcomeScreenOneshotFinished=true
01-18 06:29:46.740 I/OnOffService( 2231): onWssChanged
01-18 06:29:46.740 I/OnOffService( 2231): loadWelcomeScreenStatus, mWelcomeScreenOneshotFinished=true
01-18 06:29:46.740 I/OnOffService( 2231): onWssChanged, call onWelcomeScreenPlayFinished()
01-18 06:29:46.740 I/OnOffService( 2231): onWelcomeScreenPlayFinished
01-18 06:29:46.740 I/OnOffService( 2231): onAnimationFinished
01-18 06:29:46.740 I/OnOffService( 2231): updateStateLocked, mState=0, mNextState=0, mOnOffBtnPushed=false, mVas=-1, mPcfn=false, mSod=0, mMemo=1, mAndroidBootFinished=false, isWelcomeScreenRequired=true, isWelcomeScreenOneshotFinished=true
01-18 06:29:46.740 I/OnOffService( 2231): changeState, nextState=1
01-18 06:29:46.740 I/OnOffService( 2231): changeState, nextState=1, arg=0
01-18 06:29:46.740 I/OnOffService( 2231): changeStateLocked, nextState=1, arg=0
01-18 06:29:46.750 I/OnOffService( 2231): start
01-18 06:29:46.750 I/OnOffService( 2231): start, execute now!
01-18 06:29:46.750 I/OnOffService( 2231): execute
01-18 06:29:46.760 I/OnOffService( 2231): run mStartIviServer2Runnable
01-18 06:29:46.760 I/SOCKET  ( 2231): SocketClient Connect Success!!
01-18 06:29:46.760 I/OnOffService( 2231): Starting service: Intent { cmp=com.lge.iviserver2/.IviService (has extras) }
01-18 06:29:46.760 V/ActivityManager( 2163): startProcess: name=com.lge.iviserver2 app=null knownToBeDead=true thread=null pid=-1
01-18 06:29:46.770 I/MicomLog( 2231): MicomLogService Create
01-18 06:29:46.790 D/bluego-native( 2278): [000002.979] |D| blueGO  bgmgr.c (4357) - bgmgr_Worker : iA Stack event: BTEVENT_SET_EXT_INQUIRY_RESP_CNF (26)
01-18 06:29:46.800 I/ActivityManager( 2163): Start proc com.lge.iviserver2 for service com.lge.iviserver2/.IviService: pid=2550 uid=1000 gids={3003, 1015, 3002, 1007, 3001, 3005, 9000}
01-18 06:29:46.800 V/ActivityManager( 2163): startProcess: name=com.lge.iviserver2 app=ProcessRecord{40e89ce8 2550:com.lge.iviserver2/1000} knownToBeDead=true thread=null pid=2550
01-18 06:29:46.810 V/ActivityManager( 2163): App already running: ProcessRecord{40e89ce8 2550:com.lge.iviserver2/1000}
01-18 06:29:46.810 I/modeManager( 2231): loaded saved TA diff: 0
01-18 06:29:46.810 I/micomManager( 2231): requestAuxStatus
01-18 06:29:46.810 I/micomManager.com( 2231): requestAuxStatus
01-18 06:29:46.810 I/modeManager( 2231): setDefaultHasMediaFile(28)
01-18 06:29:46.810 I/modeManager( 2231): setHasMediaFile for MAIN_MODE_AM
01-18 06:29:46.810 I/modeManager( 2231): setHasMediaFile for MAIN_MODE_FM1
01-18 06:29:46.810 I/modeManager( 2231): setHasMediaFile for MAIN_MODE_FM2
01-18 06:29:46.810 I/modeManager( 2231): setHasMediaFile for MAIN_MODE_RDS
01-18 06:29:46.810 I/modeManager( 2231): setHasMediaFile for MAIN_MODE_DAB
01-18 06:29:46.810 I/modeManager( 2231): setHasMediaFile for MAIN_MODE_DMB
01-18 06:29:46.810 I/modeManager( 2231): setHasMediaFile for MAIN_MODE_XM
01-18 06:29:46.810 I/modeManager( 2231): setHasMediaFile for MAIN_MODE_USB1_VIDEO
01-18 06:29:46.810 I/modeManager( 2231): setHasMediaFile for MAIN_MODE_USB2_VIDEO
01-18 06:29:46.810 I/modeManager( 2231): setHasMediaFile for MAIN_MODE_SD_VIDEO
01-18 06:29:46.810 I/modeManager( 2231): setHasMediaFile for MAIN_MODE_AHA_RADIO
01-18 06:29:46.810 I/modeManager( 2231): setHasMediaFile for MAIN_MODE_WIFI_MELON
01-18 06:29:46.810 I/modeManager( 2231): setHasMediaFile for MAIN_MODE_WIFI_P2C
01-18 06:29:46.810 I/modeManager( 2231): setHasMediaFile for MAIN_MODE_WIFI_MELON_VIDEO
01-18 06:29:46.810 I/modeManager( 2231): setHasMediaFile for MAIN_MODE_WIFI_P2C_VIDEO
01-18 06:29:46.810 I/modeManager( 2231): setHasMediaFile for MAIN_MODE_AIRBIQUITY_WORLD
01-18 06:29:46.810 I/modeManager( 2231): setHasMediaFile for MAIN_MODE_SPCX_MEDIA
01-18 06:29:46.810 I/modeManager( 2231): systemReady setprop: running
01-18 06:29:46.810 I/MediaDBService( 2231): systemReady
01-18 06:29:46.810 I/MediaDBService( 2231): getprop sys.media.status=
01-18 06:29:46.810 I/FAST_RVC_TIME( 2231): Current time: 1421562586818, END : start function in OnOffService
01-18 06:29:46.820 I/MediaDBService( 2231): setprop sys.media.status to running
01-18 06:29:46.820 I/EcoScoringService( 2231): systemReady()
01-18 06:29:46.820 I/EcoScoringService( 2231): restoreEcoScore() : Connectivity.EcoFunction = 1
01-18 06:29:46.820 I/EcoScoringService( 2231): Calculation already stopped
01-18 06:29:46.820 I/HvacService( 2231): systemReady
01-18 06:29:46.820 I/CanService( 2231): resotreLastCanValues
01-18 06:29:46.830 W/dalvikvm( 2528): Refusing to reopen boot DEX '/system/framework/com.lge.ivi.jar'
01-18 06:29:46.840 I/CanService( 2231): restore FCW_ActivationState 1
01-18 06:29:46.840 I/HvacService( 2231): restore ClimDualModeDisplay to -1
01-18 06:29:46.840 I/HvacService( 2231): restore ClimBlowerLevelDisplay to -1
01-18 06:29:46.840 I/HvacService( 2231): restore ClimAutoRecyclingDisplay to -1
01-18 06:29:46.840 I/HvacService( 2231): restore ClimOFFModeDisplay to -1
01-18 06:29:46.840 I/HvacService( 2231): restore ClimACOffDisplay to -1
01-18 06:29:46.840 I/HvacService( 2231): restore ClimRearModeDisplay to -1
01-18 06:29:46.840 I/HvacService( 2231): restore ClimAQSActivationState to -1
01-18 06:29:46.840 I/AdasService( 2231): systemReady()
01-18 06:29:46.840 I/AdasService( 2231): get ID_UPASoundVolume_Amp :15
01-18 06:29:46.840 I/AdasService( 2231): RvcActivation = 1
01-18 06:29:46.840 I/HvacService( 2231): restore AQMAirFreshenerDisplayRequest to -1
01-18 06:29:46.840 I/HvacService( 2231): restore IonizerAutoLaunchState to -1
01-18 06:29:46.840 I/VehicleService( 2231): systemReady
01-18 06:29:46.840 I/VehicleSettingService( 2231): systemReady
01-18 06:29:46.840 I/VehicleSettingService( 2231): restore AdvisorEcoLightingActivationState to -1
01-18 06:29:46.840 I/VehicleSettingService( 2231): restore AHL_ActivationState to -1
01-18 06:29:46.840 I/VehicleSettingService( 2231): restore AutoInternalLightingStatus to -1
01-18 06:29:46.840 I/VehicleSettingService( 2231): restore AutomaticLockUpActivationState to -1
01-18 06:29:46.840 I/VehicleSettingService( 2231): restore RearWiperStatus to -1
01-18 06:29:46.840 I/VehicleSettingService( 2231): restore IKeyAccessActivationState to -1
01-18 06:29:46.840 I/VehicleSettingService( 2231): restore SingleDoorOpeningState to -1
01-18 06:29:46.840 I/VehicleSettingService( 2231): restore WGS_ActivationStatus to -1
01-18 06:29:46.840 I/VehicleSettingService( 2231): restore RearParkAssistState to -1
01-18 06:29:46.840 I/VehicleSettingService( 2231): restore FrontParkAssistState to -1
01-18 06:29:46.840 I/VehicleSettingService( 2231): restore FKP_ActivationStatus to -1
01-18 06:29:46.840 I/VehicleSettingService( 2231): restore DimmingStatus to -1
01-18 06:29:46.840 I/VehicleSettingService( 2231): restore HFP_DefaultManeuverType to -1
01-18 06:29:46.840 I/VehicleSettingService( 2231): restore ClusterVolumeState to -1
01-18 06:29:46.840 I/VehicleSettingService( 2231): skip SailingActivationIdleStatus. Not present. -1 -> -1
01-18 06:29:46.840 W/VehicleSettingService( 2231): RES_ResetOnBooting at starting
01-18 06:29:46.840 W/VehicleSettingService( 2231): RES_FirstTime at starting
01-18 06:29:46.840 I/TpmsService( 2231): systemReady
01-18 06:29:46.840 I/TpmsService( 2231): restore TPMS_AckResetDriver to -1
01-18 06:29:46.840 I/AdasService( 2231): systemReady
01-18 06:29:46.840 I/AdasService( 2231): restore HFP_SelectedManeuverType to -1
01-18 06:29:46.840 I/AdasService( 2231): restore mExtendedGripModeDisplayRequest to -1
01-18 06:29:46.840 I/AdasService( 2231): restore FrontParkAssistState to -1
01-18 06:29:46.840 I/AdasService( 2231): restore RearParkAssistState to -1
01-18 06:29:46.840 I/AdasService( 2231): skip ParkAssistVolState. Not present. -1 -> -1
01-18 06:29:46.840 I/AdasService( 2231): restore FKP_ActivationStatus to -1
01-18 06:29:46.840 I/AdasService( 2231): restore LDW_TimeToAlertState to -1
01-18 06:29:46.840 I/AdasService( 2231): restore LDW_ActivationState to -1
01-18 06:29:46.840 I/AdasService( 2231): restore FCW_ActivationState to 1
01-18 06:29:46.840 I/AdasService( 2231): restore BSW_ActivationStatus to -1
01-18 06:29:46.840 I/AdasService( 2231): restore OSPActivationStatus to -1
01-18 06:29:46.840 I/AdasService( 2231): skip UTA_AlertActivationState. Not present. -1 -> -1
01-18 06:29:46.840 I/AdasService( 2231): skip LDW_VibrationIntensityState. Not present. -1 -> -1
01-18 06:29:46.840 I/ClusterService( 2231): systemReady
01-18 06:29:46.840 I/PersonalizationService( 2231): systemReady
01-18 06:29:46.840 I/PersonalizationService( 2231): restore CPanelDisplayDayLuminosityStatus to -1
01-18 06:29:46.840 I/PersonalizationService( 2231): restore CPanelDisplayNightLuminosityStatus to -1
01-18 06:29:46.840 I/PersonalizationService( 2231): restore AmbientLightingActivationStatus to -1
01-18 06:29:46.840 I/PersonalizationService( 2231): restore AmbientLightingArea1Status to -1
01-18 06:29:46.840 I/PersonalizationService( 2231): skip AmbientLightingArea2Status. Not present. -1 -> -1
01-18 06:29:46.850 I/PersonalizationService( 2231): restore AmbientLightingArea3Status to -1
01-18 06:29:46.850 I/PersonalizationService( 2231): restore AmbientLightingColorStatus to -1
01-18 06:29:46.850 I/PersonalizationService( 2231): restore AmbientLightingIntensityStatus to -1
01-18 06:29:46.850 I/PersonalizationService( 2231): restore UnitDistanceDisplayState to -1
01-18 06:29:46.850 I/PersonalizationService( 2231): restore HMDNightLuminosityStatus to -1
01-18 06:29:46.850 I/PersonalizationService( 2231): restore HMDDayLuminosityStatus to -1
01-18 06:29:46.850 I/PersonalizationService( 2231): restore HMDAutoDimmingStatus to -1
01-18 06:29:46.850 I/PersonalizationService( 2231): restore HMDImageHeightStatus to -1
01-18 06:29:46.850 I/PersonalizationService( 2231): restore HMDDeploymentStatus to -1
01-18 06:29:46.850 I/PersonalizationService( 2231): restore DriverEasyAccessState to -1
01-18 06:29:46.850 I/PersonalizationService( 2231): restore PassengerEasyAccessState to -1
01-18 06:29:46.850 I/PersonalizationService( 2231): skip ClusterSkinStatus. Not present. -1 -> -1
01-18 06:29:46.850 I/PersonalizationService( 2231): skip PassengerMassageProgramState. Not present. -1 -> -1
01-18 06:29:46.850 I/PersonalizationService( 2231): restore DriverMassageProgramState to -1
01-18 06:29:46.850 I/PersonalizationService( 2231): skip PassengerMassageVelocityState. Not present. -1 -> -1
01-18 06:29:46.850 D/WindowPriorityManager( 2163): windowAnimationFinishedLocked win=Window{40e84558 StatusBar paused=false}
01-18 06:29:46.850 I/PersonalizationService( 2231): restore DriverMassageVelocityState to -1
01-18 06:29:46.850 I/PersonalizationService( 2231): skip PassengerMassageIntensityState. Not present. -1 -> -1
01-18 06:29:46.850 I/PersonalizationService( 2231): restore DriverMassageIntensityState to -1
01-18 06:29:46.850 I/PersonalizationService( 2231): restore AQMIonizerModeState to -1
01-18 06:29:46.860 I/PersonalizationService( 2231): Ese is unavailable in Personalization
01-18 06:29:46.870 W/RecoverableServiceInterface( 2231): Trying to connect service(com.lge.iviserver.Profile)
01-18 06:29:46.870 D/WindowPriorityManager( 2163): windowAnimationFinishedLocked win=Window{40ea67f8 HvacBar paused=false}
01-18 06:29:46.890 D/WindowPriorityManager( 2163): windowAnimationFinishedLocked win=Window{40ecf840 NavigationBar paused=false}
01-18 06:29:46.900 D/touchmode( 2244): performTraversals(!mStopped). ensureTouchModeLocally
01-18 06:29:46.900 D/touchmode( 2244): ensureTouchModeLocally(true), current touch mode is true
01-18 06:29:46.900 D/touchmode( 2244): performTraversals(mFirst). ensureTouchModeLocally
01-18 06:29:46.900 D/touchmode( 2244): ensureTouchModeLocally(true), current touch mode is false
01-18 06:29:46.900 D/touchmode( 2244): enterTouchMode()
01-18 06:29:46.920 I/SurfaceFlinger( 1977): mHw->getFormat() 5
01-18 06:29:46.920 D/dalvikvm( 2231): GC_CONCURRENT freed 287K, 19% free 2847K/3484K, paused 3ms+3ms
01-18 06:29:46.930 I/PersonalizationManager( 2231): getLocaleFromCode, code=10
01-18 06:29:46.930 W/CommandListener( 1974): Failed to retrieve HW addr for tcu0 (No such device)
01-18 06:29:46.930 I/PersonalizationService( 2231): updateLanguage, forceSetRequest=false, needRequestIfDiff=false, LanguageRequest=10, currentLocale=en_GB, localeToSet=en_GB
01-18 06:29:46.930 I/PersonalizationService( 2231): updateLanguage, needLocaleUpdate=false, needLanguageRequest=false
01-18 06:29:46.930 I/PersonalizationService( 2231): updateDefaultLanguage, saved=10, current default=10
01-18 06:29:46.930 I/PersonalizationService( 2231): initLdsValues
01-18 06:29:46.930 I/PersonalizationService( 2231): initWithProfileValues
01-18 06:29:46.930 I/PersonalizationService( 2231): setNotificationVisible, value=1, needToSave=false
01-18 06:29:46.930 I/PersonalizationService( 2231): setNotificationVisible ignored cause of same value.
01-18 06:29:46.930 I/PersonalizationService( 2231): setConsentStatus, value=0, needToSave=false
01-18 06:29:46.930 I/PersonalizationService( 2231): setTcuService, enabled=true
01-18 06:29:46.930 I/PersonalizationService( 2231): setTcuService ignored.
01-18 06:29:46.930 I/TcuDataTracker( 2163): Received changed data sharing status: false
01-18 06:29:46.930 I/TcuDataTracker( 2163): updateState(Tcu data state: NOT_AVAILABLE, TCU iface name=tcu0, mTcuManager=com.lge.ivi.TcuManager@40e8de28, mDiagManager=com.lge.ivi.DiagManager@40e47c28, mIsDataSharingEnabled=false, mIsTcuReady=false, mIsIfaceReady=false, mIsIfaceLinkUp=false))
01-18 06:29:46.930 I/TcuDataTracker( 2163): TCU network interface is not yet ready. Retries to initialize
01-18 06:29:46.930 I/TcuDataTracker( 2163): initTcuIface(name=tcu0)
01-18 06:29:46.930 D/NetworkManagementService( 2163): rsp <213 00:00:00:00:00:00 0.0.0.0 0 [down]>
01-18 06:29:46.930 D/NetworkManagementService( 2163): flags <[down]>
01-18 06:29:46.930 I/TcuDataTracker( 2163): Can't find TCU iface tcu0
01-18 06:29:46.930 W/TcuDataTracker( 2163): Failes to initialize TCU network interface.
01-18 06:29:46.930 I/MexService( 2231): systemReady
01-18 06:29:46.940 W/StateListDrawable( 2244): updateSkinDrawables, skin=4
01-18 06:29:46.940 W/StateListDrawable( 2244): updateSkinDrawables is ignored.
01-18 06:29:46.940 D/touchmode( 2244): performTraversals(!mStopped). ensureTouchModeLocally
01-18 06:29:46.940 D/touchmode( 2244): ensureTouchModeLocally(true), current touch mode is true
01-18 06:29:46.940 D/touchmode( 2244): performTraversals(!mStopped). ensureTouchModeLocally
01-18 06:29:46.940 D/touchmode( 2244): ensureTouchModeLocally(true), current touch mode is true
01-18 06:29:46.940 I/SeatService( 2231): systemReady
01-18 06:29:46.940 I/SeatService( 2231): restore CourtesyActivationStatus to -1
01-18 06:29:46.940 I/SeatService( 2231): restore Seat1_FoldingStatus to -1
01-18 06:29:46.940 I/SeatService( 2231): restore Seat2_FoldingStatus to -1
01-18 06:29:46.940 I/SeatService( 2231): restore Seat3_FoldingStatus to -1
01-18 06:29:46.940 I/SeatService( 2231): restore Seat4_FoldingStatus to -1
01-18 06:29:46.940 I/SeatService( 2231): restore Seat5_FoldingStatus to -1
01-18 06:29:46.940 I/SeatService( 2231): restore DriverMassageActivationState to -1
01-18 06:29:46.940 I/SeatService( 2231): skip PassengerMassageActivationState. Not present. -1 -> -1
01-18 06:29:46.940 I/SeatService( 2231): restore DriverSeatMemoStatus to -1
01-18 06:29:46.940 I/SDKService( 2231): systemReady
01-18 06:29:46.940 I/SDKService( 2231): systemReady
01-18 06:29:46.950 I/DiagService( 2231): In initSetCDisplayAvailability function
01-18 06:29:46.950 I/DiagService( 2231): - MM2014 Configuration -
01-18 06:29:46.950 I/DiagService( 2231): MMI_Language
01-18 06:29:46.950 I/DiagService( 2231):    Language = 1
01-18 06:29:46.950 I/DiagService( 2231): Temperature_Display
01-18 06:29:46.950 I/DiagService( 2231):    DisplayTemperature = 1
01-18 06:29:46.950 I/DiagService( 2231): Time_Format
01-18 06:29:46.950 I/DiagService( 2231):    DisplayTime = 2
01-18 06:29:46.950 I/DiagService( 2231): Display_Distance
01-18 06:29:46.950 I/DiagService( 2231):    DistanceUnit = 1
01-18 06:29:46.950 I/DiagService( 2231): Tyre_Pressure_Display
01-18 06:29:46.950 I/DiagService( 2231):    TyrePressureHMI = 1
01-18 06:29:46.950 I/DiagService( 2231): AMFM_Radio_Country
01-18 06:29:46.950 I/DiagService( 2231):    RadioCountry = 0
01-18 06:29:46.950 I/DiagService( 2231): ADAS
01-18 06:29:46.950 I/DiagService( 2231):    SoundLevelBalance = 7
01-18 06:29:46.950 I/DiagService( 2231):    SoundLevelPanning = 7
01-18 06:29:46.950 I/DiagService( 2231):    UPAMuteTimeout = 25
01-18 06:29:46.950 I/DiagService( 2231):    OSP_TSR = 2
01-18 06:29:46.950 I/DiagService( 2231):    UPAVolumeLevel = 15
01-18 06:29:46.950 I/DiagService( 2231):    UPASoundPattern = 0
01-18 06:29:46.950 I/DiagService( 2231):    LDWVolumeLevel = 15
01-18 06:29:46.950 I/DiagService( 2231):    ACC = 1
01-18 06:29:46.950 I/DiagService( 2231):    SoundConfiguration = 1
01-18 06:29:46.950 I/DiagService( 2231):    FlankGuardProtection = 1
01-18 06:29:46.950 I/DiagService( 2231):    VisualParkAssist = 1
01-18 06:29:46.950 I/DiagService( 2231):    UltrasoundParkAssist = 2
01-18 06:29:46.950 I/DiagService( 2231):    HFP = 1
01-18 06:29:46.950 I/DiagService( 2231):    DWFunction = 2
01-18 06:29:46.950 I/DiagService( 2231):    OSPFunction = 0
01-18 06:29:46.950 I/DiagService( 2231):    LDWFunction = 1
01-18 06:29:46.950 I/DiagService( 2231):    AHLFunction = 1
01-18 06:29:46.950 I/DiagService( 2231):    FrontCollisionWarning = 1
01-18 06:29:46.950 I/DiagService( 2231):    BlindSpotWarning = 1
01-18 06:29:46.950 I/DiagService( 2231):    RVCImageHMirror = 0
01-18 06:29:46.950 I/DiagService( 2231):    RVCImageVMirror = 0
01-18 06:29:46.950 I/DiagService( 2231):    RVCTrunkOpenHandlingDisplayMessage = 1
01-18 06:29:46.950 I/DiagService( 2231):    RVCTrunkOpenHandlingDisableRVC = 1
01-18 06:29:46.950 I/DiagService( 2231):    RearViewCamera = 1
01-18 06:29:46.950 I/DiagService( 2231):    RVCDynamicGuideLines = 1
01-18 06:29:46.950 I/DiagService( 2231):    RVCFixedGuideLines = 1
01-18 06:29:46.950 I/DiagService( 2231):    RVCContrast = 128
01-18 06:29:46.950 I/DiagService( 2231):    RVCSaturation = 128
01-18 06:29:46.950 I/DiagService( 2231):    RVCHue = 128
01-18 06:29:46.950 I/DiagService( 2231):    RVCBrightness = 128
01-18 06:29:46.950 I/DiagService( 2231):    RVCXOffset = 50
01-18 06:29:46.950 I/DiagService( 2231):    RVCYOffset = 50
01-18 06:29:46.950 I/DiagService( 2231):    RVCRotation = 15
01-18 06:29:46.950 I/DiagService( 2231):    RVCCropUp = 0
01-18 06:29:46.950 I/DiagService( 2231):    RVCCropDown = 0
01-18 06:29:46.950 I/DiagService( 2231):    RVCCropLeft = 0
01-18 06:29:46.950 I/DiagService( 2231):    RVCCropRight = 0
01-18 06:29:46.950 I/DiagService( 2231): HMI
01-18 06:29:46.950 I/DiagService( 2231):    RestrictionMin = 255
01-18 06:29:46.950 I/DiagService( 2231):    RestrictionMax = 255
01-18 06:29:46.950 I/DiagService( 2231):    TouchscreenRestriction = 0
01-18 06:29:46.950 I/DiagService( 2231):    GeneralRestriction = 0
01-18 06:29:46.950 I/DiagService( 2231):    OnScreenManual = 0
01-18 06:29:46.960 I/DiagService( 2231):    VideoRestriction = 0
01-18 06:29:46.960 I/DiagService( 2231):    PhotoRestriction = 0
01-18 06:29:46.960 I/DiagService( 2231):    NavigationHMIRestriction = 0
01-18 06:29:46.960 I/DiagService( 2231):    RearClimComponent = 1
01-18 06:29:46.960 I/DiagService( 2231):    HeatedWindscreen = 1
01-18 06:29:46.960 I/DiagService( 2231):    AirFreshenerFunction = 1
01-18 06:29:46.960 I/DiagService( 2231):    ClimDisplay = 1
01-18 06:29:46.960 I/DiagService( 2231):    RecyAutoSelection = 1
01-18 06:29:46.960 I/DiagService( 2231):    AirQualityHistogramDisplay = 1
01-18 06:29:46.960 I/DiagService( 2231):    IonizerSelection = 1
01-18 06:29:46.960 I/DiagService( 2231):    Fragrance = 0
01-18 06:29:46.960 I/DiagService( 2231):    AmbientLightArea1 = 1
01-18 06:29:46.960 I/DiagService( 2231):    AmbientLightArea2 = 0
01-18 06:29:46.960 I/DiagService( 2231):    AmbientLightArea3 = 1
01-18 06:29:46.960 I/DiagService( 2231):    RFA4SeatsMagicFolding = 0
01-18 06:29:46.960 I/DiagService( 2231):    MassingSeat = 1
01-18 06:29:46.960 I/DiagService( 2231):    MagicFolding = 1
01-18 06:29:46.960 I/DiagService( 2231):    DriverSeatMemoPosition = 1
01-18 06:29:46.960 I/DiagService( 2231):    CourtesyForPassengerSeat = 1
01-18 06:29:46.960 I/DiagService( 2231):    WelcomeSequence = 1
01-18 06:29:46.960 I/DiagService( 2231):    TPMS = 1
01-18 06:29:46.960 I/DiagService( 2231):    HandfreeUnlocking = 1
01-18 06:29:46.960 I/DiagService( 2231):    ExtendedGripSetting = 1
01-18 06:29:46.960 I/DiagService( 2231):    AmbilightSetting = 1
01-18 06:29:46.960 I/DiagService( 2231):    HMD = 1
01-18 06:29:46.960 I/DiagService( 2231):    ESE = 0
01-18 06:29:46.960 I/DiagService( 2231):    SingleDoorOpeningSetting = 1
01-18 06:29:46.960 I/DiagService( 2231):    RearWiperSetting = 1
01-18 06:29:46.960 I/DiagService( 2231):    AutoLockupSetting = 1
01-18 06:29:46.960 I/DiagService( 2231):    ThreeZonesSelection = 0
01-18 06:29:46.960 I/DiagService( 2231):    EasyAccessSetting = 2
01-18 06:29:46.960 I/DiagService( 2231):    DrivingStyleIndicator = 1
01-18 06:29:46.960 I/DiagService( 2231):    InternalLight = 1
01-18 06:29:46.960 I/DiagService( 2231):    ClusterAlertSound = 1
01-18 06:29:46.960 I/DiagService( 2231):    ExternalWelcomeSequence = 1
01-18 06:29:46.960 I/DiagService( 2231):    AmbientLightingColor1 = 1
01-18 06:29:46.960 I/DiagService( 2231):    AmbientLightingColor2 = 1
01-18 06:29:46.960 I/DiagService( 2231):    AmbientLightingColor3 = 1
01-18 06:29:46.960 I/DiagService( 2231):    AmbientLightingColor4 = 1
01-18 06:29:46.960 I/DiagService( 2231):    AmbientLightingColor5 = 1
01-18 06:29:46.960 I/DiagService( 2231):    AmbientLightingColor6 = 0
01-18 06:29:46.960 I/DiagService( 2231):    AmbientLightingColor7 = 0
01-18 06:29:46.960 I/DiagService( 2231):    AmbientLightingColor8 = 0
01-18 06:29:46.960 I/DiagService( 2231):    AmbientLightingColor9 = 0
01-18 06:29:46.970 I/DiagService( 2231):    AmbientLightingColor10 = 0
01-18 06:29:46.970 I/DiagService( 2231):    AmbientLightingColor11 = 0
01-18 06:29:46.970 I/DiagService( 2231):    AmbientLightingColor12 = 0
01-18 06:29:46.970 I/DiagService( 2231):    AmbientLightingColor13 = 0
01-18 06:29:46.970 I/DiagService( 2231):    AmbientLightingColor14 = 0
01-18 06:29:46.970 I/DiagService( 2231):    AmbientLightingColor15 = 0
01-18 06:29:46.970 I/DiagService( 2231):    AmbientLightingColor16 = 0
01-18 06:29:46.970 I/DiagService( 2231): Connectivity
01-18 06:29:46.970 I/DiagService( 2231):    TCU = 1
01-18 06:29:46.970 I/DiagService( 2231):    EcoFunction = 1
01-18 06:29:46.970 I/DiagService( 2231):    EcoChallenge = 1
01-18 06:29:46.970 I/DiagService( 2231):    TcpWindows2G = 17520
01-18 06:29:46.980 I/DiagService( 2231):    MTU2G = 1000
01-18 06:29:46.980 I/DiagService( 2231):    TTL2G = 64
01-18 06:29:46.980 I/DiagService( 2231):    SynAck2G = 0
01-18 06:29:46.980 I/DiagService( 2231):    QOS2G = 0
01-18 06:29:46.980 I/DiagService( 2231):    TcpWindows3G = 17520
01-18 06:29:46.980 I/DiagService( 2231):    MTU3G = 1000
01-18 06:29:46.980 I/DiagService( 2231):    TTL3G = 64
01-18 06:29:46.980 I/DiagService( 2231):    SynAck3G = 0
01-18 06:29:46.980 I/DiagService( 2231):    QOS3G = 0
01-18 06:29:46.980 I/DiagService( 2231):    TcpWindowsWifi = 17520
01-18 06:29:46.980 I/DiagService( 2231):    MTUWifi = 1000
01-18 06:29:46.980 I/DiagService( 2231):    TTLWifi = 64
01-18 06:29:46.980 I/DiagService( 2231):    SynAckWifi = 0
01-18 06:29:46.980 I/DiagService( 2231):    QOSWifi = 0
01-18 06:29:46.980 I/DiagService( 2231):    TcpWindowsOther = 17520
01-18 06:29:46.980 I/DiagService( 2231):    MTUOther = 1000
01-18 06:29:46.980 I/DiagService( 2231):    TTLOther = 64
01-18 06:29:46.980 I/DiagService( 2231):    SynAckOther = 0
01-18 06:29:46.980 I/DiagService( 2231):    QOSOther = 0
01-18 06:29:46.980 I/DiagService( 2231): Car
01-18 06:29:46.980 I/DiagService( 2231):    WelcomeSequenceVolLevel = 0
01-18 06:29:46.980 I/DiagService( 2231):    GearBox = 0
01-18 06:29:46.980 I/DiagService( 2231):    VehicleType = 14
01-18 06:29:46.980 I/DiagService( 2231):    EngineType = 1
01-18 06:29:46.980 I/DiagService( 2231):    Manufacturer = 0
01-18 06:29:46.980 I/DiagService( 2231):    Handdrive = 0
01-18 06:29:46.980 I/DiagService( 2231):    SpeedCurve = 3
01-18 06:29:46.980 I/DiagService( 2231): ECU
01-18 06:29:46.980 I/DiagService( 2231):    GyroCalibration = 90
01-18 06:29:46.980 I/DiagService( 2231):    PremiumExternalAmplifier = 0
01-18 06:29:46.980 I/DiagService( 2231):    RearTweeters = 1
01-18 06:29:46.980 I/DiagService( 2231):    MCH1Type = 0
01-18 06:29:46.980 I/DiagService( 2231):    ExternalMCH2 = 1
01-18 06:29:46.980 I/DiagService( 2231):    CSW = 1
01-18 06:29:46.980 I/DiagService( 2231):    CdDrive = 1
01-18 06:29:46.980 I/DiagService( 2231):    FM2AntennaPhantomSupply = 1
01-18 06:29:46.980 I/DiagService( 2231):    DisplayActivation = 1
01-18 06:29:46.980 I/DiagService( 2231):    OSWType = 0
01-18 06:29:46.980 I/DiagService( 2231):    ANCMicrophones = 0
01-18 06:29:46.980 I/DiagService( 2231):    Gyro = 0
01-18 06:29:46.980 I/DiagService( 2231):    DigitalRadioActivation = 0
01-18 06:29:46.980 I/DiagService( 2231):    AMTunerActivation = 0
01-18 06:29:46.980 I/DiagService( 2231):    GPSAntenna = 1
01-18 06:29:46.980 I/DiagService( 2231): Map_code
01-18 06:29:46.980 I/DiagService( 2231):    SelectCode = 0
01-18 06:29:46.980 I/DiagService( 2231): Antitheft_activation
01-18 06:29:46.980 I/DiagService( 2231):    AntitheftActivation = 1
01-18 06:29:46.980 I/DiagService( 2231): MEX
01-18 06:29:46.980 I/DiagService( 2231):    CF_MEX_Presence = 1
01-18 06:29:46.980 I/DiagService( 2231):    CF_MEX_Mode_Default = 2
01-18 06:29:46.980 I/DiagService( 2231):    CF_SysMode_Denomination_Table_Number = 0
01-18 06:29:46.980 I/DiagService( 2231):    CF_MexMode_Denomination_Table_Number = 0
01-18 06:29:46.980 I/DiagService( 2231):    CF_MEXStart_Mode = 3
01-18 06:29:46.980 I/DiagService( 2231):    CF_4control_Presence = 1
01-18 06:29:46.980 I/DiagService( 2231):    CF_Variable_Damping_Presence = 1
01-18 06:29:46.980 I/DiagService( 2231):    CF_Thermal_Comfort_Presence = 1
01-18 06:29:46.980 I/DiagService( 2231):    CF_Automatic_Transmission_Presence = 1
01-18 06:29:46.980 I/DiagService( 2231):    CF_EngineSound_Presence = 0
01-18 06:29:46.980 I/DiagService( 2231):    CF_Ambient_Lighting_Presence = 1
01-18 06:29:46.980 I/DiagService( 2231):    CF_MassingSeat_Presence = 1
01-18 06:29:46.980 I/DiagService( 2231):    CF_Heel_Toe_Shifting_Presence = 0
01-18 06:29:46.980 I/DiagService( 2231):    CF_MaxCarSpeed = 60
01-18 06:29:46.980 I/DiagService( 2231):    DF_Ambient_Lighting_Activation_Eco = 1
01-18 06:29:46.980 I/DiagService( 2231):    DF_Ambient_Lighting_Activation_Comfort = 1
01-18 06:29:46.980 I/DiagService( 2231):    DF_Ambient_Lighting_Activation_Normal = 1
01-18 06:29:46.980 I/DiagService( 2231):    DF_Ambient_Lighting_Activation_Dynamic = 1
01-18 06:29:46.980 I/DiagService( 2231):    DF_Ambient_Lighting_Activation_Perso = 1
01-18 06:29:46.980 I/DiagService( 2231):    DF_Ambient_Lighting_Area1_Eco = 1
01-18 06:29:46.980 I/DiagService( 2231):    DF_Ambient_Lighting_Area1_Comfort = 1
01-18 06:29:46.980 I/DiagService( 2231):    DF_Ambient_Lighting_Area1_Normal = 1
01-18 06:29:46.980 I/DiagService( 2231):    DF_Ambient_Lighting_Area1_Dynamic = 1
01-18 06:29:46.980 I/DiagService( 2231):    DF_Ambient_Lighting_Area1_Perso = 1
01-18 06:29:46.980 I/DiagService( 2231):    DF_Ambient_Lighting_Area2_Eco = 2
01-18 06:29:46.980 I/DiagService( 2231):    DF_Ambient_Lighting_Area2_Comfort = 2
01-18 06:29:46.980 I/DiagService( 2231):    DF_Ambient_Lighting_Area2_Normal = 2
01-18 06:29:46.980 I/DiagService( 2231):    DF_Ambient_Lighting_Area2_Dynamic = 2
01-18 06:29:46.990 I/CARPLAY ( 2528): [TID=  1]	[CarPlayApp]	onCreate
01-18 06:29:46.990 I/DiagService( 2231):    DF_Ambient_Lighting_Area2_Perso = 2
01-18 06:29:46.990 I/DiagService( 2231):    DF_Ambient_Lighting_Area3_Eco = 1
01-18 06:29:46.990 I/DiagService( 2231):    DF_Ambient_Lighting_Area3_Comfort = 1
01-18 06:29:46.990 I/DiagService( 2231):    DF_Ambient_Lighting_Area3_Normal = 1
01-18 06:29:46.990 I/DiagService( 2231):    DF_Ambient_Lighting_Area3_Dynamic = 1
01-18 06:29:46.990 I/DiagService( 2231):    DF_Ambient_Lighting_Area3_Perso = 1
01-18 06:29:46.990 I/DiagService( 2231):    DF_Ambient_Lighting_Color_Eco = 1
01-18 06:29:46.990 I/DiagService( 2231):    DF_Ambient_Lighting_Color_Comfort = 3
01-18 06:29:46.990 I/DiagService( 2231):    DF_Ambient_Lighting_Color_Normal = 5
01-18 06:29:46.990 I/DiagService( 2231):    DF_Ambient_Lighting_Color_Dynamic = 2
01-18 06:29:46.990 I/DiagService( 2231):    DF_Ambient_Lighting_Color_Perso = 5
01-18 06:29:46.990 I/DiagService( 2231):    DF_Ambient_Lighting_Intensity_Eco = 10
01-18 06:29:46.990 I/DiagService( 2231):    DF_Ambient_Lighting_Intensity_Comfort = 10
01-18 06:29:46.990 I/DiagService( 2231):    DF_Ambient_Lighting_Intensity_Normal = 14
01-18 06:29:46.990 I/DiagService( 2231):    DF_Ambient_Lighting_Intensity_Dynamic = 20
01-18 06:29:46.990 I/DiagService( 2231):    DF_Ambient_Lighting_Intensity_Perso = 14
01-18 06:29:46.990 I/DiagService( 2231):    DF_Driver_Massing_Seat_Activation_Eco = 1
01-18 06:29:46.990 I/DiagService( 2231):    DF_Driver_Massing_Seat_Activation_Comfort = 1
01-18 06:29:46.990 I/DiagService( 2231):    DF_Driver_Massing_Seat_Activation_Normal = 1
01-18 06:29:46.990 I/DiagService( 2231):    DF_Driver_Massing_Seat_Activation_Dynamic = 1
01-18 06:29:46.990 I/DiagService( 2231):    DF_Driver_Massing_Seat_Activation_Perso = 1
01-18 06:29:46.990 I/DiagService( 2231):    DF_Driver_Massing_Seat_Program_Eco = 1
01-18 06:29:46.990 I/DiagService( 2231):    DF_Driver_Massing_Seat_Program_Comfort = 1
01-18 06:29:46.990 I/DiagService( 2231):    DF_Driver_Massing_Seat_Program_Normal = 1
01-18 06:29:46.990 I/DiagService( 2231):    DF_Driver_Massing_Seat_Program_Dynamic = 1
01-18 06:29:46.990 I/DiagService( 2231):    DF_Driver_Massing_Seat_Program_Perso = 1
01-18 06:29:46.990 I/DiagService( 2231):    DF_Driver_Massing_Seat_Speed_Eco = 1
01-18 06:29:46.990 I/DiagService( 2231):    DF_Driver_Massing_Seat_Speed_Comfort = 5
01-18 06:29:46.990 I/DiagService( 2231):    DF_Driver_Massing_Seat_Speed_Normal = 1
01-18 06:29:46.990 I/DiagService( 2231):    DF_Driver_Massing_Seat_Speed_Dynamic = 1
01-18 06:29:46.990 I/DiagService( 2231):    DF_Driver_Massing_Seat_Speed_Perso = 1
01-18 06:29:46.990 I/DiagService( 2231):    DF_Driver_Massing_Seat_Intensity_Eco = 1
01-18 06:29:46.990 I/DiagService( 2231):    DF_Driver_Massing_Seat_Intensity_Comfort = 5
01-18 06:29:46.990 I/DiagService( 2231):    DF_Driver_Massing_Seat_Intensity_Normal = 1
01-18 06:29:46.990 I/DiagService( 2231):    DF_Driver_Massing_Seat_Intensity_Dynamic = 1
01-18 06:29:46.990 I/DiagService( 2231):    DF_Driver_Massing_Seat_Intensity_Perso = 1
01-18 06:29:46.990 I/DiagService( 2231):    CF_MEXChangeExcludeTime = 30
01-18 06:29:46.990 I/DiagService( 2231):    CF_CombinaisonsSystemsModes1_Activation = 1
01-18 06:29:47.000 I/DiagService( 2231):    CF_CombinaisonsSystemsModes2_Activation = 1
01-18 06:29:47.000 I/DiagService( 2231):    CF_CombinaisonsSystemsModes3_Activation = 1
01-18 06:29:47.000 I/DiagService( 2231): ESE_ANC_Activation
01-18 06:29:47.000 I/DiagService( 2231):    ESE = 0
01-18 06:29:47.000 I/DiagService( 2231):    ANC = 0
01-18 06:29:47.000 I/DiagService( 2231): Nav_Function_Enable
01-18 06:29:47.000 I/DiagService( 2231):    Nav_Function_HMI = 0
01-18 06:29:47.000 I/DiagService( 2231): Unballast
01-18 06:29:47.000 I/DiagService( 2231):    Unballast_Warning_Time = 30
01-18 06:29:47.000 I/DiagService( 2231):    Min_Time_Before_Unballast = 10
01-18 06:29:47.000 I/DiagService( 2231): Touchscreen_parameters
01-18 06:29:47.000 I/DiagService( 2231):    Debug_Data_0 = 0
01-18 06:29:47.000 I/DiagService( 2231):    Debug_Data_1 = 0
01-18 06:29:47.000 I/DiagService( 2231):    Number_Rows = 16
01-18 06:29:47.000 I/DiagService( 2231):    Number_Columns = 30
01-18 06:29:47.000 I/DiagService( 2231):    Touch_Resolution_X = 480
01-18 06:29:47.000 I/DiagService( 2231):    Touch_Resolution_Y = 256
01-18 06:29:47.000 I/DiagService( 2231):    Screen_Size_X = 16455
01-18 06:29:47.000 I/DiagService( 2231):    Screen_size_Y = 8800
01-18 06:29:47.000 I/DiagService( 2231):    Centroid_Threshold = 8
01-18 06:29:47.000 I/DiagService( 2231):    Noise_Threshold = 29
01-18 06:29:47.000 I/DiagService( 2231):    Negative_Noise_Threshold = 60
01-18 06:29:47.000 I/DiagService( 2231):    Finger_Threshold = 30
01-18 06:29:47.000 I/DiagService( 2231):    Finger_Velocity_X = 512
01-18 06:29:47.000 I/DiagService( 2231):    Finger_Velocity_Y = 512
01-18 06:29:47.000 I/DiagService( 2231):    Finger_Debounce = 1
01-18 06:29:47.000 I/DiagService( 2231):    Number_TX_Clocks = 15
01-18 06:29:47.000 I/DiagService( 2231):    TX_Divider_value_00 = 70
01-18 06:29:47.000 I/DiagService( 2231):    TX_Divider_value_01 = 87
01-18 06:29:47.000 I/DiagService( 2231):    TX_Divider_value_02 = 115
01-18 06:29:47.000 I/DiagService( 2231):    Large_Object_Threshold = 32
01-18 06:29:47.000 I/DiagService( 2231):    Fat_Finger_Threshold = 20
01-18 06:29:47.000 I/DiagService( 2231):    Low_Power_Interval = 100
01-18 06:29:47.000 I/DiagService( 2231):    Refresh_Interval = 10
01-18 06:29:47.000 I/DiagService( 2231):    Active_Mode_Timeout = 2000
01-18 06:29:47.000 I/DiagService( 2231):    WakeUp_Source = 2
01-18 06:29:47.000 I/DiagService( 2231):    COMM_INT_Pulse_Width = 100
01-18 06:29:47.000 I/DiagService( 2231):    XY_Filter_Move_Thold = 4
01-18 06:29:47.000 I/DiagService( 2231):    Xy_Filter_Fast_Thold = 8
01-18 06:29:47.000 I/DiagService( 2231):    Xy_Filter_Slow_Coeff = 2
01-18 06:29:47.000 I/DiagService( 2231):    Xy_Filter_Fast_Coeff = 8
01-18 06:29:47.000 I/DiagService( 2231):    Fat_Finger_Deflection_Limit = 20
01-18 06:29:47.000 I/DiagService( 2231):    IDAC_HoldOff_Value = 4
01-18 06:29:47.000 I/DiagService( 2231):    Freq_Hopping_Operational_Mode = 1
01-18 06:29:47.000 I/DiagService( 2231):    Freq_Hopping_Noise_Threshold = 1000
01-18 06:29:47.000 I/DiagService( 2231):    Freq_Hopping_Refresh_Counter_Threshold = 50
01-18 06:29:47.000 I/DiagService( 2231):    Baseline_Update_Rate = 1000
01-18 06:29:47.000 I/DiagService( 2231):    Advanced_Finger_Separation = 1
01-18 06:29:47.000 I/DiagService( 2231):    Inner_Edge_Gain = 8
01-18 06:29:47.000 I/DiagService( 2231):    Outer_Edge_Gain = 3
01-18 06:29:47.000 I/DiagService( 2231): Display_parameters
01-18 06:29:47.000 I/DiagService( 2231):    VP = 808
01-18 06:29:47.000 I/DiagService( 2231):    VS = 2
01-18 06:29:47.000 I/DiagService( 2231):    VBP = 19
01-18 06:29:47.000 I/DiagService( 2231):    VFP = 19
01-18 06:29:47.000 I/DiagService( 2231):    VDISP = 768
01-18 06:29:47.000 I/DiagService( 2231):    VRR = 60
01-18 06:29:47.000 I/DiagService( 2231):    VH = 0
01-18 06:29:47.000 I/DiagService( 2231):    HP = 1104
01-18 06:29:47.000 I/DiagService( 2231):    HS = 20
01-18 06:29:47.000 I/DiagService( 2231):    HBP = 30
01-18 06:29:47.000 I/DiagService( 2231):    HFP = 30
01-18 06:29:47.000 I/DiagService( 2231):    HDISP = 1024
01-18 06:29:47.000 I/DiagService( 2231):    FPCLK = 5352
01-18 06:29:47.000 I/DiagService( 2231):    TouchscreenReset = 1
01-18 06:29:47.000 I/DiagService( 2231):    PixelClockEdgeSelect = 0
01-18 06:29:47.000 I/DiagService( 2231):    I2CPassThroughAll = 0
01-18 06:29:47.000 I/DiagService( 2231):    Deserializer_I2C_Address = 44
01-18 06:29:47.000 I/DiagService( 2231):    SCG_Control = 15
01-18 06:29:47.000 I/DiagService( 2231):    Touchscreen_Controller_I2C_Address_BootLoader = 105
01-18 06:29:47.000 I/DiagService( 2231):    Touchscreen_Controller_I2C_address_Operating = 103
01-18 06:29:47.000 I/DiagService( 2231): GEN1_1
01-18 06:29:47.000 I/DiagService( 2231):    ClusterSkinChoice = 0
01-18 06:29:47.000 I/DiagService( 2231):    UnstableTrajectoryAlert = 0
01-18 06:29:47.000 I/DiagService( 2231):    SteeredWheel = 0
01-18 06:29:47.000 I/DiagService( 2231):    SED = 0
01-18 06:29:47.000 I/DiagService( 2231):    ANC = 0
01-18 06:29:47.000 I/DiagService( 2231):    SailingInEcoMode = 0
01-18 06:29:47.000 I/DiagService( 2231):    RearCAMGuidelineSetting = 0
01-18 06:29:47.000 I/DiagService( 2231):    VehicleLength = 0
01-18 06:29:47.000 I/DiagService( 2231):    VehicleWidth = 0
01-18 06:29:47.000 I/DiagService( 2231):    VehicleHeight = 0
01-18 06:29:47.000 I/DiagService( 2231):    AxleDistance = 0
01-18 06:29:47.000 I/DiagService( 2231):    AxleLengthFront = 0
01-18 06:29:47.000 I/DiagService( 2231):    AxleLengthRear = 0
01-18 06:29:47.000 I/DiagService( 2231):    CarType = 1
01-18 06:29:47.000 I/DiagService( 2231):    DF_SkinChoice_Eco = 0
01-18 06:29:47.000 I/DiagService( 2231):    DF_SkinChoice_Comfort = 0
01-18 06:29:47.000 I/DiagService( 2231):    DF_SkinChoice_Normal = 0
01-18 06:29:47.000 I/DiagService( 2231):    DF_SkinChoice_Dynamic = 0
01-18 06:29:47.000 I/DiagService( 2231):    DF_SkinChoice_Perso = 0
01-18 06:29:47.010 I/CARPLAY ( 2528): [TID=  1]	[InitiateReceiver]	onReceive, Intent =Intent { act=com.lge.spcx.carplay.start.daemon flg=0x10 cmp=com.lge.android.app.spcx.carplay/.receiver.InitiateReceiver }, Action =com.lge.spcx.carplay.start.daemon
01-18 06:29:47.010 I/CARPLAY ( 2528): [TID=  1]	[InitiateReceiver]	checkIpodDaemon: running
01-18 06:29:47.010 V/ActivityManager( 2163): startProcess: name=com.lge.android.app.pimdownload app=null knownToBeDead=true thread=null pid=-1
01-18 06:29:47.020 I/CARPLAY ( 2528): [TID=  1]	[InitiateReceiver]	Start iAP2Daemon
01-18 06:29:47.030 I/DiagService( 2231):    DF_MexSwitch_IntensityWithoutAmbient_lighting = 0
01-18 06:29:47.030 I/DiagService( 2231):    CF_MexSwitch_Type = 0
01-18 06:29:47.030 I/DiagService( 2231):    CF_DualMode_Mgt = 0
01-18 06:29:47.030 I/DiagService( 2231):    CF_Preferential_Mode1 = 0
01-18 06:29:47.030 I/DiagService( 2231):    CF_Preferential_Mode2 = 0
01-18 06:29:47.030 I/DiagService( 2231):    DF_ESESoundActivation_Eco = 0
01-18 06:29:47.030 I/DiagService( 2231):    DF_ESESoundActivation_Comfort = 0
01-18 06:29:47.030 I/DiagService( 2231):    DF_ESESoundActivation_Normal = 0
01-18 06:29:47.030 I/DiagService( 2231):    DF_ESESoundActivation_Dynamic = 0
01-18 06:29:47.030 I/DiagService( 2231):    DF_ESESoundActivation_Perso = 0
01-18 06:29:47.030 I/DiagService( 2231):    DF_ESESoundType_Eco = 0
01-18 06:29:47.030 I/DiagService( 2231):    DF_ESESoundType_Comfort = 0
01-18 06:29:47.030 I/DiagService( 2231):    DF_ESESoundType_Normal = 0
01-18 06:29:47.030 I/DiagService( 2231):    DF_ESESoundType_Dynamic = 0
01-18 06:29:47.030 I/DiagService( 2231):    DF_ESESoundType_Perso = 0
01-18 06:29:47.030 I/DiagService( 2231):    GNSS = 0
01-18 06:29:47.030 I/DiagService( 2231): GEN2_0
01-18 06:29:47.030 I/DiagService( 2231):    WifiPresence = 1
01-18 06:29:47.030 I/DiagService( 2231):    RES = 1
01-18 06:29:47.030 I/DiagService( 2231):    SPVR = 1
01-18 06:29:47.030 I/DiagService( 2231):    ScreenOrientation = 1
01-18 06:29:47.030 I/DiagService( 2231):    HRESTimer = 1
01-18 06:29:47.030 I/DiagService( 2231):    LKA = 1
01-18 06:29:47.030 I/DiagService( 2231):    LDWTYPE = 0
01-18 06:29:47.030 I/DiagService( 2231):    EmbeddedVR = 1
01-18 06:29:47.030 I/DiagService( 2231):    CarPlay = 1
01-18 06:29:47.030 I/DiagService( 2231):    AAP = 1
01-18 06:29:47.030 I/DiagService( 2231):    ECallVolumeLevel = 15
01-18 06:29:47.030 I/DiagService( 2231):    SEDLevel1MinThreshold = 1
01-18 06:29:47.030 I/DiagService( 2231):    SEDLevel2MinThreshold = 21
01-18 06:29:47.030 I/DiagService( 2231):    SEDLevel3MinThreshold = 41
01-18 06:29:47.030 I/DiagService( 2231):    SEDLevel4MinThreshold = 61
01-18 06:29:47.030 I/DiagService( 2231):    SEDLevel5MinThreshold = 85
01-18 06:29:47.030 I/DiagService( 2231): Guideline_parameters
01-18 06:29:47.030 I/DiagService( 2231):    CameraModelID = 2
01-18 06:29:47.030 I/DiagService( 2231):    CameraFocalLength = 1189
01-18 06:29:47.030 I/DiagService( 2231):    CameraSensorEffectiveSizeHorizontal = 2340
01-18 06:29:47.030 I/DiagService( 2231):    CameraSensorEffectiveSizeVertical = 1880
01-18 06:29:47.030 I/DiagService( 2231):    CameraSensorEffectiveResolutionHorizontal = 140
01-18 06:29:47.030 I/DiagService( 2231):    CameraSensorEffectiveResolutionVertical = 80
01-18 06:29:47.030 I/DiagService( 2231):    CameraDistortionPolynomialD0 = 1207969
01-18 06:29:47.030 I/DiagService( 2231):    CameraDistortionPolynomialD1 = 998874
01-18 06:29:47.030 I/DiagService( 2231):    CameraDistortionPolynomialD2 = 1076916
01-18 06:29:47.030 I/DiagService( 2231):    CameraDistortionPolynomialD3 = 974394
01-18 06:29:47.030 I/DiagService( 2231):    CameraDistortionPolynomialD4 = 963720
01-18 06:29:47.030 I/DiagService( 2231):    CameraDistortionPolynomialD5 = 1036907
01-18 06:29:47.030 I/DiagService( 2231):    CameraDistortionPolynomialD6 = 986304
01-18 06:29:47.030 I/DiagService( 2231):    CameraDistortionPolynomialD7 = 1001907
01-18 06:29:47.030 I/DiagService( 2231):    CameraDistortionPolynomialD8 = 999994
01-18 06:29:47.030 I/DiagService( 2231):    VehicleWidth = 1320
01-18 06:29:47.030 I/DiagService( 2231):    RearOverhang = 1069
01-18 06:29:47.030 I/DiagService( 2231):    WheelBase = 2310
01-18 06:29:47.030 I/DiagService( 2231):    VhStrFWAPolynomialF0 = 12176
01-18 06:29:47.030 I/DiagService( 2231):    VhStrFWAPolynomialF1 = 16150
01-18 06:29:47.030 I/DiagService( 2231):    VhStrFWAPolynomialF2 = 9997
01-18 06:29:47.030 I/DiagService( 2231):    VhStrFWAPolynomialF3 = 1000029
01-18 06:29:47.030 I/DiagService( 2231):    VhStrFWAPolynomialF4 = 999984
01-18 06:29:47.030 I/DiagService( 2231):    VhStr4WSPresence = 0
01-18 06:29:47.030 I/DiagService( 2231):    VhStr4WSGuidelinesSetsNbPos = 0
01-18 06:29:47.040 I/ActivityThread( 2550): Pub lge.bluetooth.provider.btcontentprovider: com.lge.iviserver2.btmanager.BTContentProvider
01-18 06:29:47.040 I/DiagService( 2231):    VhStr4WSGuidelinesSetsNbNeg = 0
01-18 06:29:47.040 I/DiagService( 2231):    VhStr4WSRWAMax = 13
01-18 06:29:47.040 I/DiagService( 2231):    VhStr4WSRWAMin = 9
01-18 06:29:47.040 I/DiagService( 2231):    VhStr4WSRWAHyst = 2
01-18 06:29:47.040 I/DiagService( 2231):    VhStr4WSRWAStep0 = 5
01-18 06:29:47.040 I/DiagService( 2231):    MaxSteeringWheelAngle = 335
01-18 06:29:47.040 I/DiagService( 2231):    CameraPositionXvh = 79
01-18 06:29:47.040 I/DiagService( 2231):    CameraPositionYvh = 511
01-18 06:29:47.040 I/DiagService( 2231):    CameraPositionZvh = 814
01-18 06:29:47.040 I/DiagService( 2231):    CameraPitch = 3187
01-18 06:29:47.040 I/DiagService( 2231):    CameraYaw = 2047
01-18 06:29:47.040 I/DiagService( 2231):    CameraRoll = 2047
01-18 06:29:47.040 I/DiagService( 2231):    GuidRr = 202
01-18 06:29:47.040 I/DiagService( 2231):    GuidGr = 18
01-18 06:29:47.040 I/DiagService( 2231):    GuidBr = 18
01-18 06:29:47.040 I/DiagService( 2231):    GuidRo = 249
01-18 06:29:47.040 I/DiagService( 2231):    GuidGo = 196
01-18 06:29:47.040 I/DiagService( 2231):    GuidBo = 0
01-18 06:29:47.050 I/DiagService( 2231):    GuidRg = 128
01-18 06:29:47.050 I/DiagService( 2231):    GuidGg = 194
01-18 06:29:47.050 I/DiagService( 2231):    GuidBg = 66
01-18 06:29:47.050 I/DiagService( 2231):    GuidRb = 0
01-18 06:29:47.050 I/DiagService( 2231):    GuidGb = 0
01-18 06:29:47.050 I/DiagService( 2231):    GuidBb = 225
01-18 06:29:47.050 I/DiagService( 2231):    GuidThickness = 10
01-18 06:29:47.050 I/DiagService( 2231):    GuidDeltaYvsVhWidth = 25
01-18 06:29:47.050 I/DiagService( 2231):    GuidRedLineXpos = 25
01-18 06:29:47.050 I/DiagService( 2231):    GuidOrangeLineXpos = 20
01-18 06:29:47.050 I/DiagService( 2231):    GuidGreenLineXpos = 40
01-18 06:29:47.050 I/DiagService( 2231):    GuidOrGrLinesLength = 20
01-18 06:29:47.050 I/DiagService( 2231):    GuidLastGreenLineLength = 50
01-18 06:29:47.050 I/DiagService( 2231):    GuidDynLength = 200
01-18 06:29:47.050 I/DiagService( 2231):    GuidTunLDeltaXDir = 0
01-18 06:29:47.050 I/DiagService( 2231):    GuidTunLDeltaXVal = 0
01-18 06:29:47.050 I/DiagService( 2231):    GuidTunLDeltaYDir = 0
01-18 06:29:47.050 I/DiagService( 2231):    GuidTunLDeltaYVal = 0
01-18 06:29:47.050 I/DiagService( 2231):    GuidTunRDeltaXDir = 0
01-18 06:29:47.050 I/DiagService( 2231):    GuidTunRDeltaXVal = 0
01-18 06:29:47.050 I/DiagService( 2231):    GuidTunRDeltaYDir = 0
01-18 06:29:47.050 I/DiagService( 2231):    GuidTunRDeltaYVal = 0
01-18 06:29:47.050 I/DiagService( 2231):    GuidTunStatLRotDir = 0
01-18 06:29:47.050 I/DiagService( 2231):    GuidTunStatLRotVal = 0
01-18 06:29:47.050 I/DiagService( 2231):    GuidTunStatRRotDir = 0
01-18 06:29:47.050 I/DiagService( 2231):    GuidTunStatRRotVal = 0
01-18 06:29:47.050 I/DiagService( 2231):    GuidTunDynLRotDir = 0
01-18 06:29:47.050 I/DiagService( 2231):    GuidTunDynLRotVal = 0
01-18 06:29:47.050 I/DiagService( 2231):    GuidTunDynRRotDir = 0
01-18 06:29:47.050 I/DiagService( 2231):    GuidTunDynRRotVal = 0
01-18 06:29:47.050 I/DiagService( 2231):    DeltaSWAmin = 6
01-18 06:29:47.050 I/DiagService( 2231):    SWAmin = 5
01-18 06:29:47.050 I/DiagService( 2231):    NSWAvalues = 20
01-18 06:29:47.050 I/DiagService( 2231):    GuidTunCropOvBump = 0
01-18 06:29:47.050 I/DiagService( 2231):    GuidCompPtsResX = 0
01-18 06:29:47.050 I/DiagService( 2231):    GuidCompPtsResY = 0
01-18 06:29:47.050 I/DiagService( 2231):    CamImageTdisp = 50
01-18 06:29:47.050 I/DiagService( 2231): China
01-18 06:29:47.050 I/DiagService( 2231):    ChinaConnectedService = 8
01-18 06:29:47.050 I/DiagService( 2231): AHA
01-18 06:29:47.050 I/DiagService( 2231):    AHA_License_Activation = 2
01-18 06:29:47.050 I/DiagService( 2231): - MM2014 System Info
01-18 06:29:47.050 I/DiagService( 2231):    Product Generation : GEN 2.2
01-18 06:29:47.050 I/DiagService( 2231):    Product Target Region : 0
01-18 06:29:47.050 I/DiagService( 2231):    Product Global Region : 10
01-18 06:29:47.050 I/DiagService( 2231):    Product is Entry : false
01-18 06:29:47.050 I/DiagService( 2231):    Product is Secure : false
