01-18 06:29:42.210 I/MicomWrapper( 2231): addListener: id = 148, l = com.lge.iviserver.DiagServiceGen11@40ca8c40
01-18 06:29:42.210 I/MicomWrapper( 2231): Add to carinfomanagerservice actually
01-18 06:29:42.210 I/MicomWrapper( 2231): addListener: id = 149, l = com.lge.iviserver.DiagServiceGen11@40ca8c40
01-18 06:29:42.210 I/MicomWrapper( 2231): Add to carinfomanagerservice actually
01-18 06:29:42.210 I/MicomWrapper( 2231): addListener: id = 150, l = com.lge.iviserver.DiagServiceGen11@40ca8c40
01-18 06:29:42.210 I/MicomWrapper( 2231): Add to carinfomanagerservice actually
01-18 06:29:42.210 I/MicomWrapper( 2231): addListener: id = 151, l = com.lge.iviserver.DiagServiceGen11@40ca8c40
01-18 06:29:42.210 I/MicomWrapper( 2231): Add to carinfomanagerservice actually
01-18 06:29:42.210 I/MicomWrapper( 2231): addListener: id = 152, l = com.lge.iviserver.DiagServiceGen11@40ca8c40
01-18 06:29:42.210 I/MicomWrapper( 2231): Add to carinfomanagerservice actually
01-18 06:29:42.210 I/MicomWrapper( 2231): addListener: id = 153, l = com.lge.iviserver.DiagServiceGen11@40ca8c40
01-18 06:29:42.210 I/MicomWrapper( 2231): Add to carinfomanagerservice actually
01-18 06:29:42.210 I/MicomWrapper( 2231): addListener: id = 154, l = com.lge.iviserver.DiagServiceGen11@40ca8c40
01-18 06:29:42.210 I/MicomWrapper( 2231): Add to carinfomanagerservice actually
01-18 06:29:42.220 D/DPM-ConnectivyUtility( 2307): Checking connectivity for device tcu_mobile:14
01-18 06:29:42.220 D/DPM-ConnectivyUtility( 2307): TCU is connected : false
01-18 06:29:42.220 D/dalvikvm( 2372): GC_FOR_ALLOC freed 151K, 17% free 2422K/2888K, paused 91ms
01-18 06:29:42.220 D/DPM-DownloadFile( 2307): internet connectivity is KO ; latch = 1 latch id = 1086805704
01-18 06:29:42.220 I/MicomWrapper( 2231): addListener: id = 155, l = com.lge.iviserver.DiagServiceGen11@40ca8c40
01-18 06:29:42.220 I/MicomWrapper( 2231): Add to carinfomanagerservice actually
01-18 06:29:42.220 I/MicomWrapper( 2231): addListener: id = 156, l = com.lge.iviserver.DiagServiceGen11@40ca8c40
01-18 06:29:42.220 I/MicomWrapper( 2231): Add to carinfomanagerservice actually
01-18 06:29:42.220 I/MicomWrapper( 2231): addListener: id = 157, l = com.lge.iviserver.DiagServiceGen11@40ca8c40
01-18 06:29:42.220 I/MicomWrapper( 2231): Add to carinfomanagerservice actually
01-18 06:29:42.220 I/MicomWrapper( 2231): addListener: id = 158, l = com.lge.iviserver.DiagServiceGen11@40ca8c40
01-18 06:29:42.220 I/MicomWrapper( 2231): Add to carinfomanagerservice actually
01-18 06:29:42.220 I/MicomWrapper( 2231): addListener: id = 159, l = com.lge.iviserver.DiagServiceGen11@40ca8c40
01-18 06:29:42.220 I/MicomWrapper( 2231): Add to carinfomanagerservice actually
01-18 06:29:42.220 I/MicomWrapper( 2231): addListener: id = 176, l = com.lge.iviserver.DiagServiceGen11@40ca8c40
01-18 06:29:42.220 I/MicomWrapper( 2231): Add to carinfomanagerservice actually
01-18 06:29:42.220 I/MicomWrapper( 2231): addListener: id = 177, l = com.lge.iviserver.DiagServiceGen11@40ca8c40
01-18 06:29:42.230 I/MicomWrapper( 2231): Add to carinfomanagerservice actually
01-18 06:29:42.230 I/dalvikvm-heap( 2372): Grow heap (frag case) to 3.268MB for 650775-byte allocation
01-18 06:29:42.230 I/MicomWrapper( 2231): addListener: id = 178, l = com.lge.iviserver.DiagServiceGen11@40ca8c40
01-18 06:29:42.230 I/MicomWrapper( 2231): Add to carinfomanagerservice actually
01-18 06:29:42.230 I/MicomWrapper( 2231): addListener: id = 179, l = com.lge.iviserver.DiagServiceGen11@40ca8c40
01-18 06:29:42.230 I/MicomWrapper( 2231): Add to carinfomanagerservice actually
01-18 06:29:42.230 I/MicomWrapper( 2231): addListener: id = 180, l = com.lge.iviserver.DiagServiceGen11@40ca8c40
01-18 06:29:42.230 I/MicomWrapper( 2231): Add to carinfomanagerservice actually
01-18 06:29:42.230 I/MicomWrapper( 2231): addListener: id = 184, l = com.lge.iviserver.DiagServiceGen11@40ca8c40
01-18 06:29:42.230 I/MicomWrapper( 2231): Add to carinfomanagerservice actually
01-18 06:29:42.230 I/MicomWrapper( 2231): addListener: id = 168, l = com.lge.iviserver.DiagServiceGen11@40ca8c40
01-18 06:29:42.230 I/MicomWrapper( 2231): Add to carinfomanagerservice actually
01-18 06:29:42.230 I/MicomWrapper( 2231): addListener: id = 169, l = com.lge.iviserver.DiagServiceGen11@40ca8c40
01-18 06:29:42.230 I/MicomWrapper( 2231): Add to carinfomanagerservice actually
01-18 06:29:42.240 I/MicomWrapper( 2231): addListener: id = 172, l = com.lge.iviserver.DiagServiceGen11@40ca8c40
01-18 06:29:42.240 I/MicomWrapper( 2231): Add to carinfomanagerservice actually
01-18 06:29:42.240 I/MicomWrapper( 2231): addListener: id = 181, l = com.lge.iviserver.DiagServiceGen11@40ca8c40
01-18 06:29:42.240 I/MicomWrapper( 2231): Add to carinfomanagerservice actually
01-18 06:29:42.240 I/MicomWrapper( 2231): addListener: id = 164, l = com.lge.iviserver.DiagServiceGen11@40ca8c40
01-18 06:29:42.240 I/MicomWrapper( 2231): Add to carinfomanagerservice actually
01-18 06:29:42.240 I/MicomWrapper( 2231): addListener: id = 175, l = com.lge.iviserver.DiagServiceGen11@40ca8c40
01-18 06:29:42.240 I/MicomWrapper( 2231): Add to carinfomanagerservice actually
01-18 06:29:42.240 I/MicomWrapper( 2231): addListener: id = 194, l = com.lge.iviserver.DiagServiceGen11@40ca8c40
01-18 06:29:42.240 I/MicomWrapper( 2231): Add to carinfomanagerservice actually
01-18 06:29:42.250 I/MicomWrapper( 2231): addListener: id = 197, l = com.lge.iviserver.DiagServiceGen11@40ca8c40
01-18 06:29:42.250 I/MicomWrapper( 2231): Add to carinfomanagerservice actually
01-18 06:29:42.250 I/MicomWrapper( 2231): addListener: id = 137, l = com.lge.iviserver.DiagServiceGen11@40ca8c40
01-18 06:29:42.250 I/MicomWrapper( 2231): Add to carinfomanagerservice actually
01-18 06:29:42.250 I/MicomWrapper( 2231): addListener: id = 250, l = com.lge.iviserver.DiagServiceGen11@40ca8c40
01-18 06:29:42.250 I/MicomWrapper( 2231): Add to carinfomanagerservice actually
01-18 06:29:42.250 I/MicomWrapper( 2231): addListener: id = 249, l = com.lge.iviserver.DiagServiceGen11@40ca8c40
01-18 06:29:42.250 I/MicomWrapper( 2231): Add to carinfomanagerservice actually
01-18 06:29:42.280 D/dalvikvm( 2244): GC_FOR_ALLOC freed 23K, 9% free 5063K/5528K, paused 117ms
01-18 06:29:42.310 D/dalvikvm( 2372): GC_CONCURRENT freed 1K, 14% free 3057K/3524K, paused 1ms+5ms
01-18 06:29:42.310 I/ParametricGuideline( 2372): data size=650759
01-18 06:29:42.310 I/ParametricConfig( 2372): 4WS :false
01-18 06:29:42.340 I/ActivityManager( 2163): Start proc com.android.phone for content provider com.android.providers.telephony/.TelephonyProvider: pid=2414 uid=1001 gids={1015}
01-18 06:29:42.340 I/DiagService( 2231): IO_Monitor: initIoMonitorThread()
01-18 06:29:42.340 V/ActivityManager( 2163): startProcess: name=net.atos.sig.android.push app=null knownToBeDead=true thread=null pid=-1
01-18 06:29:42.340 I/DiagService( 2231): ensurePackageDisabled: com.lge.android.app.mex -> 1
01-18 06:29:42.340 I/DiagService( 2231): ensurePackageDisabled: com.lge.android.app.massagingseat -> 1
01-18 06:29:42.340 I/DiagService( 2231): ensurePackageDisabled: com.lge.android.app.insidelightambiance -> 1
01-18 06:29:42.340 I/DiagService( 2231): ensurePackageDisabled: com.lge.android.app.tpms -> 1
01-18 06:29:42.340 I/DiagService( 2231): ensurePackageDisabled: com.lge.android.app.adas -> 1
01-18 06:29:42.340 I/DiagService( 2231): ensurePackageDisabled: com.lge.android.app.airquality -> 1
01-18 06:29:42.340 I/DiagService( 2231): ensurePackageDisabled: com.lge.android.app.eco2 -> 1
01-18 06:29:42.340 I/DiagService( 2231): ensurePackageDisabled: com.lge.android.app.magicfolding -> 1
01-18 06:29:42.340 I/DiagService( 2231): GMem_Info: initGMemInfoThread()
01-18 06:29:42.340 I/DiagService( 2231): ensurePackageDisabled: com.lge.android.app.seatsetting -> 1
01-18 06:29:42.350 I/DiagService( 2231): ensurePackageDisabled: com.lge.android.app.seatmenu -> 1
01-18 06:29:42.350 I/DiagService( 2231): ensurePackageDisabled: com.lge.android.app.parkassist -> 1
01-18 06:29:42.350 I/DiagService( 2231): ensurePackageDisabled: com.lge.android.app.upm -> 1
01-18 06:29:42.350 I/DiagService( 2231): ensurePackageDisabled: com.lge.android.app.unit -> 1
01-18 06:29:42.350 I/DiagService( 2231): ensurePackageDisabled: com.lge.android.app.adassetting -> 1
01-18 06:29:42.350 I/DiagService( 2231): ensurePackageDisabled: com.lge.android.app.digitalradio -> 2
01-18 06:29:42.350 I/DiagService( 2231): ensurePackageDisabled: com.lge.android.app.sed -> 2
01-18 06:29:42.350 I/DiagService( 2231): ensurePackageDisabled: com.lge.android.app.res -> 1
01-18 06:29:42.350 I/DiagService( 2231): ensurePackageDisabled: com.lge.android.app.spcx.carplay -> 1
01-18 06:29:42.360 E/Binder  ( 2163): EXCEPTION: RuntimeException
01-18 06:29:42.360 E/Binder  ( 2163): java.lang.IllegalArgumentException: Unknown package: com.abq.hup.renault
01-18 06:29:42.360 E/Binder  ( 2163): 	at com.android.server.pm.PackageManagerService.setEnabledSetting(PackageManagerService.java:7710)
01-18 06:29:42.360 E/Binder  ( 2163): 	at com.android.server.pm.PackageManagerService.setApplicationEnabledSetting(PackageManagerService.java:7676)
01-18 06:29:42.360 E/Binder  ( 2163): 	at android.content.pm.IPackageManager$Stub.onTransact(IPackageManager.java:860)
01-18 06:29:42.360 E/Binder  ( 2163): 	at com.android.server.pm.PackageManagerService.onTransact(PackageManagerService.java:1300)
01-18 06:29:42.360 E/Binder  ( 2163): 	at android.os.Binder.execTransact(Binder.java:338)
01-18 06:29:42.360 E/Binder  ( 2163): 	at dalvik.system.NativeStart.run(Native Method)
01-18 06:29:42.360 E/Binder  ( 2163): EXCEPTION: RuntimeException
01-18 06:29:42.360 E/Binder  ( 2163): java.lang.IllegalArgumentException: Unknown package: com.lge.android.app.sns
01-18 06:29:42.360 E/Binder  ( 2163): 	at com.android.server.pm.PackageManagerService.setEnabledSetting(PackageManagerService.java:7710)
01-18 06:29:42.360 E/Binder  ( 2163): 	at com.android.server.pm.PackageManagerService.setApplicationEnabledSetting(PackageManagerService.java:7676)
01-18 06:29:42.360 E/Binder  ( 2163): 	at android.content.pm.IPackageManager$Stub.onTransact(IPackageManager.java:860)
01-18 06:29:42.360 E/Binder  ( 2163): 	at com.android.server.pm.PackageManagerService.onTransact(PackageManagerService.java:1300)
01-18 06:29:42.360 E/Binder  ( 2163): 	at android.os.Binder.execTransact(Binder.java:338)
01-18 06:29:42.360 E/Binder  ( 2163): 	at dalvik.system.NativeStart.run(Native Method)
01-18 06:29:42.360 I/DiagService( 2231): No package com.abq.hup.renault to disable
01-18 06:29:42.360 I/DiagService( 2231): Navi UID: 10049
01-18 06:29:42.360 I/DiagService( 2231): No package com.lge.android.app.sns to disable
01-18 06:29:42.360 I/DiagService( 2231): ensurePackageDisabled: com.lge.android.app.myapps -> 1
01-18 06:29:42.360 I/MicomWrapper( 2231): addListener: id = 185, l = com.lge.iviserver.DiagServiceGen11@40ca8c40
01-18 06:29:42.360 I/MicomWrapper( 2231): Add to carinfomanagerservice actually
01-18 06:29:42.360 I/MicomWrapper( 2231): addListener: id = 188, l = com.lge.iviserver.DiagServiceGen11@40ca8c40
01-18 06:29:42.360 I/MicomWrapper( 2231): Add to carinfomanagerservice actually
01-18 06:29:42.360 I/MicomWrapper( 2231): addListener: id = 243, l = com.lge.iviserver.DiagServiceGen11@40ca8c40
01-18 06:29:42.360 I/MicomWrapper( 2231): Add to carinfomanagerservice actually
01-18 06:29:42.360 I/MicomWrapper( 2231): addListener: id = 242, l = com.lge.iviserver.DiagServiceGen11@40ca8c40
01-18 06:29:42.360 I/MicomWrapper( 2231): Add to carinfomanagerservice actually
01-18 06:29:42.360 I/MicomWrapper( 2231): addListener: id = 187, l = com.lge.iviserver.DiagServiceGen11@40ca8c40
01-18 06:29:42.360 I/MicomWrapper( 2231): Add to carinfomanagerservice actually
01-18 06:29:42.360 I/MicomWrapper( 2231): addListener: id = 245, l = com.lge.iviserver.DiagServiceGen11@40ca8c40
01-18 06:29:42.360 I/MicomWrapper( 2231): Add to carinfomanagerservice actually
01-18 06:29:42.360 I/DiagService( 2231): ensurePackageDisabled: com.lge.android.app.ese -> 2
01-18 06:29:42.360 I/MicomWrapper( 2231): addListener: id = 244, l = com.lge.iviserver.DiagServiceGen11@40ca8c40
01-18 06:29:42.360 I/MicomWrapper( 2231): Add to carinfomanagerservice actually
01-18 06:29:42.360 I/MicomWrapper( 2231): addListener: id = 186, l = com.lge.iviserver.DiagServiceGen11@40ca8c40
01-18 06:29:42.360 I/MicomWrapper( 2231): Add to carinfomanagerservice actually
01-18 06:29:42.360 I/MicomWrapper( 2231): addListener: id = 251, l = com.lge.iviserver.DiagServiceGen11@40ca8c40
01-18 06:29:42.360 I/MicomWrapper( 2231): Add to carinfomanagerservice actually
01-18 06:29:42.360 I/MicomWrapper( 2231): addListener: id = 252, l = com.lge.iviserver.DiagServiceGen11@40ca8c40
01-18 06:29:42.360 I/MicomWrapper( 2231): Add to carinfomanagerservice actually
01-18 06:29:42.360 I/MicomWrapper( 2231): addListener: id = 253, l = com.lge.iviserver.DiagServiceGen11@40ca8c40
01-18 06:29:42.360 I/MicomWrapper( 2231): Add to carinfomanagerservice actually
01-18 06:29:42.360 I/MicomWrapper( 2231): addListener: id = 254, l = com.lge.iviserver.DiagServiceGen11@40ca8c40
01-18 06:29:42.360 I/MicomWrapper( 2231): Add to carinfomanagerservice actually
01-18 06:29:42.360 I/MicomWrapper( 2231): addListener: id = 248, l = com.lge.iviserver.DiagServiceGen11@40ca8c40
01-18 06:29:42.360 I/MicomWrapper( 2231): Add to carinfomanagerservice actually
01-18 06:29:42.360 I/MicomWrapper( 2231): addListener: id = 255, l = com.lge.iviserver.DiagServiceGen11@40ca8c40
01-18 06:29:42.360 I/MicomWrapper( 2231): Add to carinfomanagerservice actually
01-18 06:29:42.360 I/IviServer( 2231): Elapsed time for creating DiagService: 185msec
01-18 06:29:42.370 I/IviServer( 2231): OnOffService
01-18 06:29:42.400 D/dalvikvm( 2440): Late-enabling CheckJNI
01-18 06:29:42.400 I/ActivityManager( 2163): Start proc net.atos.sig.android.push for broadcast net.atos.sig.android.push/.AutoStart: pid=2440 uid=10053 gids={3003}
01-18 06:29:42.440 D/dalvikvm( 2244): GC_FOR_ALLOC freed 7K, 9% free 5161K/5616K, paused 134ms
01-18 06:29:42.440 I/PersistentState( 2231): putBoolean: key=PackageDisabledDirty, v = false
01-18 06:29:42.470 I/dalvikvm-heap( 2244): Grow heap (frag case) to 6.162MB for 880840-byte allocation
01-18 06:29:42.490 I/OnOffService( 2231): restore: mScd: 0
01-18 06:29:42.500 I/OnOffService( 2231): initVariables
01-18 06:29:42.510 I/ActivityThread( 2414): Pub mms: com.android.providers.telephony.MmsProvider
01-18 06:29:42.510 I/OnOffService( 2231): initOffVariables
01-18 06:29:42.510 I/MicomWrapper( 2231): addListener: id = 139, l = com.lge.iviserver.OnOffService@40cde598
01-18 06:29:42.510 I/MicomWrapper( 2231): Add to carinfomanagerservice actually
01-18 06:29:42.510 I/MicomWrapper( 2231): addListener: id = 131, l = com.lge.iviserver.OnOffService@40cde598
01-18 06:29:42.510 I/MicomWrapper( 2231): Add to carinfomanagerservice actually
01-18 06:29:42.510 I/MicomWrapper( 2231): addListener: id = 137, l = com.lge.iviserver.OnOffService@40cde598
01-18 06:29:42.530 I/MicomWrapper( 2231): addListener: id = 133, l = com.lge.iviserver.OnOffService@40cde598
01-18 06:29:42.530 I/ActivityThread( 2414): Pub sms: com.android.providers.telephony.SmsProvider
01-18 06:29:42.530 I/MicomWrapper( 2231): Add to carinfomanagerservice actually
01-18 06:29:42.540 I/MicomWrapper( 2231): addListener: id = 136, l = com.lge.iviserver.UnballastController@40d19f00
01-18 06:29:42.540 I/MicomWrapper( 2231): Add to carinfomanagerservice actually
01-18 06:29:42.540 I/MicomWrapper( 2231): addListener: id = 132, l = com.lge.iviserver.UnballastController@40d19f00
01-18 06:29:42.540 I/MicomWrapper( 2231): Add to carinfomanagerservice actually
01-18 06:29:42.540 I/IviServer( 2231): Elapsed time for creating OnOffService: 175msec
01-18 06:29:42.550 I/ActivityThread( 2414): Pub telephony: com.android.providers.telephony.TelephonyProvider
01-18 06:29:42.560 I/IviServer( 2231): IviKeyService
01-18 06:29:42.580 I/MicomWrapper( 2231): addListener: id = 225, l = com.lge.iviserver.IviKeyService@40d1d390
01-18 06:29:42.580 W/TelephonyProvider( 2414): onCreate: confFile=/system/etc/apns-conf.xml oldCheckSum=-1
01-18 06:29:42.580 I/ActivityThread( 2440): Pub net.atos.sig.android.configprovider: net.atos.sig.android.configprovider.ConfigContentProvider
01-18 06:29:42.580 I/MicomWrapper( 2231): Add to carinfomanagerservice actually
01-18 06:29:42.590 D/SIGPushService_LOG( 2440): ConfigContentProvider OnCreate Db 
01-18 06:29:42.590 D/dalvikvm( 2372): GC_FOR_ALLOC freed <1K, 12% free 3430K/3860K, paused 164ms
01-18 06:29:42.600 I/MicomWrapper( 2231): addListener: id = 241, l = com.lge.iviserver.IviKeyService@40d1d390
01-18 06:29:42.600 I/MicomWrapper( 2231): Add to carinfomanagerservice actually
01-18 06:29:42.630 I/IviKeyService( 2231): IviKeyService: CONFIG_GEN21=false
01-18 06:29:42.630 I/IviServer( 2231): Elapsed time for creating IviKeyService: 70msec
01-18 06:29:42.630 I/IviServer( 2231): EcoScoringService
01-18 06:29:42.630 I/IviServer( 2231): Elapsed time for creating EcoScoringService: 3msec
01-18 06:29:42.630 I/IviServer( 2231): NaviStatusService
01-18 06:29:42.640 I/IviServer( 2231): Elapsed time for creating NaviManagerStatusService: 5msec
01-18 06:29:42.640 I/IviServer( 2231): SDK Service
01-18 06:29:42.640 I/ActivityThread( 2414): Pub mms-sms: com.android.providers.telephony.MmsSmsProvider
01-18 06:29:42.670 D/dalvikvm( 2244): GC_CONCURRENT freed 3K, 8% free 6018K/6480K, paused 2ms+2ms
01-18 06:29:42.700 D/SIGPushService_LOG( 2440): Received an Intent inside the Autostart methode 
01-18 06:29:42.700 D/SIGPushService_LOG( 2440): Received connectivity intent from device tcu_mobile:14
01-18 06:29:42.700 D/SIGPushService_LOG( 2440): TCU is disconnected
01-18 06:29:42.720 D/dalvikvm( 2231): GC_CONCURRENT freed 271K, 19% free 2746K/3352K, paused 2ms+2ms
01-18 06:29:42.720 I/IviServer( 2231): Elapsed time for creating SDK Service: 85msec
01-18 06:29:42.730 I/IviServer( 2231): TcuService
01-18 06:29:42.730 I/MicomWrapper( 2231): addListener: id = 112, l = com.lge.iviserver.TcuService@40d22020
01-18 06:29:42.740 D/SIGPushService_LOG( 2440): Public key is null, generation in progress
01-18 06:29:42.750 D/SIGPushService_LOG( 2440): Public key generated
01-18 06:29:42.750 D/SIGPushService_LOG( 2440): StartUP the PCL
01-18 06:29:42.750 I/TcuService( 2231): Loading stored Provision_Service(Internet_Widget=0, Live_Services=0
01-18 06:29:42.750 I/TcuService( 2231): Broadcasting provision services(Internet_Widget=0, Live_Services=0)
01-18 06:29:42.760 D/SIGPushService_LOG( 2440): OnCreate - No internet available, to not proceed with the initialization
01-18 06:29:42.760 D/SIGPushService_LOG( 2440): Handle incoming intent
01-18 06:29:42.760 D/SIGPushService_LOG( 2440): Force a Shutdown because we are offline
01-18 06:29:42.760 I/TcuService( 2231): Registers TCU_R1 to listen mute request
01-18 06:29:42.760 I/IviNetworkFilter( 2231): blockIncomingNewPackets()
01-18 06:29:42.760 I/IviServer( 2231): Elapsed time for creating TcuService: 30msec
01-18 06:29:42.770 I/HvacManager( 2231): initServiceInterface()
01-18 06:29:42.770 I/HvacManager( 2231): initServiceInterface() succeeded
01-18 06:29:42.770 D/SIGPushService_LOG( 2440): Service will be shutdown :) no restart 
01-18 06:29:42.770 D/SIGPushService_LOG( 2440): Force a Shutdown because we are offline
01-18 06:29:42.770 I/SeatManager( 2231): initServiceInterface()
01-18 06:29:42.780 I/SeatManager( 2231): initServiceInterface() succeeded
01-18 06:29:42.780 I/SeatManager( 2231): registerOnStateChangeListener: l = com.lge.iviserver.VehicleMonitorService$4@40cd3c98
01-18 06:29:42.780 I/IviServer( 2231): Elapsed time for creating VehicleMonitor Service: 22msec
01-18 06:29:42.780 I/IviServer( 2231): Broadcast IVISERVER_BOOT_COMPLETE
01-18 06:29:42.790 I/TcuManager( 2163): initServiceInterface()
01-18 06:29:42.790 I/TcuManager( 2163): initServiceInterface() succeeded
01-18 06:29:42.790 W/CommandListener( 1974): Failed to retrieve HW addr for tcu0 (No such device)
01-18 06:29:42.790 I/MediaProvider( 2393): Got IviIntent action=com.lge.ivi.action.IVISERVER_BOOT_COMPLETE
01-18 06:29:42.790 I/MediaProvider( 2393): IVISERVER_BOOT_COMPLETE:: isRestarting=false
01-18 06:29:42.790 I/CdDriveManager( 2393): initServiceInterface()
01-18 06:29:42.790 I/CdDriveManager( 2393): initServiceInterface() succeeded
01-18 06:29:42.790 D/MediaProvider( 2393): initMediaDBController  --------------------
01-18 06:29:42.790 I/TcuDataTracker( 2163): Received ACTION_IVISERVER_BOOT_COMPLETE
01-18 06:29:42.790 I/TcuDataTracker( 2163): updateState(Tcu data state: NOT_AVAILABLE, TCU iface name=tcu0, mTcuManager=com.lge.ivi.TcuManager@40e8de28, mDiagManager=com.lge.ivi.DiagManager@40e47c28, mIsDataSharingEnabled=false, mIsTcuReady=false, mIsIfaceReady=false, mIsIfaceLinkUp=false))
01-18 06:29:42.790 I/TcuDataTracker( 2163): TCU network interface is not yet ready. Retries to initialize
01-18 06:29:42.790 I/TcuDataTracker( 2163): initTcuIface(name=tcu0)
01-18 06:29:42.790 D/NetworkManagementService( 2163): rsp <213 00:00:00:00:00:00 0.0.0.0 0 [down]>
01-18 06:29:42.790 D/NetworkManagementService( 2163): flags <[down]>
01-18 06:29:42.790 I/TcuDataTracker( 2163): Can't find TCU iface tcu0
01-18 06:29:42.790 W/TcuDataTracker( 2163): Failes to initialize TCU network interface.
01-18 06:29:42.800 D/MediaProvider( 2393): mActiveDBName=null
01-18 06:29:42.810 D/MediaProvider( 2393): verifyMediaDB  --------------------
01-18 06:29:42.810 W/AudioTrack( 1980): obtainBuffer timed out (is the CPU pegged?) 0x2456b0 user=0000343e, server=0000116a, waitCount=-4
01-18 06:29:42.820 I/MediaProvider( 2393): path=/mnt/sdcard, state=unmounted, db=null
01-18 06:29:42.820 I/MicomWrapper( 2231): addListener: id = 130, l = com.lge.iviserver.IviService$5@40cc7ff8
01-18 06:29:42.820 I/MicomWrapper( 2231): Add to carinfomanagerservice actually
01-18 06:29:42.820 I/MicomWrapper( 2231): addListener: id = 121, l = com.lge.iviserver.IviService$6@40c66cd8
01-18 06:29:42.820 I/MicomWrapper( 2231): Add to carinfomanagerservice actually
01-18 06:29:42.820 I/IviServer( 2231): Elapsed time for creating IviService: 2172msec
01-18 06:29:42.840 D/MediaProvider( 2393): verifyMediaDB dblist :
01-18 06:29:42.840 D/MediaProvider( 2393): verifyMediaDB  --------------------
01-18 06:29:42.850 I/BlueGoManager( 2393): getInstance
01-18 06:29:42.850 I/IPodServiceReceiver( 2289): action[com.lge.ivi.action.IVISERVER_BOOT_COMPLETE]
01-18 06:29:42.850 I/DiagService( 2231): ========= gmem_info =========
01-18 06:29:42.850 I/DiagService( 2231):  Pid          Total      Reserved    Contiguous       Virtual      Nonpaged    Name
01-18 06:29:42.850 I/DiagService( 2231):  1977    12,507,776    11,197,056             0             0     1,310,720    /system/bin/surfaceflinger
01-18 06:29:42.850 I/DiagService( 2231):  2025     4,847,616     4,323,328             0             0       524,288    /system/bin/bootanimation
01-18 06:29:42.850 I/DiagService( 2231):  ------------------------------------------------------------------------------
01-18 06:29:42.850 I/DiagService( 2231):     2    17,355,392    15,520,384             0             0     1,835,008    Summary
01-18 06:29:42.850 I/DiagService( 2231):     -             -   118,697,344             -             -             -    Available
01-18 06:29:42.860 D/BlueGoManager( 2393): getService(), connecting to: com.cybercom.bluego.service.BlueGoService
01-18 06:29:42.860 V/ActivityManager( 2163): startProcess: name=com.lge.android.app.telephony app=null knownToBeDead=true thread=null pid=-1
01-18 06:29:42.880 D/RadioService( 2231): [RadioRdsDrDatabaseCollection] Open eur_rds_dr_database.db RadioCountry: 0
01-18 06:29:42.880 D/RadioService( 2231): [RadioDatabaseCollection] Open radio_database DB
01-18 06:29:42.900 W/System.err( 2231): java.io.IOException: open failed: EACCES (Permission denied)
01-18 06:29:42.910 D/dalvikvm( 2372): GC_CONCURRENT freed 0K, 10% free 3816K/4228K, paused 1ms+2ms
01-18 06:29:42.940 W/System.err( 2231): 	at java.io.File.createNewFile(File.java:940)
01-18 06:29:42.940 W/System.err( 2231): 	at com.lge.iviserver.radio.RadioStationListUpdate.<init>(RadioStationListUpdate.java:28)
01-18 06:29:42.940 W/System.err( 2231): 	at com.lge.iviserver.radio.RadioStationListUpdate.getInstance(RadioStationListUpdate.java:41)
01-18 06:29:42.940 W/System.err( 2231): 	at com.lge.iviserver.RadioService.RadioServiceInit(RadioService.java:352)
01-18 06:29:42.940 W/System.err( 2231): 	at com.lge.iviserver.RadioService.access$4600(RadioService.java:64)
01-18 06:29:42.940 W/System.err( 2231): 	at com.lge.iviserver.RadioService$9.run(RadioService.java:344)
01-18 06:29:42.940 W/System.err( 2231): 	at android.os.Handler.handleCallback(Handler.java:605)
01-18 06:29:42.940 W/System.err( 2231): 	at android.os.Handler.dispatchMessage(Handler.java:92)
01-18 06:29:42.940 W/System.err( 2231): 	at android.os.Looper.loop(Looper.java:137)
01-18 06:29:42.940 W/System.err( 2231): 	at android.app.ActivityThread.main(ActivityThread.java:4425)
01-18 06:29:42.940 W/System.err( 2231): 	at java.lang.reflect.Method.invokeNative(Native Method)
01-18 06:29:42.940 W/System.err( 2231): 	at java.lang.reflect.Method.invoke(Method.java:511)
01-18 06:29:42.950 W/System.err( 2231): 	at com.android.internal.os.ZygoteInit$MethodAndArgsCaller.run(ZygoteInit.java:784)
01-18 06:29:42.950 W/System.err( 2231): 	at com.android.internal.os.ZygoteInit.main(ZygoteInit.java:551)
01-18 06:29:42.950 W/System.err( 2231): 	at dalvik.system.NativeStart.main(Native Method)
01-18 06:29:42.950 W/System.err( 2231): Caused by: libcore.io.ErrnoException: open failed: EACCES (Permission denied)
01-18 06:29:42.950 I/ActivityManager( 2163): Start proc com.lge.android.app.telephony for broadcast com.lge.android.app.telephony/.utils.XActionBroadCast: pid=2466 uid=1000 gids={3003, 1015, 3002, 1007, 3001, 3005, 9000}
01-18 06:29:42.960 W/System.err( 2231): 	at libcore.io.Posix.open(Native Method)
01-18 06:29:42.960 W/System.err( 2231): 	at libcore.io.BlockGuardOs.open(BlockGuardOs.java:110)
01-18 06:29:42.960 W/System.err( 2231): 	at java.io.File.createNewFile(File.java:933)
01-18 06:29:42.970 W/System.err( 2231): 	... 14 more
01-18 06:29:42.970 W/System.err( 2231): java.io.FileNotFoundException: /data/logfile/af_list.txt: open failed: EACCES (Permission denied)
01-18 06:29:42.970 W/System.err( 2231): 	at libcore.io.IoBridge.open(IoBridge.java:406)
01-18 06:29:42.970 W/System.err( 2231): 	at java.io.FileInputStream.<init>(FileInputStream.java:78)
01-18 06:29:42.970 W/System.err( 2231): 	at java.io.FileInputStream.<init>(FileInputStream.java:105)
01-18 06:29:42.980 W/System.err( 2231): 	at com.lge.iviserver.radio.RadioStationListUpdate.getProperty(RadioStationListUpdate.java:66)
01-18 06:29:42.980 W/System.err( 2231): 	at com.lge.iviserver.radio.RadioStationListUpdate.getIndexList(RadioStationListUpdate.java:48)
01-18 06:29:42.980 W/System.err( 2231): 	at com.lge.iviserver.radio.RadioStationListUpdate.<init>(RadioStationListUpdate.java:34)
01-18 06:29:42.980 W/System.err( 2231): 	at com.lge.iviserver.radio.RadioStationListUpdate.getInstance(RadioStationListUpdate.java:41)
01-18 06:29:42.980 W/System.err( 2231): 	at com.lge.iviserver.RadioService.RadioServiceInit(RadioService.java:352)
01-18 06:29:42.980 W/System.err( 2231): 	at com.lge.iviserver.RadioService.access$4600(RadioService.java:64)
01-18 06:29:42.980 W/System.err( 2231): 	at com.lge.iviserver.RadioService$9.run(RadioService.java:344)
01-18 06:29:42.980 W/System.err( 2231): 	at android.os.Handler.handleCallback(Handler.java:605)
01-18 06:29:42.980 W/System.err( 2231): 	at android.os.Handler.dispatchMessage(Handler.java:92)
01-18 06:29:42.990 W/System.err( 2231): 	at android.os.Looper.loop(Looper.java:137)
01-18 06:29:43.000 W/System.err( 2231): 	at android.app.ActivityThread.main(ActivityThread.java:4425)
01-18 06:29:43.000 W/System.err( 2231): 	at java.lang.reflect.Method.invokeNative(Native Method)
01-18 06:29:43.000 W/System.err( 2231): 	at java.lang.reflect.Method.invoke(Method.java:511)
01-18 06:29:43.000 W/System.err( 2231): 	at com.android.internal.os.ZygoteInit$MethodAndArgsCaller.run(ZygoteInit.java:784)
01-18 06:29:43.000 W/System.err( 2231): 	at com.android.internal.os.ZygoteInit.main(ZygoteInit.java:551)
01-18 06:29:43.010 W/System.err( 2231): 	at dalvik.system.NativeStart.main(Native Method)
01-18 06:29:43.010 W/System.err( 2231): Caused by: libcore.io.ErrnoException: open failed: EACCES (Permission denied)
01-18 06:29:43.010 W/System.err( 2231): 	at libcore.io.Posix.open(Native Method)
01-18 06:29:43.020 W/System.err( 2231): 	at libcore.io.BlockGuardOs.open(BlockGuardOs.java:110)
01-18 06:29:43.020 W/System.err( 2231): 	at libcore.io.IoBridge.open(IoBridge.java:390)
01-18 06:29:43.020 W/System.err( 2231): 	... 18 more
01-18 06:29:43.050 I/FSPLOG  ( 2231): JNI_OnLoad
01-18 06:29:43.100 D/dalvikvm( 2372): GC_CONCURRENT freed 0K, 9% free 4236K/4628K, paused 2ms+37ms
01-18 06:29:43.110 I/RadioService( 2231): [RadioService] ServiceList is Empty -getCountAnalogListDB() : 0 iCountryCode: 0
01-18 06:29:43.110 I/MtpManager( 2231): MtpManager is connected with MtpService.
01-18 06:29:43.110 I/DebugUtils( 2231): LoggingControl : handleMessage() what=9999
01-18 06:29:43.110 I/RadioService( 2231): [RadioService] synchroniz iLastBand: 0
01-18 06:29:43.140 D/AndroidRuntime( 2382): Calling main entry com.android.commands.pm.Pm
01-18 06:29:43.150 I/DebugUtils( 2231): LoggingControl : handleInit() 
01-18 06:29:43.180 I/ParametricGuideline( 2372): restored from JNI,ok=true
01-18 06:29:43.180 D/AndroidRuntime( 2382): Shutting down VM
01-18 06:29:43.180 I/ParametricGuideline( 2372): setGuidelinesComputation:1
01-18 06:29:43.180 I/ParametricGuideline( 2372): sendGuidelineComputation:1
01-18 06:29:43.180 W/RecoverableServiceInterface( 2372): Trying to connect service(com.lge.iviserver.Diag)
01-18 06:29:43.180 I/ParametricGuideline( 2372): MSG_LOAD_GUIDELINE_COMPLETED
01-18 06:29:43.180 I/ParametricGuideline( 2372): Guidelines loaded
01-18 06:29:43.180 I/ParametricGuideline( 2372):  images:101
01-18 06:29:43.180 I/ParametricGuideline( 2372):  time:1284ms
01-18 06:29:43.180 I/ParametricGuideline( 2372): sendSharedGuideline:2
01-18 06:29:43.180 I/AdasService( 2231): set ID_GuidelineState :0 -> 2
01-18 06:29:43.180 I/ParametricGuideline( 2372): Guidelines performance
01-18 06:29:43.180 I/ParametricGuideline( 2372):  T0(Guidelines start)=34758ms
01-18 06:29:43.180 I/ParametricGuideline( 2372):  T1(Guidelines restored)=1282ms : OK
01-18 06:29:43.180 I/ParametricGuideline( 2372):  T5(Guidelines completed)=1284ms : OK
01-18 06:29:43.180 I/ParametricGuideline( 2372):  T6(JNI started)=15ms : OK
01-18 06:29:43.180 I/ParametricGuideline( 2372):  T7(JNI Guidelines restored)=224ms : OK
01-18 06:29:43.190 D/dalvikvm( 2382): GC_CONCURRENT freed 96K, 22% free 449K/572K, paused 0ms+0ms
01-18 06:29:43.200 I/ADAS    ( 2372): mNaviDial created
01-18 06:29:43.210 D/IPodService( 2289): onCreate
01-18 06:29:43.210 D/IPodService( 2289): isIAP2Daemon, ro.carplay.enabled: 1
01-18 06:29:43.210 D/IPodService( 2289): sendBroadCast to CarPlay
01-18 06:29:43.220 I/IviNetworkFilter( 2231): mPropServiceHandler.handleMessage(what=0, arg1=0, arg2=0)
01-18 06:29:43.230 D/dalvikvm( 2244): GC_CONCURRENT freed 19K, 6% free 7154K/7548K, paused 2ms+8ms
01-18 06:29:43.240 D/BlueGoService( 2278): java.library.path: /vendor/lib:/system/lib:/iGO/lib/20:/media/lib/20
01-18 06:29:43.240 D/dalvikvm( 2372): GC_FOR_ALLOC freed 11K, 8% free 4556K/4936K, paused 33ms
01-18 06:29:43.250 D/modeManager.wrapper( 2289): Connect service : (com.lge.ivi.audiomode.IAudioModeManager$Stub$Proxy@40c83290).
01-18 06:29:43.280 D/ipod-daemon-2( 2483): iPod_daemon starting
01-18 06:29:43.290 I/ivinetfilter_controller( 2485): filter_incoming_new_packets() 
01-18 06:29:43.290 D/ipod-daemon-2( 2483): Verbose: 1
01-18 06:29:43.290 D/ipod-daemon-2( 2483): is_carplay_enabled, carplay_enabled=1
01-18 06:29:43.290 D/ipod-daemon-2( 2483): get_usb_base_path, path=/sys/devices/platform/fsl-ehci.1/usb1
01-18 06:29:43.300 D/IPodService( 2289): onStartCommand, intent=Intent { act=com.lge.ivi.action.IVISERVER_BOOT_COMPLETE cmp=com.windriver.ipodservice/.IPodService }
01-18 06:29:43.300 D/IPodService( 2289): initConnection
01-18 06:29:43.300 D/ipod-daemon-2( 2483): init_server
01-18 06:29:43.300 D/ipod-daemon-2( 2483): ipod_usb_init
01-18 06:29:43.300 D/ipod-daemon-2( 2483): initialize bluetooth transfer module
01-18 06:29:43.310 D/ipod-daemon-2( 2483): ipod_bt_init
01-18 06:29:43.310 D/ipod-daemon-2( 2483): cp_session_init
01-18 06:29:43.310 D/ipod-daemon-2( 2483): cp_device_init
01-18 06:29:43.310 D/ipod-daemon-2( 2483): cp_device_refresh
01-18 06:29:43.310 D/ipod-daemon-2( 2483): init_device, devpath=/dev/i2c-2
01-18 06:29:43.310 D/ipod-daemon-2( 2483): device reset for lge renault mm2014 board
01-18 06:29:43.350 I/ipod2_JNI( 2289): JNI_OnLoad
01-18 06:29:43.350 I/ipod2_JNI( 2289): registerNativeMethods
01-18 06:29:43.350 I/ipod2_JNI( 2289): registerNativeMethods
01-18 06:29:43.350 D/ipod-daemon-2( 2289): connect_to_server
01-18 06:29:43.350 D/ipod-daemon-2( 2289): connect_to_server, success
01-18 06:29:43.370 I/bluego-native( 2278): JNI_OnLoad called
01-18 06:29:43.400 I/ParametricGuideline( 2372): MSG_RESTORE_SHARED_GUIDELINE
01-18 06:29:43.420 I/ParametricGuideline( 2372): data size=19358
01-18 06:29:43.420 I/ParametricConfig( 2372): 4WS :false
01-18 06:29:43.420 I/ParametricGuideline( 2372): Shared guidelines loaded
01-18 06:29:43.490 I/FAST_RVC_TIME( 2372):  OnNew: 36356 ms
01-18 06:29:43.660 D/dalvikvm( 2372): GC_FOR_ALLOC freed 178K, 10% free 4945K/5460K, paused 82ms
01-18 06:29:43.690 V/ivinetfilter_controller( 2500): ----- result ----- 
01-18 06:29:43.690 D/dalvikvm( 2466): GC_CONCURRENT freed 163K, 17% free 2541K/3028K, paused 2ms+21ms
01-18 06:29:43.740 V/ivinetfilter_controller( 2502): -P INPUT ACCEPT
01-18 06:29:43.740 V/ivinetfilter_controller( 2502): -P FORWARD DROP
01-18 06:29:43.740 V/ivinetfilter_controller( 2502): -P OUTPUT ACCEPT
01-18 06:29:43.740 V/ivinetfilter_controller( 2502): -N input_block_new
01-18 06:29:43.740 V/ivinetfilter_controller( 2502): -A INPUT -i lo -j ACCEPT
01-18 06:29:43.740 V/ivinetfilter_controller( 2502): -A INPUT -j input_block_new
01-18 06:29:43.740 V/ivinetfilter_controller( 2502): -A input_block_new -i tcu0 -p tcp -m tcp --dport 1214 -j ACCEPT
01-18 06:29:43.740 V/ivinetfilter_controller( 2502): -A input_block_new -i tcu0 -p udp -m udp --dport 1214 -j ACCEPT
01-18 06:29:43.740 V/ivinetfilter_controller( 2502): -A input_block_new -p tcp -m state --state NEW -j DROP
01-18 06:29:43.740 V/ivinetfilter_controller( 2502): -A input_block_new -p udp -m state --state NEW -j DROP 
01-18 06:29:43.760 D/BlueGoService( 2278): onCreate
01-18 06:29:43.770 D/dalvikvm( 2244): GC_CONCURRENT freed 20K, 5% free 8679K/9056K, paused 2ms+3ms
01-18 06:29:43.770 V/ivinetfilter_controller( 2503): ------------------ 
01-18 06:29:43.800 D/BlueGoService( 2278): Path to write database to: /data/data/com.cybercom.bluego.service/files/
01-18 06:29:43.800 D/BlueGoService( 2278): Localname: R-Link
01-18 06:29:43.800 D/BlueGoService( 2278): Calling bn_bluego_main()
01-18 06:29:43.800 D/bluego-native( 2278): bluego_main - Init
01-18 06:29:43.800 D/bluego-native( 2278): The UID is: 1000
01-18 06:29:43.800 D/bluego-native( 2278): bluego_main - Local name: R-Link
01-18 06:29:43.800 D/bluego-native( 2278): bluego_main - DB Path: /data/data/com.cybercom.bluego.service/files/
01-18 06:29:43.800 D/bluego-native( 2278): bluego_main - Setting logging function for BGLOG_
01-18 06:29:43.800 D/bluego-native( 2278): bluego_main - BGOSAL_Init
01-18 06:29:43.810 D/dalvikvm( 2372): GC_FOR_ALLOC freed 3K, 9% free 5499K/6016K, paused 57ms
01-18 06:29:43.810 D/bluego-native( 2278): [] BGOSAL_OSPortInit(386): BGOSAL.startTime (unsigned) = 36676
01-18 06:29:43.810 D/bluego-native( 2278): [] bgosal_OpenTransport(1504): BGCONFIG_OPT_PORT_NAME: /dev/tihci
01-18 06:29:43.810 D/bluego-native( 2278): [] bgosal_OpenTransport(1514): BGCONFIG_OPT_SPEED: 3000000
01-18 06:29:43.810 D/bluego-native( 2278): [] bgosal_OpenTransport(1524): BGCONFIG_OPT_FW_NAME: 
01-18 06:29:43.810 D/bluego-native( 2278): [] bgosal_OpenTransport(1535): TRANSPORT: UART - OSAL-specific
01-18 06:29:43.820 W/AudioTrack( 1980): obtainBuffer timed out (is the CPU pegged?) 0x2456b0 user=0000343e, server=0000116a, waitCount=-5
01-18 06:29:43.820 F/AudioTrack( 1980): frameworks/base/media/libmedia/AudioTrack.cpp:886 CHECK_EQ( 1,0) failed: 1 vs. 0
01-18 06:29:43.820 F/libc    ( 1980): Fatal signal 11 (SIGSEGV) at 0xdeadbaad (code=1), thread 2149 (mediaserver)
01-18 06:29:43.880 I/DEBUG   ( 1976): *** *** *** *** *** *** *** *** *** *** *** *** *** *** *** ***
01-18 06:29:43.880 I/DEBUG   ( 1976): Build fingerprint: 'LGE/mm2014_gen22/mm2014_gen22:4.0.4/UNKNOWN/.20170608.193626:user/test-keys'
01-18 06:29:43.880 I/DEBUG   ( 1976): Revision: '405525'
01-18 06:29:43.880 I/DEBUG   ( 1976): pid: 1980, tid: 2149, name: mediaserver  >>> /system/bin/mediaserver <<<
01-18 06:29:43.880 I/DEBUG   ( 1976): signal 11 (SIGSEGV), code 1 (SEGV_MAPERR), fault addr deadbaad
01-18 06:29:44.130 D/dalvikvm( 2372): GC_CONCURRENT freed 9K, 6% free 6521K/6880K, paused 1ms+2ms
01-18 06:29:44.150 D/dalvikvm( 2244): GC_FOR_ALLOC freed 17K, 4% free 10493K/10872K, paused 113ms
01-18 06:29:44.190 D/dalvikvm( 2163): GC_FOR_ALLOC freed 223K, 14% free 4393K/5100K, paused 216ms
01-18 06:29:44.260 D/BootAnimation( 2025): BootAnimation, /mnt/shm/welcome/welcome_anim.dat created.
01-18 06:29:44.330 I/DEBUG   ( 1976):     r0 deadbaad  r1 00000001  r2 a0000000  r3 00000000
01-18 06:29:44.330 I/DEBUG   ( 1976):     r4 00000000  r5 00000027  r6 41d22de0  r7 fffffffb
01-18 06:29:44.330 I/DEBUG   ( 1976):     r8 41d22da0  r9 00245724  sl 000003e8  fp 00000000
01-18 06:29:44.330 I/DEBUG   ( 1976):     ip ffffffff  sp 41d22920  lr 400b034d  pc 400aca84  cpsr 60000030
01-18 06:29:44.330 I/DEBUG   ( 1976):     d0  0000000000010000  d1  0000100045800000
01-18 06:29:44.330 I/DEBUG   ( 1976):     d2  0000000045800000  d3  0000000000000000
01-18 06:29:44.330 I/DEBUG   ( 1976):     d4  0000000000000000  d5  0000000000000000
01-18 06:29:44.330 I/DEBUG   ( 1976):     d6  4780000000000000  d7  3f80000047356500
01-18 06:29:44.330 I/DEBUG   ( 1976):     d8  0000000000000000  d9  0000000000000000
01-18 06:29:44.340 I/DEBUG   ( 1976):     d10 0000000000000000  d11 0000000000000000
01-18 06:29:44.340 I/DEBUG   ( 1976):     d12 0000000000000000  d13 0000000000000000
01-18 06:29:44.340 I/DEBUG   ( 1976):     d14 0000000000000000  d15 0000000000000000
01-18 06:29:44.340 I/DEBUG   ( 1976):     d16 000000000000116a  d17 000000000000343e
01-18 06:29:44.340 I/DEBUG   ( 1976):     d18 41b1952b7e000000  d19 0000000000000000
01-18 06:29:44.340 I/DEBUG   ( 1976):     d20 0000000000000000  d21 0000000000000000
01-18 06:29:44.340 I/DEBUG   ( 1976):     d22 0000000000000000  d23 0000000000000000
01-18 06:29:44.340 I/DEBUG   ( 1976):     d24 0000000000000000  d25 0000000000000000
01-18 06:29:44.340 I/DEBUG   ( 1976):     d26 0000000000000000  d27 0000000000000000
01-18 06:29:44.340 I/DEBUG   ( 1976):     d28 0000000000000000  d29 0000000000000000
01-18 06:29:44.340 I/DEBUG   ( 1976):     d30 0000000000000000  d31 0000000000000000
01-18 06:29:44.340 I/DEBUG   ( 1976):     scr 60000010
01-18 06:29:44.340 I/DEBUG   ( 1976): 
01-18 06:29:44.340 I/DEBUG   ( 1976): backtrace:
01-18 06:29:44.360 I/DEBUG   ( 1976):     #00  pc 00018a84  /system/lib/libc.so
01-18 06:29:44.360 I/DEBUG   ( 1976):     #01  pc 00001491  /system/lib/liblog.so (__android_log_assert+92)
01-18 06:29:44.360 I/DEBUG   ( 1976):     #02  pc 00036969  /system/lib/libmedia.so (android::AudioTrack::obtainBuffer(android::AudioTrack::Buffer*, int)+360)
01-18 06:29:44.360 I/DEBUG   ( 1976):     #03  pc 00036e27  /system/lib/libmedia.so (android::AudioTrack::write(void const*, unsigned int)+142)
01-18 06:29:44.360 I/DEBUG   ( 1976):     #04  pc 00023e55  /system/lib/libmediaplayerservice.so (android::MediaPlayerService::AudioOutput::write(void const*, unsigned int)+12)
01-18 06:29:44.360 I/DEBUG   ( 1976):     #05  pc 0000150b  /system/lib/lib_omx_android_audio_render_arm11_elinux.so (android::AndroidAudioRender::WriteDevice(unsigned char*, unsigned long)+90)
01-18 06:29:44.360 I/DEBUG   ( 1976):     #06  pc 0001252f  /system/lib/lib_omx_common_v2_arm11_elinux.so (AudioRender::RenderPeriod()+102)
01-18 06:29:44.360 I/DEBUG   ( 1976):     #07  pc 00012c3b  /system/lib/lib_omx_common_v2_arm11_elinux.so (AudioRender::RenderData()+202)
01-18 06:29:44.360 I/DEBUG   ( 1976):     #08  pc 00013afd  /system/lib/lib_omx_common_v2_arm11_elinux.so (AudioRender::ProcessDataBuffer()+780)
01-18 06:29:44.360 I/DEBUG   ( 1976):     #09  pc 0000c0d1  /system/lib/lib_omx_common_v2_arm11_elinux.so (ExecutingState::ProcessBuffer()+24)
01-18 06:29:44.360 I/DEBUG   ( 1976):     #10  pc 0000b343  /system/lib/lib_omx_common_v2_arm11_elinux.so (DoThread(void*)+98)
01-18 06:29:44.360 I/DEBUG   ( 1976):     #11  pc 00013200  /system/lib/libc.so (__thread_entry+48)
01-18 06:29:44.360 I/DEBUG   ( 1976):     #12  pc 00012d54  /system/lib/libc.so (pthread_create+180)
01-18 06:29:44.360 I/DEBUG   ( 1976): 
01-18 06:29:44.360 I/DEBUG   ( 1976): stack:
01-18 06:29:44.370 I/DEBUG   ( 1976):          41d228e0  000003ff  
01-18 06:29:44.370 I/DEBUG   ( 1976):          41d228e4  000003af  
01-18 06:29:44.370 I/DEBUG   ( 1976):          41d228e8  ffff0208  [vectors]
01-18 06:29:44.370 I/DEBUG   ( 1976):          41d228ec  41d2294c  
01-18 06:29:44.370 I/DEBUG   ( 1976):          41d228f0  400d8720  /system/lib/libc.so
01-18 06:29:44.370 I/DEBUG   ( 1976):          41d228f4  400d86b0  /system/lib/libc.so
01-18 06:29:44.370 I/DEBUG   ( 1976):          41d228f8  00000000  
01-18 06:29:44.370 I/DEBUG   ( 1976):          41d228fc  400b034d  /system/lib/libc.so (_fwalk+32)
01-18 06:29:44.370 I/DEBUG   ( 1976):          41d22900  00000000  
01-18 06:29:44.370 I/DEBUG   ( 1976):          41d22904  41d22934  
01-18 06:29:44.370 I/DEBUG   ( 1976):          41d22908  41d22de0  
01-18 06:29:44.370 I/DEBUG   ( 1976):          41d2290c  fffffffb  
01-18 06:29:44.370 I/DEBUG   ( 1976):          41d22910  41d22da0  
01-18 06:29:44.380 I/DEBUG   ( 1976):          41d22914  400af4b9  /system/lib/libc.so (_cleanup+12)
01-18 06:29:44.380 I/DEBUG   ( 1976):          41d22918  df0027ad  
01-18 06:29:44.380 I/DEBUG   ( 1976):          41d2291c  00000000  
01-18 06:29:44.380 I/DEBUG   ( 1976):     #00  41d22920  41d2291c  
01-18 06:29:44.380 I/DEBUG   ( 1976):          41d22924  00000001  
01-18 06:29:44.380 I/DEBUG   ( 1976):          41d22928  40207f60  /system/lib/libmedia.so
01-18 06:29:44.380 I/DEBUG   ( 1976):          41d2292c  0000000b  
01-18 06:29:44.380 I/DEBUG   ( 1976):          41d22930  41d2294c  
01-18 06:29:44.380 I/DEBUG   ( 1976):          41d22934  fffffbdf  
01-18 06:29:44.380 I/DEBUG   ( 1976):          41d22938  40207f60  /system/lib/libmedia.so
01-18 06:29:44.380 I/DEBUG   ( 1976):          41d2293c  40207f60  /system/lib/libmedia.so
01-18 06:29:44.380 I/DEBUG   ( 1976):          41d22940  40207f60  /system/lib/libmedia.so
01-18 06:29:44.380 I/DEBUG   ( 1976):          41d22944  40049495  /system/lib/liblog.so (__android_log_assert+96)
01-18 06:29:44.380 I/DEBUG   ( 1976):     #01  41d22948  41d22d5c  
01-18 06:29:44.380 I/DEBUG   ( 1976):          41d2294c  6d617266  
01-18 06:29:44.380 I/DEBUG   ( 1976):          41d22950  726f7765  
01-18 06:29:44.380 I/DEBUG   ( 1976):          41d22954  622f736b  
01-18 06:29:44.380 I/DEBUG   ( 1976):          41d22958  2f657361  
01-18 06:29:44.380 I/DEBUG   ( 1976):          41d2295c  6964656d  
01-18 06:29:44.380 I/DEBUG   ( 1976):          41d22960  696c2f61  
01-18 06:29:44.380 I/DEBUG   ( 1976):          41d22964  64656d62  
01-18 06:29:44.380 I/DEBUG   ( 1976):          41d22968  412f6169  
01-18 06:29:44.380 I/DEBUG   ( 1976):          41d2296c  6f696475  
01-18 06:29:44.390 I/DEBUG   ( 1976):          41d22970  63617254  
01-18 06:29:44.390 I/DEBUG   ( 1976):          41d22974  70632e6b  
01-18 06:29:44.390 I/DEBUG   ( 1976):          41d22978  38383a70  
01-18 06:29:44.390 I/DEBUG   ( 1976):          41d2297c  48432036  
01-18 06:29:44.390 I/DEBUG   ( 1976):          41d22980  5f4b4345  
01-18 06:29:44.390 I/DEBUG   ( 1976):          41d22984  20285145  
01-18 06:29:44.390 I/DEBUG   ( 1976):          ........  ........
01-18 06:29:44.390 I/DEBUG   ( 1976):     #02  41d22d60  0000343e  
01-18 06:29:44.390 I/DEBUG   ( 1976):          41d22d64  00000000  
01-18 06:29:44.390 I/DEBUG   ( 1976):          41d22d68  0000116a  
01-18 06:29:44.390 I/DEBUG   ( 1976):          41d22d6c  00000000  
01-18 06:29:44.390 I/DEBUG   ( 1976):          41d22d70  fffffffb  
01-18 06:29:44.390 I/DEBUG   ( 1976):          41d22d74  41d22db0  
01-18 06:29:44.390 I/DEBUG   ( 1976):          41d22d78  000045a8  
01-18 06:29:44.390 I/DEBUG   ( 1976):          41d22d7c  00000000  
01-18 06:29:44.390 I/DEBUG   ( 1976):          41d22d80  000008b5  
01-18 06:29:44.390 I/DEBUG   ( 1976):          41d22d84  001ba4b8  [heap]
01-18 06:29:44.390 I/DEBUG   ( 1976):          41d22d88  3b9aca00  
01-18 06:29:44.390 I/DEBUG   ( 1976):          41d22d8c  00000000  
01-18 06:29:44.390 I/DEBUG   ( 1976):          41d22d90  41584bc8  /system/lib/lib_omx_common_v2_arm11_elinux.so
01-18 06:29:44.390 I/DEBUG   ( 1976):          41d22d94  0029ff80  [heap]
01-18 06:29:44.400 I/BlueGoManager( 2466): getInstance
01-18 06:29:44.400 I/DEBUG   ( 1976):          41d22d98  00000050  
01-18 06:29:44.400 I/DEBUG   ( 1976):          41d22d9c  00000060  
01-18 06:29:44.400 I/DEBUG   ( 1976):          ........  ........
01-18 06:29:44.400 I/DEBUG   ( 1976): 
01-18 06:29:44.400 I/DEBUG   ( 1976): memory near r2:
01-18 06:29:44.410 E/uim-sysfs: ( 2162): uim: Inside st_uart_config
01-18 06:29:44.410 E/uim-sysfs: ( 2162): uim:install set to 1
01-18 06:29:44.410 E/uim-sysfs: ( 2162): uim: uart_dev_name /dev/ttymxc4 11111111111
01-18 06:29:44.410 D/BlueGoManager( 2466): getService(), connecting to: com.cybercom.bluego.service.BlueGoService
01-18 06:29:44.410 I/DEBUG   ( 1976):     9fffffe0 ffffffff ffffffff ffffffff ffffffff  
01-18 06:29:44.410 I/DEBUG   ( 1976):     9ffffff0 ffffffff ffffffff ffffffff ffffffff  
01-18 06:29:44.410 I/DEBUG   ( 1976):     a0000000 ffffffff ffffffff ffffffff ffffffff  
01-18 06:29:44.410 I/DEBUG   ( 1976):     a0000010 ffffffff ffffffff ffffffff ffffffff  
01-18 06:29:44.410 I/DEBUG   ( 1976):     a0000020 ffffffff ffffffff ffffffff ffffffff  
01-18 06:29:44.410 I/DEBUG   ( 1976):     a0000030 ffffffff ffffffff ffffffff ffffffff  
01-18 06:29:44.410 I/DEBUG   ( 1976):     a0000040 ffffffff ffffffff ffffffff ffffffff  
01-18 06:29:44.410 E/uim-sysfs: ( 2162): uim: Inside set_baud_rate
01-18 06:29:44.420 I/DEBUG   ( 1976):     a0000050 ffffffff ffffffff ffffffff ffffffff  
01-18 06:29:44.420 I/DEBUG   ( 1976):     a0000060 ffffffff ffffffff ffffffff ffffffff  
01-18 06:29:44.420 I/DEBUG   ( 1976):     a0000070 ffffffff ffffffff ffffffff ffffffff  
01-18 06:29:44.420 I/DEBUG   ( 1976):     a0000080 ffffffff ffffffff ffffffff ffffffff  
01-18 06:29:44.420 E/uim-sysfs: ( 2162): uim: set_baud_rate() done
01-18 06:29:44.420 E/uim-sysfs: ( 2162): uim: Setting speed to 3000000
01-18 06:29:44.420 E/uim-sysfs: ( 2162): uim: Inside read_command_complete
01-18 06:29:44.420 E/uim-sysfs: ( 2162): uim: Command complete started
01-18 06:29:44.420 E/uim-sysfs: ( 2162): uim: Inside read_hci_event
01-18 06:29:44.420 E/uim-sysfs: ( 2162): uim: read_hci_event
01-18 06:29:44.420 I/DEBUG   ( 1976):     a0000090 ffffffff ffffffff ffffffff ffffffff  
01-18 06:29:44.420 I/DEBUG   ( 1976):     a00000a0 ffffffff ffffffff ffffffff ffffffff  
01-18 06:29:44.420 I/DEBUG   ( 1976):     a00000b0 ffffffff ffffffff ffffffff ffffffff  
01-18 06:29:44.420 I/DEBUG   ( 1976):     a00000c0 ffffffff ffffffff ffffffff ffffffff  
01-18 06:29:44.430 I/DEBUG   ( 1976):     a00000d0 ffffffff ffffffff ffffffff ffffffff  
01-18 06:29:44.430 I/DEBUG   ( 1976): 
01-18 06:29:44.430 I/DEBUG   ( 1976): memory near r6:
01-18 06:29:44.430 I/DEBUG   ( 1976):     41d22dc0 0027ab78 00000000 00000004 41d22de0  
01-18 06:29:44.430 I/DEBUG   ( 1976):     41d22dd0 8000100e 401efe2b 001ea9e0 001bbc50  
01-18 06:29:44.430 I/DEBUG   ( 1976):     41d22de0 001ea9e0 001bb1c8 40e3b2f4 00000000  
01-18 06:29:44.430 I/DEBUG   ( 1976):     41d22df0 00000000 4156f473 00245920 00245990  
01-18 06:29:44.430 I/DEBUG   ( 1976):     41d22e00 001ba200 000022d4 0027ab78 001ba3f8  
01-18 06:29:44.430 I/DEBUG   ( 1976):     41d22e10 4157f291 ffffff84 ffffff84 40619e59  
01-18 06:29:44.430 I/DEBUG   ( 1976):     41d22e20 001ba200 4004650d 001ba200 41584bc8  
01-18 06:29:44.430 I/DEBUG   ( 1976):     41d22e30 400464b1 41575531 001ba850 00294d68  
01-18 06:29:44.430 I/DEBUG   ( 1976):     41d22e40 000022d4 0027ab78 8000100e 00000000  
01-18 06:29:44.430 I/DEBUG   ( 1976):     41d22e50 00000000 001ba200 41584bc8 41584bc8  
01-18 06:29:44.430 I/DEBUG   ( 1976):     41d22e60 001ba3f8 4157f291 00000002 ffffff84  
01-18 06:29:44.430 I/DEBUG   ( 1976):     41d22e70 8000100e 41575c3f 001ba200 40e1f1f0  
01-18 06:29:44.430 I/DEBUG   ( 1976):     41d22e80 00000000 001ba200 41584bc8 00000001  
01-18 06:29:44.430 I/DEBUG   ( 1976):     41d22e90 4157ee08 41576b01 001ba200 40047020  
01-18 06:29:44.430 I/DEBUG   ( 1976):     41d22ea0 00000001 001bb0d8 001ba200 4157edbc  
01-18 06:29:44.430 I/DEBUG   ( 1976):     41d22eb0 4157ee08 4157f291 4157ee08 4156f0d3  
01-18 06:29:44.430 I/DEBUG   ( 1976): 
01-18 06:29:44.430 I/DEBUG   ( 1976): memory near r8:
01-18 06:29:44.430 I/DEBUG   ( 1976):     41d22d80 000008b5 001ba4b8 3b9aca00 00000000  
01-18 06:29:44.430 I/DEBUG   ( 1976):     41d22d90 41584bc8 0029ff80 00000050 00000060  
01-18 06:29:44.430 I/DEBUG   ( 1976):     41d22da0 0029ff58 00000007 00000020 41f23000  
01-18 06:29:44.430 I/DEBUG   ( 1976):     41d22db0 001bbc50 002456b0 000022d4 00245724  
