--------- beginning of /dev/log/main
01-18 06:29:22.430 E/uim-sysfs: ( 1973): uim: Inside main
01-18 06:29:22.430 E/uim-sysfs: ( 1973): uim:unable to open /sys/devices/platform/kim/install (No such file or directory)
01-18 06:29:22.430 E/uim-sysfs: ( 1973): uim: Removing gps_drv 
01-18 06:29:22.430 E/uim-sysfs: ( 1973): uim: Inside rmmod
01-18 06:29:22.430 E/uim-sysfs: ( 1973): uim: Removing fm_drv 
01-18 06:29:22.430 E/uim-sysfs: ( 1973): uim: Inside rmmod
01-18 06:29:22.430 E/uim-sysfs: ( 1973): uim: Removed fm_drv module
01-18 06:29:22.430 E/uim-sysfs: ( 1973): uim: Removing btwilink 
01-18 06:29:22.430 E/uim-sysfs: ( 1973): uim: Inside rmmod
01-18 06:29:22.430 E/uim-sysfs: ( 1973): uim: Removed btwilink module
01-18 06:29:22.430 E/uim-sysfs: ( 1973): uim: Removing st_drv 
01-18 06:29:22.430 E/uim-sysfs: ( 1973): uim: Inside rmmod
01-18 06:29:22.430 E/uim-sysfs: ( 1973): uim: Removed st_drv module 
01-18 06:29:22.430 I/dispd   ( 1975): Android Display Daemon version 1.0
01-18 06:29:22.430 I/dispd   ( 1975): fb0 is device lcd
01-18 06:29:22.430 I/dispd   ( 1975): fb0 is not plugable device
01-18 06:29:22.430 I/dispd   ( 1975): fb1 is overlay device
01-18 06:29:22.430 W/dispd   ( 1975): warning: fb2 /sys/class/graphics/fb2 device does not exist
01-18 06:29:22.430 W/dispd   ( 1975): warning: fb3 /sys/class/graphics/fb3 device does not exist
01-18 06:29:22.430 W/dispd   ( 1975): warning: fb4 /sys/class/graphics/fb4 device does not exist
01-18 06:29:22.430 W/dispd   ( 1975): warning: fb5 /sys/class/graphics/fb5 device does not exist
01-18 06:29:22.430 I/dispd   ( 1975): handle_display: fbid 0
01-18 06:29:22.430 I/dispd   ( 1975): dispmgr_connected_set enabled 1
01-18 06:29:22.430 I/dispd   ( 1975): disp_connected_set(): fbid=0, enable=1
01-18 06:29:22.430 D/dispd   ( 1975): Bootstrapping complete
--------- beginning of /dev/log/system
01-18 06:29:22.490 I/Vold    ( 1967): Vold 2.1 (the revenge) firing up
01-18 06:29:22.510 D/libmicom( 1968): start_bootanimation
01-18 06:29:22.510 D/Vold    ( 1967): Volume sdcard state changing -1 (Initializing) -> 0 (No-Media)
01-18 06:29:22.510 W/Vold    ( 1967): No volumes handled block event for '/devices/virtual/block/loop0'
01-18 06:29:22.510 W/Vold    ( 1967): No volumes handled block event for '/devices/virtual/block/loop1'
01-18 06:29:22.510 W/Vold    ( 1967): No volumes handled block event for '/devices/virtual/block/loop2'
01-18 06:29:22.510 W/Vold    ( 1967): No volumes handled block event for '/devices/virtual/block/loop3'
01-18 06:29:22.510 W/Vold    ( 1967): No volumes handled block event for '/devices/virtual/block/loop4'
01-18 06:29:22.510 W/Vold    ( 1967): No volumes handled block event for '/devices/virtual/block/loop5'
01-18 06:29:22.510 W/Vold    ( 1967): No volumes handled block event for '/devices/virtual/block/loop6'
01-18 06:29:22.520 W/Vold    ( 1967): No volumes handled block event for '/devices/virtual/block/loop7'
01-18 06:29:22.520 W/DirectVolume( 1967): handleBlockEvent action=1 dp=/devices/platform/sdhci-esdhc-imx.0/mmc_host/mmc0/mmc0:0001/block/mmcblk0
01-18 06:29:22.520 I/DirectVolume( 1967): handleDiskAdded:: devpath=/devices/platform/sdhci-esdhc-imx.0/mmc_host/mmc0/mmc0:0001/block/mmcblk0 external 1
01-18 06:29:22.520 D/DirectVolume( 1967): Dv::diskIns - waiting for 15 partitions (mask 0x7)
01-18 06:29:22.520 D/Vold    ( 1967): Volume sdcard state changing 0 (No-Media) -> 2 (Pending)
01-18 06:29:22.520 D/Vold    ( 1967): Device '/devices/platform/sdhci-esdhc-imx.0/mmc_host/mmc0/mmc0:0001/block/mmcblk0' event handled by volume sdcard
01-18 06:29:22.520 W/DirectVolume( 1967): handleBlockEvent action=1 dp=/devices/platform/sdhci-esdhc-imx.0/mmc_host/mmc0/mmc0:0001/block/mmcblk0/mmcblk0p1
01-18 06:29:22.520 D/DirectVolume( 1967): Dv:partAdd: part_num = 1, minor = 1
01-18 06:29:22.520 D/DirectVolume( 1967): Dv:partAdd: pending mask now = 0x6
01-18 06:29:22.520 D/Vold    ( 1967): Device '/devices/platform/sdhci-esdhc-imx.0/mmc_host/mmc0/mmc0:0001/block/mmcblk0/mmcblk0p1' event handled by volume sdcard
01-18 06:29:22.520 W/DirectVolume( 1967): handleBlockEvent action=1 dp=/devices/platform/sdhci-esdhc-imx.0/mmc_host/mmc0/mmc0:0001/block/mmcblk0/mmcblk0p2
01-18 06:29:22.520 D/DirectVolume( 1967): Dv:partAdd: part_num = 2, minor = 2
01-18 06:29:22.520 D/DirectVolume( 1967): Dv:partAdd: pending mask now = 0x5
01-18 06:29:22.520 D/Vold    ( 1967): Device '/devices/platform/sdhci-esdhc-imx.0/mmc_host/mmc0/mmc0:0001/block/mmcblk0/mmcblk0p2' event handled by volume sdcard
01-18 06:29:22.520 W/DirectVolume( 1967): handleBlockEvent action=1 dp=/devices/platform/sdhci-esdhc-imx.0/mmc_host/mmc0/mmc0:0001/block/mmcblk0/mmcblk0p3
01-18 06:29:22.520 D/DirectVolume( 1967): Dv:partAdd: part_num = 3, minor = 3
01-18 06:29:22.520 D/DirectVolume( 1967): Dv:partAdd: pending mask now = 0x4
01-18 06:29:22.520 D/Vold    ( 1967): Device '/devices/platform/sdhci-esdhc-imx.0/mmc_host/mmc0/mmc0:0001/block/mmcblk0/mmcblk0p3' event handled by volume sdcard
01-18 06:29:22.520 W/DirectVolume( 1967): handleBlockEvent action=1 dp=/devices/platform/sdhci-esdhc-imx.0/mmc_host/mmc0/mmc0:0001/block/mmcblk0/mmcblk0p4
01-18 06:29:22.520 D/DirectVolume( 1967): Dv:partAdd: part_num = 4, minor = 4
01-18 06:29:22.520 D/DirectVolume( 1967): Dv:partAdd: pending mask now = 0x3
01-18 06:29:22.520 D/Vold    ( 1967): Device '/devices/platform/sdhci-esdhc-imx.0/mmc_host/mmc0/mmc0:0001/block/mmcblk0/mmcblk0p4' event handled by volume sdcard
01-18 06:29:22.520 W/DirectVolume( 1967): handleBlockEvent action=1 dp=/devices/platform/sdhci-esdhc-imx.0/mmc_host/mmc0/mmc0:0001/block/mmcblk0/mmcblk0p5
01-18 06:29:22.520 D/DirectVolume( 1967): Dv:partAdd: part_num = 5, minor = 5
01-18 06:29:22.520 D/DirectVolume( 1967): Dv:partAdd: pending mask now = 0x2
01-18 06:29:22.520 D/Vold    ( 1967): Device '/devices/platform/sdhci-esdhc-imx.0/mmc_host/mmc0/mmc0:0001/block/mmcblk0/mmcblk0p5' event handled by volume sdcard
01-18 06:29:22.520 W/DirectVolume( 1967): handleBlockEvent action=1 dp=/devices/platform/sdhci-esdhc-imx.0/mmc_host/mmc0/mmc0:0001/block/mmcblk0/mmcblk0p6
01-18 06:29:22.520 D/DirectVolume( 1967): Dv:partAdd: part_num = 6, minor = 6
01-18 06:29:22.520 D/DirectVolume( 1967): Dv:partAdd: pending mask now = 0x1
01-18 06:29:22.520 D/Vold    ( 1967): Device '/devices/platform/sdhci-esdhc-imx.0/mmc_host/mmc0/mmc0:0001/block/mmcblk0/mmcblk0p6' event handled by volume sdcard
01-18 06:29:22.520 W/DirectVolume( 1967): handleBlockEvent action=1 dp=/devices/platform/sdhci-esdhc-imx.0/mmc_host/mmc0/mmc0:0001/block/mmcblk0/mmcblk0p7
01-18 06:29:22.520 D/DirectVolume( 1967): Dv:partAdd: part_num = 7, minor = 7
01-18 06:29:22.520 D/DirectVolume( 1967): Dv:partAdd: Got all partitions - ready to rock!
01-18 06:29:22.520 E/Vold    ( 1967): Unknown filesystem signature: , path=/dev/block/vold/179:1
01-18 06:29:22.530 E/Vold    ( 1967): Unknown filesystem signature: , path=/dev/block/vold/179:2
01-18 06:29:22.540 E/Vold    ( 1967): Unknown filesystem signature: , path=/dev/block/vold/179:3
01-18 06:29:22.610 W/Vold    ( 1967): /dev/block/vold/179:4::total_sector16=0
01-18 06:29:22.610 W/Vold    ( 1967): /dev/block/vold/179:4::total_sector32=946176
01-18 06:29:22.610 W/Vold    ( 1967): /dev/block/vold/179:4::bytes_per_sector=512
01-18 06:29:22.610 W/Vold    ( 1967): /dev/block/vold/179:4::volume size bytes=484442112
01-18 06:29:22.610 D/DirectVolume( 1967): node=/dev/block/vold/179:4 size=484442112
01-18 06:29:22.640 E/Vold    ( 1967): Unknown filesystem signature: , path=/dev/block/vold/179:5
01-18 06:29:22.640 E/Vold    ( 1967): Unknown filesystem signature: , path=/dev/block/vold/179:6
01-18 06:29:22.640 E/Vold    ( 1967): Unknown filesystem signature: , path=/dev/block/vold/179:7
01-18 06:29:22.640 D/DirectVolume( 1967): Largest partition is 179:4 size=484442112
01-18 06:29:22.640 D/DirectVolume( 1967): initMountpoint mPartIdex=4
01-18 06:29:22.640 I/Vold    ( 1967): sector_size = 512, sector_per_cluster = 32
01-18 06:29:22.640 I/Vold    ( 1967): first_fat_start = 16384 fat_size = 118216
01-18 06:29:22.640 D/Vold    ( 1967): root_cluster = 2, num_cluster=29554
01-18 06:29:22.650 I/Vold    ( 1967): rootEntryLabel[(null)]
01-18 06:29:22.650 I/Vold    ( 1967): fat_type=0
01-18 06:29:22.650 I/Vold    ( 1967): label=[NO_NAME]
01-18 06:29:22.650 W/DirectVolume( 1967): Failed to mkdir path=/mnt/sdcard (File exists)
01-18 06:29:22.650 D/Vold    ( 1967): Volume sdcard state changing 2 (Pending) -> 1 (Idle-Unmounted)
01-18 06:29:22.650 D/Vold    ( 1967): Device '/devices/platform/sdhci-esdhc-imx.0/mmc_host/mmc0/mmc0:0001/block/mmcblk0/mmcblk0p7' event handled by volume sdcard
01-18 06:29:22.650 W/DirectVolume( 1967): handleBlockEvent action=1 dp=/devices/platform/sdhci-esdhc-imx.0/mmc_host/mmc0/mmc0:0001/block/mmcblk0/mmcblk0p8
01-18 06:29:22.650 D/DirectVolume( 1967): Dv:partAdd: part_num = 8, minor = 8
01-18 06:29:22.650 E/DirectVolume( 1967): Dv:partAdd: ignoring part_num = 8 (max: 7)
01-18 06:29:22.650 D/DirectVolume( 1967): Dv:partAdd: Got all partitions - ready to rock!
01-18 06:29:22.650 E/Vold    ( 1967): Unknown filesystem signature: , path=/dev/block/vold/179:1
01-18 06:29:22.650 E/Vold    ( 1967): Unknown filesystem signature: , path=/dev/block/vold/179:2
01-18 06:29:22.650 E/Vold    ( 1967): Unknown filesystem signature: , path=/dev/block/vold/179:3
01-18 06:29:22.650 W/Vold    ( 1967): /dev/block/vold/179:4::total_sector16=0
01-18 06:29:22.650 W/Vold    ( 1967): /dev/block/vold/179:4::total_sector32=946176
01-18 06:29:22.650 W/Vold    ( 1967): /dev/block/vold/179:4::bytes_per_sector=512
01-18 06:29:22.650 W/Vold    ( 1967): /dev/block/vold/179:4::volume size bytes=484442112
01-18 06:29:22.650 D/DirectVolume( 1967): node=/dev/block/vold/179:4 size=484442112
01-18 06:29:22.660 E/Vold    ( 1967): Unknown filesystem signature: , path=/dev/block/vold/179:5
01-18 06:29:22.660 E/Vold    ( 1967): Unknown filesystem signature: , path=/dev/block/vold/179:6
01-18 06:29:22.660 E/Vold    ( 1967): Unknown filesystem signature: , path=/dev/block/vold/179:7
01-18 06:29:22.660 D/DirectVolume( 1967): Largest partition is 179:4 size=484442112
01-18 06:29:22.660 D/DirectVolume( 1967): initMountpoint mPartIdex=4
01-18 06:29:22.680 I/Netd    ( 1974): Netd 1.0 starting
01-18 06:29:22.740 I/DEBUG   ( 1976): debuggerd: Jun  8 2017 18:33:01
01-18 06:29:22.790 E/Netd    ( 1974): Unable to create netlink socket: Protocol not supported
01-18 06:29:22.790 E/Netd    ( 1974): Unable to open quota2 logging socket
01-18 06:29:22.790 I/Vold    ( 1967): sector_size = 512, sector_per_cluster = 32
01-18 06:29:22.790 I/Vold    ( 1967): first_fat_start = 16384 fat_size = 118216
01-18 06:29:22.790 D/Vold    ( 1967): root_cluster = 2, num_cluster=29554
01-18 06:29:22.820 I/Vold    ( 1967): rootEntryLabel[(null)]
01-18 06:29:22.820 I/Vold    ( 1967): fat_type=0
01-18 06:29:22.820 I/Vold    ( 1967): label=[NO_NAME]
01-18 06:29:22.860 W/DirectVolume( 1967): Failed to mkdir path=/mnt/sdcard (File exists)
01-18 06:29:22.860 W/Vold    ( 1967): Duplicate state (1)
01-18 06:29:22.860 D/Vold    ( 1967): Device '/devices/platform/sdhci-esdhc-imx.0/mmc_host/mmc0/mmc0:0001/block/mmcblk0/mmcblk0p8' event handled by volume sdcard
01-18 06:29:22.860 W/DirectVolume( 1967): handleBlockEvent action=1 dp=/devices/platform/sdhci-esdhc-imx.0/mmc_host/mmc0/mmc0:0001/block/mmcblk0/mmcblk0p9
01-18 06:29:22.860 D/DirectVolume( 1967): Dv:partAdd: part_num = 9, minor = 9
01-18 06:29:22.860 E/DirectVolume( 1967): Dv:partAdd: ignoring part_num = 9 (max: 7)
01-18 06:29:22.860 D/DirectVolume( 1967): Dv:partAdd: Got all partitions - ready to rock!
01-18 06:29:22.860 E/Vold    ( 1967): Unknown filesystem signature: , path=/dev/block/vold/179:1
01-18 06:29:22.870 E/Vold    ( 1967): Unknown filesystem signature: , path=/dev/block/vold/179:2
01-18 06:29:22.870 E/Vold    ( 1967): Unknown filesystem signature: , path=/dev/block/vold/179:3
01-18 06:29:22.910 W/Vold    ( 1967): /dev/block/vold/179:4::total_sector16=0
01-18 06:29:22.910 W/Vold    ( 1967): /dev/block/vold/179:4::total_sector32=946176
01-18 06:29:22.910 W/Vold    ( 1967): /dev/block/vold/179:4::bytes_per_sector=512
01-18 06:29:22.910 W/Vold    ( 1967): /dev/block/vold/179:4::volume size bytes=484442112
01-18 06:29:22.910 D/DirectVolume( 1967): node=/dev/block/vold/179:4 size=484442112
01-18 06:29:22.910 E/Vold    ( 1967): Unknown filesystem signature: , path=/dev/block/vold/179:5
01-18 06:29:22.910 E/Vold    ( 1967): Unknown filesystem signature: , path=/dev/block/vold/179:6
01-18 06:29:22.910 E/Vold    ( 1967): Unknown filesystem signature: , path=/dev/block/vold/179:7
01-18 06:29:22.910 D/DirectVolume( 1967): Largest partition is 179:4 size=484442112
01-18 06:29:22.910 D/DirectVolume( 1967): initMountpoint mPartIdex=4
01-18 06:29:22.920 I/Vold    ( 1967): sector_size = 512, sector_per_cluster = 32
01-18 06:29:22.920 I/Vold    ( 1967): first_fat_start = 16384 fat_size = 118216
01-18 06:29:22.920 D/Vold    ( 1967): root_cluster = 2, num_cluster=29554
01-18 06:29:22.920 I/Vold    ( 1967): rootEntryLabel[(null)]
01-18 06:29:22.920 I/Vold    ( 1967): fat_type=0
01-18 06:29:22.930 I/Vold    ( 1967): label=[NO_NAME]
01-18 06:29:22.930 W/DirectVolume( 1967): Failed to mkdir path=/mnt/sdcard (File exists)
01-18 06:29:22.930 W/Vold    ( 1967): Duplicate state (1)
01-18 06:29:22.930 D/Vold    ( 1967): Device '/devices/platform/sdhci-esdhc-imx.0/mmc_host/mmc0/mmc0:0001/block/mmcblk0/mmcblk0p9' event handled by volume sdcard
01-18 06:29:22.930 W/DirectVolume( 1967): handleBlockEvent action=1 dp=/devices/platform/sdhci-esdhc-imx.0/mmc_host/mmc0/mmc0:0001/block/mmcblk0/mmcblk0p10
01-18 06:29:22.930 E/DirectVolume( 1967): Partition '/devices/platform/sdhci-esdhc-imx.0/mmc_host/mmc0/mmc0:0001/block/mmcblk0/mmcblk0p10' has a different major than its disk!
01-18 06:29:22.930 E/DirectVolume( 1967): major=259, mDiskMajor=179
01-18 06:29:22.930 D/Vold    ( 1967): Device '/devices/platform/sdhci-esdhc-imx.0/mmc_host/mmc0/mmc0:0001/block/mmcblk0/mmcblk0p10' event handled by volume sdcard
01-18 06:29:22.930 W/DirectVolume( 1967): handleBlockEvent action=1 dp=/devices/platform/sdhci-esdhc-imx.0/mmc_host/mmc0/mmc0:0001/block/mmcblk0/mmcblk0p11
01-18 06:29:22.930 E/DirectVolume( 1967): Partition '/devices/platform/sdhci-esdhc-imx.0/mmc_host/mmc0/mmc0:0001/block/mmcblk0/mmcblk0p11' has a different major than its disk!
01-18 06:29:22.930 E/DirectVolume( 1967): major=259, mDiskMajor=179
01-18 06:29:22.930 D/Vold    ( 1967): Device '/devices/platform/sdhci-esdhc-imx.0/mmc_host/mmc0/mmc0:0001/block/mmcblk0/mmcblk0p11' event handled by volume sdcard
01-18 06:29:22.930 W/DirectVolume( 1967): handleBlockEvent action=1 dp=/devices/platform/sdhci-esdhc-imx.0/mmc_host/mmc0/mmc0:0001/block/mmcblk0/mmcblk0p12
01-18 06:29:22.930 E/DirectVolume( 1967): Partition '/devices/platform/sdhci-esdhc-imx.0/mmc_host/mmc0/mmc0:0001/block/mmcblk0/mmcblk0p12' has a different major than its disk!
01-18 06:29:22.930 E/DirectVolume( 1967): major=259, mDiskMajor=179
01-18 06:29:22.930 D/Vold    ( 1967): Device '/devices/platform/sdhci-esdhc-imx.0/mmc_host/mmc0/mmc0:0001/block/mmcblk0/mmcblk0p12' event handled by volume sdcard
01-18 06:29:22.930 W/DirectVolume( 1967): handleBlockEvent action=1 dp=/devices/platform/sdhci-esdhc-imx.0/mmc_host/mmc0/mmc0:0001/block/mmcblk0/mmcblk0p13
01-18 06:29:22.930 E/DirectVolume( 1967): Partition '/devices/platform/sdhci-esdhc-imx.0/mmc_host/mmc0/mmc0:0001/block/mmcblk0/mmcblk0p13' has a different major than its disk!
01-18 06:29:22.930 E/DirectVolume( 1967): major=259, mDiskMajor=179
01-18 06:29:22.930 D/Vold    ( 1967): Device '/devices/platform/sdhci-esdhc-imx.0/mmc_host/mmc0/mmc0:0001/block/mmcblk0/mmcblk0p13' event handled by volume sdcard
01-18 06:29:22.930 W/DirectVolume( 1967): handleBlockEvent action=1 dp=/devices/platform/sdhci-esdhc-imx.0/mmc_host/mmc0/mmc0:0001/block/mmcblk0/mmcblk0p14
01-18 06:29:22.930 E/DirectVolume( 1967): Partition '/devices/platform/sdhci-esdhc-imx.0/mmc_host/mmc0/mmc0:0001/block/mmcblk0/mmcblk0p14' has a different major than its disk!
01-18 06:29:22.930 E/DirectVolume( 1967): major=259, mDiskMajor=179
01-18 06:29:22.930 D/Vold    ( 1967): Device '/devices/platform/sdhci-esdhc-imx.0/mmc_host/mmc0/mmc0:0001/block/mmcblk0/mmcblk0p14' event handled by volume sdcard
01-18 06:29:22.930 W/DirectVolume( 1967): handleBlockEvent action=1 dp=/devices/platform/sdhci-esdhc-imx.0/mmc_host/mmc0/mmc0:0001/block/mmcblk0/mmcblk0p15
01-18 06:29:22.930 E/DirectVolume( 1967): Partition '/devices/platform/sdhci-esdhc-imx.0/mmc_host/mmc0/mmc0:0001/block/mmcblk0/mmcblk0p15' has a different major than its disk!
01-18 06:29:22.930 E/DirectVolume( 1967): major=259, mDiskMajor=179
01-18 06:29:22.930 D/Vold    ( 1967): Device '/devices/platform/sdhci-esdhc-imx.0/mmc_host/mmc0/mmc0:0001/block/mmcblk0/mmcblk0p15' event handled by volume sdcard
01-18 06:29:22.930 W/Vold    ( 1967): No volumes handled block event for '/devices/platform/sdhci-esdhc-imx.0/mmc_host/mmc0/mmc0:0001/block/mmcblk0/mmcblk0boot1'
01-18 06:29:22.930 W/Vold    ( 1967): No volumes handled block event for '/devices/platform/sdhci-esdhc-imx.0/mmc_host/mmc0/mmc0:0001/block/mmcblk0/mmcblk0boot0'
01-18 06:29:22.930 W/DirectVolume( 1967): handleBlockEvent action=1 dp=/devices/platform/sdhci-esdhc-imx.0/mmc_host/mmc0/mmc0:0001/block/mmcblk0/mmcblk0boot0/mmcblk0boot0p1
01-18 06:29:22.930 D/DirectVolume( 1967): Dv:partAdd: part_num = 1, minor = 11
01-18 06:29:22.930 W/DirectVolume( 1967): Dv:partAdd: ignoring part_num=1 which is already received part.                    new_minor=11, old_minor=1
01-18 06:29:22.930 D/DirectVolume( 1967): Dv:partAdd: Got all partitions - ready to rock!
01-18 06:29:22.930 E/Vold    ( 1967): Unknown filesystem signature: , path=/dev/block/vold/179:1
01-18 06:29:22.930 E/Vold    ( 1967): Unknown filesystem signature: , path=/dev/block/vold/179:2
01-18 06:29:22.930 E/Vold    ( 1967): Unknown filesystem signature: , path=/dev/block/vold/179:3
01-18 06:29:22.940 W/Vold    ( 1967): /dev/block/vold/179:4::total_sector16=0
01-18 06:29:22.940 W/Vold    ( 1967): /dev/block/vold/179:4::total_sector32=946176
01-18 06:29:22.940 W/Vold    ( 1967): /dev/block/vold/179:4::bytes_per_sector=512
01-18 06:29:22.940 W/Vold    ( 1967): /dev/block/vold/179:4::volume size bytes=484442112
01-18 06:29:22.940 D/DirectVolume( 1967): node=/dev/block/vold/179:4 size=484442112
01-18 06:29:22.950 E/Vold    ( 1967): Unknown filesystem signature: , path=/dev/block/vold/179:5
01-18 06:29:22.950 E/Vold    ( 1967): Unknown filesystem signature: , path=/dev/block/vold/179:6
01-18 06:29:22.950 E/Vold    ( 1967): Unknown filesystem signature: , path=/dev/block/vold/179:7
01-18 06:29:22.950 D/DirectVolume( 1967): Largest partition is 179:4 size=484442112
01-18 06:29:22.950 D/DirectVolume( 1967): initMountpoint mPartIdex=4
01-18 06:29:22.960 I/Vold    ( 1967): sector_size = 512, sector_per_cluster = 32
01-18 06:29:22.960 I/Vold    ( 1967): first_fat_start = 16384 fat_size = 118216
01-18 06:29:22.960 D/Vold    ( 1967): root_cluster = 2, num_cluster=29554
01-18 06:29:22.960 I/Vold    ( 1967): rootEntryLabel[(null)]
01-18 06:29:22.960 I/Vold    ( 1967): fat_type=0
01-18 06:29:22.970 I/Vold    ( 1967): label=[NO_NAME]
01-18 06:29:22.970 W/DirectVolume( 1967): Failed to mkdir path=/mnt/sdcard (File exists)
01-18 06:29:22.970 W/Vold    ( 1967): Duplicate state (1)
01-18 06:29:22.970 D/Vold    ( 1967): Device '/devices/platform/sdhci-esdhc-imx.0/mmc_host/mmc0/mmc0:0001/block/mmcblk0/mmcblk0boot0/mmcblk0boot0p1' event handled by volume sdcard
01-18 06:29:22.970 W/Vold    ( 1967): No volumes handled block event for '/devices/platform/sdhci-esdhc-imx.0/mmc_host/mmc0/mmc0:0001/block/mmcblk0/mmcblk0boot1'
01-18 06:29:22.970 W/Vold    ( 1967): No volumes handled block event for '/devices/platform/sdhci-esdhc-imx.0/mmc_host/mmc0/mmc0:0001/block/mmcblk0/mmcblk0boot0'
01-18 06:29:22.970 W/DirectVolume( 1967): handleBlockEvent action=1 dp=/devices/platform/sdhci-esdhc-imx.0/mmc_host/mmc0/mmc0:0001/block/mmcblk0/mmcblk0boot0/mmcblk0boot0p1
01-18 06:29:22.970 D/DirectVolume( 1967): Dv:partAdd: part_num = 1, minor = 11
01-18 06:29:22.970 W/DirectVolume( 1967): Dv:partAdd: ignoring part_num=1 which is already received part.                    new_minor=11, old_minor=1
01-18 06:29:22.970 D/DirectVolume( 1967): Dv:partAdd: Got all partitions - ready to rock!
01-18 06:29:22.970 E/Vold    ( 1967): Unknown filesystem signature: , path=/dev/block/vold/179:1
01-18 06:29:23.010 E/Vold    ( 1967): Unknown filesystem signature: , path=/dev/block/vold/179:2
01-18 06:29:23.110 E/Vold    ( 1967): Unknown filesystem signature: , path=/dev/block/vold/179:3
01-18 06:29:23.170 W/Vold    ( 1967): /dev/block/vold/179:4::total_sector16=0
01-18 06:29:23.170 W/Vold    ( 1967): /dev/block/vold/179:4::total_sector32=946176
01-18 06:29:23.170 W/Vold    ( 1967): /dev/block/vold/179:4::bytes_per_sector=512
01-18 06:29:23.170 W/Vold    ( 1967): /dev/block/vold/179:4::volume size bytes=484442112
01-18 06:29:23.170 D/DirectVolume( 1967): node=/dev/block/vold/179:4 size=484442112
01-18 06:29:23.190 E/Vold    ( 1967): Unknown filesystem signature: , path=/dev/block/vold/179:5
01-18 06:29:23.190 E/Vold    ( 1967): Unknown filesystem signature: , path=/dev/block/vold/179:6
01-18 06:29:23.190 E/Vold    ( 1967): Unknown filesystem signature: , path=/dev/block/vold/179:7
01-18 06:29:23.190 D/DirectVolume( 1967): Largest partition is 179:4 size=484442112
01-18 06:29:23.190 D/DirectVolume( 1967): initMountpoint mPartIdex=4
01-18 06:29:23.200 I/Vold    ( 1967): sector_size = 512, sector_per_cluster = 32
01-18 06:29:23.200 I/Vold    ( 1967): first_fat_start = 16384 fat_size = 118216
01-18 06:29:23.200 D/Vold    ( 1967): root_cluster = 2, num_cluster=29554
01-18 06:29:23.220 I/Vold    ( 1967): rootEntryLabel[(null)]
01-18 06:29:23.220 I/Vold    ( 1967): fat_type=0
01-18 06:29:23.220 I/Vold    ( 1967): label=[NO_NAME]
01-18 06:29:23.230 W/DirectVolume( 1967): Failed to mkdir path=/mnt/sdcard (File exists)
01-18 06:29:23.230 W/Vold    ( 1967): Duplicate state (1)
01-18 06:29:23.230 D/Vold    ( 1967): Device '/devices/platform/sdhci-esdhc-imx.0/mmc_host/mmc0/mmc0:0001/block/mmcblk0/mmcblk0boot0/mmcblk0boot0p1' event handled by volume sdcard
01-18 06:29:23.230 W/Vold    ( 1967): No volumes handled block event for '/devices/virtual/block/zram0'
01-18 06:29:23.410 I/        ( 1979): ServiceManager: 0xc4ff30
01-18 06:29:23.500 D/DrmPassthruPlugIn( 1979): DrmPassthruPlugIn::onGetSupportInfo : 0
01-18 06:29:24.320 D/AndroidRuntime( 1978): 
01-18 06:29:24.320 D/AndroidRuntime( 1978): >>>>>> AndroidRuntime START com.android.internal.os.ZygoteInit <<<<<<
01-18 06:29:24.320 D/AndroidRuntime( 1978): CheckJNI is OFF
01-18 06:29:24.320 I/AndroidRuntime( 1978): JNI options: '-Xjniopts:warnonly'
01-18 06:29:24.330 I/SurfaceFlinger( 1977): SurfaceFlinger is starting
01-18 06:29:24.330 I/SurfaceFlinger( 1977): SurfaceFlinger's main thread ready to run. Initializing graphics H/W...
01-18 06:29:24.340 D/BootMedia( 2025): prepare mediaplayer
01-18 06:29:24.530 I/imx6.gralloc( 1977): primary display name lcd
01-18 06:29:24.530 I/        ( 1977): XmlTool()
01-18 06:29:24.530 E/        ( 1977): open data/data/com.android.settings/shared_prefs/com.android.settings_preferences.xml failed
01-18 06:29:24.530 E/        ( 1977): invalidate parameter in loadAndParseFile
01-18 06:29:24.530 I/imx6.gralloc( 1977): colordepth is 0
01-18 06:29:24.530 I/imx6.gralloc( 1977): disp_mode is D:1024x768p-60
01-18 06:29:24.540 I/ServiceManager( 2025): Waiting for service media.audio_flinger...
01-18 06:29:24.540 I/        ( 1980): ServiceManager: 0x180110
01-18 06:29:24.570 W/imx6.gralloc( 1977): 32bpp setting of Framebuffer catched!
01-18 06:29:24.580 D/RadnavALSA( 1980): ALSA module for Radnav opened
01-18 06:29:24.580 D/RadnavALSA( 1980): Initializing devices for IMX51 ALSA module
01-18 06:29:24.600 D/AudioHardwareALSA( 1980): Soundcard #1:
01-18 06:29:24.600 D/AudioHardwareALSA( 1980):   card - 0
01-18 06:29:24.600 D/AudioHardwareALSA( 1980):   id - 'ssi'
01-18 06:29:24.600 D/AudioHardwareALSA( 1980):   driver - 'media_ssi'
01-18 06:29:24.600 D/AudioHardwareALSA( 1980):   name - 'media ssi'
01-18 06:29:24.600 D/AudioHardwareALSA( 1980):   longname - 'media ssi'
01-18 06:29:24.600 D/AudioHardwareALSA( 1980):   mixername - ''
01-18 06:29:24.600 D/AudioHardwareALSA( 1980):   components - ''
01-18 06:29:24.600 D/AudioHardwareALSA( 1980): 
01-18 06:29:24.600 D/AudioHardwareALSA( 1980): 
01-18 06:29:24.600 D/AudioHardwareALSA( 1980): -----get cart name and id: media ssi : 0
01-18 06:29:24.600 D/AudioHardwareALSA( 1980): Soundcard #2:
01-18 06:29:24.600 D/AudioHardwareALSA( 1980):   card - 1
01-18 06:29:24.600 D/AudioHardwareALSA( 1980):   id - 'ssi_1'
01-18 06:29:24.600 D/AudioHardwareALSA( 1980):   driver - 'mic_ssi'
01-18 06:29:24.600 D/AudioHardwareALSA( 1980):   name - 'mic ssi'
01-18 06:29:24.600 D/AudioHardwareALSA( 1980):   longname - 'mic ssi'
01-18 06:29:24.600 D/AudioHardwareALSA( 1980):   mixername - ''
01-18 06:29:24.600 D/AudioHardwareALSA( 1980):   components - ''
01-18 06:29:24.600 D/AudioHardwareALSA( 1980): 
01-18 06:29:24.600 D/AudioHardwareALSA( 1980): 
01-18 06:29:24.600 D/AudioHardwareALSA( 1980): -----get cart name and id: mic ssi : 1
01-18 06:29:24.600 D/AudioHardwareALSA( 1980): Soundcard #3:
01-18 06:29:24.600 D/AudioHardwareALSA( 1980):   card - 2
01-18 06:29:24.600 D/AudioHardwareALSA( 1980):   id - 'ssi_2'
01-18 06:29:24.600 D/AudioHardwareALSA( 1980):   driver - 'navi_ssi'
01-18 06:29:24.600 D/AudioHardwareALSA( 1980):   name - 'navi ssi'
01-18 06:29:24.600 D/AudioHardwareALSA( 1980):   longname - 'navi ssi'
01-18 06:29:24.600 D/AudioHardwareALSA( 1980):   mixername - ''
01-18 06:29:24.600 D/AudioHardwareALSA( 1980):   components - ''
01-18 06:29:24.600 D/AudioHardwareALSA( 1980): 
01-18 06:29:24.600 D/AudioHardwareALSA( 1980): 
01-18 06:29:24.600 D/AudioHardwareALSA( 1980): -----get cart name and id: navi ssi : 2
01-18 06:29:24.600 D/AudioHardwareALSA( 1980): Soundcard #4:
01-18 06:29:24.600 D/AudioHardwareALSA( 1980):   card - 3
01-18 06:29:24.600 D/AudioHardwareALSA( 1980):   id - 'esai'
01-18 06:29:24.600 D/AudioHardwareALSA( 1980):   driver - 'bt_esai'
01-18 06:29:24.600 D/AudioHardwareALSA( 1980):   name - 'bt esai'
01-18 06:29:24.600 D/AudioHardwareALSA( 1980):   longname - 'bt esai'
01-18 06:29:24.600 D/AudioHardwareALSA( 1980):   mixername - ''
01-18 06:29:24.600 D/AudioHardwareALSA( 1980):   components - ''
01-18 06:29:24.600 D/AudioHardwareALSA( 1980): 
01-18 06:29:24.600 D/AudioHardwareALSA( 1980): 
01-18 06:29:24.600 D/AudioHardwareALSA( 1980): -----get cart name and id: bt esai : 3
01-18 06:29:24.600 D/AudioHardwareALSA( 1980): Soundcard #5:
01-18 06:29:24.600 D/AudioHardwareALSA( 1980):   card - 4
01-18 06:29:24.600 D/AudioHardwareALSA( 1980):   id - 'imxspdif'
01-18 06:29:24.600 D/AudioHardwareALSA( 1980):   driver - 'imx-spdif'
01-18 06:29:24.600 D/AudioHardwareALSA( 1980):   name - 'imx-spdif'
01-18 06:29:24.600 D/AudioHardwareALSA( 1980):   longname - 'imx-spdif'
01-18 06:29:24.600 D/AudioHardwareALSA( 1980):   mixername - ''
01-18 06:29:24.600 D/AudioHardwareALSA( 1980):   components - ''
01-18 06:29:24.600 D/AudioHardwareALSA( 1980): 
01-18 06:29:24.600 D/AudioHardwareALSA( 1980): 
01-18 06:29:24.600 D/AudioHardwareALSA( 1980): -----get cart name and id: imx-spdif : 4
01-18 06:29:24.620 D/AudioHardwareALSA( 1980):   CARD NAME: imx-spdif ID 4
01-18 06:29:24.620 I/AudioHardwareALSA( 1980):  Init ALSAMIXER for SNDCARD : hw:CARD=4
01-18 06:29:24.620 D/AndroidRuntime( 2111): 
01-18 06:29:24.620 D/AndroidRuntime( 2111): >>>>>> AndroidRuntime START com.android.internal.os.RuntimeInit <<<<<<
01-18 06:29:24.620 D/AndroidRuntime( 2111): CheckJNI is OFF
01-18 06:29:24.620 I/AndroidRuntime( 2111): JNI options: '-Xjniopts:warnonly'
01-18 06:29:24.620 I/AudioFlinger( 1980): Loaded primary audio interface from LEGACY Audio HW HAL (audio)
01-18 06:29:24.620 I/AudioFlinger( 1980): Using 'LEGACY Audio HW HAL' (audio.primary) as the primary audio interface
01-18 06:29:24.630 I/CameraService( 1980): CameraService started (pid=1980)
01-18 06:29:24.630 I/CameraService( 1980): Open RVC_CONTRAST fail for reading.
01-18 06:29:24.630 I/CameraService( 1980): Open RVC_SATURATION fail for reading.
01-18 06:29:24.630 I/CameraService( 1980): Open RVC_BRIGHTNESS fail for reading.
01-18 06:29:24.630 I/CameraService( 1980): RVCImageHMirror loaded as factory 0
01-18 06:29:24.630 I/CameraService( 1980): RVCImageVMirror loaded as factory 0
01-18 06:29:24.630 I/CameraService( 1980): RVCContrast loaded as factory 128
01-18 06:29:24.630 I/CameraService( 1980): RVCSaturation loaded as factory 128
01-18 06:29:24.630 I/CameraService( 1980): RVCHue loaded as factory 128
01-18 06:29:24.630 I/CameraService( 1980): RVCBrightness loaded as factory 128
01-18 06:29:24.630 I/CameraService( 1980): RVCCropUp loaded as factory 0
01-18 06:29:24.630 I/CameraService( 1980): RVCCropDown loaded as factory 0
01-18 06:29:24.630 I/CameraService( 1980): RVCCropLeft loaded as factory 0
01-18 06:29:24.630 I/CameraService( 1980): RVCCropRight loaded as factory 0
01-18 06:29:24.640 I/FslCameraHAL( 1980): Face Back Camera is tw, orient is 0
01-18 06:29:24.640 I/FslCameraHAL( 1980): Face Front Camera is tw, orient is 0
01-18 06:29:24.660 W/imx6.gralloc( 1977): using (fd=12)
01-18 06:29:24.660 W/imx6.gralloc( 1977): id           = DISP3 BG - DI1
01-18 06:29:24.660 W/imx6.gralloc( 1977): xres         = 1024 px
01-18 06:29:24.660 W/imx6.gralloc( 1977): yres         = 768 px
01-18 06:29:24.660 W/imx6.gralloc( 1977): xres_virtual = 1024 px
01-18 06:29:24.660 W/imx6.gralloc( 1977): yres_virtual = 2304 px
01-18 06:29:24.660 W/imx6.gralloc( 1977): bpp          = 32
01-18 06:29:24.660 W/imx6.gralloc( 1977): r            = 16:8
01-18 06:29:24.660 W/imx6.gralloc( 1977): g            =  8:8
01-18 06:29:24.660 W/imx6.gralloc( 1977): b            =  0:8
01-18 06:29:24.660 W/imx6.gralloc( 1977): width        = 163 mm (159.568100 dpi)
01-18 06:29:24.660 W/imx6.gralloc( 1977): height       = 122 mm (159.895081 dpi)
01-18 06:29:24.660 W/imx6.gralloc( 1977): refresh rate = 60.00 Hz
01-18 06:29:24.670 I/FslCameraHAL( 1980): Get sensor tw's dev path /dev/video0
01-18 06:29:24.710 I/FslCameraHAL( 1980): Get sensor tw's dev path /dev/video0
01-18 06:29:24.730 D/AudioHardwareALSA( 1980): openOutputStream called for devices: 0x00000002
01-18 06:29:24.730 W/RadnavALSA( 1980): s_close--
01-18 06:29:24.730 D/RadnavALSA( 1980): open called for devices 0x00000002 in mode 0...
01-18 06:29:24.730 D/RadnavALSA( 1980): **** List of PLAYBACK Hardware Devices ****
01-18 06:29:24.730 D/RadnavALSA( 1980): card 0: ssi [media ssi], device 0x00000000: Media dummy-0 []
01-18 06:29:24.730 W/RadnavALSA( 1980): enable MMAP access for PCM
01-18 06:29:24.730 W/RadnavALSA( 1980): Set sample rate to 44100 HZ
01-18 06:29:24.730 W/RadnavALSA( 1980): Buffer size: 2048
01-18 06:29:24.730 W/RadnavALSA( 1980): Latency: 46439
01-18 06:29:24.730 I/RadnavALSA( 1980): Initialized ALSA PLAYBACK device hw:0,0
01-18 06:29:24.730 I/AudioFlinger( 1980): AudioFlinger's thread 0x18b780 ready to run
01-18 06:29:24.730 I/AudioHardwareALSA( 1980): standby().....[hw:0,0]
01-18 06:29:24.730 D/RadnavALSA( 1980): route called for devices 00000002 in mode 0...hw:0,0
01-18 06:29:24.730 D/AudioHardwareALSA( 1980): openOutputStream called for devices: 0x00002000
01-18 06:29:24.730 W/RadnavALSA( 1980): s_close--
01-18 06:29:24.730 D/RadnavALSA( 1980): open called for devices 0x00002000 in mode 0...
01-18 06:29:24.730 D/RadnavALSA( 1980): **** List of PLAYBACK Hardware Devices ****
01-18 06:29:24.730 D/RadnavALSA( 1980): card 0: ssi [media ssi], device 0x00000000: Media dummy-0 []
01-18 06:29:24.730 D/RadnavALSA( 1980): card 1: ssi_1 [mic ssi], device 0x00000000: Mic dummy-0 []
01-18 06:29:24.730 D/RadnavALSA( 1980): card 2: ssi_2 [navi ssi], device 0x00000000: Navi dummy-0 []
01-18 06:29:24.740 W/RadnavALSA( 1980): enable MMAP access for PCM
01-18 06:29:24.740 W/RadnavALSA( 1980): Set sample rate to 44100 HZ
01-18 06:29:24.740 W/RadnavALSA( 1980): Buffer size: 2048
01-18 06:29:24.740 W/RadnavALSA( 1980): Latency: 46439
01-18 06:29:24.740 I/RadnavALSA( 1980): Initialized ALSA PLAYBACK device hw:2,0
01-18 06:29:24.740 I/AudioPolicyManagerBase( 1980): RSH hmi card open
01-18 06:29:24.740 D/AudioHardwareALSA( 1980): openOutputStream called for devices: 0x00004000
01-18 06:29:24.740 W/RadnavALSA( 1980): s_close--
01-18 06:29:24.740 D/RadnavALSA( 1980): open called for devices 0x00004000 in mode 0...
01-18 06:29:24.740 I/AudioFlinger( 1980): AudioFlinger's thread 0x18f168 ready to run
01-18 06:29:24.740 I/AudioHardwareALSA( 1980): standby().....[hw:2,0]
01-18 06:29:24.740 D/RadnavALSA( 1980): **** List of PLAYBACK Hardware Devices ****
01-18 06:29:24.740 D/RadnavALSA( 1980): card 0: ssi [media ssi], device 0x00000000: Media dummy-0 []
01-18 06:29:24.740 D/RadnavALSA( 1980): card 1: ssi_1 [mic ssi], device 0x00000000: Mic dummy-0 []
01-18 06:29:24.740 D/RadnavALSA( 1980): card 2: ssi_2 [navi ssi], device 0x00000000: Navi dummy-0 []
01-18 06:29:24.740 D/RadnavALSA( 1980): card 3: esai [bt esai], device 0x00000000: BT dummy-0 []
01-18 06:29:24.740 D/RadnavALSA( 1980): card 4: imxspdif [imx-spdif], device 0x00000000: IMX SPDIF mxc-spdif-0 []
01-18 06:29:24.740 W/RadnavALSA( 1980): enable MMAP access for PCM
01-18 06:29:24.740 W/RadnavALSA( 1980): Set sample rate to 44100 HZ
01-18 06:29:24.740 W/RadnavALSA( 1980): Buffer size: 2048
01-18 06:29:24.740 W/RadnavALSA( 1980): Latency: 46439
01-18 06:29:24.740 I/RadnavALSA( 1980): Initialized ALSA PLAYBACK device hw:4,0
01-18 06:29:24.740 I/AudioPolicyService( 1980): Loaded audio policy from LEGACY Audio Policy HAL (audio_policy)
01-18 06:29:24.740 I/AudioFlinger( 1980): AudioFlinger's thread 0x192238 ready to run
01-18 06:29:24.740 I/AudioHardwareALSA( 1980): standby().....[hw:4,0]
01-18 06:29:24.770 D/libEGL  ( 1977): loaded /system/lib/egl/libGLES_android.so
01-18 06:29:24.780 D/libEGL  ( 1977): loaded /system/lib/egl/libEGL_VIVANTE.so
01-18 06:29:24.800 D/libEGL  ( 1977): loaded /system/lib/egl/libGLESv1_CM_VIVANTE.so
01-18 06:29:24.840 D/libEGL  ( 1977): loaded /system/lib/egl/libGLESv2_VIVANTE.so
01-18 06:29:24.860 I/SurfaceFlinger( 1977): EGL informations:
01-18 06:29:24.860 I/SurfaceFlinger( 1977): # of configs : 48
01-18 06:29:24.860 I/SurfaceFlinger( 1977): vendor    : Vivante Corporation
01-18 06:29:24.860 I/SurfaceFlinger( 1977): version   : 1.4
01-18 06:29:24.860 I/SurfaceFlinger( 1977): extensions: EGL_KHR_reusable_sync EGL_KHR_fence_sync EGL_KHR_image EGL_KHR_image_base EGL_KHR_image_pixmap EGL_KHR_gl_texture_2D_image EGL_KHR_gl_texture_cubemap_image EGL_KHR_gl_renderbuffer_image EGL_KHR_lock_surface EGL_ANDROID_image_native_buffer EGL_ANDROID_swap_rectangle EGL_ANDROID_blob_cache EGL_ANDROID_recordable
01-18 06:29:24.860 I/SurfaceFlinger( 1977): Client API: OpenGL_ES OpenVG
01-18 06:29:24.860 I/SurfaceFlinger( 1977): EGLSurface: 8-8-8-8, config=0xd
01-18 06:29:24.860 I/SurfaceFlinger( 1977): OpenGL informations:
01-18 06:29:24.860 I/SurfaceFlinger( 1977): vendor    : Vivante Corporation
01-18 06:29:24.860 I/SurfaceFlinger( 1977): renderer  : Vivante GC2000
01-18 06:29:24.860 I/SurfaceFlinger( 1977): version   : OpenGL ES-CM 1.1
01-18 06:29:24.860 I/SurfaceFlinger( 1977): extensions: GL_OES_blend_equation_separate GL_OES_blend_func_separate GL_OES_blend_subtract GL_OES_byte_coordinates GL_OES_compressed_ETC1_RGB8_texture GL_OES_compressed_paletted_texture GL_OES_draw_texture GL_OES_extended_matrix_palette GL_OES_fixed_point GL_OES_framebuffer_object GL_OES_matrix_get GL_OES_matrix_palette GL_OES_point_size_array GL_OES_point_sprite GL_OES_query_matrix GL_OES_read_format GL_OES_single_precision GL_OES_stencil_wrap GL_OES_texture_cube_map GL_OES_texture_mirrored_repeat GL_OES_EGL_image GL_OES_depth24 GL_OES_element_index_uint GL_OES_fbo_render_mipmap GL_OES_mapbuffer GL_OES_rgb8_rgba8 GL_OES_stencil1 GL_OES_stencil4 GL_OES_stencil8 GL_OES_texture_npot GL_OES_vertex_half_float GL_OES_packed_depth_stencil GL_EXT_texture_format_BGRA8888 GL_IMG_read_format GL_IMG_user_clip_plane GL_APPLE_texture_2D_limited_npot GL_EXT_texture_lod_bias GL_EXT_blend_minmax GL_EXT_read_format_bgra GL_EXT_multi_draw_arrays GL_OES_EGL_sync GL_APPLE_texture_format_BGRA8888 GL_APPLE_texture_max_level GL_A
01-18 06:29:24.860 I/SurfaceFlinger( 1977): GL_MAX_TEXTURE_SIZE = 8192
01-18 06:29:24.860 I/SurfaceFlinger( 1977): GL_MAX_VIEWPORT_DIMS = 8192 x 8192
01-18 06:29:24.860 I/SurfaceFlinger( 1977): flags = 00080000
01-18 06:29:24.890 I/v_hwc   ( 1977): Vivante HWComposer v2.4
01-18 06:29:24.890 I/v_hwc   ( 1977): Device:               0x2187fc8
01-18 06:29:24.890 I/v_hwc   ( 1977): Separated 2D:         YES
01-18 06:29:24.890 I/v_hwc   ( 1977): 2D PE20:              YES
01-18 06:29:24.890 I/v_hwc   ( 1977): Filter-stretch blit:  NO
01-18 06:29:24.890 I/v_hwc   ( 1977): 2D dither enabled :   NO
01-18 06:29:24.890 I/v_hwc   ( 1977): Multi-source blit:    NO
01-18 06:29:24.890 I/v_hwc   ( 1977): Multi-source blit Ex: NO
01-18 06:29:24.890 I/v_hwc   ( 1977): OPF/YUV blit/Tiling : NO
01-18 06:29:24.890 I/v_hwc   ( 1977): Filter stretch      : NO
01-18 06:29:25.550 D/BootAnimation( 2025): BootAnimation thread created
01-18 06:29:25.550 I/ServiceManager( 1977): Waiting to check permission android.permission.ACCESS_SURFACE_FLINGER from uid=1000 pid=2025
01-18 06:29:25.560 I/OMXPlayer( 1980): Loading content: /virgin/bootanim.wav
01-18 06:29:25.710 I/OMXPlayer( 1980): nPreCacheSize = 213820  audio 1, video 0
01-18 06:29:25.770 I/SamplingProfilerIntegration( 1978): Profiling disabled.
01-18 06:29:25.780 I/Zygote  ( 1978): Preloading classes...
01-18 06:29:25.780 D/dalvikvm( 1978): GC_EXPLICIT freed 36K, 13% free 411K/472K, paused 0ms+0ms
01-18 06:29:25.800 D/dalvikvm( 1978): GC_EXPLICIT freed 4K, 9% free 475K/520K, paused 1ms+1ms
01-18 06:29:25.800 D/AndroidRuntime( 2111): Calling main entry com.android.commands.pm.Pm
01-18 06:29:25.800 D/AndroidRuntime( 2111): Shutting down VM
01-18 06:29:25.810 D/dalvikvm( 2111): GC_CONCURRENT freed 94K, 22% free 447K/572K, paused 0ms+1ms
01-18 06:29:25.810 I/AndroidRuntime( 2111): NOTE: attach of thread 'Binder_1' failed
01-18 06:29:25.820 D/dalvikvm( 1978): GC_EXPLICIT freed 20K, 9% free 510K/556K, paused 1ms+1ms
01-18 06:29:25.830 D/dalvikvm( 1978): GC_EXPLICIT freed 26K, 10% free 537K/592K, paused 1ms+1ms
01-18 06:29:25.840 D/dalvikvm( 1978): GC_EXPLICIT freed 14K, 8% free 576K/620K, paused 0ms+0ms
01-18 06:29:25.900 E/AudioPolicyService( 1980): AudioCommandThread cannot connect to audio service
01-18 06:29:25.930 D/BootMedia( 2025): notify 1 0 0
01-18 06:29:26.080 D/dalvikvm( 1978): GC_EXPLICIT freed 25K, 9% free 603K/660K, paused 0ms+11ms
01-18 06:29:26.180 D/AndroidRuntime( 2153): 
01-18 06:29:26.180 D/AndroidRuntime( 2153): >>>>>> AndroidRuntime START com.android.internal.os.RuntimeInit <<<<<<
01-18 06:29:26.180 D/AndroidRuntime( 2153): CheckJNI is OFF
01-18 06:29:26.180 I/AndroidRuntime( 2153): JNI options: '-Xjniopts:warnonly'
01-18 06:29:26.220 D/dalvikvm( 1978): GC_EXPLICIT freed 31K, 10% free 637K/704K, paused 1ms+0ms
01-18 06:29:26.230 D/TextLayoutCache( 1978): Using debug level: 0 - Debug Enabled: 0
01-18 06:29:26.240 W/Zygote  ( 1978): Class not found for preloading: android.media.AudioManager$2
01-18 06:29:26.310 I/dalvikvm( 1978): threadid=1: recursive native library load attempt (/system/lib/libmedia_jni.so)
01-18 06:29:26.310 D/MtpDeviceJNI( 1978): register_android_mtp_MtpDevice
01-18 06:29:26.310 I/dalvikvm( 1978): threadid=1: recursive native library load attempt (/system/lib/libmedia_jni.so)
01-18 06:29:26.310 I/dalvikvm( 1978): threadid=1: recursive native library load attempt (/system/lib/libmedia_jni.so)
01-18 06:29:26.320 W/Zygote  ( 1978): Class not found for preloading: android.media.IRemoteControlClientDispatcher
01-18 06:29:26.320 W/Zygote  ( 1978): Class not found for preloading: android.media.IRemoteControlClientDispatcher$Stub
01-18 06:29:26.330 D/dalvikvm( 1978): GC_EXPLICIT freed 19K, 8% free 676K/732K, paused 0ms+1ms
01-18 06:29:26.430 D/AndroidRuntime( 2153): Calling main entry com.android.commands.pm.Pm
01-18 06:29:26.430 D/AndroidRuntime( 2153): Shutting down VM
01-18 06:29:26.430 D/dalvikvm( 2153): GC_CONCURRENT freed 94K, 22% free 447K/572K, paused 0ms+1ms
01-18 06:29:26.440 I/AndroidRuntime( 2153): NOTE: attach of thread 'Binder_1' failed
01-18 06:29:26.460 D/dalvikvm( 1978): GC_FOR_ALLOC freed 184K, 22% free 939K/1192K, paused 8ms
01-18 06:29:26.490 D/dalvikvm( 1978): GC_EXPLICIT freed 66K, 15% free 1016K/1192K, paused 0ms+1ms
01-18 06:29:26.550 D/dalvikvm( 1978): GC_EXPLICIT freed 26K, 13% free 1044K/1192K, paused 1ms+1ms
01-18 06:29:26.570 D/dalvikvm( 1978): GC_EXPLICIT freed 7K, 9% free 1096K/1192K, paused 1ms+1ms
01-18 06:29:26.780 D/dalvikvm( 1978): GC_EXPLICIT freed 24K, 9% free 1161K/1264K, paused 1ms+1ms
01-18 06:29:26.830 D/dalvikvm( 1978): GC_EXPLICIT freed 46K, 10% free 1432K/1588K, paused 2ms+1ms
01-18 06:29:26.840 W/Zygote  ( 1978): Class not found for preloading: android.text.TextDirectionHeuristics$CharCount
01-18 06:29:26.850 W/Zygote  ( 1978): Class not found for preloading: android.text.method.WordIterator$1
01-18 06:29:26.870 D/dalvikvm( 1978): GC_EXPLICIT freed 34K, 9% free 1466K/1608K, paused 1ms+1ms
01-18 06:29:26.900 D/dalvikvm( 1978): GC_EXPLICIT freed 31K, 9% free 1488K/1628K, paused 1ms+1ms
01-18 06:29:27.090 I/dalvikvm( 1978): threadid=1: recursive native library load attempt (/system/lib/libwebcore.so)
01-18 06:29:27.090 D/dalvikvm( 1978): No JNI_OnLoad found in /system/lib/libchromium_net.so 0x0, skipping init
01-18 06:29:27.140 D/dalvikvm( 1978): GC_EXPLICIT freed 26K, 9% free 1537K/1676K, paused 1ms+1ms
01-18 06:29:27.170 W/Zygote  ( 1978): Class not found for preloading: android.widget.EdgeGlow
01-18 06:29:27.210 D/dalvikvm( 1978): GC_EXPLICIT freed 24K, 8% free 1565K/1700K, paused 2ms+1ms
01-18 06:29:27.660 E/uim-sysfs: ( 2162): uim: Inside main
01-18 06:29:28.580 D/dalvikvm( 1978): GC_EXPLICIT freed 70K, 11% free 1610K/1796K, paused 1ms+1ms
01-18 06:29:29.170 E/PhonePolicy( 1978): Could not preload class for phone policy: com.android.internal.policy.impl.PhoneWindow$ContextMenuCallback
01-18 06:29:29.230 D/dalvikvm( 1978): GC_EXPLICIT freed 26K, 9% free 1636K/1796K, paused 1ms+1ms
01-18 06:29:29.270 D/dalvikvm( 1978): GC_EXPLICIT freed 33K, 9% free 1668K/1820K, paused 2ms+1ms
01-18 06:29:29.370 D/dalvikvm( 1978): GC_EXPLICIT freed 25K, 9% free 1706K/1856K, paused 1ms+2ms
01-18 06:29:29.400 D/dalvikvm( 1978): GC_EXPLICIT freed 31K, 9% free 1732K/1884K, paused 1ms+2ms
01-18 06:29:29.430 D/dalvikvm( 1978): GC_EXPLICIT freed 30K, 9% free 1760K/1916K, paused 1ms+2ms
01-18 06:29:29.500 D/dalvikvm( 1978): GC_EXPLICIT freed 71K, 10% free 1811K/2008K, paused 1ms+2ms
01-18 06:29:29.530 D/dalvikvm( 1978): GC_EXPLICIT freed 37K, 10% free 1827K/2008K, paused 2ms+1ms
01-18 06:29:29.640 W/ICU     ( 1978): Missing ICU latn symbols system value: U_MISSING_RESOURCE_ERROR
01-18 06:29:30.410 I/System  ( 1978): Loaded time zone names for  in 773ms (769ms in ICU)
01-18 06:29:30.730 D/dalvikvm( 1978): GC_FOR_ALLOC freed 155K, 14% free 2023K/2340K, paused 19ms
01-18 06:29:30.760 I/System  ( 1978): Loaded time zone names for en_US in 348ms (343ms in ICU)
01-18 06:29:31.070 I/System  ( 1978): Loaded time zone names for en_GB in 310ms (306ms in ICU)
01-18 06:29:31.090 D/dalvikvm( 1978): GC_EXPLICIT freed 319K, 21% free 1971K/2468K, paused 2ms+1ms
01-18 06:29:31.120 D/dalvikvm( 1978): GC_EXPLICIT freed 14K, 18% free 2027K/2472K, paused 1ms+1ms
01-18 06:29:31.170 D/dalvikvm( 1978): GC_EXPLICIT freed 49K, 17% free 2056K/2472K, paused 1ms+2ms
01-18 06:29:31.200 D/dalvikvm( 1978): GC_EXPLICIT freed 28K, 16% free 2087K/2476K, paused 2ms+2ms
01-18 06:29:31.230 D/dalvikvm( 1978): GC_EXPLICIT freed 37K, 16% free 2103K/2476K, paused 2ms+2ms
01-18 06:29:31.270 D/dalvikvm( 1978): GC_EXPLICIT freed 31K, 15% free 2125K/2476K, paused 2ms+2ms
01-18 06:29:31.270 V/Log     ( 1978): updateLogLevels
01-18 06:29:31.290 V/Log     ( 1978): updateLogLevels: IviTaggedCursorAdapter=4
01-18 06:29:31.290 V/Log     ( 1978): updateLogLevels: BTQueryHandler=4
01-18 06:29:31.290 V/Log     ( 1978): updateLogLevels: BlowerLevelView=4
01-18 06:29:31.290 V/Log     ( 1978): updateLogLevels: RADIO=4
01-18 06:29:31.290 V/Log     ( 1978): updateLogLevels: LastValueCollectorBase=4
01-18 06:29:31.290 V/Log     ( 1978): updateLogLevels: AlbumArtImage=4
01-18 06:29:31.290 V/Log     ( 1978): updateLogLevels: CanMessageFactory=4
01-18 06:29:31.290 V/Log     ( 1978): updateLogLevels: OnOffController=4
01-18 06:29:31.290 V/Log     ( 1978): updateLogLevels: CKErrorReporter=4
01-18 06:29:31.290 V/Log     ( 1978): updateLogLevels: TakeScreenshotService=4
01-18 06:29:31.290 V/Log     ( 1978): updateLogLevels: BTConnectionWaiter=4
01-18 06:29:31.290 V/Log     ( 1978): updateLogLevels: BlueGoTetheringTracker=4
01-18 06:29:31.290 V/Log     ( 1978): updateLogLevels: IPodQueryHandler=4
01-18 06:29:31.290 V/Log     ( 1978): updateLogLevels: FAVOURITE=4
01-18 06:29:31.290 V/Log     ( 1978): updateLogLevels: BTBrowserActivity=4
01-18 06:29:31.290 V/Log     ( 1978): updateLogLevels: VECIAppHFDMgr=4
01-18 06:29:31.290 V/Log     ( 1978): updateLogLevels: MusicSettingsActivity=4
01-18 06:29:31.290 V/Log     ( 1978): updateLogLevels: PhoneOn=4
01-18 06:29:31.290 V/Log     ( 1978): updateLogLevels: PerformanceTest=4
01-18 06:29:31.290 V/Log     ( 1978): updateLogLevels: CentralActivity=4
01-18 06:29:31.290 V/Log     ( 1978): updateLogLevels: AntiTheft=4
01-18 06:29:31.290 V/Log     ( 1978): updateLogLevels: IPodArtworkManager=4
01-18 06:29:31.290 V/Log     ( 1978): updateLogLevels: BTManagerService=4
01-18 06:29:31.290 V/Log     ( 1978): updateLogLevels: ModeManagerIntentReceiver=4
01-18 06:29:31.290 V/Log     ( 1978): updateLogLevels: BootAnimation=4
01-18 06:29:31.290 V/Log     ( 1978): updateLogLevels: Bluego=4
01-18 06:29:31.290 V/Log     ( 1978): updateLogLevels: VECIAppAddressEntryMgr=4
01-18 06:29:31.290 V/Log     ( 1978): updateLogLevels: IviSystemUIManage=4
01-18 06:29:31.290 V/Log     ( 1978): updateLogLevels: StatusBar=4
01-18 06:29:31.290 V/Log     ( 1978): updateLogLevels: IviNumberPicker=4
01-18 06:29:31.290 V/Log     ( 1978): updateLogLevels: SongsListActivity=4
01-18 06:29:31.290 V/Log     ( 1978): updateLogLevels: navngo=4
01-18 06:29:31.290 V/Log     ( 1978): updateLogLevels: VolumeChangedReceiver=4
01-18 06:29:31.290 V/Log     ( 1978): updateLogLevels: VehicleApi=4
01-18 06:29:31.290 V/Log     ( 1978): updateLogLevels: TcuService=4
01-18 06:29:31.290 V/Log     ( 1978): updateLogLevels: WindowManager=4
01-18 06:29:31.290 V/Log     ( 1978): updateLogLevels: SystemUIService=4
01-18 06:29:31.290 V/Log     ( 1978): updateLogLevels: BaseListActivity=4
01-18 06:29:31.290 V/Log     ( 1978): updateLogLevels: MEDIAPHOTOVIEW=4
01-18 06:29:31.290 V/Log     ( 1978): updateLogLevels: CanService=4
01-18 06:29:31.290 V/Log     ( 1978): updateLogLevels: QueryHandler=4
01-18 06:29:31.290 V/Log     ( 1978): updateLogLevels: LANGUAGE=4
01-18 06:29:31.290 V/Log     ( 1978): updateLogLevels: MEDIAVIDEOPLAYER=4
01-18 06:29:31.290 V/Log     ( 1978): updateLogLevels: MediaSourceSelectionActivity=4
01-18 06:29:31.290 V/Log     ( 1978): updateLogLevels: IIPodService=4
01-18 06:29:31.290 V/Log     ( 1978): updateLogLevels: LdsNoShareActivity=4
01-18 06:29:31.290 V/Log     ( 1978): updateLogLevels: VECIAppPOIMgr=4
01-18 06:29:31.290 V/Log     ( 1978): updateLogLevels: BTPlayer=4
01-18 06:29:31.290 V/Log     ( 1978): updateLogLevels: KEYBOARD=4
01-18 06:29:31.290 V/Log     ( 1978): updateLogLevels: TransitionEffectXMLParser=4
01-18 06:29:31.290 V/Log     ( 1978): updateLogLevels: ConfigurationManagerBase=4
01-18 06:29:31.290 V/Log     ( 1978): updateLogLevels: PersistentState=4
01-18 06:29:31.290 V/Log     ( 1978): updateLogLevels: GenreListActivity=4
01-18 06:29:31.290 V/Log     ( 1978): updateLogLevels: SYSTEMINFORMATION=4
01-18 06:29:31.290 V/Log     ( 1978): updateLogLevels: Micom=4
01-18 06:29:31.290 V/Log     ( 1978): updateLogLevels: MediaFileInformationActivity=4
01-18 06:29:31.290 V/Log     ( 1978): updateLogLevels: StatusBar_BluetoothController=4
01-18 06:29:31.290 V/Log     ( 1978): updateLogLevels: FreeStorageChecker=4
01-18 06:29:31.290 V/Log     ( 1978): updateLogLevels: ADAS=4
01-18 06:29:31.290 V/Log     ( 1978): updateLogLevels: SectionManager=4
01-18 06:29:31.290 V/Log     ( 1978): updateLogLevels: VolumeUI=4
01-18 06:29:31.290 V/Log     ( 1978): updateLogLevels: Visualizer=4
01-18 06:29:31.290 V/Log     ( 1978): updateLogLevels: TrackListActivity=4
01-18 06:29:31.290 V/Log     ( 1978): updateLogLevels: NotificationRowLayout=4
01-18 06:29:31.290 V/Log     ( 1978): updateLogLevels: SEATMENU=4
01-18 06:29:31.290 V/Log     ( 1978): updateLogLevels: EcoScoringService=4
01-18 06:29:31.290 V/Log     ( 1978): updateLogLevels: MediaPlaybackService=4
01-18 06:29:31.290 V/Log     ( 1978): updateLogLevels: DebugUtils=4
01-18 06:29:31.290 V/Log     ( 1978): updateLogLevels: MYAPPS=4
01-18 06:29:31.290 V/Log     ( 1978): updateLogLevels: LocalMediaPlayer=4
01-18 06:29:31.290 V/Log     ( 1978): updateLogLevels: MASSAGINGSEATS=4
01-18 06:29:31.290 V/Log     ( 1978): updateLogLevels: NaviManager=4
01-18 06:29:31.290 V/Log     ( 1978): updateLogLevels: DiagManager=4
01-18 06:29:31.290 V/Log     ( 1978): updateLogLevels: MediaDBService=4
01-18 06:29:31.290 V/Log     ( 1978): updateLogLevels: IviServerBridge=4
01-18 06:29:31.290 V/Log     ( 1978): updateLogLevels: IviAlphabetJumpDialog=4
01-18 06:29:31.290 V/Log     ( 1978): updateLogLevels: IviCommandQueue=4
01-18 06:29:31.290 V/Log     ( 1978): updateLogLevels: PhoneOff=4
01-18 06:29:31.290 V/Log     ( 1978): updateLogLevels: PRIVACY=4
01-18 06:29:31.300 V/Log     ( 1978): updateLogLevels: micomManager_com=4
01-18 06:29:31.300 V/Log     ( 1978): updateLogLevels: VECIAppFavoritesMgr=4
01-18 06:29:31.300 V/Log     ( 1978): updateLogLevels: HMD=4
